Archive member included because of file (symbol)

lib/STM32F10x_StdPeriph_Driver/libstm32fw.a(misc.o)
                              interrupts.o (NVIC_PriorityGroupConfig)
lib/STM32F10x_StdPeriph_Driver/libstm32fw.a(stm32f10x_adc.o)
                              adc.o (ADC_DeInit)
lib/STM32F10x_StdPeriph_Driver/libstm32fw.a(stm32f10x_bkp.o)
                              Util/fat_fs/src/rtc.o (BKP_DeInit)
lib/STM32F10x_StdPeriph_Driver/libstm32fw.a(stm32f10x_dbgmcu.o)
                              main.o (DBGMCU_Config)
lib/STM32F10x_StdPeriph_Driver/libstm32fw.a(stm32f10x_dma.o)
                              Util/fat_fs/src/sd_spi_stm32.o (DMA_DeInit)
lib/STM32F10x_StdPeriph_Driver/libstm32fw.a(stm32f10x_exti.o)
                              interrupts.o (EXTI_DeInit)
lib/STM32F10x_StdPeriph_Driver/libstm32fw.a(stm32f10x_gpio.o)
                              Util/fat_fs/src/sd_spi_stm32.o (GPIO_Init)
lib/STM32F10x_StdPeriph_Driver/libstm32fw.a(stm32f10x_i2c.o)
                              i2c_int.o (I2C_DeInit)
lib/STM32F10x_StdPeriph_Driver/libstm32fw.a(stm32f10x_iwdg.o)
                              watchdog.o (IWDG_WriteAccessCmd)
lib/STM32F10x_StdPeriph_Driver/libstm32fw.a(stm32f10x_pwr.o)
                              pwr.o (PWR_DeInit)
lib/STM32F10x_StdPeriph_Driver/libstm32fw.a(stm32f10x_rcc.o)
                              interrupts.o (RCC_HCLKConfig)
lib/STM32F10x_StdPeriph_Driver/libstm32fw.a(stm32f10x_rtc.o)
                              Util/fat_fs/src/rtc.o (RTC_GetCounter)
lib/STM32F10x_StdPeriph_Driver/libstm32fw.a(stm32f10x_spi.o)
                              Util/fat_fs/src/sd_spi_stm32.o (SPI_I2S_DeInit)
lib/STM32F10x_StdPeriph_Driver/libstm32fw.a(stm32f10x_usart.o)
                              usart.o (USART_Init)
lib/STM32_USB-FS-Device_Driver/libstm32usb.a(usb_core.o)
                              Util/USB/usb_prop.o (Standard_GetDescriptorData)
lib/STM32_USB-FS-Device_Driver/libstm32usb.a(usb_init.o)
                              main.o (USB_Init)
lib/STM32_USB-FS-Device_Driver/libstm32usb.a(usb_int.o)
                              Util/USB/usb_istr.o (CTR_LP)
lib/STM32_USB-FS-Device_Driver/libstm32usb.a(usb_mem.o)
                              lib/STM32_USB-FS-Device_Driver/libstm32usb.a(usb_core.o) (UserToPMABufferCopy)
lib/STM32_USB-FS-Device_Driver/libstm32usb.a(usb_regs.o)
                              Util/USB/usb_prop.o (SetBTABLE)
lib/STM32_USB-FS-Device_Driver/libstm32usb.a(usb_sil.o)
                              Util/USB/usb_prop.o (USB_SIL_Init)
/home/laurence/CodeSourcery/Sourcery_G++_Lite/bin/../lib/gcc/arm-none-eabi/4.5.2/thumb2/libgcc.a(_arm_addsubdf3.o)
                              interrupts.o (__aeabi_f2d)
/home/laurence/CodeSourcery/Sourcery_G++_Lite/bin/../lib/gcc/arm-none-eabi/4.5.2/thumb2/libgcc.a(_arm_muldivdf3.o)
                              interrupts.o (__aeabi_ddiv)
/home/laurence/CodeSourcery/Sourcery_G++_Lite/bin/../lib/gcc/arm-none-eabi/4.5.2/thumb2/libgcc.a(_arm_cmpdf2.o)
                              main.o (__aeabi_dcmpgt)
/home/laurence/CodeSourcery/Sourcery_G++_Lite/bin/../lib/gcc/arm-none-eabi/4.5.2/thumb2/libgcc.a(_arm_truncdfsf2.o)
                              Util/rprintf.o (__aeabi_d2f)
/home/laurence/CodeSourcery/Sourcery_G++_Lite/bin/../lib/gcc/arm-none-eabi/4.5.2/thumb2/libgcc.a(_arm_addsubsf3.o)
                              Sensors/temperature.o (__aeabi_fsub)
/home/laurence/CodeSourcery/Sourcery_G++_Lite/bin/../lib/gcc/arm-none-eabi/4.5.2/thumb2/libgcc.a(_arm_muldivsf3.o)
                              Sensors/temperature.o (__aeabi_fmul)
/home/laurence/CodeSourcery/Sourcery_G++_Lite/bin/../lib/gcc/arm-none-eabi/4.5.2/thumb2/libgcc.a(_arm_cmpsf2.o)
                              Util/rprintf.o (__aeabi_fcmpeq)
/home/laurence/CodeSourcery/Sourcery_G++_Lite/bin/../lib/gcc/arm-none-eabi/4.5.2/thumb2/libgcc.a(_arm_fixsfsi.o)
                              main.o (__aeabi_f2iz)
/home/laurence/CodeSourcery/Sourcery_G++_Lite/bin/../lib/gcc/arm-none-eabi/4.5.2/thumb2/libgcc.a(_arm_fixunssfsi.o)
                              Util/rprintf.o (__aeabi_f2uiz)
/home/laurence/CodeSourcery/Sourcery_G++_Lite/bin/../lib/gcc/arm-none-eabi/4.5.2/../../../../arm-none-eabi/lib/thumb2/libc.a(lib_a-malloc.o)
                              Util/USB/mass_mal.o (malloc)
/home/laurence/CodeSourcery/Sourcery_G++_Lite/bin/../lib/gcc/arm-none-eabi/4.5.2/../../../../arm-none-eabi/lib/thumb2/libc.a(lib_a-mallocr.o)
                              /home/laurence/CodeSourcery/Sourcery_G++_Lite/bin/../lib/gcc/arm-none-eabi/4.5.2/../../../../arm-none-eabi/lib/thumb2/libc.a(lib_a-malloc.o) (_malloc_r)
/home/laurence/CodeSourcery/Sourcery_G++_Lite/bin/../lib/gcc/arm-none-eabi/4.5.2/../../../../arm-none-eabi/lib/thumb2/libc.a(lib_a-memcmp.o)
                              main.o (memcmp)
/home/laurence/CodeSourcery/Sourcery_G++_Lite/bin/../lib/gcc/arm-none-eabi/4.5.2/../../../../arm-none-eabi/lib/thumb2/libc.a(lib_a-mlock.o)
[...]
Memory Configuration

Name             Origin             Length             Attributes
RAM              0x20000000         0x00005000         xrw
FLASH            0x08000000         0x00020000         xr
*default*        0x00000000         0xffffffff

Linker script and memory map

LOAD /home/laurence/CodeSourcery/Sourcery_G++_Lite/bin/../lib/gcc/arm-none-eabi/4.5.2/thumb2/crti.o
LOAD /home/laurence/CodeSourcery/Sourcery_G++_Lite/bin/../lib/gcc/arm-none-eabi/4.5.2/thumb2/crtbegin.o
LOAD Sensors/amb_sensors.o
LOAD Sensors/temperature.o
LOAD Util/USB/hw_config.o
LOAD Util/USB/mass_mal.o
LOAD Util/USB/memory.o
LOAD Util/USB/scsi_data.o
LOAD Util/USB/usb_bot.o
LOAD Util/USB/usb_desc.o
LOAD Util/USB/usb_endp.o
LOAD Util/USB/usb_istr.o
LOAD Util/USB/usb_prop.o
LOAD Util/USB/usb_pwr.o
LOAD Util/USB/usb_scsi.o
LOAD Util/buffer.o
LOAD Util/delay.o
LOAD Util/fat_fs/option/ccsbcs.o
LOAD Util/fat_fs/src/fattime.o
LOAD Util/fat_fs/src/ff.o
LOAD Util/fat_fs/src/rtc.o
LOAD Util/fat_fs/src/sd_spi_stm32.o
LOAD Util/filter_1200.o
LOAD Util/filter_190.o
LOAD Util/rprintf.o
LOAD Util/stm32_eval_spi_sd.o
LOAD Util/wave.o
LOAD adc.o
LOAD gpio.o
LOAD i2c_int.o
LOAD interrupts.o
LOAD lib/CMSIS_CM3/core_cm3.o
LOAD lib/CMSIS_CM3/startup/gcc/startup_stm32f10x_md.o
LOAD lib/CMSIS_CM3/system_stm32f10x.o
LOAD main.o
LOAD pwr.o
LOAD syscalls.o
LOAD usart.o
LOAD watchdog.o
LOAD lib/STM32F10x_StdPeriph_Driver/libstm32fw.a
LOAD lib/STM32_USB-FS-Device_Driver/libstm32usb.a
LOAD /home/laurence/CodeSourcery/Sourcery_G++_Lite/bin/../lib/gcc/arm-none-eabi/4.5.2/../../../../arm-none-eabi/lib/thumb2/libm.a
START GROUP
LOAD /home/laurence/CodeSourcery/Sourcery_G++_Lite/bin/../lib/gcc/arm-none-eabi/4.5.2/thumb2/libgcc.a
LOAD /home/laurence/CodeSourcery/Sourcery_G++_Lite/bin/../lib/gcc/arm-none-eabi/4.5.2/../../../../arm-none-eabi/lib/thumb2/libc.a
END GROUP
LOAD /home/laurence/CodeSourcery/Sourcery_G++_Lite/bin/../lib/gcc/arm-none-eabi/4.5.2/thumb2/crtend.o
LOAD /home/laurence/CodeSourcery/Sourcery_G++_Lite/bin/../lib/gcc/arm-none-eabi/4.5.2/thumb2/crtn.o

.text           0x08000000    0x1310c
 *(.isr_vector)
 .isr_vector    0x08000000      0x10c lib/CMSIS_CM3/startup/gcc/startup_stm32f10x_md.o
                0x08000000                g_pfnVectors
 *(.text*)
 .text          0x0800010c       0x30 /home/laurence/CodeSourcery/Sourcery_G++_Lite/bin/../lib/gcc/arm-none-eabi/4.5.2/thumb2/crtbegin.o
 .text          0x0800013c      0x308 Sensors/amb_sensors.o
                0x0800013c                Allocate_Sensor_Buffers
                0x080002a4                Configure_I2C_Driver
                0x0800030c                Fill_Sample_Buffers
 .text          0x08000444      0x298 Util/USB/hw_config.o
                0x08000444                Set_System
                0x0800044c                Set_USBClock
                0x08000464                Enter_LowPowerMode
                0x08000470                Leave_LowPowerMode
                0x08000490                USB_Interrupts_Config
                0x080004cc                Led_RW_ON
                0x080004dc                Led_RW_OFF
                0x080004ec                USB_Configured_LED
                0x080004fc                USB_NotConfigured_LED
                0x0800050c                USB_Cable_Config
                0x08000510                Get_SerialNum
                0x080006d4                MAL_Config
 .text          0x080006dc      0x10c Util/USB/mass_mal.o
                0x080006dc                MAL_Init
                0x08000728                MAL_Write
                0x0800075c                MAL_Read
                0x08000784                MAL_GetStatus
 .text          0x080007e8      0x230 Util/USB/memory.o
                0x080007e8                Read_Memory
                0x08000918                Write_Memory
 .text          0x08000a18      0x628 Util/USB/usb_bot.o
                0x08000a18                Mass_Storage_In
                0x08000aa0                CBW_Decode
                0x08000f00                Mass_Storage_Out
                0x08000f90                Transfer_Data_Request
                0x08000fc4                Set_CSW
                0x08001000                Bot_Abort
 .text          0x08001040        0x8 Util/USB/usb_endp.o
                0x08001040                EP1_IN_Callback
                0x08001044                EP2_OUT_Callback
 .text          0x08001048       0xf0 Util/USB/usb_istr.o
                0x08001048                USB_Istr
 .text          0x08001138      0x268 Util/USB/usb_prop.o
                0x08001138                Mass_Storage_SetDeviceAddress
                0x08001144                MASS_Status_In
                0x08001148                MASS_Status_Out
                0x0800114c                MASS_Get_Interface_Setting
                0x0800115c                Get_Max_Lun
                0x08001174                MASS_Data_Setup
                0x080011b8                MASS_GetStringDescriptor
                0x080011d8                MASS_GetConfigDescriptor
                0x080011e4                MASS_GetDeviceDescriptor
                0x080011f0                MASS_NoData_Setup
                0x08001240                Mass_Storage_SetConfiguration
                0x08001270                Mass_Storage_ClearFeature
                0x0800128c                MASS_Reset
                0x0800137c                MASS_init
 .text          0x080013a0      0x1c4 Util/USB/usb_pwr.o
                0x080013a0                PowerOn
                0x080013d0                PowerOff
                0x080013f4                Suspend
                0x08001438                Resume_Init
                0x08001478                Resume
 .text          0x08001564      0x44c Util/USB/usb_scsi.o
                0x08001564                SCSI_Inquiry_Cmd
                0x0800159c                SCSI_ReadFormatCapacity_Cmd
                0x08001610                SCSI_ReadCapacity10_Cmd
                0x0800168c                SCSI_ModeSense6_Cmd
                0x08001698                SCSI_ModeSense10_Cmd
                0x080016a4                SCSI_RequestSense_Cmd
                0x080016bc                Set_Scsi_Sense_Data
                0x080016c8                SCSI_Start_Stop_Unit_Cmd
                0x080016d0                SCSI_Read10_Cmd
                0x08001780                SCSI_Write10_Cmd
                0x0800182c                SCSI_Verify10_Cmd
                0x0800186c                SCSI_Valid_Cmd
                0x080018a4                SCSI_TestUnitReady_Cmd
                0x080018d8                SCSI_Format_Cmd
                0x080018f0                SCSI_Invalid_Cmd
                0x0800192c                SCSI_Address_Management
 .text          0x080019b0       0x8c Util/buffer.o
                0x080019b0                Add_To_Buffer
                0x080019e8                Get_From_Buffer
                0x08001a20                Empty_Buffer
                0x08001a28                init_buffer
 .text          0x08001a3c       0x34 Util/delay.o
                0x08001a3c                Delay
 .text          0x08001a70       0x94 Util/fat_fs/option/ccsbcs.o
                0x08001a70                ff_convert
                0x08001ad4                ff_wtoupper
 .text          0x08001b04       0x48 Util/fat_fs/src/fattime.o
                0x08001b04                get_fattime
 .text          0x08001b4c     0x66c8 Util/fat_fs/src/ff.o
                0x08002430                clust2sect
                0x0800244c                get_fat
                0x080029f0                put_fat
                0x0800539c                gen_numname
                0x080055f4                f_mount
                0x08005614                f_open
                0x08005a80                f_read
                0x08005e68                f_write
                0x0800629c                f_sync
                0x08006474                f_close
                0x08006484                f_chdrive
                0x08006498                f_chdir
                0x08006504                f_lseek
                0x080066d0                f_opendir
                0x0800673c                f_readdir
                0x080067b0                f_stat
                0x080067f8                f_getfree
                0x08006a5c                f_truncate
                0x08006bcc                f_unlink
                0x08006cf4                f_mkdir
                0x08007128                f_chmod
                0x0800718c                f_utime
                0x080071f8                f_rename
                0x080074d0                f_gets
                0x080075ec                f_putc
                0x08007610                f_puts
                0x0800764c                f_printf
 .text          0x08008214      0x484 Util/fat_fs/src/rtc.o
                0x08008214                rtc_gettime
                0x08008394                my_RTC_SetCounter
                0x080083b8                rtc_settime
                0x080085ec                rtc_init
 .text          0x08008698      0xe48 Util/fat_fs/src/sd_spi_stm32.o
                0x08008ac8                release_spi
                0x08008afc                wrapup_transaction
                0x08008b28                stop_cmd
                0x08008b30                rcvr_datablock
                0x08008bcc                disk_initialize
                0x08008d78                disk_status
                0x08008d88                disk_read
                0x08008f28                disk_write
                0x080090c8                disk_ioctl
                0x080094a4                disk_timerproc
 .text          0x080094e0      0x15c Util/filter_1200.o
                0x080094e0                SampleFilter_init_1200
                0x0800950c                SampleFilter_put_1200
                0x08009528                SampleFilter_get_1200
 .text          0x0800963c      0x368 Util/filter_190.o
                0x0800963c                SampleFilter_init_190
                0x08009664                SampleFilter_put_190
                0x08009678                SampleFilter_get_190
 .text          0x080099a4     0x182c Util/rprintf.o
                0x080099a4                rprintfInit
                0x080099b0                rprintfChar
                0x080099d8                rprintfStr
                0x08009a10                rprintfStrLen
                0x08009bd4                rprintfCRLF
                0x08009bec                rprintfu04
                0x08009c18                rprintfu08
                0x08009c60                rprintfu16
                0x08009cfc                rprintfu32
                0x08009e48                rprintfNum
                0x0800a0b8                rprintfFloat
                0x0800a37c                rprintf2RamRom
                0x0800b178                Isdigit
                0x0800b188                atoiRamRom
                0x0800b1c0                rStrLen
 .text          0x0800b1d0      0x34c Util/wave.o
                0x0800b1d0                write_wave_header
                0x0800b2c8                write_wave_samples
                0x0800b498                wave_terminate
 .text          0x0800b51c      0x13c adc.o
                0x0800b51c                ADC_Configuration
                0x0800b5d8                readADC2
                0x0800b610                setADC2
                0x0800b630                getADC2
 .text          0x0800b658      0x1e4 gpio.o
                0x0800b658                setup_gpio
                0x0800b7b0                switch_leds_on
                0x0800b7d8                switch_leds_off
                0x0800b800                red_flash
                0x0800b830                get_wkup
 .text          0x0800b83c      0xb2c i2c_int.o
                0x0800b83c                I2C1_EV_IRQHandler
                0x0800c020                I2C1_Request_Job
                0x0800c0c0                I2C1_Setup_Job
                0x0800c0d4                I2C_Config
                0x0800c26c                I2C1_ER_IRQHandler
 .text          0x0800c368      0x348 interrupts.o
                0x0800c368                ISR_Config
                0x0800c3c8                EXTI_ONOFF_EN
                0x0800c428                SysTick_Configuration
                0x0800c45c                EXTI0_IRQHandler
                0x0800c4d0                ADC1_2_IRQHandler
                0x0800c528                SysTick_Handler
                0x0800c6a8                USB_HP_CAN1_TX_IRQHandler
                0x0800c6ac                USB_LP_CAN1_RX0_IRQHandler
 .text.Reset_Handler
                0x0800c6b0       0x40 lib/CMSIS_CM3/startup/gcc/startup_stm32f10x_md.o
                0x0800c6b0                Reset_Handler
 .text.Default_Handler
                0x0800c6f0        0x2 lib/CMSIS_CM3/startup/gcc/startup_stm32f10x_md.o
                0x0800c6f0                EXTI2_IRQHandler
                0x0800c6f0                DebugMon_Handler
                0x0800c6f0                TIM1_CC_IRQHandler
                0x0800c6f0                HardFault_Handler
                0x0800c6f0                PVD_IRQHandler
                0x0800c6f0                PendSV_Handler
                0x0800c6f0                NMI_Handler
                0x0800c6f0                EXTI3_IRQHandler
                0x0800c6f0                I2C2_EV_IRQHandler
                0x0800c6f0                UsageFault_Handler
                0x0800c6f0                SPI1_IRQHandler
                0x0800c6f0                TAMPER_IRQHandler
                0x0800c6f0                DMA1_Channel4_IRQHandler
                0x0800c6f0                USART3_IRQHandler
                0x0800c6f0                RTC_IRQHandler
                0x0800c6f0                DMA1_Channel7_IRQHandler
                0x0800c6f0                CAN1_RX1_IRQHandler
                0x0800c6f0                TIM4_IRQHandler
                0x0800c6f0                DMA1_Channel6_IRQHandler
                0x0800c6f0                TIM3_IRQHandler
                0x0800c6f0                RCC_IRQHandler
                0x0800c6f0                TIM1_TRG_COM_IRQHandler
                0x0800c6f0                DMA1_Channel1_IRQHandler
                0x0800c6f0                Default_Handler
                0x0800c6f0                EXTI15_10_IRQHandler
                0x0800c6f0                EXTI9_5_IRQHandler
                0x0800c6f0                SPI2_IRQHandler
                0x0800c6f0                MemManage_Handler
                0x0800c6f0                SVC_Handler
                0x0800c6f0                DMA1_Channel5_IRQHandler
                0x0800c6f0                EXTI4_IRQHandler
                0x0800c6f0                DMA1_Channel3_IRQHandler
                0x0800c6f0                TIM1_UP_IRQHandler
                0x0800c6f0                WWDG_IRQHandler
                0x0800c6f0                TIM2_IRQHandler
                0x0800c6f0                TIM1_BRK_IRQHandler
                0x0800c6f0                EXTI1_IRQHandler
                0x0800c6f0                RTCAlarm_IRQHandler
                0x0800c6f0                USART2_IRQHandler
                0x0800c6f0                I2C2_ER_IRQHandler
                0x0800c6f0                DMA1_Channel2_IRQHandler
                0x0800c6f0                CAN1_SCE_IRQHandler
                0x0800c6f0                FLASH_IRQHandler
                0x0800c6f0                BusFault_Handler
                0x0800c6f0                USART1_IRQHandler
                0x0800c6f0                USBWakeUp_IRQHandler
 *fill*         0x0800c6f2        0x2 00
 .text          0x0800c6f4       0xfc lib/CMSIS_CM3/system_stm32f10x.o
                0x0800c6f4                SystemInit
 .text          0x0800c7f0     0x12e8 main.o
                0x0800c7f0                __str_print_char
                0x0800c81c                __fat_print_char
                0x0800c83c                file_preallocation_control
                0x0800c874                detect_sensors
                0x0800c9a8                main
 .text          0x0800dad8       0xd4 pwr.o
                0x0800dad8                setuppwr
                0x0800daec                shutdown
                0x0800dafc                disable_pin
                0x0800db04                shutdown_filesystem
 .text          0x0800dbac       0x8c syscalls.o
                0x0800dbac                _sbrk
                0x0800dbe4                _getpid
                0x0800dbe8                _kill
                0x0800dbf8                _exit
                0x0800dbfc                _close
                0x0800dc04                _open
                0x0800dc0c                _fstat
                0x0800dc18                _isatty
                0x0800dc1c                _lseek
                0x0800dc20                _read
                0x0800dc24                _write
                0x0800dc28                _gettimeofday
 .text          0x0800dc38      0x110 usart.o
                0x0800dc38                Usarts_Init
                0x0800dce4                Default_Usart_Config
                0x0800dd00                Usart_Send_Str
                0x0800dd2c                __usart_send_char
 .text          0x0800dd48       0x40 watchdog.o
                0x0800dd48                Watchdog_Config
                0x0800dd74                Watchdog_Reset_Detect
 .text          0x0800dd88       0xb8 lib/STM32F10x_StdPeriph_Driver/libstm32fw.a(misc.o)
                0x0800dd88                NVIC_PriorityGroupConfig
                0x0800dd9c                NVIC_Init
                0x0800ddfc                NVIC_SetVectorTable
                0x0800de10                NVIC_SystemLPConfig
                0x0800de28                SysTick_CLKSourceConfig
 .text          0x0800de40      0x380 lib/STM32F10x_StdPeriph_Driver/libstm32fw.a(stm32f10x_adc.o)
                0x0800de40                ADC_DeInit
                0x0800de9c                ADC_Init
                0x0800dee8                ADC_StructInit
                0x0800defa                ADC_Cmd
                0x0800df0e                ADC_DMACmd
                0x0800df22                ADC_ITConfig
                0x0800df36                ADC_ResetCalibration
                0x0800df40                ADC_GetResetCalibrationStatus
                0x0800df48                ADC_StartCalibration
                0x0800df52                ADC_GetCalibrationStatus
                0x0800df5a                ADC_SoftwareStartConvCmd
                0x0800df6e                ADC_GetSoftwareStartConvStatus
                0x0800df76                ADC_DiscModeChannelCountConfig
                0x0800df86                ADC_DiscModeCmd
                0x0800df9a                ADC_RegularChannelConfig
                0x0800e028                ADC_ExternalTrigConvCmd
                0x0800e03c                ADC_GetConversionValue
                0x0800e042                ADC_GetDualModeConversionValue
                0x0800e04c                ADC_AutoInjectedConvCmd
                0x0800e060                ADC_InjectedDiscModeCmd
                0x0800e074                ADC_ExternalTrigInjectedConvConfig
                0x0800e082                ADC_ExternalTrigInjectedConvCmd
                0x0800e096                ADC_SoftwareStartInjectedConvCmd
                0x0800e0aa                ADC_GetSoftwareStartInjectedConvCmdStatus
                0x0800e0b2                ADC_InjectedChannelConfig
                0x0800e10e                ADC_InjectedSequencerLengthConfig
                0x0800e11e                ADC_SetInjectedOffset
                0x0800e134                ADC_GetInjectedConversionValue
                0x0800e14e                ADC_AnalogWatchdogCmd
                0x0800e160                ADC_AnalogWatchdogThresholdsConfig
                0x0800e166                ADC_AnalogWatchdogSingleChannelConfig
                0x0800e174                ADC_TempSensorVrefintCmd
                0x0800e190                ADC_GetFlagStatus
                0x0800e19c                ADC_ClearFlag
                0x0800e1a2                ADC_GetITStatus
                0x0800e1b8                ADC_ClearITPendingBit
 .text          0x0800e1c0       0xe0 lib/STM32F10x_StdPeriph_Driver/libstm32fw.a(stm32f10x_bkp.o)
                0x0800e1c0                BKP_DeInit
                0x0800e1d2                BKP_TamperPinLevelConfig
                0x0800e1dc                BKP_TamperPinCmd
                0x0800e1e8                BKP_ITConfig
                0x0800e1f4                BKP_RTCOutputConfig
                0x0800e20c                BKP_SetRTCCalibrationValue
                0x0800e224                BKP_WriteBackupRegister
                0x0800e240                BKP_ReadBackupRegister
                0x0800e260                BKP_GetFlagStatus
                0x0800e26c                BKP_ClearFlag
                0x0800e280                BKP_GetITStatus
                0x0800e28c                BKP_ClearITPendingBit
 .text          0x0800e2a0       0x34 lib/STM32F10x_StdPeriph_Driver/libstm32fw.a(stm32f10x_dbgmcu.o)
                0x0800e2a0                DBGMCU_GetREVID
                0x0800e2ac                DBGMCU_GetDEVID
                0x0800e2bc                DBGMCU_Config
 .text          0x0800e2d4      0x1f0 lib/STM32F10x_StdPeriph_Driver/libstm32fw.a(stm32f10x_dma.o)
                0x0800e2d4                DMA_DeInit
                0x0800e3d0                DMA_Init
                0x0800e410                DMA_StructInit
                0x0800e42a                DMA_Cmd
                0x0800e43e                DMA_ITConfig
                0x0800e450                DMA_GetCurrDataCounter
                0x0800e456                DMA_GetFlagStatus
                0x0800e474                DMA_ClearFlag
                0x0800e48c                DMA_GetITStatus
                0x0800e4ac                DMA_ClearITPendingBit
 .text          0x0800e4c4      0x108 lib/STM32F10x_StdPeriph_Driver/libstm32fw.a(stm32f10x_exti.o)
                0x0800e4c4                EXTI_DeInit
                0x0800e4e0                EXTI_Init
                0x0800e564                EXTI_StructInit
                0x0800e572                EXTI_GenerateSWInterrupt
                0x0800e584                EXTI_GetFlagStatus
                0x0800e598                EXTI_ClearFlag
                0x0800e5a4                EXTI_GetITStatus
                0x0800e5c0                EXTI_ClearITPendingBit
 .text          0x0800e5cc      0x278 lib/STM32F10x_StdPeriph_Driver/libstm32fw.a(stm32f10x_gpio.o)
                0x0800e5cc                GPIO_DeInit
                0x0800e678                GPIO_AFIODeInit
                0x0800e68e                GPIO_Init
                0x0800e726                GPIO_StructInit
                0x0800e736                GPIO_ReadInputDataBit
                0x0800e742                GPIO_ReadInputData
                0x0800e748                GPIO_ReadOutputDataBit
                0x0800e754                GPIO_ReadOutputData
                0x0800e75a                GPIO_SetBits
                0x0800e75e                GPIO_ResetBits
                0x0800e762                GPIO_WriteBit
                0x0800e76c                GPIO_Write
                0x0800e770                GPIO_PinLockConfig
                0x0800e780                GPIO_EventOutputConfig
                0x0800e7a0                GPIO_EventOutputCmd
                0x0800e7ac                GPIO_PinRemapConfig
                0x0800e804                GPIO_EXTILineConfig
                0x0800e838                GPIO_ETH_MediaInterfaceConfig
 .text          0x0800e844      0x3b4 lib/STM32F10x_StdPeriph_Driver/libstm32fw.a(stm32f10x_i2c.o)
                0x0800e844                I2C_DeInit
                0x0800e878                I2C_Init
                0x0800e948                I2C_StructInit
                0x0800e964                I2C_Cmd
                0x0800e97e                I2C_DMACmd
                0x0800e998                I2C_DMALastTransferCmd
                0x0800e9b2                I2C_GenerateSTART
                0x0800e9cc                I2C_GenerateSTOP
                0x0800e9e6                I2C_AcknowledgeConfig
                0x0800ea00                I2C_OwnAddress2Config
                0x0800ea16                I2C_DualAddressCmd
                0x0800ea30                I2C_GeneralCallCmd
                0x0800ea4a                I2C_ITConfig
                0x0800ea60                I2C_SendData
                0x0800ea64                I2C_ReceiveData
                0x0800ea6a                I2C_Send7bitAddress
                0x0800ea7a                I2C_ReadRegister
                0x0800ea92                I2C_SoftwareResetCmd
                0x0800eaaa                I2C_SMBusAlertConfig
                0x0800eac8                I2C_TransmitPEC
                0x0800eae2                I2C_PECPositionConfig
                0x0800eb00                I2C_CalculatePEC
                0x0800eb1a                I2C_GetPEC
                0x0800eb22                I2C_ARPCmd
                0x0800eb3c                I2C_StretchClockCmd
                0x0800eb56                I2C_FastModeDutyCycleConfig
                0x0800eb74                I2C_GetLastEvent
                0x0800eb84                I2C_CheckEvent
                0x0800eb9c                I2C_GetFlagStatus
                0x0800ebd0                I2C_ClearFlag
                0x0800ebd6                I2C_GetITStatus
                0x0800ebf2                I2C_ClearITPendingBit
 .text          0x0800ebf8       0x58 lib/STM32F10x_StdPeriph_Driver/libstm32fw.a(stm32f10x_iwdg.o)
                0x0800ebf8                IWDG_WriteAccessCmd
                0x0800ec04                IWDG_SetPrescaler
                0x0800ec10                IWDG_SetReload
                0x0800ec1c                IWDG_ReloadCounter
                0x0800ec2c                IWDG_Enable
                0x0800ec3c                IWDG_GetFlagStatus
 .text          0x0800ec50       0xcc lib/STM32F10x_StdPeriph_Driver/libstm32fw.a(stm32f10x_pwr.o)
                0x0800ec54                PWR_DeInit
                0x0800ec6e                PWR_BackupAccessCmd
                0x0800ec78                PWR_PVDCmd
                0x0800ec84                PWR_PVDLevelConfig
                0x0800ec98                PWR_WakeUpPinCmd
                0x0800eca4                PWR_EnterSTOPMode
                0x0800ecd0                PWR_EnterSTANDBYMode
                0x0800ecf8                PWR_GetFlagStatus
                0x0800ed0c                PWR_ClearFlag
 .text          0x0800ed1c      0x360 lib/STM32F10x_StdPeriph_Driver/libstm32fw.a(stm32f10x_rcc.o)
                0x0800ed1c                RCC_DeInit
                0x0800ed5c                RCC_HSEConfig
                0x0800ed94                RCC_AdjustHSICalibrationValue
                0x0800eda8                RCC_HSICmd
                0x0800edb4                RCC_PLLConfig
                0x0800edcc                RCC_PLLCmd
                0x0800edd8                RCC_SYSCLKConfig
                0x0800edec                RCC_GetSYSCLKSource
                0x0800edfc                RCC_HCLKConfig
                0x0800ee10                RCC_PCLK1Config
                0x0800ee24                RCC_PCLK2Config
                0x0800ee38                RCC_ITConfig
                0x0800ee50                RCC_USBCLKConfig
                0x0800ee5c                RCC_ADCCLKConfig
                0x0800ee70                RCC_LSEConfig
                0x0800ee90                RCC_LSICmd
                0x0800ee9c                RCC_RTCCLKConfig
                0x0800eeac                RCC_RTCCLKCmd
                0x0800eeb8                RCC_GetClocksFreq
                0x0800ef5c                RCC_AHBPeriphClockCmd
                0x0800ef74                RCC_APB2PeriphClockCmd
                0x0800ef8c                RCC_APB1PeriphClockCmd
                0x0800efa4                RCC_APB2PeriphResetCmd
                0x0800efbc                RCC_APB1PeriphResetCmd
                0x0800efd4                RCC_BackupResetCmd
                0x0800efe0                RCC_ClockSecuritySystemCmd
                0x0800efec                RCC_MCOConfig
                0x0800eff8                RCC_GetFlagStatus
                0x0800f020                RCC_WaitForHSEStartUp
                0x0800f04c                RCC_ClearFlag
                0x0800f05c                RCC_GetITStatus
                0x0800f070                RCC_ClearITPendingBit
 .text          0x0800f07c      0x158 lib/STM32F10x_StdPeriph_Driver/libstm32fw.a(stm32f10x_rtc.o)
                0x0800f07c                RTC_ITConfig
                0x0800f098                RTC_EnterConfigMode
                0x0800f0ac                RTC_ExitConfigMode
                0x0800f0c0                RTC_GetCounter
                0x0800f0d4                RTC_SetCounter
                0x0800f0f0                RTC_SetPrescaler
                0x0800f110                RTC_SetAlarm
                0x0800f12c                RTC_GetDivider
                0x0800f144                RTC_WaitForLastTask
                0x0800f154                RTC_WaitForSynchro
                0x0800f174                RTC_GetFlagStatus
                0x0800f188                RTC_ClearFlag
                0x0800f19c                RTC_GetITStatus
                0x0800f1c0                RTC_ClearITPendingBit
 .text          0x0800f1d4      0x2d4 lib/STM32F10x_StdPeriph_Driver/libstm32fw.a(stm32f10x_spi.o)
                0x0800f1d4                SPI_I2S_DeInit
                0x0800f238                SPI_Init
                0x0800f278                I2S_Init
                0x0800f318                SPI_StructInit
                0x0800f330                I2S_StructInit
                0x0800f342                SPI_Cmd
                0x0800f35c                I2S_Cmd
                0x0800f376                SPI_I2S_ITConfig
                0x0800f394                SPI_I2S_DMACmd
                0x0800f3aa                SPI_I2S_SendData
                0x0800f3ae                SPI_I2S_ReceiveData
                0x0800f3b4                SPI_NSSInternalSoftwareConfig
                0x0800f3d4                SPI_SSOutputCmd
                0x0800f3ee                SPI_DataSizeConfig
                0x0800f406                SPI_TransmitCRC
                0x0800f412                SPI_CalculateCRC
                0x0800f42c                SPI_GetCRC
                0x0800f43c                SPI_GetCRCPolynomial
                0x0800f442                SPI_BiDirectionalLineConfig
                0x0800f460                SPI_I2S_GetFlagStatus
                0x0800f46c                SPI_I2S_ClearFlag
                0x0800f472                SPI_I2S_GetITStatus
                0x0800f498                SPI_I2S_ClearITPendingBit
 .text          0x0800f4a8      0x374 lib/STM32F10x_StdPeriph_Driver/libstm32fw.a(stm32f10x_usart.o)
                0x0800f4a8                USART_DeInit
                0x0800f540                USART_Init
                0x0800f5d0                USART_StructInit
                0x0800f5e6                USART_ClockInit
                0x0800f60c                USART_ClockStructInit
                0x0800f618                USART_Cmd
                0x0800f632                USART_ITConfig
                0x0800f668                USART_DMACmd
                0x0800f67e                USART_SetAddress
                0x0800f696                USART_WakeUpConfig
                0x0800f6ae                USART_ReceiverWakeUpCmd
                0x0800f6c8                USART_LINBreakDetectLengthConfig
                0x0800f6e0                USART_LINCmd
                0x0800f6fa                USART_SendData
                0x0800f702                USART_ReceiveData
                0x0800f70a                USART_SendBreak
                0x0800f716                USART_SetGuardTime
                0x0800f728                USART_SetPrescaler
                0x0800f73c                USART_SmartCardCmd
                0x0800f756                USART_SmartCardNACKCmd
                0x0800f770                USART_HalfDuplexCmd
                0x0800f78a                USART_IrDAConfig
                0x0800f7a2                USART_IrDACmd
                0x0800f7bc                USART_GetFlagStatus
                0x0800f7c8                USART_ClearFlag
                0x0800f7ce                USART_GetITStatus
                0x0800f80e                USART_ClearITPendingBit
 .text          0x0800f81c      0xa54 lib/STM32_USB-FS-Device_Driver/libstm32usb.a(usb_core.o)
                0x0800f81c                Standard_GetConfiguration
                0x0800f844                Standard_GetInterface
                0x0800f86c                Standard_GetStatus
                0x0800f9e0                Standard_SetConfiguration
                0x0800fa1c                Standard_SetInterface
                0x0800fa6c                Standard_ClearFeature
                0x0800fb68                Standard_SetEndPointFeature
                0x0800fc1c                Standard_SetDeviceFeature
                0x0800fc40                Standard_GetDescriptorData
                0x0800fc5c                Post0_Process
                0x0800fca4                Out0_Process
                0x0800fd80                Setup0_Process
                0x08010150                SetDeviceAddress
                0x0801020c                In0_Process
                0x0801026c                NOP_Process
 .text          0x08010270       0x38 lib/STM32_USB-FS-Device_Driver/libstm32usb.a(usb_init.o)
                0x08010270                USB_Init
 .text          0x080102a8      0x25c lib/STM32_USB-FS-Device_Driver/libstm32usb.a(usb_int.o)
                0x080102a8                CTR_LP
                0x08010470                CTR_HP
 .text          0x08010504       0xb8 lib/STM32_USB-FS-Device_Driver/libstm32usb.a(usb_mem.o)
                0x08010504                UserToPMABufferCopy
                0x0801056c                PMAToUserBufferCopy
 .text          0x080105bc      0x880 lib/STM32_USB-FS-Device_Driver/libstm32usb.a(usb_regs.o)
                0x080105bc                SetCNTR
                0x080105c8                GetCNTR
                0x080105d4                SetISTR
                0x080105e0                GetISTR
                0x080105ec                GetFNR
                0x080105f8                SetDADDR
                0x08010604                GetDADDR
                0x08010610                SetBTABLE
                0x08010624                GetBTABLE
                0x08010630                SetENDPOINT
                0x08010640                GetENDPOINT
                0x08010650                SetEPType
                0x0801066c                GetEPType
                0x08010680                SetEPTxStatus
                0x080106c0                SetEPRxStatus
                0x08010700                SetDouBleBuffEPStall
                0x08010728                GetEPTxStatus
                0x0801073c                GetEPRxStatus
                0x08010750                SetEPTxValid
                0x08010774                SetEPRxValid
                0x08010798                SetEP_KIND
                0x080107b8                ClearEP_KIND
                0x080107d8                Clear_Status_Out
                0x080107f8                Set_Status_Out
                0x08010818                SetEPDoubleBuff
                0x08010838                ClearEPDoubleBuff
                0x08010858                GetTxStallStatus
                0x08010878                GetRxStallStatus
                0x08010898                ClearEP_CTR_RX
                0x080108b0                ClearEP_CTR_TX
                0x080108c8                ToggleDTOG_RX
                0x080108e8                ToggleDTOG_TX
                0x08010908                ClearDTOG_RX
                0x08010930                ClearDTOG_TX
                0x08010958                SetEPAddress
                0x0801097c                GetEPAddress
                0x08010990                SetEPTxAddr
                0x080109b4                SetEPRxAddr
                0x080109dc                GetEPTxAddr
                0x080109fc                GetEPRxAddr
                0x08010a1c                SetEPTxCount
                0x08010a3c                SetEPCountRxReg
                0x08010a68                SetEPRxCount
                0x08010ab0                GetEPTxCount
                0x08010ad4                GetEPRxCount
                0x08010af8                SetEPDblBuffAddr
                0x08010b40                SetEPDblBuf0Addr
                0x08010b64                SetEPDblBuf1Addr
                0x08010b8c                GetEPDblBuf0Addr
                0x08010bac                GetEPDblBuf1Addr
                0x08010bcc                SetEPDblBuffCount
                0x08010c78                SetEPDblBuf0Count
                0x08010ce0                SetEPDblBuf1Count
                0x08010d48                GetEPDblBuf0Count
                0x08010d6c                GetEPDblBuf1Count
                0x08010d90                GetEPDblBufDir
                0x08010dd8                FreeUserBuffer
                0x08010e28                ToWord
                0x08010e30                ByteSwap
 .text          0x08010e3c       0x6c lib/STM32_USB-FS-Device_Driver/libstm32usb.a(usb_sil.o)
                0x08010e3c                USB_SIL_Init
                0x08010e5c                USB_SIL_Write
                0x08010e84                USB_SIL_Read
 .text          0x08010ea8      0x370 /home/laurence/CodeSourcery/Sourcery_G++_Lite/bin/../lib/gcc/arm-none-eabi/4.5.2/thumb2/libgcc.a(_arm_addsubdf3.o)
                0x08010ea8                __aeabi_drsub
                0x08010eb0                __aeabi_dsub
                0x08010eb0                __subdf3
                0x08010eb4                __adddf3
                0x08010eb4                __aeabi_dadd
                0x0801112c                __aeabi_ui2d
                0x0801112c                __floatunsidf
                0x0801114c                __floatsidf
                0x0801114c                __aeabi_i2d
                0x08011170                __extendsfdf2
                0x08011170                __aeabi_f2d
                0x080111ac                __aeabi_ul2d
                0x080111ac                __floatundidf
                0x080111bc                __floatdidf
                0x080111bc                __aeabi_l2d
 .text          0x08011218      0x424 /home/laurence/CodeSourcery/Sourcery_G++_Lite/bin/../lib/gcc/arm-none-eabi/4.5.2/thumb2/libgcc.a(_arm_muldivdf3.o)
                0x08011218                __aeabi_dmul
                0x08011218                __muldf3
                0x0801146c                __aeabi_ddiv
                0x0801146c                __divdf3
 .text          0x0801163c      0x110 /home/laurence/CodeSourcery/Sourcery_G++_Lite/bin/../lib/gcc/arm-none-eabi/4.5.2/thumb2/libgcc.a(_arm_cmpdf2.o)
                0x0801163c                __gtdf2
                0x0801163c                __gedf2
                0x08011644                __ltdf2
                0x08011644                __ledf2
                0x0801164c                __cmpdf2
                0x0801164c                __eqdf2
                0x0801164c                __nedf2
                0x080116c8                __aeabi_cdrcmple
                0x080116d8                __aeabi_cdcmple
                0x080116d8                __aeabi_cdcmpeq
                0x080116e8                __aeabi_dcmpeq
                0x080116fc                __aeabi_dcmplt
                0x08011710                __aeabi_dcmple
                0x08011724                __aeabi_dcmpge
                0x08011738                __aeabi_dcmpgt
 .text          0x0801174c       0xa0 /home/laurence/CodeSourcery/Sourcery_G++_Lite/bin/../lib/gcc/arm-none-eabi/4.5.2/thumb2/libgcc.a(_arm_truncdfsf2.o)
                0x0801174c                __aeabi_d2f
                0x0801174c                __truncdfsf2
 .text          0x080117ec      0x21c /home/laurence/CodeSourcery/Sourcery_G++_Lite/bin/../lib/gcc/arm-none-eabi/4.5.2/thumb2/libgcc.a(_arm_addsubsf3.o)
                0x080117ec                __aeabi_frsub
                0x080117f4                __subsf3
                0x080117f4                __aeabi_fsub
                0x080117f8                __aeabi_fadd
                0x080117f8                __addsf3
                0x08011958                __aeabi_ui2f
                0x08011958                __floatunsisf
                0x08011960                __aeabi_i2f
                0x08011960                __floatsisf
                0x0801197c                __floatundisf
                0x0801197c                __aeabi_ul2f
                0x0801198c                __floatdisf
                0x0801198c                __aeabi_l2f
 .text          0x08011a08      0x2a0 /home/laurence/CodeSourcery/Sourcery_G++_Lite/bin/../lib/gcc/arm-none-eabi/4.5.2/thumb2/libgcc.a(_arm_muldivsf3.o)
                0x08011a08                __mulsf3
                0x08011a08                __aeabi_fmul
                0x08011b70                __divsf3
                0x08011b70                __aeabi_fdiv
 .text          0x08011ca8       0xec /home/laurence/CodeSourcery/Sourcery_G++_Lite/bin/../lib/gcc/arm-none-eabi/4.5.2/thumb2/libgcc.a(_arm_cmpsf2.o)
                0x08011ca8                __gtsf2
                0x08011ca8                __gesf2
                0x08011cb0                __lesf2
                0x08011cb0                __ltsf2
                0x08011cb8                __nesf2
                0x08011cb8                __eqsf2
                0x08011cb8                __cmpsf2
                0x08011d18                __aeabi_cfrcmple
                0x08011d20                __aeabi_cfcmple
                0x08011d20                __aeabi_cfcmpeq
                0x08011d30                __aeabi_fcmpeq
                0x08011d44                __aeabi_fcmplt
                0x08011d58                __aeabi_fcmple
                0x08011d6c                __aeabi_fcmpge
                0x08011d80                __aeabi_fcmpgt
 .text          0x08011d94       0x4c /home/laurence/CodeSourcery/Sourcery_G++_Lite/bin/../lib/gcc/arm-none-eabi/4.5.2/thumb2/libgcc.a(_arm_fixsfsi.o)
                0x08011d94                __fixsfsi
                0x08011d94                __aeabi_f2iz
 .text          0x08011de0       0x40 /home/laurence/CodeSourcery/Sourcery_G++_Lite/bin/../lib/gcc/arm-none-eabi/4.5.2/thumb2/libgcc.a(_arm_fixunssfsi.o)
                0x08011de0                __aeabi_f2uiz
                0x08011de0                __fixunssfsi
 .text          0x08011e20       0x20 /home/laurence/CodeSourcery/Sourcery_G++_Lite/bin/../lib/gcc/arm-none-eabi/4.5.2/../../../../arm-none-eabi/lib/thumb2/libc.a(lib_a-malloc.o)
                0x08011e20                malloc
                0x08011e30                free
 .text          0x08011e40      0x57c /home/laurence/CodeSourcery/Sourcery_G++_Lite/bin/../lib/gcc/arm-none-eabi/4.5.2/../../../../arm-none-eabi/lib/thumb2/libc.a(lib_a-mallocr.o)
                0x08011e40                _malloc_r
 .text          0x080123bc       0x64 /home/laurence/CodeSourcery/Sourcery_G++_Lite/bin/../lib/gcc/arm-none-eabi/4.5.2/../../../../arm-none-eabi/lib/thumb2/libc.a(lib_a-memcmp.o)
                0x080123bc                memcmp
 .text          0x08012420        0x8 /home/laurence/CodeSourcery/Sourcery_G++_Lite/bin/../lib/gcc/arm-none-eabi/4.5.2/../../../../arm-none-eabi/lib/thumb2/libc.a(lib_a-mlock.o)
                0x08012420                __malloc_lock
                0x08012424                __malloc_unlock
 .text          0x08012428       0x28 /home/laurence/CodeSourcery/Sourcery_G++_Lite/bin/../lib/gcc/arm-none-eabi/4.5.2/../../../../arm-none-eabi/lib/thumb2/libc.a(lib_a-sbrkr.o)
                0x08012428                _sbrk_r
 .text          0x08012450       0x60 /home/laurence/CodeSourcery/Sourcery_G++_Lite/bin/../lib/gcc/arm-none-eabi/4.5.2/../../../../arm-none-eabi/lib/thumb2/libc.a(lib_a-strlen.o)
                0x08012450                strlen
 .text          0x080124b0       0x78 /home/laurence/CodeSourcery/Sourcery_G++_Lite/bin/../lib/gcc/arm-none-eabi/4.5.2/../../../../arm-none-eabi/lib/thumb2/libc.a(lib_a-strncpy.o)
                0x080124b0                strncpy
 .text          0x08012528      0x240 /home/laurence/CodeSourcery/Sourcery_G++_Lite/bin/../lib/gcc/arm-none-eabi/4.5.2/../../../../arm-none-eabi/lib/thumb2/libc.a(lib_a-freer.o)
                0x08012528                _malloc_trim_r
                0x080125d0                _free_r
 *(.init)
 .init          0x08012768        0x4 /home/laurence/CodeSourcery/Sourcery_G++_Lite/bin/../lib/gcc/arm-none-eabi/4.5.2/thumb2/crti.o
                0x08012768                _init
 .init          0x0801276c        0x8 /home/laurence/CodeSourcery/Sourcery_G++_Lite/bin/../lib/gcc/arm-none-eabi/4.5.2/thumb2/crtn.o
 *(.fini)
 .fini          0x08012774        0x4 /home/laurence/CodeSourcery/Sourcery_G++_Lite/bin/../lib/gcc/arm-none-eabi/4.5.2/thumb2/crti.o
                0x08012774                _fini
 .fini          0x08012778        0x8 /home/laurence/CodeSourcery/Sourcery_G++_Lite/bin/../lib/gcc/arm-none-eabi/4.5.2/thumb2/crtn.o
 *crtbegin.o(.ctors)
 *crtbegin?.o(.ctors)
 *(EXCLUDE_FILE(*crtend.o *crtend?.o) .ctors)
 *(SORT(.ctors.*))
 *(.ctors)
 *crtbegin.o(.dtors)
 *crtbegin?.o(.dtors)
 *(EXCLUDE_FILE(*crtend.o *crtend?.o) .dtors)
 *(SORT(.dtors.*))
 *(.dtors)
 *(.rodata*)
 .rodata        0x08012780       0x20 Sensors/amb_sensors.o
                0x08012780                LSM_330_ACCEL_config
                0x08012788                LSM_330_ACCEL_FIFO_config
                0x0801278c                LSM_330_GYRO_config
                0x08012790                ADXL_config
                0x08012798                HMC_config
                0x0801279c                ITG3200_config
 .rodata        0x080127a0       0xac Util/USB/usb_desc.o
                0x080127a0                MASS_DeviceDescriptor
                0x080127b4                MASS_ConfigDescriptor
                0x080127d4                MASS_StringLangID
                0x080127d8                MASS_StringVendor
                0x0801280c                MASS_StringProduct
                0x0801283c                MASS_StringInterface
 .rodata        0x0801284c      0x4c0 Util/fat_fs/option/ccsbcs.o
 .rodata        0x08012d0c       0x80 Util/fat_fs/src/ff.o
 .rodata.str1.4
                0x08012d8c       0x13 Util/fat_fs/src/ff.o
                                 0x14 (size before relaxing)
 *fill*         0x08012d9f        0x1 00
 .rodata        0x08012da0        0xc Util/fat_fs/src/rtc.o
 .rodata        0x08012dac       0xf4 Util/filter_1200.o
 .rodata        0x08012ea0       0x14 Util/rprintf.o
 .rodata.str1.4
                0x08012eb4       0x1a Util/rprintf.o
                                 0x1c (size before relaxing)
 *fill*         0x08012ece        0x2 00
 .rodata        0x08012ed0       0x14 lib/CMSIS_CM3/system_stm32f10x.o
                0x08012ed0                SystemFrequency
                0x08012ed4                SystemFrequency_SysClk
                0x08012ed8                SystemFrequency_AHBClk
                0x08012edc                SystemFrequency_APB1Clk
                0x08012ee0                SystemFrequency_APB2Clk
 .rodata.str1.4
                0x08012ee4      0x1e3 main.o
                                0x1e8 (size before relaxing)
 *fill*         0x080130c7        0x1 00
 .rodata.str1.4
                0x080130c8       0x40 pwr.o
 .rodata.str1.4
                0x08013108        0x4 /home/laurence/CodeSourcery/Sourcery_G++_Lite/bin/../lib/gcc/arm-none-eabi/4.5.2/../../../../arm-none-eabi/lib/thumb2/libc.a(lib_a-impure.o)
 *(.eh_frame*)

.glue_7         0x0801310c        0x0
 .glue_7        0x00000000        0x0 linker stubs

.glue_7t        0x0801310c        0x0
 .glue_7t       0x00000000        0x0 linker stubs

.vfp11_veneer   0x0801310c        0x0
 .vfp11_veneer  0x00000000        0x0 linker stubs

.v4_bx          0x0801310c        0x0
 .v4_bx         0x00000000        0x0 linker stubs

.ARM.extab
 *(.ARM.extab* .gnu.linkonce.armextab.*)
                0x0801310c                __exidx_start = .

.ARM.exidx
 *(.ARM.exidx* .gnu.linkonce.armexidx.*)
                0x0801310c                __exidx_end = .
                0x0801310c                __etext = .

.data           0x20000000      0x704 load address 0x0801310c
                0x20000000                __data_start__ = .
 *(vtable)
 *(.data*)
 .data          0x20000000       0x80 Sensors/amb_sensors.o
                0x20000000                I2C_jobs
 .data          0x20000080       0x74 Util/USB/scsi_data.o
                0x20000080                Standard_Inquiry_Data
                0x200000a4                Standard_Inquiry_Data2
                0x200000c8                Mode_Sense6_data
                0x200000cc                Mode_Sense10_data
                0x200000d4                Scsi_Sense_Data
                0x200000e8                ReadFormatCapacity_Data
 .data          0x200000f4       0x1c Util/USB/usb_desc.o
                0x200000f4                MASS_StringSerial
 .data          0x20000110       0x38 Util/USB/usb_istr.o
                0x20000110                pEpInt_IN
                0x2000012c                pEpInt_OUT
 .data          0x20000148       0x90 Util/USB/usb_prop.o
                0x20000148                String_Descriptor
                0x20000170                Config_Descriptor
                0x20000178                Device_Descriptor
                0x20000180                Device_Property
                0x200001b0                Device_Table
                0x200001b4                User_Standard_Requests
 .data          0x200001d8        0x1 Util/USB/usb_pwr.o
                0x200001d8                fSuspendEnabled
 *fill*         0x200001d9        0x3 00
 .data          0x200001dc        0x4 Util/fat_fs/src/sd_spi_stm32.o
 .data          0x200001e0       0x14 lib/STM32F10x_StdPeriph_Driver/libstm32fw.a(stm32f10x_rcc.o)
 .data          0x200001f4      0x410 /home/laurence/CodeSourcery/Sourcery_G++_Lite/bin/../lib/gcc/arm-none-eabi/4.5.2/../../../../arm-none-eabi/lib/thumb2/libc.a(lib_a-mallocr.o)
                0x200001f4                __malloc_av_
                0x200005fc                __malloc_sbrk_base
                0x20000600                __malloc_trim_threshold
 .data          0x20000604       0xf4 /home/laurence/CodeSourcery/Sourcery_G++_Lite/bin/../lib/gcc/arm-none-eabi/4.5.2/../../../../arm-none-eabi/lib/thumb2/libc.a(lib_a-impure.o)
                0x20000604                _impure_ptr
                0x200006f8                . = ALIGN (0x4)
                0x200006f8                PROVIDE (__preinit_array_start, .)
 *(.preinit_array)
                0x200006f8                PROVIDE (__preinit_array_end, .)
                0x200006f8                . = ALIGN (0x4)
                0x200006f8                PROVIDE (__init_array_start, .)
 *(SORT(.init_array.*))
 *(.init_array)
 .init_array    0x200006f8        0x4 /home/laurence/CodeSourcery/Sourcery_G++_Lite/bin/../lib/gcc/arm-none-eabi/4.5.2/thumb2/crtbegin.o
                0x200006fc                PROVIDE (__init_array_end, .)
                0x200006fc                . = ALIGN (0x4)
                0x200006fc                PROVIDE (__fini_array_start, .)
 *(SORT(.fini_array.*))
 *(.fini_array)
 .fini_array    0x200006fc        0x4 /home/laurence/CodeSourcery/Sourcery_G++_Lite/bin/../lib/gcc/arm-none-eabi/4.5.2/thumb2/crtbegin.o
                0x20000700                PROVIDE (__fini_array_end, .)
 *(.jcr*)
 .jcr           0x20000700        0x0 /home/laurence/CodeSourcery/Sourcery_G++_Lite/bin/../lib/gcc/arm-none-eabi/4.5.2/thumb2/crtbegin.o
 .jcr           0x20000700        0x4 /home/laurence/CodeSourcery/Sourcery_G++_Lite/bin/../lib/gcc/arm-none-eabi/4.5.2/thumb2/crtend.o
                0x20000704                . = ALIGN (0x4)
                0x20000704                __data_end__ = .

.bss            0x20000704     0x1384 load address 0x08013810
                0x20000704                . = ALIGN (0x4)
                0x20000704                __bss_start__ = .
 *(.bss*)
 .bss           0x20000704        0x1 /home/laurence/CodeSourcery/Sourcery_G++_Lite/bin/../lib/gcc/arm-none-eabi/4.5.2/thumb2/crtbegin.o
 *fill*         0x20000705        0x3 00
 .bss           0x20000708        0x4 Util/USB/mass_mal.o
                0x20000708                Status
 .bss           0x2000070c       0x1c Util/USB/memory.o
                0x2000070c                TransferState
                0x20000718                Counter
                0x20000724                Block_Read_count
 .bss           0x20000728       0x10 Util/USB/scsi_data.o
                0x20000728                Page00_Inquiry_Data
                0x20000730                ReadCapacity10_Data
 .bss           0x20000738        0x1 Util/USB/usb_istr.o
                0x20000738                bIntPackSOF
 *fill*         0x20000739        0x3 00
 .bss           0x2000073c        0x4 Util/USB/usb_prop.o
                0x2000073c                Max_Lun
 .bss           0x20000740        0x4 Util/USB/usb_pwr.o
                0x20000740                bDeviceState
 .bss           0x20000744        0xc Util/fat_fs/src/ff.o
 .bss           0x20000750       0x10 Util/fat_fs/src/sd_spi_stm32.o
 .bss           0x20000760       0x84 Util/rprintf.o
 .bss           0x200007e4        0x3 i2c_int.o
 *fill*         0x200007e7        0x1 00
 .bss           0x200007e8        0x8 interrupts.o
 .bss           0x200007f0      0x238 main.o
                0x20000a24                file_opened
 .bss           0x20000a28        0x4 syscalls.o
 .bss           0x20000a2c        0x1 lib/STM32_USB-FS-Device_Driver/libstm32usb.a(usb_core.o)
                0x20000a2c                Data_Mul_MaxPacketSize
 *fill*         0x20000a2d        0x3 00
 .bss           0x20000a30       0x34 /home/laurence/CodeSourcery/Sourcery_G++_Lite/bin/../lib/gcc/arm-none-eabi/4.5.2/../../../../arm-none-eabi/lib/thumb2/libc.a(lib_a-mallocr.o)
                0x20000a30                __malloc_top_pad
                0x20000a34                __malloc_current_mallinfo
                0x20000a5c                __malloc_max_sbrked_mem
                0x20000a60                __malloc_max_total_mem
 *(COMMON)
 COMMON         0x20000a64      0x637 Sensors/amb_sensors.o
                0x20000a64                LSM330_Gyro_Filter
                0x20000d4c                LSM330_Accel_Filter
                0x20001034                Rawdata
                0x20001074                LastFifo
                0x2000107c                RawFifo
                0x2000109a                I2C_Transactions_State
 *fill*         0x2000109b        0x1 00
 COMMON         0x2000109c       0x1c Util/USB/mass_mal.o
                0x2000109c                Mass_Memory_Size
                0x200010a4                Mass_Block_Size
                0x200010ac                Mass_Block_Count
                0x200010b4                Data_Buffer
 COMMON         0x200010b8        0x8 Util/USB/memory.o
                0x200010b8                Block_offset
                0x200010bc                Idx
 COMMON         0x200010c0       0x7c Util/USB/usb_bot.o
                0x200010c0                CBW
                0x200010e0                Data_Len
                0x200010e2                Bot_State
                0x200010e4                SCSI_LBA
                0x200010e8                CSW
                0x200010f8                SCSI_BlkLen
                0x200010fc                Bulk_Data_Buff
 COMMON         0x2000113c        0x2 Util/USB/usb_istr.o
                0x2000113c                wIstr
 *fill*         0x2000113e        0x2 00
 COMMON         0x20001140        0x2 Util/USB/usb_pwr.o
                0x20001140                ResumeS
 COMMON         0x20001142        0x1 Util/fat_fs/src/sd_spi_stm32.o
                0x20001142                Sd_Spi_Called_From_USB_MSC
 COMMON         0x20001143        0x1 gpio.o
                0x20001143                bootsource
 COMMON         0x20001144        0xd i2c_int.o
                0x20001144                I2C1error
                0x20001148                Jobs
                0x2000114c                Completed_Jobs
                0x20001150                job
 *fill*         0x20001151        0x3 00
 COMMON         0x20001154        0x8 interrupts.o
                0x20001154                Button_hold_tim
                0x20001158                Battery_Voltage
 COMMON         0x2000115c      0x8e9 main.o
                0x2000115c                Sensor_Cable
                0x20001160                battery_voltage
                0x20001164                FATFS_wavfile_accel
                0x20001388                forehead_buffer
                0x200013dc                f_err_code
                0x200013dd                System_state_Global
                0x200013e0                Millis
                0x200013e4                sfe_sensor_buffers
                0x200014d4                Sensors
                0x200014d8                FATFS_info
                0x200014f8                FATFS_wavfile_gyro
                0x2000171c                print_string
                0x2000181c                a
                0x20001820                FATFS_logfile
                0x20001a44                Shutdown_System
 *fill*         0x20001a45        0x3 00
 COMMON         0x20001a48        0x2 lib/STM32_USB-FS-Device_Driver/libstm32usb.a(usb_core.o)
                0x20001a48                StatusInfo
 *fill*         0x20001a4a        0x2 00
 COMMON         0x20001a4c       0x32 lib/STM32_USB-FS-Device_Driver/libstm32usb.a(usb_init.o)
                0x20001a4c                SaveState
                0x20001a50                pProperty
                0x20001a54                EPindex
                0x20001a58                Device_Info
                0x20001a74                pUser_Standard_Requests
                0x20001a78                pInformation
                0x20001a7c                wInterrupt_Mask
 COMMON         0x20001a7e        0x4 lib/STM32_USB-FS-Device_Driver/libstm32usb.a(usb_int.o)
                0x20001a7e                SaveRState
                0x20001a80                SaveTState
 *fill*         0x20001a82        0x2 00
 COMMON         0x20001a84        0x4 /home/laurence/CodeSourcery/Sourcery_G++_Lite/bin/../lib/gcc/arm-none-eabi/4.5.2/../../../../arm-none-eabi/lib/thumb2/libc.a(lib_a-reent.o)
                0x20001a84                errno
                0x20001a88                . = ALIGN (0x4)
                0x20001a88                __bss_end__ = .

.heap           0x20001a88        0x0
                0x20001a88                __end__ = .
                0x20001a88                end = __end__
 *(.heap*)
                0x20001a88                __HeapLimit = .

.stack_dummy    0x20001a88        0x0
 *(.stack*)
                0x20005000                __StackTop = 0x20005000
                0x20005000                __StackLimit = (__StackTop - SIZEOF (.stack_dummy))
                0x20005000                PROVIDE (__stack, __StackTop)
                0x00000001                ASSERT ((__StackLimit >= __HeapLimit), region RAM overflowed with stack)
                0x20000704                PROVIDE (_edata, __data_end__)
                0x20000000                PROVIDE (_sdata, __data_start__)
                0x0801310c                PROVIDE (_sidata, __etext)
                0x20000704                PROVIDE (_sbss, __bss_start__)
                0x20001a88                PROVIDE (_ebss, __bss_end__)
                0x20005000                PROVIDE (_estack, __StackTop)
OUTPUT(main.elf elf32-littlearm)

.ARM.attributes
                0x00000000       0x25
 .ARM.attributes
                0x00000000       0x19 /home/laurence/CodeSourcery/Sourcery_G++_Lite/bin/../lib/gcc/arm-none-eabi/4.5.2/thumb2/crti.o
 .ARM.attributes
                0x00000019       0x29 /home/laurence/CodeSourcery/Sourcery_G++_Lite/bin/../lib/gcc/arm-none-eabi/4.5.2/thumb2/crtbegin.o
 .ARM.attributes
                0x00000042       0x31 Sensors/amb_sensors.o
 .ARM.attributes
                0x00000073       0x31 Sensors/temperature.o
 .ARM.attributes
                0x000000a4       0x31 Util/USB/hw_config.o
 .ARM.attributes
                0x000000d5       0x31 Util/USB/mass_mal.o
 .ARM.attributes
                0x00000106       0x31 Util/USB/memory.o
 .ARM.attributes
                0x00000137       0x31 Util/USB/scsi_data.o
 .ARM.attributes
                0x00000168       0x31 Util/USB/usb_bot.o
 .ARM.attributes
                0x00000199       0x31 Util/USB/usb_desc.o
 .ARM.attributes
                0x000001ca       0x31 Util/USB/usb_endp.o
 .ARM.attributes
                0x000001fb       0x31 Util/USB/usb_istr.o
 .ARM.attributes
                0x0000022c       0x31 Util/USB/usb_prop.o
 .ARM.attributes
                0x0000025d       0x31 Util/USB/usb_pwr.o
 .ARM.attributes
                0x0000028e       0x31 Util/USB/usb_scsi.o
 .ARM.attributes
                0x000002bf       0x31 Util/buffer.o
 .ARM.attributes
                0x000002f0       0x31 Util/delay.o
 .ARM.attributes
                0x00000321       0x31 Util/fat_fs/option/ccsbcs.o
 .ARM.attributes
                0x00000352       0x31 Util/fat_fs/src/fattime.o
 .ARM.attributes
                0x00000383       0x31 Util/fat_fs/src/ff.o
 .ARM.attributes
                0x000003b4       0x31 Util/fat_fs/src/rtc.o
 .ARM.attributes
                0x000003e5       0x31 Util/fat_fs/src/sd_spi_stm32.o
 .ARM.attributes
                0x00000416       0x31 Util/filter_1200.o
 .ARM.attributes
                0x00000447       0x31 Util/filter_190.o
 .ARM.attributes
                0x00000478       0x31 Util/rprintf.o
 .ARM.attributes
                0x000004a9       0x31 Util/stm32_eval_spi_sd.o
 .ARM.attributes
                0x000004da       0x31 Util/wave.o
 .ARM.attributes
                0x0000050b       0x31 adc.o
 .ARM.attributes
                0x0000053c       0x31 gpio.o
 .ARM.attributes
                0x0000056d       0x31 i2c_int.o
 .ARM.attributes
                0x0000059e       0x31 interrupts.o
 .ARM.attributes
                0x000005cf       0x31 lib/CMSIS_CM3/core_cm3.o
 .ARM.attributes
                0x00000600       0x21 lib/CMSIS_CM3/startup/gcc/startup_stm32f10x_md.o
 .ARM.attributes
                0x00000621       0x31 lib/CMSIS_CM3/system_stm32f10x.o
 .ARM.attributes
                0x00000652       0x31 main.o
 .ARM.attributes
                0x00000683       0x31 pwr.o
 .ARM.attributes
                0x000006b4       0x31 syscalls.o
 .ARM.attributes
                0x000006e5       0x31 usart.o
 .ARM.attributes
                0x00000716       0x31 watchdog.o
 .ARM.attributes
                0x00000747       0x31 lib/STM32F10x_StdPeriph_Driver/libstm32fw.a(misc.o)
 .ARM.attributes
                0x00000778       0x31 lib/STM32F10x_StdPeriph_Driver/libstm32fw.a(stm32f10x_adc.o)
 .ARM.attributes
                0x000007a9       0x31 lib/STM32F10x_StdPeriph_Driver/libstm32fw.a(stm32f10x_bkp.o)
 .ARM.attributes
                0x000007da       0x31 lib/STM32F10x_StdPeriph_Driver/libstm32fw.a(stm32f10x_dbgmcu.o)
 .ARM.attributes
                0x0000080b       0x31 lib/STM32F10x_StdPeriph_Driver/libstm32fw.a(stm32f10x_dma.o)
 .ARM.attributes
                0x0000083c       0x31 lib/STM32F10x_StdPeriph_Driver/libstm32fw.a(stm32f10x_exti.o)
 .ARM.attributes
                0x0000086d       0x31 lib/STM32F10x_StdPeriph_Driver/libstm32fw.a(stm32f10x_gpio.o)
 .ARM.attributes
                0x0000089e       0x31 lib/STM32F10x_StdPeriph_Driver/libstm32fw.a(stm32f10x_i2c.o)
 .ARM.attributes
                0x000008cf       0x31 lib/STM32F10x_StdPeriph_Driver/libstm32fw.a(stm32f10x_iwdg.o)
 .ARM.attributes
                0x00000900       0x31 lib/STM32F10x_StdPeriph_Driver/libstm32fw.a(stm32f10x_pwr.o)
 .ARM.attributes
                0x00000931       0x31 lib/STM32F10x_StdPeriph_Driver/libstm32fw.a(stm32f10x_rcc.o)
 .ARM.attributes
                0x00000962       0x31 lib/STM32F10x_StdPeriph_Driver/libstm32fw.a(stm32f10x_rtc.o)
 .ARM.attributes
                0x00000993       0x31 lib/STM32F10x_StdPeriph_Driver/libstm32fw.a(stm32f10x_spi.o)
 .ARM.attributes
                0x000009c4       0x31 lib/STM32F10x_StdPeriph_Driver/libstm32fw.a(stm32f10x_usart.o)
 .ARM.attributes
                0x000009f5       0x31 lib/STM32_USB-FS-Device_Driver/libstm32usb.a(usb_core.o)
 .ARM.attributes
                0x00000a26       0x31 lib/STM32_USB-FS-Device_Driver/libstm32usb.a(usb_init.o)
 .ARM.attributes
                0x00000a57       0x31 lib/STM32_USB-FS-Device_Driver/libstm32usb.a(usb_int.o)
 .ARM.attributes
                0x00000a88       0x31 lib/STM32_USB-FS-Device_Driver/libstm32usb.a(usb_mem.o)
 .ARM.attributes
                0x00000ab9       0x31 lib/STM32_USB-FS-Device_Driver/libstm32usb.a(usb_regs.o)
 .ARM.attributes
                0x00000aea       0x31 lib/STM32_USB-FS-Device_Driver/libstm32usb.a(usb_sil.o)
 .ARM.attributes
                0x00000b1b       0x1b /home/laurence/CodeSourcery/Sourcery_G++_Lite/bin/../lib/gcc/arm-none-eabi/4.5.2/thumb2/libgcc.a(_arm_addsubdf3.o)
 .ARM.attributes
                0x00000b36       0x1b /home/laurence/CodeSourcery/Sourcery_G++_Lite/bin/../lib/gcc/arm-none-eabi/4.5.2/thumb2/libgcc.a(_arm_muldivdf3.o)
 .ARM.attributes
                0x00000b51       0x1b /home/laurence/CodeSourcery/Sourcery_G++_Lite/bin/../lib/gcc/arm-none-eabi/4.5.2/thumb2/libgcc.a(_arm_cmpdf2.o)
 .ARM.attributes
                0x00000b6c       0x1b /home/laurence/CodeSourcery/Sourcery_G++_Lite/bin/../lib/gcc/arm-none-eabi/4.5.2/thumb2/libgcc.a(_arm_truncdfsf2.o)
 .ARM.attributes
                0x00000b87       0x1b /home/laurence/CodeSourcery/Sourcery_G++_Lite/bin/../lib/gcc/arm-none-eabi/4.5.2/thumb2/libgcc.a(_arm_addsubsf3.o)
 .ARM.attributes
                0x00000ba2       0x1b /home/laurence/CodeSourcery/Sourcery_G++_Lite/bin/../lib/gcc/arm-none-eabi/4.5.2/thumb2/libgcc.a(_arm_muldivsf3.o)
 .ARM.attributes
                0x00000bbd       0x1b /home/laurence/CodeSourcery/Sourcery_G++_Lite/bin/../lib/gcc/arm-none-eabi/4.5.2/thumb2/libgcc.a(_arm_cmpsf2.o)
 .ARM.attributes
                0x00000bd8       0x1b /home/laurence/CodeSourcery/Sourcery_G++_Lite/bin/../lib/gcc/arm-none-eabi/4.5.2/thumb2/libgcc.a(_arm_fixsfsi.o)
 .ARM.attributes
                0x00000bf3       0x1b /home/laurence/CodeSourcery/Sourcery_G++_Lite/bin/../lib/gcc/arm-none-eabi/4.5.2/thumb2/libgcc.a(_arm_fixunssfsi.o)
 .ARM.attributes
                0x00000c0e       0x29 /home/laurence/CodeSourcery/Sourcery_G++_Lite/bin/../lib/gcc/arm-none-eabi/4.5.2/../../../../arm-none-eabi/lib/thumb2/libc.a(lib_a-malloc.o)
 .ARM.attributes
                0x00000c37       0x29 /home/laurence/CodeSourcery/Sourcery_G++_Lite/bin/../lib/gcc/arm-none-eabi/4.5.2/../../../../arm-none-eabi/lib/thumb2/libc.a(lib_a-mallocr.o)
 .ARM.attributes
                0x00000c60       0x29 /home/laurence/CodeSourcery/Sourcery_G++_Lite/bin/../lib/gcc/arm-none-eabi/4.5.2/../../../../arm-none-eabi/lib/thumb2/libc.a(lib_a-memcmp.o)
 .ARM.attributes
                0x00000c89       0x29 /home/laurence/CodeSourcery/Sourcery_G++_Lite/bin/../lib/gcc/arm-none-eabi/4.5.2/../../../../arm-none-eabi/lib/thumb2/libc.a(lib_a-mlock.o)
 .ARM.attributes
                0x00000cb2       0x29 /home/laurence/CodeSourcery/Sourcery_G++_Lite/bin/../lib/gcc/arm-none-eabi/4.5.2/../../../../arm-none-eabi/lib/thumb2/libc.a(lib_a-reent.o)
 .ARM.attributes
                0x00000cdb       0x29 /home/laurence/CodeSourcery/Sourcery_G++_Lite/bin/../lib/gcc/arm-none-eabi/4.5.2/../../../../arm-none-eabi/lib/thumb2/libc.a(lib_a-sbrkr.o)
 .ARM.attributes
                0x00000d04       0x29 /home/laurence/CodeSourcery/Sourcery_G++_Lite/bin/../lib/gcc/arm-none-eabi/4.5.2/../../../../arm-none-eabi/lib/thumb2/libc.a(lib_a-strlen.o)
 .ARM.attributes
                0x00000d2d       0x29 /home/laurence/CodeSourcery/Sourcery_G++_Lite/bin/../lib/gcc/arm-none-eabi/4.5.2/../../../../arm-none-eabi/lib/thumb2/libc.a(lib_a-strncpy.o)
 .ARM.attributes
                0x00000d56       0x29 /home/laurence/CodeSourcery/Sourcery_G++_Lite/bin/../lib/gcc/arm-none-eabi/4.5.2/../../../../arm-none-eabi/lib/thumb2/libc.a(lib_a-freer.o)
 .ARM.attributes
                0x00000d7f       0x29 /home/laurence/CodeSourcery/Sourcery_G++_Lite/bin/../lib/gcc/arm-none-eabi/4.5.2/../../../../arm-none-eabi/lib/thumb2/libc.a(lib_a-impure.o)
 .ARM.attributes
                0x00000da8       0x29 /home/laurence/CodeSourcery/Sourcery_G++_Lite/bin/../lib/gcc/arm-none-eabi/4.5.2/thumb2/crtend.o
 .ARM.attributes
                0x00000dd1       0x19 /home/laurence/CodeSourcery/Sourcery_G++_Lite/bin/../lib/gcc/arm-none-eabi/4.5.2/thumb2/crtn.o

.comment        0x00000000       0x2a
 .comment       0x00000000       0x2a Sensors/amb_sensors.o
                                 0x2b (size before relaxing)
 .comment       0x00000000       0x2b Sensors/temperature.o
 .comment       0x00000000       0x2b Util/USB/hw_config.o
 .comment       0x00000000       0x2b Util/USB/mass_mal.o
 .comment       0x00000000       0x2b Util/USB/memory.o
 .comment       0x00000000       0x2b Util/USB/scsi_data.o
 .comment       0x00000000       0x2b Util/USB/usb_bot.o
 .comment       0x00000000       0x2b Util/USB/usb_desc.o
 .comment       0x00000000       0x2b Util/USB/usb_endp.o
 .comment       0x00000000       0x2b Util/USB/usb_istr.o
 .comment       0x00000000       0x2b Util/USB/usb_prop.o
 .comment       0x00000000       0x2b Util/USB/usb_pwr.o
 .comment       0x00000000       0x2b Util/USB/usb_scsi.o
 .comment       0x00000000       0x2b Util/buffer.o
 .comment       0x00000000       0x2b Util/delay.o
 .comment       0x00000000       0x2b Util/fat_fs/option/ccsbcs.o
 .comment       0x00000000       0x2b Util/fat_fs/src/fattime.o
 .comment       0x00000000       0x2b Util/fat_fs/src/ff.o
 .comment       0x00000000       0x2b Util/fat_fs/src/rtc.o
 .comment       0x00000000       0x2b Util/fat_fs/src/sd_spi_stm32.o
 .comment       0x00000000       0x2b Util/filter_1200.o
 .comment       0x00000000       0x2b Util/filter_190.o
 .comment       0x00000000       0x2b Util/rprintf.o
 .comment       0x00000000       0x2b Util/stm32_eval_spi_sd.o
 .comment       0x00000000       0x2b Util/wave.o
 .comment       0x00000000       0x2b adc.o
 .comment       0x00000000       0x2b gpio.o
 .comment       0x00000000       0x2b i2c_int.o
 .comment       0x00000000       0x2b interrupts.o
 .comment       0x00000000       0x2b lib/CMSIS_CM3/core_cm3.o
 .comment       0x00000000       0x2b lib/CMSIS_CM3/system_stm32f10x.o
 .comment       0x00000000       0x2b main.o
 .comment       0x00000000       0x2b pwr.o
 .comment       0x00000000       0x2b syscalls.o
 .comment       0x00000000       0x2b usart.o
 .comment       0x00000000       0x2b watchdog.o
 .comment       0x00000000       0x2b lib/STM32F10x_StdPeriph_Driver/libstm32fw.a(misc.o)
 .comment       0x00000000       0x2b lib/STM32F10x_StdPeriph_Driver/libstm32fw.a(stm32f10x_adc.o)
 .comment       0x00000000       0x2b lib/STM32F10x_StdPeriph_Driver/libstm32fw.a(stm32f10x_bkp.o)
 .comment       0x00000000       0x2b lib/STM32F10x_StdPeriph_Driver/libstm32fw.a(stm32f10x_dbgmcu.o)
 .comment       0x00000000       0x2b lib/STM32F10x_StdPeriph_Driver/libstm32fw.a(stm32f10x_dma.o)
 .comment       0x00000000       0x2b lib/STM32F10x_StdPeriph_Driver/libstm32fw.a(stm32f10x_exti.o)
 .comment       0x00000000       0x2b lib/STM32F10x_StdPeriph_Driver/libstm32fw.a(stm32f10x_gpio.o)
 .comment       0x00000000       0x2b lib/STM32F10x_StdPeriph_Driver/libstm32fw.a(stm32f10x_i2c.o)
 .comment       0x00000000       0x2b lib/STM32F10x_StdPeriph_Driver/libstm32fw.a(stm32f10x_iwdg.o)
 .comment       0x00000000       0x2b lib/STM32F10x_StdPeriph_Driver/libstm32fw.a(stm32f10x_pwr.o)
 .comment       0x00000000       0x2b lib/STM32F10x_StdPeriph_Driver/libstm32fw.a(stm32f10x_rcc.o)
 .comment       0x00000000       0x2b lib/STM32F10x_StdPeriph_Driver/libstm32fw.a(stm32f10x_rtc.o)
 .comment       0x00000000       0x2b lib/STM32F10x_StdPeriph_Driver/libstm32fw.a(stm32f10x_spi.o)
 .comment       0x00000000       0x2b lib/STM32F10x_StdPeriph_Driver/libstm32fw.a(stm32f10x_usart.o)
 .comment       0x00000000       0x2b lib/STM32_USB-FS-Device_Driver/libstm32usb.a(usb_core.o)
 .comment       0x00000000       0x2b lib/STM32_USB-FS-Device_Driver/libstm32usb.a(usb_init.o)
 .comment       0x00000000       0x2b lib/STM32_USB-FS-Device_Driver/libstm32usb.a(usb_int.o)
 .comment       0x00000000       0x2b lib/STM32_USB-FS-Device_Driver/libstm32usb.a(usb_mem.o)
 .comment       0x00000000       0x2b lib/STM32_USB-FS-Device_Driver/libstm32usb.a(usb_regs.o)
 .comment       0x00000000       0x2b lib/STM32_USB-FS-Device_Driver/libstm32usb.a(usb_sil.o)

.debug_abbrev   0x00000000     0x352f
 .debug_abbrev  0x00000000       0xfb Sensors/amb_sensors.o
 .debug_abbrev  0x000000fb       0x79 Sensors/temperature.o
 .debug_abbrev  0x00000174      0x2d3 Util/USB/hw_config.o
 .debug_abbrev  0x00000447      0x111 Util/USB/mass_mal.o
 .debug_abbrev  0x00000558      0x17d Util/USB/memory.o
 .debug_abbrev  0x000006d5       0x5c Util/USB/scsi_data.o
 .debug_abbrev  0x00000731      0x198 Util/USB/usb_bot.o
 .debug_abbrev  0x000008c9       0x63 Util/USB/usb_desc.o
 .debug_abbrev  0x0000092c       0x41 Util/USB/usb_endp.o
 .debug_abbrev  0x0000096d      0x113 Util/USB/usb_istr.o
 .debug_abbrev  0x00000a80      0x1dd Util/USB/usb_prop.o
 .debug_abbrev  0x00000c5d      0x1bd Util/USB/usb_pwr.o
 .debug_abbrev  0x00000e1a      0x253 Util/USB/usb_scsi.o
 .debug_abbrev  0x0000106d       0xd8 Util/buffer.o
 .debug_abbrev  0x00001145       0x7e Util/delay.o
 .debug_abbrev  0x000011c3       0xc0 Util/fat_fs/option/ccsbcs.o
 .debug_abbrev  0x00001283       0x97 Util/fat_fs/src/fattime.o
 .debug_abbrev  0x0000131a      0x302 Util/fat_fs/src/ff.o
 .debug_abbrev  0x0000161c      0x213 Util/fat_fs/src/rtc.o
 .debug_abbrev  0x0000182f      0x37f Util/fat_fs/src/sd_spi_stm32.o
 .debug_abbrev  0x00001bae      0x118 Util/filter_1200.o
 .debug_abbrev  0x00001cc6       0xff Util/filter_190.o
 .debug_abbrev  0x00001dc5      0x2fa Util/rprintf.o
 .debug_abbrev  0x000020bf      0x2e8 Util/stm32_eval_spi_sd.o
 .debug_abbrev  0x000023a7      0x158 Util/wave.o
 .debug_abbrev  0x000024ff      0x14c adc.o
 .debug_abbrev  0x0000264b      0x158 gpio.o
 .debug_abbrev  0x000027a3      0x221 i2c_int.o
 .debug_abbrev  0x000029c4      0x1e9 interrupts.o
 .debug_abbrev  0x00002bad       0xd0 lib/CMSIS_CM3/core_cm3.o
 .debug_abbrev  0x00002c7d       0x12 lib/CMSIS_CM3/startup/gcc/startup_stm32f10x_md.o
 .debug_abbrev  0x00002c8f      0x112 lib/CMSIS_CM3/system_stm32f10x.o
 .debug_abbrev  0x00002da1      0x2d5 main.o
 .debug_abbrev  0x00003076      0x152 pwr.o
 .debug_abbrev  0x000031c8      0x14c syscalls.o
 .debug_abbrev  0x00003314      0x186 usart.o
 .debug_abbrev  0x0000349a       0x95 watchdog.o

.debug_info     0x00000000    0x100df
 .debug_info    0x00000000      0x5ef Sensors/amb_sensors.o
 .debug_info    0x000005ef      0x123 Sensors/temperature.o
 .debug_info    0x00000712      0x784 Util/USB/hw_config.o
 .debug_info    0x00000e96      0x37d Util/USB/mass_mal.o
 .debug_info    0x00001213      0x3ff Util/USB/memory.o
 .debug_info    0x00001612      0x16b Util/USB/scsi_data.o
 .debug_info    0x0000177d      0x49d Util/USB/usb_bot.o
 .debug_info    0x00001c1a      0x187 Util/USB/usb_desc.o
 .debug_info    0x00001da1       0x98 Util/USB/usb_endp.o
 .debug_info    0x00001e39      0x311 Util/USB/usb_istr.o
 .debug_info    0x0000214a      0xa07 Util/USB/usb_prop.o
 .debug_info    0x00002b51      0x3c3 Util/USB/usb_pwr.o
 .debug_info    0x00002f14      0x885 Util/USB/usb_scsi.o
 .debug_info    0x00003799      0x1af Util/buffer.o
 .debug_info    0x00003948       0xc8 Util/delay.o
 .debug_info    0x00003a10      0x166 Util/fat_fs/option/ccsbcs.o
 .debug_info    0x00003b76      0x15a Util/fat_fs/src/fattime.o
 .debug_info    0x00003cd0     0x349c Util/fat_fs/src/ff.o
 .debug_info    0x0000716c      0x532 Util/fat_fs/src/rtc.o
 .debug_info    0x0000769e     0x13a4 Util/fat_fs/src/sd_spi_stm32.o
 .debug_info    0x00008a42      0x157 Util/filter_1200.o
 .debug_info    0x00008b99      0x14f Util/filter_190.o
 .debug_info    0x00008ce8      0xe64 Util/rprintf.o
 .debug_info    0x00009b4c     0x1a18 Util/stm32_eval_spi_sd.o
 .debug_info    0x0000b564      0x60c Util/wave.o
 .debug_info    0x0000bb70      0x436 adc.o
 .debug_info    0x0000bfa6      0x2ef gpio.o
 .debug_info    0x0000c295      0x8e3 i2c_int.o
 .debug_info    0x0000cb78      0xae7 interrupts.o
 .debug_info    0x0000d65f      0x543 lib/CMSIS_CM3/core_cm3.o
 .debug_info    0x0000dba2       0x8a lib/CMSIS_CM3/startup/gcc/startup_stm32f10x_md.o
 .debug_info    0x0000dc2c      0x2d0 lib/CMSIS_CM3/system_stm32f10x.o
 .debug_info    0x0000defc     0x133e main.o
 .debug_info    0x0000f23a      0x40c pwr.o
 .debug_info    0x0000f646      0x56b syscalls.o
 .debug_info    0x0000fbb1      0x450 usart.o
 .debug_info    0x00010001       0xde watchdog.o

.debug_line     0x00000000     0xe4fc
 .debug_line    0x00000000      0x5e4 Sensors/amb_sensors.o
 .debug_line    0x000005e4      0x502 Sensors/temperature.o
 .debug_line    0x00000ae6      0x983 Util/USB/hw_config.o
 .debug_line    0x00001469      0x7f8 Util/USB/mass_mal.o
 .debug_line    0x00001c61      0x832 Util/USB/memory.o
 .debug_line    0x00002493      0x339 Util/USB/scsi_data.o
 .debug_line    0x000027cc      0x55c Util/USB/usb_bot.o
 .debug_line    0x00002d28      0x2ed Util/USB/usb_desc.o
 .debug_line    0x00003015      0x3ba Util/USB/usb_endp.o
 .debug_line    0x000033cf      0x3f5 Util/USB/usb_istr.o
 .debug_line    0x000037c4      0x84c Util/USB/usb_prop.o
 .debug_line    0x00004010      0x452 Util/USB/usb_pwr.o
 .debug_line    0x00004462      0x9ea Util/USB/usb_scsi.o
 .debug_line    0x00004e4c      0x4bc Util/buffer.o
 .debug_line    0x00005308      0x2fd Util/delay.o
 .debug_line    0x00005605       0xbb Util/fat_fs/option/ccsbcs.o
 .debug_line    0x000056c0      0x179 Util/fat_fs/src/fattime.o
 .debug_line    0x00005839     0x1f14 Util/fat_fs/src/ff.o
 .debug_line    0x0000774d      0x47f Util/fat_fs/src/rtc.o
 .debug_line    0x00007bcc      0xcd5 Util/fat_fs/src/sd_spi_stm32.o
 .debug_line    0x000088a1       0xaa Util/filter_1200.o
 .debug_line    0x0000894b       0xc2 Util/filter_190.o
 .debug_line    0x00008a0d      0xd6b Util/rprintf.o
 .debug_line    0x00009778      0x9a5 Util/stm32_eval_spi_sd.o
 .debug_line    0x0000a11d      0x1ff Util/wave.o
 .debug_line    0x0000a31c      0x715 adc.o
 .debug_line    0x0000aa31      0x636 gpio.o
 .debug_line    0x0000b067      0x7b8 i2c_int.o
 .debug_line    0x0000b81f      0x7af interrupts.o
 .debug_line    0x0000bfce      0x198 lib/CMSIS_CM3/core_cm3.o
 .debug_line    0x0000c166       0x84 lib/CMSIS_CM3/startup/gcc/startup_stm32f10x_md.o
 .debug_line    0x0000c1ea      0x336 lib/CMSIS_CM3/system_stm32f10x.o
 .debug_line    0x0000c520      0xdc9 main.o
 .debug_line    0x0000d2e9      0x5ce pwr.o
 .debug_line    0x0000d8b7      0x350 syscalls.o
 .debug_line    0x0000dc07      0x5ed usart.o
 .debug_line    0x0000e1f4      0x308 watchdog.o

.debug_macinfo  0x00000000   0x839c73
 .debug_macinfo
                0x00000000    0x482fa Sensors/amb_sensors.o
 .debug_macinfo
                0x000482fa    0x47048 Sensors/temperature.o
 .debug_macinfo
                0x0008f342    0x4b7e6 Util/USB/hw_config.o
 .debug_macinfo
                0x000dab28    0x4b57c Util/USB/mass_mal.o
 .debug_macinfo
                0x001260a4    0x4bcca Util/USB/memory.o
 .debug_macinfo
                0x00171d6e    0x449f7 Util/USB/scsi_data.o
 .debug_macinfo
                0x001b6765    0x46e93 Util/USB/usb_bot.o
 .debug_macinfo
                0x001fd5f8    0x44122 Util/USB/usb_desc.o
 .debug_macinfo
                0x0024171a    0x46735 Util/USB/usb_endp.o
 .debug_macinfo
                0x00287e4f    0x465e5 Util/USB/usb_istr.o
 .debug_macinfo
                0x002ce434    0x4b7ef Util/USB/usb_prop.o
 .debug_macinfo
                0x00319c23    0x46896 Util/USB/usb_pwr.o
 .debug_macinfo
                0x003604b9    0x4bd2e Util/USB/usb_scsi.o
 .debug_macinfo
                0x003ac1e7    0x45fd4 Util/buffer.o
 .debug_macinfo
                0x003f21bb    0x44053 Util/delay.o
 .debug_macinfo
                0x0043620e     0x27d8 Util/fat_fs/option/ccsbcs.o
 .debug_macinfo
                0x004389e6     0x2b6b Util/fat_fs/src/fattime.o
 .debug_macinfo
                0x0043b551    0x452ba Util/fat_fs/src/ff.o
 .debug_macinfo
                0x0048080b    0x440cb Util/fat_fs/src/rtc.o
 .debug_macinfo
                0x004c48d6    0x4bbdb Util/fat_fs/src/sd_spi_stm32.o
 .debug_macinfo
                0x005104b1     0x2257 Util/filter_1200.o
 .debug_macinfo
                0x00512708     0x2255 Util/filter_190.o
 .debug_macinfo
                0x0051495d    0x4861f Util/rprintf.o
 .debug_macinfo
                0x0055cf7c    0x44651 Util/stm32_eval_spi_sd.o
 .debug_macinfo
                0x005a15cd     0x30a5 Util/wave.o
 .debug_macinfo
                0x005a4672    0x4b2fb adc.o
 .debug_macinfo
                0x005ef96d    0x48871 gpio.o
 .debug_macinfo
                0x006381de    0x48598 i2c_int.o
 .debug_macinfo
                0x00680776    0x4b1d2 interrupts.o
 .debug_macinfo
                0x006cb948     0x2b03 lib/CMSIS_CM3/core_cm3.o
 .debug_macinfo
                0x006ce44b    0x44068 lib/CMSIS_CM3/system_stm32f10x.o
 .debug_macinfo
                0x007124b3    0x4c183 main.o
 .debug_macinfo
                0x0075e636    0x485d3 pwr.o
 .debug_macinfo
                0x007a6c09     0x6b47 syscalls.o
 .debug_macinfo
                0x007ad750    0x484ac usart.o
 .debug_macinfo
                0x007f5bfc    0x44077 watchdog.o

.debug_loc      0x00000000    0x1121e
 .debug_loc     0x00000000      0x1f2 Sensors/amb_sensors.o
 .debug_loc     0x000001f2       0x7c Sensors/temperature.o
 .debug_loc     0x0000026e      0x210 Util/USB/hw_config.o
 .debug_loc     0x0000047e      0x1ac Util/USB/mass_mal.o
 .debug_loc     0x0000062a      0x12f Util/USB/memory.o
 .debug_loc     0x00000759      0x263 Util/USB/usb_bot.o
 .debug_loc     0x000009bc       0x20 Util/USB/usb_istr.o
 .debug_loc     0x000009dc      0x16f Util/USB/usb_prop.o
 .debug_loc     0x00000b4b      0x19a Util/USB/usb_pwr.o
 .debug_loc     0x00000ce5      0x695 Util/USB/usb_scsi.o
 .debug_loc     0x0000137a       0xd8 Util/buffer.o
 .debug_loc     0x00001452       0x55 Util/delay.o
 .debug_loc     0x000014a7       0xef Util/fat_fs/option/ccsbcs.o
 .debug_loc     0x00001596       0x2c Util/fat_fs/src/fattime.o
 .debug_loc     0x000015c2     0x9349 Util/fat_fs/src/ff.o
 .debug_loc     0x0000a90b      0x7a4 Util/fat_fs/src/rtc.o
 .debug_loc     0x0000b0af      0xd13 Util/fat_fs/src/sd_spi_stm32.o
 .debug_loc     0x0000bdc2       0xed Util/filter_1200.o
 .debug_loc     0x0000beaf      0x687 Util/filter_190.o
 .debug_loc     0x0000c536     0x2420 Util/rprintf.o
 .debug_loc     0x0000e956     0x117f Util/stm32_eval_spi_sd.o
 .debug_loc     0x0000fad5      0x229 Util/wave.o
 .debug_loc     0x0000fcfe       0xb2 adc.o
 .debug_loc     0x0000fdb0       0x60 gpio.o
 .debug_loc     0x0000fe10      0x448 i2c_int.o
 .debug_loc     0x00010258       0xd8 interrupts.o
 .debug_loc     0x00010330      0x232 lib/CMSIS_CM3/core_cm3.o
 .debug_loc     0x00010562       0x20 lib/CMSIS_CM3/system_stm32f10x.o
 .debug_loc     0x00010582      0x9c6 main.o
 .debug_loc     0x00010f48       0xa8 pwr.o
 .debug_loc     0x00010ff0       0xdc syscalls.o
 .debug_loc     0x000110cc       0xff usart.o
 .debug_loc     0x000111cb       0x53 watchdog.o

.debug_pubnames
                0x00000000     0x197f
 .debug_pubnames
                0x00000000      0x15c Sensors/amb_sensors.o
 .debug_pubnames
                0x0000015c       0x8d Sensors/temperature.o
 .debug_pubnames
                0x000001e9      0x113 Util/USB/hw_config.o
 .debug_pubnames
                0x000002fc       0xa5 Util/USB/mass_mal.o
 .debug_pubnames
                0x000003a1       0x7f Util/USB/memory.o
 .debug_pubnames
                0x00000420       0xd2 Util/USB/scsi_data.o
 .debug_pubnames
                0x000004f2       0xd9 Util/USB/usb_bot.o
 .debug_pubnames
                0x000005cb       0xb8 Util/USB/usb_desc.o
 .debug_pubnames
                0x00000683       0x3b Util/USB/usb_endp.o
 .debug_pubnames
                0x000006be       0x56 Util/USB/usb_istr.o
 .debug_pubnames
                0x00000714      0x1f6 Util/USB/usb_prop.o
 .debug_pubnames
                0x0000090a       0x83 Util/USB/usb_pwr.o
 .debug_pubnames
                0x0000098d      0x195 Util/USB/usb_scsi.o
 .debug_pubnames
                0x00000b22       0x59 Util/buffer.o
 .debug_pubnames
                0x00000b7b       0x1c Util/delay.o
 .debug_pubnames
                0x00000b97       0x31 Util/fat_fs/option/ccsbcs.o
 .debug_pubnames
                0x00000bc8       0x22 Util/fat_fs/src/fattime.o
 .debug_pubnames
                0x00000bea      0x164 Util/fat_fs/src/ff.o
 .debug_pubnames
                0x00000d4e       0x55 Util/fat_fs/src/rtc.o
 .debug_pubnames
                0x00000da3       0xdb Util/fat_fs/src/sd_spi_stm32.o
 .debug_pubnames
                0x00000e7e       0x61 Util/filter_1200.o
 .debug_pubnames
                0x00000edf       0x5e Util/filter_190.o
 .debug_pubnames
                0x00000f3d       0xf9 Util/rprintf.o
 .debug_pubnames
                0x00001036      0x167 Util/stm32_eval_spi_sd.o
 .debug_pubnames
                0x0000119d       0x52 Util/wave.o
 .debug_pubnames
                0x000011ef       0x66 adc.o
 .debug_pubnames
                0x00001255       0x72 gpio.o
 .debug_pubnames
                0x000012c7       0xa9 i2c_int.o
 .debug_pubnames
                0x00001370       0xf1 interrupts.o
 .debug_pubnames
                0x00001461      0x159 lib/CMSIS_CM3/core_cm3.o
 .debug_pubnames
                0x000015ba       0xa3 lib/CMSIS_CM3/system_stm32f10x.o
 .debug_pubnames
                0x0000165d      0x190 main.o
 .debug_pubnames
                0x000017ed       0x54 pwr.o
 .debug_pubnames
                0x00001841       0x9a syscalls.o
 .debug_pubnames
                0x000018db       0x64 usart.o
 .debug_pubnames
                0x0000193f       0x40 watchdog.o

.debug_pubtypes
                0x00000000     0x128a
 .debug_pubtypes
                0x00000000       0x97 Sensors/amb_sensors.o
 .debug_pubtypes
                0x00000097       0x1f Sensors/temperature.o
 .debug_pubtypes
                0x000000b6       0xff Util/USB/hw_config.o
 .debug_pubtypes
                0x000001b5       0x52 Util/USB/mass_mal.o
 .debug_pubtypes
                0x00000207       0x7e Util/USB/memory.o
 .debug_pubtypes
                0x00000285       0x1e Util/USB/scsi_data.o
 .debug_pubtypes
                0x000002a3       0x82 Util/USB/usb_bot.o
 .debug_pubtypes
                0x00000325       0x1e Util/USB/usb_desc.o
 .debug_pubtypes
                0x00000343       0x12 Util/USB/usb_endp.o
 .debug_pubtypes
                0x00000355       0x7e Util/USB/usb_istr.o
 .debug_pubtypes
                0x000003d3      0x190 Util/USB/usb_prop.o
 .debug_pubtypes
                0x00000563       0x9e Util/USB/usb_pwr.o
 .debug_pubtypes
                0x00000601       0x66 Util/USB/usb_scsi.o
 .debug_pubtypes
                0x00000667       0x39 Util/buffer.o
 .debug_pubtypes
                0x000006a0       0x1f Util/delay.o
 .debug_pubtypes
                0x000006bf       0x25 Util/fat_fs/option/ccsbcs.o
 .debug_pubtypes
                0x000006e4       0x48 Util/fat_fs/src/fattime.o
 .debug_pubtypes
                0x0000072c       0xc0 Util/fat_fs/src/ff.o
 .debug_pubtypes
                0x000007ec       0x42 Util/fat_fs/src/rtc.o
 .debug_pubtypes
                0x0000082e      0x125 Util/fat_fs/src/sd_spi_stm32.o
 .debug_pubtypes
                0x00000953       0x23 Util/filter_1200.o
 .debug_pubtypes
                0x00000976       0x23 Util/filter_190.o
 .debug_pubtypes
                0x00000999       0x3f Util/rprintf.o
 .debug_pubtypes
                0x000009d8       0xe0 Util/stm32_eval_spi_sd.o
 .debug_pubtypes
                0x00000ab8       0x83 Util/wave.o
 .debug_pubtypes
                0x00000b3b       0x84 adc.o
 .debug_pubtypes
                0x00000bbf       0x89 gpio.o
 .debug_pubtypes
                0x00000c48      0x11b i2c_int.o
 .debug_pubtypes
                0x00000d63      0x107 interrupts.o
 .debug_pubtypes
                0x00000e6a       0x50 lib/CMSIS_CM3/core_cm3.o
 .debug_pubtypes
                0x00000eba       0x5a lib/CMSIS_CM3/system_stm32f10x.o
 .debug_pubtypes
                0x00000f14      0x186 main.o
 .debug_pubtypes
                0x0000109a       0x59 pwr.o
 .debug_pubtypes
                0x000010f3       0xc7 syscalls.o
 .debug_pubtypes
                0x000011ba       0xa5 usart.o
 .debug_pubtypes
                0x0000125f       0x2b watchdog.o

.debug_aranges  0x00000000      0x468
 .debug_aranges
                0x00000000       0x20 Sensors/amb_sensors.o
 .debug_aranges
                0x00000020       0x20 Sensors/temperature.o
 .debug_aranges
                0x00000040       0x20 Util/USB/hw_config.o
 .debug_aranges
                0x00000060       0x20 Util/USB/mass_mal.o
 .debug_aranges
                0x00000080       0x20 Util/USB/memory.o
 .debug_aranges
                0x000000a0       0x20 Util/USB/usb_bot.o
 .debug_aranges
                0x000000c0       0x20 Util/USB/usb_endp.o
 .debug_aranges
                0x000000e0       0x20 Util/USB/usb_istr.o
 .debug_aranges
                0x00000100       0x20 Util/USB/usb_prop.o
 .debug_aranges
                0x00000120       0x20 Util/USB/usb_pwr.o
 .debug_aranges
                0x00000140       0x20 Util/USB/usb_scsi.o
 .debug_aranges
                0x00000160       0x20 Util/buffer.o
 .debug_aranges
                0x00000180       0x20 Util/delay.o
 .debug_aranges
                0x000001a0       0x20 Util/fat_fs/option/ccsbcs.o
 .debug_aranges
                0x000001c0       0x20 Util/fat_fs/src/fattime.o
 .debug_aranges
                0x000001e0       0x20 Util/fat_fs/src/ff.o
 .debug_aranges
                0x00000200       0x20 Util/fat_fs/src/rtc.o
 .debug_aranges
                0x00000220       0x20 Util/fat_fs/src/sd_spi_stm32.o
 .debug_aranges
                0x00000240       0x20 Util/filter_1200.o
 .debug_aranges
                0x00000260       0x20 Util/filter_190.o
 .debug_aranges
                0x00000280       0x20 Util/rprintf.o
 .debug_aranges
                0x000002a0       0x20 Util/stm32_eval_spi_sd.o
 .debug_aranges
                0x000002c0       0x20 Util/wave.o
 .debug_aranges
                0x000002e0       0x20 adc.o
 .debug_aranges
                0x00000300       0x20 gpio.o
 .debug_aranges
                0x00000320       0x20 i2c_int.o
 .debug_aranges
                0x00000340       0x20 interrupts.o
 .debug_aranges
                0x00000360       0x20 lib/CMSIS_CM3/core_cm3.o
 .debug_aranges
                0x00000380       0x28 lib/CMSIS_CM3/startup/gcc/startup_stm32f10x_md.o
 .debug_aranges
                0x000003a8       0x20 lib/CMSIS_CM3/system_stm32f10x.o
 .debug_aranges
                0x000003c8       0x20 main.o
 .debug_aranges
                0x000003e8       0x20 pwr.o
 .debug_aranges
                0x00000408       0x20 syscalls.o
 .debug_aranges
                0x00000428       0x20 usart.o
 .debug_aranges
                0x00000448       0x20 watchdog.o

.debug_ranges   0x00000000     0x2dc8
 .debug_ranges  0x00000000       0xe0 Sensors/amb_sensors.o
 .debug_ranges  0x000000e0       0xf8 Util/USB/hw_config.o
 .debug_ranges  0x000001d8      0x1a8 Util/USB/usb_scsi.o
 .debug_ranges  0x00000380     0x14b8 Util/fat_fs/src/ff.o
 .debug_ranges  0x00001838      0x228 Util/fat_fs/src/rtc.o
 .debug_ranges  0x00001a60      0x2a8 Util/fat_fs/src/sd_spi_stm32.o
 .debug_ranges  0x00001d08      0xa28 Util/rprintf.o
 .debug_ranges  0x00002730      0x360 Util/stm32_eval_spi_sd.o
 .debug_ranges  0x00002a90      0x100 i2c_int.o
 .debug_ranges  0x00002b90       0x30 interrupts.o
 .debug_ranges  0x00002bc0       0x20 lib/CMSIS_CM3/startup/gcc/startup_stm32f10x_md.o
 .debug_ranges  0x00002be0       0x60 lib/CMSIS_CM3/system_stm32f10x.o
 .debug_ranges  0x00002c40      0x158 main.o
 .debug_ranges  0x00002d98       0x30 usart.o

.debug_str      0x00000000     0x3615
 .debug_str     0x00000000      0x2fe Sensors/amb_sensors.o
                                0x377 (size before relaxing)
 .debug_str     0x000002fe       0x84 Sensors/temperature.o
                                0x15c (size before relaxing)
 .debug_str     0x00000382      0x640 Util/USB/hw_config.o
                                0x7e3 (size before relaxing)
 .debug_str     0x000009c2       0xc1 Util/USB/mass_mal.o
                                0x272 (size before relaxing)
 .debug_str     0x00000a83       0xfd Util/USB/memory.o
                                0x2e7 (size before relaxing)
 .debug_str     0x00000b80       0xa5 Util/USB/scsi_data.o
                                0x181 (size before relaxing)
 .debug_str     0x00000c25       0xd6 Util/USB/usb_bot.o