Archive member included because of file (symbol)

lib/STM32F10x_StdPeriph_Driver/libstm32fw.a(misc.o)
                              interrupts.o (NVIC_PriorityGroupConfig)
lib/STM32F10x_StdPeriph_Driver/libstm32fw.a(stm32f10x_adc.o)
                              adc.o (ADC_DeInit)
lib/STM32F10x_StdPeriph_Driver/libstm32fw.a(stm32f10x_bkp.o)
                              Util/fat_fs/src/rtc.o (BKP_DeInit)
lib/STM32F10x_StdPeriph_Driver/libstm32fw.a(stm32f10x_dbgmcu.o)
                              main.o (DBGMCU_Config)
lib/STM32F10x_StdPeriph_Driver/libstm32fw.a(stm32f10x_dma.o)
                              Util/fat_fs/src/sd_spi_stm32.o (DMA_DeInit)
lib/STM32F10x_StdPeriph_Driver/libstm32fw.a(stm32f10x_exti.o)
                              interrupts.o (EXTI_DeInit)
lib/STM32F10x_StdPeriph_Driver/libstm32fw.a(stm32f10x_gpio.o)
                              Util/fat_fs/src/sd_spi_stm32.o (GPIO_Init)
lib/STM32F10x_StdPeriph_Driver/libstm32fw.a(stm32f10x_i2c.o)
                              i2c_int.o (I2C_DeInit)
lib/STM32F10x_StdPeriph_Driver/libstm32fw.a(stm32f10x_iwdg.o)
                              watchdog.o (IWDG_WriteAccessCmd)
lib/STM32F10x_StdPeriph_Driver/libstm32fw.a(stm32f10x_pwr.o)
                              pwr.o (PWR_DeInit)
lib/STM32F10x_StdPeriph_Driver/libstm32fw.a(stm32f10x_rcc.o)
                              interrupts.o (RCC_HCLKConfig)
lib/STM32F10x_StdPeriph_Driver/libstm32fw.a(stm32f10x_rtc.o)
                              Util/fat_fs/src/rtc.o (RTC_GetCounter)
lib/STM32F10x_StdPeriph_Driver/libstm32fw.a(stm32f10x_spi.o)
                              Util/fat_fs/src/sd_spi_stm32.o (SPI_I2S_DeInit)
lib/STM32F10x_StdPeriph_Driver/libstm32fw.a(stm32f10x_usart.o)
                              usart.o (USART_Init)
lib/STM32_USB-FS-Device_Driver/libstm32usb.a(usb_core.o)
                              Util/USB/usb_prop.o (Standard_GetDescriptorData)
lib/STM32_USB-FS-Device_Driver/libstm32usb.a(usb_init.o)
                              main.o (USB_Init)
lib/STM32_USB-FS-Device_Driver/libstm32usb.a(usb_int.o)
                              Util/USB/usb_istr.o (CTR_LP)
lib/STM32_USB-FS-Device_Driver/libstm32usb.a(usb_mem.o)
                              lib/STM32_USB-FS-Device_Driver/libstm32usb.a(usb_core.o) (UserToPMABufferCopy)
lib/STM32_USB-FS-Device_Driver/libstm32usb.a(usb_regs.o)
                              Util/USB/usb_prop.o (SetBTABLE)
lib/STM32_USB-FS-Device_Driver/libstm32usb.a(usb_sil.o)
                              Util/USB/usb_prop.o (USB_SIL_Init)
/home/laurence/toolchain/lib/gcc/arm-none-eabi/4.7.2/thumb/armv7-m/libgcc.a(_arm_addsubdf3.o)
                              interrupts.o (__aeabi_f2d)
/home/laurence/toolchain/lib/gcc/arm-none-eabi/4.7.2/thumb/armv7-m/libgcc.a(_arm_muldivdf3.o)
                              interrupts.o (__aeabi_ddiv)
/home/laurence/toolchain/lib/gcc/arm-none-eabi/4.7.2/thumb/armv7-m/libgcc.a(_arm_cmpdf2.o)
                              main.o (__aeabi_dcmpgt)
/home/laurence/toolchain/lib/gcc/arm-none-eabi/4.7.2/thumb/armv7-m/libgcc.a(_arm_truncdfsf2.o)
                              Util/rprintf.o (__aeabi_d2f)
/home/laurence/toolchain/lib/gcc/arm-none-eabi/4.7.2/thumb/armv7-m/libgcc.a(_arm_addsubsf3.o)
                              Sensors/temperature.o (__aeabi_fsub)
/home/laurence/toolchain/lib/gcc/arm-none-eabi/4.7.2/thumb/armv7-m/libgcc.a(_arm_muldivsf3.o)
                              Sensors/temperature.o (__aeabi_fmul)
/home/laurence/toolchain/lib/gcc/arm-none-eabi/4.7.2/thumb/armv7-m/libgcc.a(_arm_cmpsf2.o)
                              Util/rprintf.o (__aeabi_fcmpeq)
/home/laurence/toolchain/lib/gcc/arm-none-eabi/4.7.2/thumb/armv7-m/libgcc.a(_arm_fixsfsi.o)
                              main.o (__aeabi_f2iz)
/home/laurence/toolchain/lib/gcc/arm-none-eabi/4.7.2/thumb/armv7-m/libgcc.a(_arm_fixunssfsi.o)
                              Util/rprintf.o (__aeabi_f2uiz)
/home/laurence/toolchain/lib/gcc/arm-none-eabi/4.7.2/../../../../arm-none-eabi/lib/thumb/armv7-m/libc.a(lib_a-__atexit2.o)
                              /home/laurence/toolchain/lib/gcc/arm-none-eabi/4.7.2/../../../../arm-none-eabi/lib/thumb/armv7-m/crt0.o (__register_exitproc)
/home/laurence/toolchain/lib/gcc/arm-none-eabi/4.7.2/../../../../arm-none-eabi/lib/thumb/armv7-m/libc.a(lib_a-exit.o)
                              /home/laurence/toolchain/lib/gcc/arm-none-eabi/4.7.2/../../../../arm-none-eabi/lib/thumb/armv7-m/crt0.o (exit)
/home/laurence/toolchain/lib/gcc/arm-none-eabi/4.7.2/../../../../arm-none-eabi/lib/thumb/armv7-m/libc.a(lib_a-fini.o)
                              /home/laurence/toolchain/lib/gcc/arm-none-eabi/4.7.2/../../../../arm-none-eabi/lib/thumb/armv7-m/crt0.o (__libc_fini_array)
/home/laurence/toolchain/lib/gcc/arm-none-eabi/4.7.2/../../../../arm-none-eabi/lib/thumb/armv7-m/libc.a(lib_a-impure.o)
[...]
Memory Configuration

Name             Origin             Length             Attributes
RAM              0x20000000         0x00005000         xrw
FLASH            0x08000000         0x00020000         xr
*default*        0x00000000         0xffffffff

Linker script and memory map

LOAD /home/laurence/toolchain/lib/gcc/arm-none-eabi/4.7.2/thumb/armv7-m/crti.o
LOAD /home/laurence/toolchain/lib/gcc/arm-none-eabi/4.7.2/thumb/armv7-m/crtbegin.o
LOAD /home/laurence/toolchain/lib/gcc/arm-none-eabi/4.7.2/../../../../arm-none-eabi/lib/thumb/armv7-m/crt0.o
LOAD Sensors/amb_sensors.o
LOAD Sensors/temperature.o
LOAD Util/USB/hw_config.o
LOAD Util/USB/mass_mal.o
LOAD Util/USB/memory.o
LOAD Util/USB/scsi_data.o
LOAD Util/USB/usb_bot.o
LOAD Util/USB/usb_desc.o
LOAD Util/USB/usb_endp.o
LOAD Util/USB/usb_istr.o
LOAD Util/USB/usb_prop.o
LOAD Util/USB/usb_pwr.o
LOAD Util/USB/usb_scsi.o
LOAD Util/buffer.o
LOAD Util/delay.o
LOAD Util/fat_fs/option/ccsbcs.o
LOAD Util/fat_fs/src/fattime.o
LOAD Util/fat_fs/src/ff.o
LOAD Util/fat_fs/src/rtc.o
LOAD Util/fat_fs/src/sd_spi_stm32.o
LOAD Util/filter_1200.o
LOAD Util/filter_190.o
LOAD Util/rprintf.o
LOAD Util/stm32_eval_spi_sd.o
LOAD Util/wave.o
LOAD adc.o
LOAD gpio.o
LOAD i2c_int.o
LOAD interrupts.o
LOAD lib/CMSIS_CM3/core_cm3.o
LOAD lib/CMSIS_CM3/system_stm32f10x.o
LOAD lib/startup_ARMCM3.o
LOAD main.o
LOAD pwr.o
LOAD syscalls.o
LOAD usart.o
LOAD watchdog.o
LOAD lib/STM32F10x_StdPeriph_Driver/libstm32fw.a
LOAD lib/STM32_USB-FS-Device_Driver/libstm32usb.a
LOAD /home/laurence/toolchain/lib/gcc/arm-none-eabi/4.7.2/../../../../arm-none-eabi/lib/thumb/armv7-m/libm.a
START GROUP
LOAD /home/laurence/toolchain/lib/gcc/arm-none-eabi/4.7.2/thumb/armv7-m/libgcc.a
LOAD /home/laurence/toolchain/lib/gcc/arm-none-eabi/4.7.2/../../../../arm-none-eabi/lib/thumb/armv7-m/libc.a
END GROUP
LOAD /home/laurence/toolchain/lib/gcc/arm-none-eabi/4.7.2/thumb/armv7-m/crtend.o
LOAD /home/laurence/toolchain/lib/gcc/arm-none-eabi/4.7.2/thumb/armv7-m/crtn.o

.text           0x08000000     0xf4fc
 *(.isr_vector)
 .isr_vector    0x08000000       0xec lib/startup_ARMCM3.o
                0x08000000                __isr_vector
 *(.text*)
 .text.deregister_tm_clones
                0x080000ec       0x20 /home/laurence/toolchain/lib/gcc/arm-none-eabi/4.7.2/thumb/armv7-m/crtbegin.o
 .text.register_tm_clones
                0x0800010c       0x28 /home/laurence/toolchain/lib/gcc/arm-none-eabi/4.7.2/thumb/armv7-m/crtbegin.o
 .text.__do_global_dtors_aux
                0x08000134       0x2c /home/laurence/toolchain/lib/gcc/arm-none-eabi/4.7.2/thumb/armv7-m/crtbegin.o
 .text.frame_dummy
                0x08000160       0x38 /home/laurence/toolchain/lib/gcc/arm-none-eabi/4.7.2/thumb/armv7-m/crtbegin.o
 .text          0x08000198       0x70 /home/laurence/toolchain/lib/gcc/arm-none-eabi/4.7.2/../../../../arm-none-eabi/lib/thumb/armv7-m/crt0.o
                0x08000198                _mainCRTStartup
                0x08000198                _start
                0x08000198                start
 .text          0x08000208      0x2f4 Sensors/amb_sensors.o
                0x08000208                Allocate_Sensor_Buffers
                0x08000378                Configure_I2C_Driver
                0x080003e4                Fill_Sample_Buffers
 .text          0x080004fc      0x200 Util/USB/hw_config.o
                0x080004fc                Set_System
                0x08000504                Set_USBClock
                0x0800051c                Enter_LowPowerMode
                0x0800052c                Leave_LowPowerMode
                0x0800054c                USB_Interrupts_Config
                0x08000588                Led_RW_ON
                0x0800059c                Led_RW_OFF
                0x080005b0                USB_Configured_LED
                0x080005c4                USB_NotConfigured_LED
                0x080005d8                USB_Cable_Config
                0x080005dc                Get_SerialNum
                0x080006f4                MAL_Config
 .text          0x080006fc      0x11c Util/USB/mass_mal.o
                0x080006fc                MAL_Init
                0x08000748                MAL_Write
                0x08000780                MAL_Read
                0x080007a8                MAL_GetStatus
 .text          0x08000818      0x238 Util/USB/memory.o
                0x08000818                Read_Memory
                0x08000958                Write_Memory
 .text          0x08000a50      0x574 Util/USB/usb_bot.o
                0x08000a7c                Mass_Storage_In
                0x08000b08                CBW_Decode
                0x08000e78                Mass_Storage_Out
                0x08000f0c                Transfer_Data_Request
                0x08000f44                Set_CSW
                0x08000f84                Bot_Abort
 .text          0x08000fc4        0x8 Util/USB/usb_endp.o
                0x08000fc4                EP1_IN_Callback
                0x08000fc8                EP2_OUT_Callback
 .text          0x08000fcc      0x100 Util/USB/usb_istr.o
                0x08000fcc                USB_Istr
 .text          0x080010cc      0x26c Util/USB/usb_prop.o
                0x080010cc                Mass_Storage_SetDeviceAddress
                0x080010dc                MASS_Status_In
                0x080010e0                MASS_Status_Out
                0x080010e4                MASS_Get_Interface_Setting
                0x080010f0                Get_Max_Lun
                0x08001108                MASS_GetStringDescriptor
                0x08001128                MASS_GetConfigDescriptor
                0x08001134                MASS_GetDeviceDescriptor
                0x08001140                Mass_Storage_ClearFeature
                0x0800115c                MASS_Reset
                0x08001258                MASS_init
                0x08001280                MASS_NoData_Setup
                0x080012d0                Mass_Storage_SetConfiguration
                0x08001300                MASS_Data_Setup
 .text          0x08001338      0x1f4 Util/USB/usb_pwr.o
                0x08001338                PowerOn
                0x08001370                PowerOff
                0x08001398                Suspend
                0x080013dc                Resume_Init
                0x0800141c                Resume
 .text          0x0800152c      0x448 Util/USB/usb_scsi.o
                0x0800152c                SCSI_Inquiry_Cmd
                0x08001564                SCSI_ReadFormatCapacity_Cmd
                0x080015d8                SCSI_ReadCapacity10_Cmd
                0x08001654                SCSI_ModeSense6_Cmd
                0x08001664                SCSI_ModeSense10_Cmd
                0x08001674                SCSI_RequestSense_Cmd
                0x08001690                Set_Scsi_Sense_Data
                0x080016a0                SCSI_Start_Stop_Unit_Cmd
                0x080016a8                SCSI_Read10_Cmd
                0x08001760                SCSI_Write10_Cmd
                0x08001800                SCSI_Verify10_Cmd
                0x08001844                SCSI_Valid_Cmd
                0x0800187c                SCSI_TestUnitReady_Cmd
                0x080018b0                SCSI_Format_Cmd
                0x080018c8                SCSI_Invalid_Cmd
                0x08001904                SCSI_Address_Management
 .text          0x08001974       0x88 Util/buffer.o
                0x08001974                Add_To_Buffer
                0x080019a8                Get_From_Buffer
                0x080019e0                Empty_Buffer
                0x080019e8                init_buffer
 .text          0x080019fc       0x38 Util/delay.o
                0x080019fc                Delay
 .text          0x08001a34       0x70 Util/fat_fs/option/ccsbcs.o
                0x08001a34                ff_convert
                0x08001a74                ff_wtoupper
 .text          0x08001aa4       0x44 Util/fat_fs/src/fattime.o
                0x08001aa4                get_fattime
 .text          0x08001ae8     0x42f4 Util/fat_fs/src/ff.o
                0x080040dc                clust2sect
                0x080040f4                get_fat
                0x08004108                put_fat
                0x08004124                gen_numname
                0x080041f4                f_mount
                0x08004214                f_open
                0x08004444                f_read
                0x0800470c                f_write
                0x08004a10                f_sync
                0x08004b44                f_close
                0x08004b54                f_chdrive
                0x08004b68                f_chdir
                0x08004bcc                f_lseek
                0x08004d68                f_opendir
                0x08004dd0                f_readdir
                0x08004e44                f_stat
                0x08004e8c                f_getfree
                0x08005038                f_truncate
                0x080051bc                f_unlink
                0x080052d8                f_mkdir
                0x08005650                f_chmod
                0x080056b0                f_utime
                0x08005714                f_rename
                0x080058b8                f_gets
                0x08005900                f_putc
                0x08005928                f_puts
                0x08005964                f_printf
 .text          0x08005ddc      0x350 Util/fat_fs/src/rtc.o
                0x08005ec4                rtc_gettime
                0x08005f48                my_RTC_SetCounter
                0x08005f6c                rtc_settime
                0x08006080                rtc_init
 .text          0x0800612c     0x109c Util/fat_fs/src/sd_spi_stm32.o
                0x08006654                release_spi
                0x08006698                wrapup_transaction
                0x080066c8                stop_cmd
                0x080066d0                rcvr_datablock
                0x0800679c                disk_initialize
                0x0800697c                disk_status
                0x08006990                disk_read
                0x08006a7c                disk_write
                0x08006d04                disk_ioctl
                0x08007188                disk_timerproc
 .text          0x080071c8       0x70 Util/filter_1200.o
                0x080071c8                SampleFilter_init_1200
                0x080071dc                SampleFilter_put_1200
                0x080071f8                SampleFilter_get_1200
 .text          0x08007238      0x258 Util/filter_190.o
                0x08007238                SampleFilter_init_190
                0x08007260                SampleFilter_put_190
                0x08007274                SampleFilter_get_190
 .text          0x08007490      0xc5c Util/rprintf.o
                0x08007490                rprintfInit
                0x0800749c                rprintfChar
                0x080074bc                rprintfStr
                0x080074e8                rprintfStrLen
                0x0800754c                rprintfCRLF
                0x08007564                rprintfu04
                0x08007588                rprintfu08
                0x080075c8                rprintfu16
                0x08007640                rprintfu32
                0x0800772c                rprintfNum
                0x08007820                rprintfFloat
                0x08007bac                rprintf2RamRom
                0x08008098                Isdigit
                0x080080a4                atoiRamRom
                0x080080dc                rStrLen
 .text          0x080080ec      0x21c Util/wave.o
                0x080080ec                write_wave_header
                0x080081e8                write_wave_samples
                0x08008288                wave_terminate
 .text          0x08008308      0x1bc adc.o
                0x08008308                ADC_Configuration
                0x08008414                readADC2
                0x08008468                setADC2
                0x0800848c                getADC2
 .text          0x080084c4      0x1f0 gpio.o
                0x080084c4                setup_gpio
                0x08008620                switch_leds_on
                0x08008648                switch_leds_off
                0x08008670                red_flash
                0x080086a4                get_wkup
 .text          0x080086b4      0xafc i2c_int.o
                0x080086b4                I2C1_EV_IRQHandler
                0x08008e8c                I2C1_Request_Job
                0x08008f04                I2C1_Setup_Job
                0x08008f18                I2C_Config
                0x080090a4                I2C1_ER_IRQHandler
 .text          0x080091b0      0x370 interrupts.o
                0x080091b0                ISR_Config
                0x08009210                EXTI_ONOFF_EN
                0x08009268                SysTick_Configuration
                0x080092a0                EXTI0_IRQHandler
                0x0800931c                ADC1_2_IRQHandler
                0x08009390                SysTick_Handler
                0x08009514                USB_HP_CAN1_TX_IRQHandler
                0x08009518                USB_LP_CAN1_RX0_IRQHandler
 .text          0x08009520      0x110 lib/CMSIS_CM3/system_stm32f10x.o
                0x08009520                SystemInit
 .text          0x08009630       0x90 lib/startup_ARMCM3.o
                0x08009630                Reset_Handler
                0x08009658                NMI_Handler
                0x0800965a                HardFault_Handler
                0x0800965c                MemManage_Handler
                0x0800965e                BusFault_Handler
                0x08009660                UsageFault_Handler
                0x08009662                SVC_Handler
                0x08009664                DebugMon_Handler
                0x08009666                PendSV_Handler
                0x0800966a                WWDG_IRQHandler
                0x0800966c                PVD_IRQHandler
                0x0800966e                TAMPER_IRQHandler
                0x08009670                RTC_IRQHandler
                0x08009672                FLASH_IRQHandler
                0x08009674                RCC_IRQHandler
                0x08009678                EXTI1_IRQHandler
                0x0800967a                EXTI2_IRQHandler
                0x0800967c                EXTI3_IRQHandler
                0x0800967e                EXTI4_IRQHandler
                0x08009680                DMA1_Channel1_IRQHandler
                0x08009682                DMA1_Channel2_IRQHandler
                0x08009684                DMA1_Channel3_IRQHandler
                0x08009686                DMA1_Channel4_IRQHandler
                0x08009688                DMA1_Channel5_IRQHandler
                0x0800968a                DMA1_Channel6_IRQHandler
                0x0800968c                DMA1_Channel7_IRQHandler
                0x08009694                CAN1_RX1_IRQHandler
                0x08009696                CAN1_SCE_IRQHandler
                0x08009698                EXTI9_5_IRQHandler
                0x0800969a                TIM1_BRK_IRQHandler
                0x0800969c                TIM1_UP_IRQHandler
                0x0800969e                TIM1_TRG_COM_IRQHandler
                0x080096a0                TIM1_CC_IRQHandler
                0x080096a2                TIM2_IRQHandler
                0x080096a4                TIM3_IRQHandler
                0x080096a6                TIM4_IRQHandler
                0x080096ac                I2C2_EV_IRQHandler
                0x080096ae                I2C2_ER_IRQHandler
                0x080096b0                SPI1_IRQHandler
                0x080096b2                SPI2_IRQHandler
                0x080096b4                USART1_IRQHandler
                0x080096b6                USART2_IRQHandler
                0x080096b8                USART3_IRQHandler
                0x080096ba                EXTI15_10_IRQHandler
                0x080096bc                RTCAlarm_IRQHandler
                0x080096be                USBWakeUp_IRQHandler
 .text          0x080096c0      0x1e0 main.o
                0x080096c0                __str_print_char
                0x080096f0                __fat_print_char
                0x08009834                file_preallocation_control
                0x08009864                detect_sensors
 .text.startup  0x080098a0      0xfb0 main.o
                0x080098a0                main
 .text          0x0800a850       0xc4 pwr.o
                0x0800a850                setuppwr
                0x0800a864                shutdown
                0x0800a874                disable_pin
                0x0800a87c                shutdown_filesystem
 .text          0x0800a914       0x94 syscalls.o
                0x0800a914                _sbrk
                0x0800a94c                _getpid
                0x0800a950                _kill
                0x0800a964                _exit
                0x0800a968                _close
                0x0800a970                _open
                0x0800a978                _fstat
                0x0800a984                _isatty
                0x0800a988                _lseek
                0x0800a98c                _read
                0x0800a990                _write
                0x0800a994                _gettimeofday
 .text          0x0800a9a8      0x128 usart.o
                0x0800a9a8                Usarts_Init
                0x0800aa5c                Default_Usart_Config
                0x0800aa78                Usart_Send_Str
                0x0800aaac                __usart_send_char
 .text          0x0800aad0       0x40 watchdog.o
                0x0800aad0                Watchdog_Config
                0x0800aafc                Watchdog_Reset_Detect
 .text          0x0800ab10       0xbc lib/STM32F10x_StdPeriph_Driver/libstm32fw.a(misc.o)
                0x0800ab10                NVIC_PriorityGroupConfig
                0x0800ab24                NVIC_Init
                0x0800ab88                NVIC_SetVectorTable
                0x0800ab9c                NVIC_SystemLPConfig
                0x0800abb4                SysTick_CLKSourceConfig
 .text          0x0800abcc      0x35c lib/STM32F10x_StdPeriph_Driver/libstm32fw.a(stm32f10x_adc.o)
                0x0800abcc                ADC_DeInit
                0x0800ac28                ADC_Init
                0x0800ac70                ADC_StructInit
                0x0800ac82                ADC_Cmd
                0x0800ac94                ADC_DMACmd
                0x0800aca6                ADC_ITConfig
                0x0800acb8                ADC_ResetCalibration
                0x0800acc2                ADC_GetResetCalibrationStatus
                0x0800acca                ADC_StartCalibration
                0x0800acd4                ADC_GetCalibrationStatus
                0x0800acdc                ADC_SoftwareStartConvCmd
                0x0800acee                ADC_GetSoftwareStartConvStatus
                0x0800acf6                ADC_DiscModeChannelCountConfig
                0x0800ad06                ADC_DiscModeCmd
                0x0800ad18                ADC_RegularChannelConfig
                0x0800ada4                ADC_ExternalTrigConvCmd
                0x0800adb6                ADC_GetConversionValue
                0x0800adbc                ADC_GetDualModeConversionValue
                0x0800adc8                ADC_AutoInjectedConvCmd
                0x0800adda                ADC_InjectedDiscModeCmd
                0x0800adec                ADC_ExternalTrigInjectedConvConfig
                0x0800adf8                ADC_ExternalTrigInjectedConvCmd
                0x0800ae0a                ADC_SoftwareStartInjectedConvCmd
                0x0800ae1c                ADC_GetSoftwareStartInjectedConvCmdStatus
                0x0800ae24                ADC_InjectedChannelConfig
                0x0800ae7e                ADC_InjectedSequencerLengthConfig
                0x0800ae8e                ADC_SetInjectedOffset
                0x0800aea4                ADC_GetInjectedConversionValue
                0x0800aebe                ADC_AnalogWatchdogCmd
                0x0800aece                ADC_AnalogWatchdogThresholdsConfig
                0x0800aed4                ADC_AnalogWatchdogSingleChannelConfig
                0x0800aee0                ADC_TempSensorVrefintCmd
                0x0800aef8                ADC_GetFlagStatus
                0x0800af04                ADC_ClearFlag
                0x0800af0a                ADC_GetITStatus
                0x0800af20                ADC_ClearITPendingBit
 .text          0x0800af28       0xe0 lib/STM32F10x_StdPeriph_Driver/libstm32fw.a(stm32f10x_bkp.o)
                0x0800af28                BKP_DeInit
                0x0800af3a                BKP_TamperPinLevelConfig
                0x0800af44                BKP_TamperPinCmd
                0x0800af50                BKP_ITConfig
                0x0800af5c                BKP_RTCOutputConfig
                0x0800af74                BKP_SetRTCCalibrationValue
                0x0800af8c                BKP_WriteBackupRegister
                0x0800afa8                BKP_ReadBackupRegister
                0x0800afc8                BKP_GetFlagStatus
                0x0800afd4                BKP_ClearFlag
                0x0800afe8                BKP_GetITStatus
                0x0800aff4                BKP_ClearITPendingBit
 .text          0x0800b008       0x34 lib/STM32F10x_StdPeriph_Driver/libstm32fw.a(stm32f10x_dbgmcu.o)
                0x0800b008                DBGMCU_GetREVID
                0x0800b014                DBGMCU_GetDEVID
                0x0800b024                DBGMCU_Config
 .text          0x0800b03c      0x1d8 lib/STM32F10x_StdPeriph_Driver/libstm32fw.a(stm32f10x_dma.o)
                0x0800b03c                DMA_DeInit
                0x0800b134                DMA_Init
                0x0800b172                DMA_StructInit
                0x0800b18c                DMA_Cmd
                0x0800b19e                DMA_ITConfig
                0x0800b1ae                DMA_GetCurrDataCounter
                0x0800b1b4                DMA_GetFlagStatus
                0x0800b1d0                DMA_ClearFlag
                0x0800b1e4                DMA_GetITStatus
                0x0800b200                DMA_ClearITPendingBit
 .text          0x0800b214      0x104 lib/STM32F10x_StdPeriph_Driver/libstm32fw.a(stm32f10x_exti.o)
                0x0800b214                EXTI_DeInit
                0x0800b230                EXTI_Init
                0x0800b2b4                EXTI_StructInit
                0x0800b2c2                EXTI_GenerateSWInterrupt
                0x0800b2d0                EXTI_GetFlagStatus
                0x0800b2e4                EXTI_ClearFlag
                0x0800b2f0                EXTI_GetITStatus
                0x0800b30c                EXTI_ClearITPendingBit
 .text          0x0800b318      0x274 lib/STM32F10x_StdPeriph_Driver/libstm32fw.a(stm32f10x_gpio.o)
                0x0800b318                GPIO_DeInit
                0x0800b3c4                GPIO_AFIODeInit
                0x0800b3da                GPIO_Init
                0x0800b47a                GPIO_StructInit
                0x0800b48a                GPIO_ReadInputDataBit
                0x0800b496                GPIO_ReadInputData
                0x0800b49c                GPIO_ReadOutputDataBit
                0x0800b4a8                GPIO_ReadOutputData
                0x0800b4ae                GPIO_SetBits
                0x0800b4b2                GPIO_ResetBits
                0x0800b4b6                GPIO_WriteBit
                0x0800b4c0                GPIO_Write
                0x0800b4c4                GPIO_PinLockConfig
                0x0800b4d4                GPIO_EventOutputConfig
                0x0800b4f0                GPIO_EventOutputCmd
                0x0800b4fc                GPIO_PinRemapConfig
                0x0800b550                GPIO_EXTILineConfig
                0x0800b580                GPIO_ETH_MediaInterfaceConfig
 .text          0x0800b58c      0x394 lib/STM32F10x_StdPeriph_Driver/libstm32fw.a(stm32f10x_i2c.o)
                0x0800b58c                I2C_DeInit
                0x0800b5c0                I2C_Init
                0x0800b694                I2C_StructInit
                0x0800b6b0                I2C_Cmd
                0x0800b6c8                I2C_DMACmd
                0x0800b6e0                I2C_DMALastTransferCmd
                0x0800b6f8                I2C_GenerateSTART
                0x0800b710                I2C_GenerateSTOP
                0x0800b728                I2C_AcknowledgeConfig
                0x0800b740                I2C_OwnAddress2Config
                0x0800b752                I2C_DualAddressCmd
                0x0800b76a                I2C_GeneralCallCmd
                0x0800b782                I2C_ITConfig
                0x0800b794                I2C_SendData
                0x0800b798                I2C_ReceiveData
                0x0800b79e                I2C_Send7bitAddress
                0x0800b7ae                I2C_ReadRegister
                0x0800b7c6                I2C_SoftwareResetCmd
                0x0800b7de                I2C_SMBusAlertConfig
                0x0800b7fa                I2C_TransmitPEC
                0x0800b812                I2C_PECPositionConfig
                0x0800b82e                I2C_CalculatePEC
                0x0800b846                I2C_GetPEC
                0x0800b84e                I2C_ARPCmd
                0x0800b866                I2C_StretchClockCmd
                0x0800b87e                I2C_FastModeDutyCycleConfig
                0x0800b89a                I2C_GetLastEvent
                0x0800b8aa                I2C_CheckEvent
                0x0800b8c0                I2C_GetFlagStatus
                0x0800b8f4                I2C_ClearFlag
                0x0800b8fc                I2C_GetITStatus
                0x0800b918                I2C_ClearITPendingBit
 .text          0x0800b920       0x58 lib/STM32F10x_StdPeriph_Driver/libstm32fw.a(stm32f10x_iwdg.o)
                0x0800b920                IWDG_WriteAccessCmd
                0x0800b92c                IWDG_SetPrescaler
                0x0800b938                IWDG_SetReload
                0x0800b944                IWDG_ReloadCounter
                0x0800b954                IWDG_Enable
                0x0800b964                IWDG_GetFlagStatus
 .text          0x0800b978       0xc8 lib/STM32F10x_StdPeriph_Driver/libstm32fw.a(stm32f10x_pwr.o)
                0x0800b978                PWR_DeInit
                0x0800b992                PWR_BackupAccessCmd
                0x0800b99c                PWR_PVDCmd
                0x0800b9a8                PWR_PVDLevelConfig
                0x0800b9bc                PWR_WakeUpPinCmd
                0x0800b9c8                PWR_EnterSTOPMode
                0x0800b9f4                PWR_EnterSTANDBYMode
                0x0800ba1c                PWR_GetFlagStatus
                0x0800ba30                PWR_ClearFlag
 .text          0x0800ba40      0x34c lib/STM32F10x_StdPeriph_Driver/libstm32fw.a(stm32f10x_rcc.o)
                0x0800ba40                RCC_DeInit
                0x0800ba80                RCC_HSEConfig
                0x0800bab8                RCC_AdjustHSICalibrationValue
                0x0800bacc                RCC_HSICmd
                0x0800bad8                RCC_PLLConfig
                0x0800baec                RCC_PLLCmd
                0x0800baf8                RCC_SYSCLKConfig
                0x0800bb0c                RCC_GetSYSCLKSource
                0x0800bb1c                RCC_HCLKConfig
                0x0800bb30                RCC_PCLK1Config
                0x0800bb44                RCC_PCLK2Config
                0x0800bb58                RCC_ITConfig
                0x0800bb70                RCC_USBCLKConfig
                0x0800bb7c                RCC_ADCCLKConfig
                0x0800bb90                RCC_LSEConfig
                0x0800bbb0                RCC_LSICmd
                0x0800bbbc                RCC_RTCCLKConfig
                0x0800bbcc                RCC_RTCCLKCmd
                0x0800bbd8                RCC_GetClocksFreq
                0x0800bc6c                RCC_AHBPeriphClockCmd
                0x0800bc84                RCC_APB2PeriphClockCmd
                0x0800bc9c                RCC_APB1PeriphClockCmd
                0x0800bcb4                RCC_APB2PeriphResetCmd
                0x0800bccc                RCC_APB1PeriphResetCmd
                0x0800bce4                RCC_BackupResetCmd
                0x0800bcf0                RCC_ClockSecuritySystemCmd
                0x0800bcfc                RCC_MCOConfig
                0x0800bd08                RCC_GetFlagStatus
                0x0800bd30                RCC_WaitForHSEStartUp
                0x0800bd5c                RCC_ClearFlag
                0x0800bd6c                RCC_GetITStatus
                0x0800bd80                RCC_ClearITPendingBit
 .text          0x0800bd8c      0x158 lib/STM32F10x_StdPeriph_Driver/libstm32fw.a(stm32f10x_rtc.o)
                0x0800bd8c                RTC_ITConfig
                0x0800bda4                RTC_EnterConfigMode
                0x0800bdb8                RTC_ExitConfigMode
                0x0800bdcc                RTC_GetCounter
                0x0800bde0                RTC_SetCounter
                0x0800be00                RTC_SetPrescaler
                0x0800be20                RTC_SetAlarm
                0x0800be40                RTC_GetDivider
                0x0800be58                RTC_WaitForLastTask
                0x0800be68                RTC_WaitForSynchro
                0x0800be84                RTC_GetFlagStatus
                0x0800be98                RTC_ClearFlag
                0x0800beac                RTC_GetITStatus
                0x0800bed0                RTC_ClearITPendingBit
 .text          0x0800bee4      0x2c0 lib/STM32F10x_StdPeriph_Driver/libstm32fw.a(stm32f10x_spi.o)
                0x0800bee4                SPI_I2S_DeInit
                0x0800bf48                SPI_Init
                0x0800bf86                I2S_Init
                0x0800c026                SPI_StructInit
                0x0800c03e                I2S_StructInit
                0x0800c050                SPI_Cmd
                0x0800c068                I2S_Cmd
                0x0800c080                SPI_I2S_ITConfig
                0x0800c09e                SPI_I2S_DMACmd
                0x0800c0b0                SPI_I2S_SendData
                0x0800c0b4                SPI_I2S_ReceiveData
                0x0800c0ba                SPI_NSSInternalSoftwareConfig
                0x0800c0d8                SPI_SSOutputCmd
                0x0800c0f0                SPI_DataSizeConfig
                0x0800c106                SPI_TransmitCRC
                0x0800c112                SPI_CalculateCRC
                0x0800c12a                SPI_GetCRC
                0x0800c136                SPI_GetCRCPolynomial
                0x0800c13c                SPI_BiDirectionalLineConfig
                0x0800c158                SPI_I2S_GetFlagStatus
                0x0800c164                SPI_I2S_ClearFlag
                0x0800c16c                SPI_I2S_GetITStatus
                0x0800c192                SPI_I2S_ClearITPendingBit
 .text          0x0800c1a4      0x348 lib/STM32F10x_StdPeriph_Driver/libstm32fw.a(stm32f10x_usart.o)
                0x0800c1a4                USART_DeInit
                0x0800c23c                USART_Init
                0x0800c2c4                USART_StructInit
                0x0800c2da                USART_ClockInit
                0x0800c2fa                USART_ClockStructInit
                0x0800c306                USART_Cmd
                0x0800c31e                USART_ITConfig
                0x0800c34e                USART_DMACmd
                0x0800c360                USART_SetAddress
                0x0800c376                USART_WakeUpConfig
                0x0800c38c                USART_ReceiverWakeUpCmd
                0x0800c3a4                USART_LINBreakDetectLengthConfig
                0x0800c3ba                USART_LINCmd
                0x0800c3d2                USART_SendData
                0x0800c3da                USART_ReceiveData
                0x0800c3e2                USART_SendBreak
                0x0800c3ee                USART_SetGuardTime
                0x0800c400                USART_SetPrescaler
                0x0800c412                USART_SmartCardCmd
                0x0800c42a                USART_SmartCardNACKCmd
                0x0800c442                USART_HalfDuplexCmd
                0x0800c45a                USART_IrDAConfig
                0x0800c470                USART_IrDACmd
                0x0800c488                USART_GetFlagStatus
                0x0800c494                USART_ClearFlag
                0x0800c49c                USART_GetITStatus
                0x0800c4dc                USART_ClearITPendingBit
 .text          0x0800c4ec      0x948 lib/STM32_USB-FS-Device_Driver/libstm32usb.a(usb_core.o)
                0x0800c4ec                Standard_GetConfiguration
                0x0800c514                Standard_GetInterface
                0x0800c53c                Standard_GetStatus
                0x0800c694                Standard_SetConfiguration
                0x0800c6d0                Standard_SetInterface
                0x0800c720                Standard_ClearFeature
                0x0800c804                Standard_SetEndPointFeature
                0x0800c890                Standard_SetDeviceFeature
                0x0800c8b8                Standard_GetDescriptorData
                0x0800c8d4                Post0_Process
                0x0800c918                Out0_Process
                0x0800ca04                Setup0_Process
                0x0800cd88                SetDeviceAddress
                0x0800cdcc                In0_Process
                0x0800ce30                NOP_Process
 .text          0x0800ce34       0x44 lib/STM32_USB-FS-Device_Driver/libstm32usb.a(usb_init.o)
                0x0800ce34                USB_Init
 .text          0x0800ce78      0x234 lib/STM32_USB-FS-Device_Driver/libstm32usb.a(usb_int.o)
                0x0800ce78                CTR_LP
                0x0800d020                CTR_HP
 .text          0x0800d0ac       0x60 lib/STM32_USB-FS-Device_Driver/libstm32usb.a(usb_mem.o)
                0x0800d0ac                UserToPMABufferCopy
                0x0800d0e4                PMAToUserBufferCopy
 .text          0x0800d10c      0x870 lib/STM32_USB-FS-Device_Driver/libstm32usb.a(usb_regs.o)
                0x0800d10c                SetCNTR
                0x0800d118                GetCNTR
                0x0800d128                SetISTR
                0x0800d134                GetISTR
                0x0800d144                GetFNR
                0x0800d154                SetDADDR
                0x0800d160                GetDADDR
                0x0800d170                SetBTABLE
                0x0800d184                GetBTABLE
                0x0800d194                SetENDPOINT
                0x0800d1a4                GetENDPOINT
                0x0800d1b4                SetEPType
                0x0800d1cc                GetEPType
                0x0800d1e0                SetEPTxStatus
                0x0800d210                SetEPRxStatus
                0x0800d240                SetDouBleBuffEPStall
                0x0800d268                GetEPTxStatus
                0x0800d27c                GetEPRxStatus
                0x0800d290                SetEPTxValid
                0x0800d2b4                SetEPRxValid
                0x0800d2d8                SetEP_KIND
                0x0800d2f8                ClearEP_KIND
                0x0800d318                Clear_Status_Out
                0x0800d338                Set_Status_Out
                0x0800d358                SetEPDoubleBuff
                0x0800d378                ClearEPDoubleBuff
                0x0800d398                GetTxStallStatus
                0x0800d3b8                GetRxStallStatus
                0x0800d3d4                ClearEP_CTR_RX
                0x0800d3ec                ClearEP_CTR_TX
                0x0800d404                ToggleDTOG_RX
                0x0800d424                ToggleDTOG_TX
                0x0800d444                ClearDTOG_RX
                0x0800d468                ClearDTOG_TX
                0x0800d48c                SetEPAddress
                0x0800d4ac                GetEPAddress
                0x0800d4c0                SetEPTxAddr
                0x0800d4e4                SetEPRxAddr
                0x0800d50c                GetEPTxAddr
                0x0800d52c                GetEPRxAddr
                0x0800d54c                SetEPTxCount
                0x0800d56c                SetEPCountRxReg
                0x0800d594                SetEPRxCount
                0x0800d5dc                GetEPTxCount
                0x0800d600                GetEPRxCount
                0x0800d624                SetEPDblBuffAddr
                0x0800d668                SetEPDblBuf0Addr
                0x0800d68c                SetEPDblBuf1Addr
                0x0800d6b4                GetEPDblBuf0Addr
                0x0800d6d4                GetEPDblBuf1Addr
                0x0800d6f4                SetEPDblBuffCount
                0x0800d7ac                SetEPDblBuf0Count
                0x0800d81c                SetEPDblBuf1Count
                0x0800d88c                GetEPDblBuf0Count
                0x0800d8b0                GetEPDblBuf1Count
                0x0800d8d4                GetEPDblBufDir
                0x0800d920                FreeUserBuffer
                0x0800d968                ToWord
                0x0800d970                ByteSwap
 .text          0x0800d97c       0x78 lib/STM32_USB-FS-Device_Driver/libstm32usb.a(usb_sil.o)
                0x0800d97c                USB_SIL_Init
                0x0800d9a8                USB_SIL_Write
                0x0800d9d0                USB_SIL_Read
 .text          0x0800d9f4      0x370 /home/laurence/toolchain/lib/gcc/arm-none-eabi/4.7.2/thumb/armv7-m/libgcc.a(_arm_addsubdf3.o)
                0x0800d9f4                __aeabi_drsub
                0x0800d9fc                __aeabi_dsub
                0x0800d9fc                __subdf3
                0x0800da00                __adddf3
                0x0800da00                __aeabi_dadd
                0x0800dc78                __aeabi_ui2d
                0x0800dc78                __floatunsidf
                0x0800dc98                __floatsidf
                0x0800dc98                __aeabi_i2d
                0x0800dcbc                __extendsfdf2
                0x0800dcbc                __aeabi_f2d
                0x0800dcf8                __aeabi_ul2d
                0x0800dcf8                __floatundidf
                0x0800dd08                __floatdidf
                0x0800dd08                __aeabi_l2d
 .text          0x0800dd64      0x424 /home/laurence/toolchain/lib/gcc/arm-none-eabi/4.7.2/thumb/armv7-m/libgcc.a(_arm_muldivdf3.o)
                0x0800dd64                __aeabi_dmul
                0x0800dd64                __muldf3
                0x0800dfb8                __aeabi_ddiv
                0x0800dfb8                __divdf3
 .text          0x0800e188      0x110 /home/laurence/toolchain/lib/gcc/arm-none-eabi/4.7.2/thumb/armv7-m/libgcc.a(_arm_cmpdf2.o)
                0x0800e188                __gtdf2
                0x0800e188                __gedf2
                0x0800e190                __ltdf2
                0x0800e190                __ledf2
                0x0800e198                __cmpdf2
                0x0800e198                __eqdf2
                0x0800e198                __nedf2
                0x0800e214                __aeabi_cdrcmple
                0x0800e224                __aeabi_cdcmple
                0x0800e224                __aeabi_cdcmpeq
                0x0800e234                __aeabi_dcmpeq
                0x0800e248                __aeabi_dcmplt
                0x0800e25c                __aeabi_dcmple
                0x0800e270                __aeabi_dcmpge
                0x0800e284                __aeabi_dcmpgt
 .text          0x0800e298       0xa0 /home/laurence/toolchain/lib/gcc/arm-none-eabi/4.7.2/thumb/armv7-m/libgcc.a(_arm_truncdfsf2.o)
                0x0800e298                __aeabi_d2f
                0x0800e298                __truncdfsf2
 .text          0x0800e338      0x21c /home/laurence/toolchain/lib/gcc/arm-none-eabi/4.7.2/thumb/armv7-m/libgcc.a(_arm_addsubsf3.o)
                0x0800e338                __aeabi_frsub
                0x0800e340                __subsf3
                0x0800e340                __aeabi_fsub
                0x0800e344                __aeabi_fadd
                0x0800e344                __addsf3
                0x0800e4a4                __aeabi_ui2f
                0x0800e4a4                __floatunsisf
                0x0800e4ac                __aeabi_i2f
                0x0800e4ac                __floatsisf
                0x0800e4c8                __floatundisf
                0x0800e4c8                __aeabi_ul2f
                0x0800e4d8                __floatdisf
                0x0800e4d8                __aeabi_l2f
 .text          0x0800e554      0x2a0 /home/laurence/toolchain/lib/gcc/arm-none-eabi/4.7.2/thumb/armv7-m/libgcc.a(_arm_muldivsf3.o)
                0x0800e554                __mulsf3
                0x0800e554                __aeabi_fmul
                0x0800e6bc                __divsf3
                0x0800e6bc                __aeabi_fdiv
 .text          0x0800e7f4       0xec /home/laurence/toolchain/lib/gcc/arm-none-eabi/4.7.2/thumb/armv7-m/libgcc.a(_arm_cmpsf2.o)
                0x0800e7f4                __gtsf2
                0x0800e7f4                __gesf2
                0x0800e7fc                __lesf2
                0x0800e7fc                __ltsf2
                0x0800e804                __nesf2
                0x0800e804                __eqsf2
                0x0800e804                __cmpsf2
                0x0800e864                __aeabi_cfrcmple
                0x0800e86c                __aeabi_cfcmple
                0x0800e86c                __aeabi_cfcmpeq
                0x0800e87c                __aeabi_fcmpeq
                0x0800e890                __aeabi_fcmplt
                0x0800e8a4                __aeabi_fcmple
                0x0800e8b8                __aeabi_fcmpge
                0x0800e8cc                __aeabi_fcmpgt
 .text          0x0800e8e0       0x4c /home/laurence/toolchain/lib/gcc/arm-none-eabi/4.7.2/thumb/armv7-m/libgcc.a(_arm_fixsfsi.o)
                0x0800e8e0                __fixsfsi
                0x0800e8e0                __aeabi_f2iz
 .text          0x0800e92c       0x40 /home/laurence/toolchain/lib/gcc/arm-none-eabi/4.7.2/thumb/armv7-m/libgcc.a(_arm_fixunssfsi.o)
                0x0800e92c                __aeabi_f2uiz
                0x0800e92c                __fixunssfsi
 .text.__register_exitproc
                0x0800e96c       0x14 /home/laurence/toolchain/lib/gcc/arm-none-eabi/4.7.2/../../../../arm-none-eabi/lib/thumb/armv7-m/libc.a(lib_a-__atexit2.o)
                0x0800e96c                __register_exitproc
 .text.exit     0x0800e980       0x2c /home/laurence/toolchain/lib/gcc/arm-none-eabi/4.7.2/../../../../arm-none-eabi/lib/thumb/armv7-m/libc.a(lib_a-exit.o)
                0x0800e980                exit
 .text.__libc_fini_array
                0x0800e9ac       0x30 /home/laurence/toolchain/lib/gcc/arm-none-eabi/4.7.2/../../../../arm-none-eabi/lib/thumb/armv7-m/libc.a(lib_a-fini.o)
                0x0800e9ac                __libc_fini_array
 .text.__libc_init_array
                0x0800e9dc       0x4c /home/laurence/toolchain/lib/gcc/arm-none-eabi/4.7.2/../../../../arm-none-eabi/lib/thumb/armv7-m/libc.a(lib_a-init.o)
                0x0800e9dc                __libc_init_array
 .text.malloc   0x0800ea28       0x10 /home/laurence/toolchain/lib/gcc/arm-none-eabi/4.7.2/../../../../arm-none-eabi/lib/thumb/armv7-m/libc.a(lib_a-malloc.o)
                0x0800ea28                malloc
 .text._malloc_r
                0x0800ea38       0x9c /home/laurence/toolchain/lib/gcc/arm-none-eabi/4.7.2/../../../../arm-none-eabi/lib/thumb/armv7-m/libc.a(lib_a-mallocr.o)
                0x0800ea38                _malloc_r
 .text.memcmp   0x0800ead4       0x20 /home/laurence/toolchain/lib/gcc/arm-none-eabi/4.7.2/../../../../arm-none-eabi/lib/thumb/armv7-m/libc.a(lib_a-memcmp.o)
                0x0800ead4                memcmp
 .text.memset   0x0800eaf4       0x10 /home/laurence/toolchain/lib/gcc/arm-none-eabi/4.7.2/../../../../arm-none-eabi/lib/thumb/armv7-m/libc.a(lib_a-memset.o)
                0x0800eaf4                memset
 .text._sbrk_r  0x0800eb04       0x20 /home/laurence/toolchain/lib/gcc/arm-none-eabi/4.7.2/../../../../arm-none-eabi/lib/thumb/armv7-m/libc.a(lib_a-sbrkr.o)
                0x0800eb04                _sbrk_r
 .text.strlen   0x0800eb24       0x10 /home/laurence/toolchain/lib/gcc/arm-none-eabi/4.7.2/../../../../arm-none-eabi/lib/thumb/armv7-m/libc.a(lib_a-strlen.o)
                0x0800eb24                strlen
 .text.strncpy  0x0800eb34       0x2e /home/laurence/toolchain/lib/gcc/arm-none-eabi/4.7.2/../../../../arm-none-eabi/lib/thumb/armv7-m/libc.a(lib_a-strncpy.o)
                0x0800eb34                strncpy
 *(.init)
 *fill*         0x0800eb62        0x2 00
 .init          0x0800eb64        0x4 /home/laurence/toolchain/lib/gcc/arm-none-eabi/4.7.2/thumb/armv7-m/crti.o
                0x0800eb64                _init
 .init          0x0800eb68        0x8 /home/laurence/toolchain/lib/gcc/arm-none-eabi/4.7.2/thumb/armv7-m/crtn.o
 *(.fini)
 .fini          0x0800eb70        0x4 /home/laurence/toolchain/lib/gcc/arm-none-eabi/4.7.2/thumb/armv7-m/crti.o
                0x0800eb70                _fini
 .fini          0x0800eb74        0x8 /home/laurence/toolchain/lib/gcc/arm-none-eabi/4.7.2/thumb/armv7-m/crtn.o
 *crtbegin.o(.ctors)
 *crtbegin?.o(.ctors)
 *(EXCLUDE_FILE(*crtend.o *crtend?.o) .ctors)
 *(SORT(.ctors.*))
 *(.ctors)
 *crtbegin.o(.dtors)
 *crtbegin?.o(.dtors)
 *(EXCLUDE_FILE(*crtend.o *crtend?.o) .dtors)
 *(SORT(.dtors.*))
 *(.dtors)
 *(.rodata*)
 .rodata        0x0800eb7c       0x20 Sensors/amb_sensors.o
                0x0800eb7c                ITG3200_config
                0x0800eb80                HMC_config
                0x0800eb84                ADXL_config
                0x0800eb8c                LSM_330_GYRO_config
                0x0800eb90                LSM_330_ACCEL_FIFO_config
                0x0800eb94                LSM_330_ACCEL_config
 .rodata        0x0800eb9c       0xac Util/USB/usb_desc.o
                0x0800eb9c                MASS_StringInterface
                0x0800ebac                MASS_StringProduct
                0x0800ebdc                MASS_StringVendor
                0x0800ec10                MASS_StringLangID
                0x0800ec14                MASS_ConfigDescriptor
                0x0800ec34                MASS_DeviceDescriptor
 .rodata        0x0800ec48      0x4c0 Util/fat_fs/option/ccsbcs.o
 .rodata        0x0800f108       0x80 Util/fat_fs/src/ff.o
 .rodata.str1.4
                0x0800f188       0x13 Util/fat_fs/src/ff.o
                                 0x14 (size before relaxing)
 *fill*         0x0800f19b        0x1 00
 .rodata        0x0800f19c        0xc Util/fat_fs/src/rtc.o
 .rodata        0x0800f1a8       0xf4 Util/filter_1200.o
 .rodata        0x0800f29c       0x14 Util/rprintf.o
 .rodata.str1.4
                0x0800f2b0        0x6 Util/rprintf.o
                                  0x8 (size before relaxing)
 *fill*         0x0800f2b6        0x2 00
 .rodata        0x0800f2b8       0x14 lib/CMSIS_CM3/system_stm32f10x.o
                0x0800f2b8                SystemFrequency_APB2Clk
                0x0800f2bc                SystemFrequency_APB1Clk
                0x0800f2c0                SystemFrequency_AHBClk
                0x0800f2c4                SystemFrequency_SysClk
                0x0800f2c8                SystemFrequency
 .rodata.str1.4
                0x0800f2cc      0x1e3 main.o
                                0x1e8 (size before relaxing)
 *fill*         0x0800f4af        0x1 00
 .rodata.str1.4
                0x0800f4b0       0x40 pwr.o
 .rodata.str1.1
                0x0800f4f0        0x2 /home/laurence/toolchain/lib/gcc/arm-none-eabi/4.7.2/../../../../arm-none-eabi/lib/thumb/armv7-m/libc.a(lib_a-impure.o)
 *fill*         0x0800f4f2        0x2 00
 .rodata._global_impure_ptr
                0x0800f4f4        0x4 /home/laurence/toolchain/lib/gcc/arm-none-eabi/4.7.2/../../../../arm-none-eabi/lib/thumb/armv7-m/libc.a(lib_a-impure.o)
                0x0800f4f4                _global_impure_ptr
 *(.eh_frame*)
 .eh_frame      0x0800f4f8        0x0 /home/laurence/toolchain/lib/gcc/arm-none-eabi/4.7.2/thumb/armv7-m/crtbegin.o
 .eh_frame      0x0800f4f8        0x4 /home/laurence/toolchain/lib/gcc/arm-none-eabi/4.7.2/thumb/armv7-m/crtend.o

.glue_7         0x0800f4fc        0x0
 .glue_7        0x00000000        0x0 linker stubs

.glue_7t        0x0800f4fc        0x0
 .glue_7t       0x00000000        0x0 linker stubs

.vfp11_veneer   0x0800f4fc        0x0
 .vfp11_veneer  0x00000000        0x0 linker stubs

.v4_bx          0x0800f4fc        0x0
 .v4_bx         0x00000000        0x0 linker stubs

.iplt           0x0800f4fc        0x0
 .iplt          0x00000000        0x0 /home/laurence/toolchain/lib/gcc/arm-none-eabi/4.7.2/thumb/armv7-m/crtbegin.o

.ARM.extab
 *(.ARM.extab* .gnu.linkonce.armextab.*)
                0x0800f4fc                __exidx_start = .

.ARM.exidx      0x0800f4fc        0x8
 *(.ARM.exidx* .gnu.linkonce.armexidx.*)
 .ARM.exidx     0x0800f4fc        0x8 /home/laurence/toolchain/lib/gcc/arm-none-eabi/4.7.2/../../../../arm-none-eabi/lib/thumb/armv7-m/crt0.o
                0x0800f504                __exidx_end = .
                0x0800f504                __etext = .

.rel.dyn        0x0800f504        0x0
 .rel.iplt      0x00000000        0x0 /home/laurence/toolchain/lib/gcc/arm-none-eabi/4.7.2/thumb/armv7-m/crtbegin.o

.data           0x20000000      0x268 load address 0x0800f504
                0x20000000                __data_start__ = .
 *(vtable)
 *(.data*)
 .data          0x20000000       0x80 Sensors/amb_sensors.o
                0x20000000                I2C_jobs
 .data          0x20000080       0x74 Util/USB/scsi_data.o
                0x20000080                ReadFormatCapacity_Data
                0x2000008c                Scsi_Sense_Data
                0x200000a0                Mode_Sense10_data
                0x200000a8                Mode_Sense6_data
                0x200000ac                Standard_Inquiry_Data2
                0x200000d0                Standard_Inquiry_Data
 .data          0x200000f4       0x1c Util/USB/usb_desc.o
                0x200000f4                MASS_StringSerial
 .data          0x20000110       0x38 Util/USB/usb_istr.o
                0x20000110                pEpInt_OUT
                0x2000012c                pEpInt_IN
 .data          0x20000148       0x90 Util/USB/usb_prop.o
                0x20000148                String_Descriptor
                0x20000170                Config_Descriptor
                0x20000178                Device_Descriptor
                0x20000180                Device_Property
                0x200001b0                User_Standard_Requests
                0x200001d4                Device_Table
 .data          0x200001d8        0x1 Util/USB/usb_pwr.o
                0x200001d8                fSuspendEnabled
 *fill*         0x200001d9        0x3 00
 .data          0x200001dc        0x4 Util/fat_fs/src/sd_spi_stm32.o
 .data          0x200001e0       0x14 lib/STM32F10x_StdPeriph_Driver/libstm32fw.a(stm32f10x_rcc.o)
 .data.impure_data
                0x200001f4       0x64 /home/laurence/toolchain/lib/gcc/arm-none-eabi/4.7.2/../../../../arm-none-eabi/lib/thumb/armv7-m/libc.a(lib_a-impure.o)
 .data._impure_ptr
                0x20000258        0x4 /home/laurence/toolchain/lib/gcc/arm-none-eabi/4.7.2/../../../../arm-none-eabi/lib/thumb/armv7-m/libc.a(lib_a-impure.o)
                0x20000258                _impure_ptr
                0x2000025c                . = ALIGN (0x4)
                0x2000025c                PROVIDE (__preinit_array_start, .)
 *(.preinit_array)
                0x2000025c                PROVIDE (__preinit_array_end, .)
                0x2000025c                . = ALIGN (0x4)
                0x2000025c                PROVIDE (__init_array_start, .)
 *(SORT(.init_array.*))
 *(.init_array)
 .init_array    0x2000025c        0x4 /home/laurence/toolchain/lib/gcc/arm-none-eabi/4.7.2/thumb/armv7-m/crtbegin.o
                0x20000260                PROVIDE (__init_array_end, .)
                0x20000260                . = ALIGN (0x4)
                0x20000260                PROVIDE (__fini_array_start, .)
 *(SORT(.fini_array.*))
 *(.fini_array)
 .fini_array    0x20000260        0x4 /home/laurence/toolchain/lib/gcc/arm-none-eabi/4.7.2/thumb/armv7-m/crtbegin.o
                0x20000264                PROVIDE (__fini_array_end, .)
 *(.jcr*)
 .jcr           0x20000264        0x0 /home/laurence/toolchain/lib/gcc/arm-none-eabi/4.7.2/thumb/armv7-m/crtbegin.o
 .jcr           0x20000264        0x4 /home/laurence/toolchain/lib/gcc/arm-none-eabi/4.7.2/thumb/armv7-m/crtend.o
                0x20000268                . = ALIGN (0x4)
                0x20000268                __data_end__ = .

.tm_clone_table
                0x20000268        0x0 load address 0x0800f76c
 .tm_clone_table
                0x20000268        0x0 /home/laurence/toolchain/lib/gcc/arm-none-eabi/4.7.2/thumb/armv7-m/crtbegin.o
 .tm_clone_table
                0x20000268        0x0 /home/laurence/toolchain/lib/gcc/arm-none-eabi/4.7.2/thumb/armv7-m/crtend.o

.igot.plt       0x20000268        0x0 load address 0x0800f76c
 .igot.plt      0x00000000        0x0 /home/laurence/toolchain/lib/gcc/arm-none-eabi/4.7.2/thumb/armv7-m/crtbegin.o

.bss            0x20000268     0x136c load address 0x0800f76c
                0x20000268                . = ALIGN (0x4)
                0x20000268                __bss_start__ = .
 *(.bss*)
 .bss.completed.5900
                0x20000268        0x1 /home/laurence/toolchain/lib/gcc/arm-none-eabi/4.7.2/thumb/armv7-m/crtbegin.o
 *fill*         0x20000269        0x3 00
 .bss.object.5905
                0x2000026c       0x18 /home/laurence/toolchain/lib/gcc/arm-none-eabi/4.7.2/thumb/armv7-m/crtbegin.o
 .bss           0x20000284        0x4 Util/USB/mass_mal.o
                0x20000284                Status
 .bss           0x20000288       0x1c Util/USB/memory.o
                0x20000288                TransferState
                0x20000294                Counter
                0x200002a0                Block_Read_count
 .bss           0x200002a4       0x10 Util/USB/scsi_data.o
                0x200002a4                ReadCapacity10_Data
                0x200002ac                Page00_Inquiry_Data
 .bss           0x200002b4        0x1 Util/USB/usb_istr.o
                0x200002b4                bIntPackSOF
 *fill*         0x200002b5        0x3 00
 .bss           0x200002b8        0x4 Util/USB/usb_prop.o
                0x200002b8                Max_Lun
 .bss           0x200002bc        0x4 Util/USB/usb_pwr.o
                0x200002bc                bDeviceState
 .bss           0x200002c0        0xc Util/fat_fs/src/ff.o
 .bss           0x200002cc       0x10 Util/fat_fs/src/sd_spi_stm32.o
 .bss           0x200002dc       0x84 Util/rprintf.o
 .bss           0x20000360        0x3 i2c_int.o
 *fill*         0x20000363        0x1 00
 .bss           0x20000364        0x8 interrupts.o
 .bss           0x2000036c      0x238 main.o
                0x200005a0                file_opened
 .bss           0x200005a4        0x4 syscalls.o
 .bss           0x200005a8        0x1 lib/STM32_USB-FS-Device_Driver/libstm32usb.a(usb_core.o)
                0x200005a8                Data_Mul_MaxPacketSize
 *fill*         0x200005a9        0x3 00
 .bss.__malloc_free_list
                0x200005ac        0x4 /home/laurence/toolchain/lib/gcc/arm-none-eabi/4.7.2/../../../../arm-none-eabi/lib/thumb/armv7-m/libc.a(lib_a-mallocr.o)
                0x200005ac                __malloc_free_list
 *(COMMON)
 COMMON         0x200005b0      0x637 Sensors/amb_sensors.o
                0x200005b0                LSM330_Gyro_Filter
                0x20000898                LSM330_Accel_Filter
                0x20000b80                Rawdata
                0x20000bc0                LastFifo
                0x20000bc8                RawFifo
                0x20000be6                I2C_Transactions_State
 *fill*         0x20000be7        0x1 00
 COMMON         0x20000be8       0x1c Util/USB/mass_mal.o
                0x20000be8                Mass_Memory_Size
                0x20000bf0                Mass_Block_Size
                0x20000bf8                Mass_Block_Count
                0x20000c00                Data_Buffer
 COMMON         0x20000c04        0x8 Util/USB/memory.o
                0x20000c04                Block_offset
                0x20000c08                Idx
 COMMON         0x20000c0c       0x7c Util/USB/usb_bot.o
                0x20000c0c                CBW
                0x20000c2c                Data_Len
                0x20000c2e                Bot_State
                0x20000c30                SCSI_LBA
                0x20000c34                CSW
                0x20000c44                SCSI_BlkLen
                0x20000c48                Bulk_Data_Buff
 COMMON         0x20000c88        0x2 Util/USB/usb_istr.o
                0x20000c88                wIstr
 *fill*         0x20000c8a        0x2 00
 COMMON         0x20000c8c        0x2 Util/USB/usb_pwr.o
                0x20000c8c                ResumeS
 COMMON         0x20000c8e        0x1 Util/fat_fs/src/sd_spi_stm32.o
                0x20000c8e                Sd_Spi_Called_From_USB_MSC
 COMMON         0x20000c8f        0x1 gpio.o
                0x20000c8f                bootsource
 COMMON         0x20000c90        0xd i2c_int.o
                0x20000c90                I2C1error
                0x20000c94                Jobs
                0x20000c98                Completed_Jobs
                0x20000c9c                job
 *fill*         0x20000c9d        0x3 00
 COMMON         0x20000ca0        0x8 interrupts.o
                0x20000ca0                Button_hold_tim
                0x20000ca4                Battery_Voltage
 COMMON         0x20000ca8      0x8e9 main.o
                0x20000ca8                Sensor_Cable
                0x20000cac                battery_voltage
                0x20000cb0                FATFS_wavfile_accel
                0x20000ed4                forehead_buffer
                0x20000f28                f_err_code
                0x20000f29                System_state_Global
                0x20000f2c                Millis
                0x20000f30                sfe_sensor_buffers
                0x20001020                Sensors
                0x20001024                FATFS_info
                0x20001044                FATFS_wavfile_gyro
                0x20001268                print_string
                0x20001368                a
                0x2000136c                FATFS_logfile
                0x20001590                Shutdown_System
 *fill*         0x20001591        0x3 00
 COMMON         0x20001594        0x2 lib/STM32_USB-FS-Device_Driver/libstm32usb.a(usb_core.o)
                0x20001594                StatusInfo
 *fill*         0x20001596        0x2 00
 COMMON         0x20001598       0x32 lib/STM32_USB-FS-Device_Driver/libstm32usb.a(usb_init.o)
                0x20001598                SaveState
                0x2000159c                pProperty
                0x200015a0                EPindex
                0x200015a4                Device_Info
                0x200015c0                pUser_Standard_Requests
                0x200015c4                pInformation
                0x200015c8                wInterrupt_Mask
 COMMON         0x200015ca        0x4 lib/STM32_USB-FS-Device_Driver/libstm32usb.a(usb_int.o)
                0x200015ca                SaveRState
                0x200015cc                SaveTState
 *fill*         0x200015ce        0x2 00
 COMMON         0x200015d0        0x4 /home/laurence/toolchain/lib/gcc/arm-none-eabi/4.7.2/../../../../arm-none-eabi/lib/thumb/armv7-m/libc.a(lib_a-reent.o)
                0x200015d0                errno
                0x200015d4                . = ALIGN (0x4)
                0x200015d4                __bss_end__ = .

.heap           0x200015d8        0x0
                0x200015d8                __end__ = .
                0x200015d8                end = __end__
 *(.heap*)
 .heap          0x200015d8        0x0 lib/startup_ARMCM3.o
                0x200015d8                __HeapLimit = .

.stack_dummy    0x200015d8      0xf00
 *(.stack*)
 .stack         0x200015d8      0xf00 lib/startup_ARMCM3.o
                0x20005000                __StackTop = (ORIGIN (RAM) + 0x5000)
                0x20004100                __StackLimit = (__StackTop - SIZEOF (.stack_dummy))
                0x20005000                PROVIDE (__stack, __StackTop)
                0x00000001                ASSERT ((__StackLimit >= __HeapLimit), region RAM overflowed with stack)
                0x20000268                PROVIDE (_edata, __data_end__)
                0x20000000                PROVIDE (_sdata, __data_start__)
                0x0800f504                PROVIDE (_sidata, __etext)
                0x20000268                PROVIDE (_sbss, __bss_start__)
                0x200015d4                PROVIDE (_ebss, __bss_end__)
                0x20005000                PROVIDE (_estack, __StackTop)
OUTPUT(main.elf elf32-littlearm)

.ARM.attributes
                0x00000000       0x29
 .ARM.attributes
                0x00000000       0x1d /home/laurence/toolchain/lib/gcc/arm-none-eabi/4.7.2/thumb/armv7-m/crti.o
 .ARM.attributes
                0x0000001d       0x2d /home/laurence/toolchain/lib/gcc/arm-none-eabi/4.7.2/thumb/armv7-m/crtbegin.o
 .ARM.attributes
                0x0000004a       0x1b /home/laurence/toolchain/lib/gcc/arm-none-eabi/4.7.2/../../../../arm-none-eabi/lib/thumb/armv7-m/crt0.o
 .ARM.attributes
                0x00000065       0x33 Sensors/amb_sensors.o
 .ARM.attributes
                0x00000098       0x33 Util/USB/hw_config.o
 .ARM.attributes
                0x000000cb       0x33 Util/USB/mass_mal.o
 .ARM.attributes
                0x000000fe       0x33 Util/USB/memory.o
 .ARM.attributes
                0x00000131       0x33 Util/USB/scsi_data.o
 .ARM.attributes
                0x00000164       0x33 Util/USB/usb_bot.o
 .ARM.attributes
                0x00000197       0x33 Util/USB/usb_desc.o
 .ARM.attributes
                0x000001ca       0x33 Util/USB/usb_endp.o
 .ARM.attributes
                0x000001fd       0x33 Util/USB/usb_istr.o
 .ARM.attributes
                0x00000230       0x33 Util/USB/usb_prop.o
 .ARM.attributes
                0x00000263       0x33 Util/USB/usb_pwr.o
 .ARM.attributes
                0x00000296       0x33 Util/USB/usb_scsi.o
 .ARM.attributes
                0x000002c9       0x33 Util/buffer.o
 .ARM.attributes
                0x000002fc       0x33 Util/delay.o
 .ARM.attributes
                0x0000032f       0x33 Util/fat_fs/option/ccsbcs.o
 .ARM.attributes
                0x00000362       0x33 Util/fat_fs/src/fattime.o
 .ARM.attributes
                0x00000395       0x33 Util/fat_fs/src/ff.o
 .ARM.attributes
                0x000003c8       0x33 Util/fat_fs/src/rtc.o
 .ARM.attributes
                0x000003fb       0x33 Util/fat_fs/src/sd_spi_stm32.o
 .ARM.attributes
                0x0000042e       0x33 Util/filter_1200.o
 .ARM.attributes
                0x00000461       0x33 Util/filter_190.o
 .ARM.attributes
                0x00000494       0x33 Util/rprintf.o
 .ARM.attributes
                0x000004c7       0x33 Util/wave.o
 .ARM.attributes
                0x000004fa       0x33 adc.o
 .ARM.attributes
                0x0000052d       0x33 gpio.o
 .ARM.attributes
                0x00000560       0x33 i2c_int.o
 .ARM.attributes
                0x00000593       0x33 interrupts.o
 .ARM.attributes
                0x000005c6       0x33 lib/CMSIS_CM3/system_stm32f10x.o
 .ARM.attributes
                0x000005f9       0x1b lib/startup_ARMCM3.o
 .ARM.attributes
                0x00000614       0x33 main.o
 .ARM.attributes
                0x00000647       0x33 pwr.o
 .ARM.attributes
                0x0000067a       0x33 syscalls.o
 .ARM.attributes
                0x000006ad       0x33 usart.o
 .ARM.attributes
                0x000006e0       0x33 watchdog.o
 .ARM.attributes
                0x00000713       0x33 lib/STM32F10x_StdPeriph_Driver/libstm32fw.a(misc.o)
 .ARM.attributes
                0x00000746       0x33 lib/STM32F10x_StdPeriph_Driver/libstm32fw.a(stm32f10x_adc.o)
 .ARM.attributes
                0x00000779       0x33 lib/STM32F10x_StdPeriph_Driver/libstm32fw.a(stm32f10x_bkp.o)
 .ARM.attributes
                0x000007ac       0x33 lib/STM32F10x_StdPeriph_Driver/libstm32fw.a(stm32f10x_dbgmcu.o)
 .ARM.attributes
                0x000007df       0x33 lib/STM32F10x_StdPeriph_Driver/libstm32fw.a(stm32f10x_dma.o)
 .ARM.attributes
                0x00000812       0x33 lib/STM32F10x_StdPeriph_Driver/libstm32fw.a(stm32f10x_exti.o)
 .ARM.attributes
                0x00000845       0x33 lib/STM32F10x_StdPeriph_Driver/libstm32fw.a(stm32f10x_gpio.o)
 .ARM.attributes
                0x00000878       0x33 lib/STM32F10x_StdPeriph_Driver/libstm32fw.a(stm32f10x_i2c.o)
 .ARM.attributes
                0x000008ab       0x33 lib/STM32F10x_StdPeriph_Driver/libstm32fw.a(stm32f10x_iwdg.o)
 .ARM.attributes
                0x000008de       0x33 lib/STM32F10x_StdPeriph_Driver/libstm32fw.a(stm32f10x_pwr.o)
 .ARM.attributes
                0x00000911       0x33 lib/STM32F10x_StdPeriph_Driver/libstm32fw.a(stm32f10x_rcc.o)
 .ARM.attributes
                0x00000944       0x33 lib/STM32F10x_StdPeriph_Driver/libstm32fw.a(stm32f10x_rtc.o)
 .ARM.attributes
                0x00000977       0x33 lib/STM32F10x_StdPeriph_Driver/libstm32fw.a(stm32f10x_spi.o)
 .ARM.attributes
                0x000009aa       0x33 lib/STM32F10x_StdPeriph_Driver/libstm32fw.a(stm32f10x_usart.o)
 .ARM.attributes
                0x000009dd       0x33 lib/STM32_USB-FS-Device_Driver/libstm32usb.a(usb_core.o)
 .ARM.attributes
                0x00000a10       0x33 lib/STM32_USB-FS-Device_Driver/libstm32usb.a(usb_init.o)
 .ARM.attributes
                0x00000a43       0x33 lib/STM32_USB-FS-Device_Driver/libstm32usb.a(usb_int.o)
 .ARM.attributes
                0x00000a76       0x33 lib/STM32_USB-FS-Device_Driver/libstm32usb.a(usb_mem.o)
 .ARM.attributes
                0x00000aa9       0x33 lib/STM32_USB-FS-Device_Driver/libstm32usb.a(usb_regs.o)
 .ARM.attributes
                0x00000adc       0x33 lib/STM32_USB-FS-Device_Driver/libstm32usb.a(usb_sil.o)
 .ARM.attributes
                0x00000b0f       0x1d /home/laurence/toolchain/lib/gcc/arm-none-eabi/4.7.2/thumb/armv7-m/libgcc.a(_arm_addsubdf3.o)
 .ARM.attributes
                0x00000b2c       0x1d /home/laurence/toolchain/lib/gcc/arm-none-eabi/4.7.2/thumb/armv7-m/libgcc.a(_arm_muldivdf3.o)
 .ARM.attributes
                0x00000b49       0x1d /home/laurence/toolchain/lib/gcc/arm-none-eabi/4.7.2/thumb/armv7-m/libgcc.a(_arm_cmpdf2.o)
 .ARM.attributes
                0x00000b66       0x1d /home/laurence/toolchain/lib/gcc/arm-none-eabi/4.7.2/thumb/armv7-m/libgcc.a(_arm_truncdfsf2.o)
 .ARM.attributes
                0x00000b83       0x1d /home/laurence/toolchain/lib/gcc/arm-none-eabi/4.7.2/thumb/armv7-m/libgcc.a(_arm_addsubsf3.o)
 .ARM.attributes
                0x00000ba0       0x1d /home/laurence/toolchain/lib/gcc/arm-none-eabi/4.7.2/thumb/armv7-m/libgcc.a(_arm_muldivsf3.o)
 .ARM.attributes
                0x00000bbd       0x1d /home/laurence/toolchain/lib/gcc/arm-none-eabi/4.7.2/thumb/armv7-m/libgcc.a(_arm_cmpsf2.o)
 .ARM.attributes
                0x00000bda       0x1d /home/laurence/toolchain/lib/gcc/arm-none-eabi/4.7.2/thumb/armv7-m/libgcc.a(_arm_fixsfsi.o)
 .ARM.attributes
                0x00000bf7       0x1d /home/laurence/toolchain/lib/gcc/arm-none-eabi/4.7.2/thumb/armv7-m/libgcc.a(_arm_fixunssfsi.o)
 .ARM.attributes
                0x00000c14       0x2d /home/laurence/toolchain/lib/gcc/arm-none-eabi/4.7.2/../../../../arm-none-eabi/lib/thumb/armv7-m/libc.a(lib_a-__atexit2.o)
 .ARM.attributes
                0x00000c41       0x2d /home/laurence/toolchain/lib/gcc/arm-none-eabi/4.7.2/../../../../arm-none-eabi/lib/thumb/armv7-m/libc.a(lib_a-exit.o)
 .ARM.attributes
                0x00000c6e       0x2d /home/laurence/toolchain/lib/gcc/arm-none-eabi/4.7.2/../../../../arm-none-eabi/lib/thumb/armv7-m/libc.a(lib_a-fini.o)
 .ARM.attributes
                0x00000c9b       0x2d /home/laurence/toolchain/lib/gcc/arm-none-eabi/4.7.2/../../../../arm-none-eabi/lib/thumb/armv7-m/libc.a(lib_a-impure.o)
 .ARM.attributes
                0x00000cc8       0x2d /home/laurence/toolchain/lib/gcc/arm-none-eabi/4.7.2/../../../../arm-none-eabi/lib/thumb/armv7-m/libc.a(lib_a-init.o)
 .ARM.attributes
                0x00000cf5       0x2d /home/laurence/toolchain/lib/gcc/arm-none-eabi/4.7.2/../../../../arm-none-eabi/lib/thumb/armv7-m/libc.a(lib_a-malloc.o)
 .ARM.attributes
                0x00000d22       0x2d /home/laurence/toolchain/lib/gcc/arm-none-eabi/4.7.2/../../../../arm-none-eabi/lib/thumb/armv7-m/libc.a(lib_a-mallocr.o)
 .ARM.attributes
                0x00000d4f       0x2d /home/laurence/toolchain/lib/gcc/arm-none-eabi/4.7.2/../../../../arm-none-eabi/lib/thumb/armv7-m/libc.a(lib_a-memcmp.o)
 .ARM.attributes
                0x00000d7c       0x2d /home/laurence/toolchain/lib/gcc/arm-none-eabi/4.7.2/../../../../arm-none-eabi/lib/thumb/armv7-m/libc.a(lib_a-memset.o)
 .ARM.attributes
                0x00000da9       0x2d /home/laurence/toolchain/lib/gcc/arm-none-eabi/4.7.2/../../../../arm-none-eabi/lib/thumb/armv7-m/libc.a(lib_a-reent.o)
 .ARM.attributes
                0x00000dd6       0x2d /home/laurence/toolchain/lib/gcc/arm-none-eabi/4.7.2/../../../../arm-none-eabi/lib/thumb/armv7-m/libc.a(lib_a-sbrkr.o)
 .ARM.attributes
                0x00000e03       0x2d /home/laurence/toolchain/lib/gcc/arm-none-eabi/4.7.2/../../../../arm-none-eabi/lib/thumb/armv7-m/libc.a(lib_a-strlen.o)
 .ARM.attributes
                0x00000e30       0x2d /home/laurence/toolchain/lib/gcc/arm-none-eabi/4.7.2/../../../../arm-none-eabi/lib/thumb/armv7-m/libc.a(lib_a-strncpy.o)
 .ARM.attributes
                0x00000e5d       0x2d /home/laurence/toolchain/lib/gcc/arm-none-eabi/4.7.2/thumb/armv7-m/crtend.o
 .ARM.attributes
                0x00000e8a       0x1d /home/laurence/toolchain/lib/gcc/arm-none-eabi/4.7.2/thumb/armv7-m/crtn.o

.comment        0x00000000       0x3a
 .comment       0x00000000       0x3a /home/laurence/toolchain/lib/gcc/arm-none-eabi/4.7.2/thumb/armv7-m/crtbegin.o
                                 0x3b (size before relaxing)
 .comment       0x00000000       0x3b Sensors/amb_sensors.o
 .comment       0x00000000       0x3b Util/USB/hw_config.o
 .comment       0x00000000       0x3b Util/USB/mass_mal.o
 .comment       0x00000000       0x3b Util/USB/memory.o
 .comment       0x00000000       0x3b Util/USB/scsi_data.o
 .comment       0x00000000       0x3b Util/USB/usb_bot.o
 .comment       0x00000000       0x3b Util/USB/usb_desc.o
 .comment       0x00000000       0x3b Util/USB/usb_endp.o
 .comment       0x00000000       0x3b Util/USB/usb_istr.o
 .comment       0x00000000       0x3b Util/USB/usb_prop.o
 .comment       0x00000000       0x3b Util/USB/usb_pwr.o
 .comment       0x00000000       0x3b Util/USB/usb_scsi.o
 .comment       0x00000000       0x3b Util/buffer.o
 .comment       0x00000000       0x3b Util/delay.o
 .comment       0x00000000       0x3b Util/fat_fs/option/ccsbcs.o
 .comment       0x00000000       0x3b Util/fat_fs/src/fattime.o
 .comment       0x00000000       0x3b Util/fat_fs/src/ff.o
 .comment       0x00000000       0x3b Util/fat_fs/src/rtc.o
 .comment       0x00000000       0x3b Util/fat_fs/src/sd_spi_stm32.o
 .comment       0x00000000       0x3b Util/filter_1200.o
 .comment       0x00000000       0x3b Util/filter_190.o
 .comment       0x00000000       0x3b Util/rprintf.o
 .comment       0x00000000       0x3b Util/wave.o
 .comment       0x00000000       0x3b adc.o
 .comment       0x00000000       0x3b gpio.o
 .comment       0x00000000       0x3b i2c_int.o
 .comment       0x00000000       0x3b interrupts.o
 .comment       0x00000000       0x3b lib/CMSIS_CM3/system_stm32f10x.o
 .comment       0x00000000       0x3b main.o
 .comment       0x00000000       0x3b pwr.o
 .comment       0x00000000       0x3b syscalls.o
 .comment       0x00000000       0x3b usart.o
 .comment       0x00000000       0x3b watchdog.o
 .comment       0x00000000       0x3b lib/STM32F10x_StdPeriph_Driver/libstm32fw.a(misc.o)
 .comment       0x00000000       0x3b lib/STM32F10x_StdPeriph_Driver/libstm32fw.a(stm32f10x_adc.o)
 .comment       0x00000000       0x3b lib/STM32F10x_StdPeriph_Driver/libstm32fw.a(stm32f10x_bkp.o)
 .comment       0x00000000       0x3b lib/STM32F10x_StdPeriph_Driver/libstm32fw.a(stm32f10x_dbgmcu.o)
 .comment       0x00000000       0x3b lib/STM32F10x_StdPeriph_Driver/libstm32fw.a(stm32f10x_dma.o)
 .comment       0x00000000       0x3b lib/STM32F10x_StdPeriph_Driver/libstm32fw.a(stm32f10x_exti.o)
 .comment       0x00000000       0x3b lib/STM32F10x_StdPeriph_Driver/libstm32fw.a(stm32f10x_gpio.o)
 .comment       0x00000000       0x3b lib/STM32F10x_StdPeriph_Driver/libstm32fw.a(stm32f10x_i2c.o)
 .comment       0x00000000       0x3b lib/STM32F10x_StdPeriph_Driver/libstm32fw.a(stm32f10x_iwdg.o)
 .comment       0x00000000       0x3b lib/STM32F10x_StdPeriph_Driver/libstm32fw.a(stm32f10x_pwr.o)
 .comment       0x00000000       0x3b lib/STM32F10x_StdPeriph_Driver/libstm32fw.a(stm32f10x_rcc.o)
 .comment       0x00000000       0x3b lib/STM32F10x_StdPeriph_Driver/libstm32fw.a(stm32f10x_rtc.o)
 .comment       0x00000000       0x3b lib/STM32F10x_StdPeriph_Driver/libstm32fw.a(stm32f10x_spi.o)
 .comment       0x00000000       0x3b lib/STM32F10x_StdPeriph_Driver/libstm32fw.a(stm32f10x_usart.o)
 .comment       0x00000000       0x3b lib/STM32_USB-FS-Device_Driver/libstm32usb.a(usb_core.o)
 .comment       0x00000000       0x3b lib/STM32_USB-FS-Device_Driver/libstm32usb.a(usb_init.o)
 .comment       0x00000000       0x3b lib/STM32_USB-FS-Device_Driver/libstm32usb.a(usb_int.o)
 .comment       0x00000000       0x3b lib/STM32_USB-FS-Device_Driver/libstm32usb.a(usb_mem.o)
 .comment       0x00000000       0x3b lib/STM32_USB-FS-Device_Driver/libstm32usb.a(usb_regs.o)
 .comment       0x00000000       0x3b lib/STM32_USB-FS-Device_Driver/libstm32usb.a(usb_sil.o)
 .comment       0x00000000       0x3b /home/laurence/toolchain/lib/gcc/arm-none-eabi/4.7.2/../../../../arm-none-eabi/lib/thumb/armv7-m/libc.a(lib_a-__atexit2.o)
 .comment       0x00000000       0x3b /home/laurence/toolchain/lib/gcc/arm-none-eabi/4.7.2/../../../../arm-none-eabi/lib/thumb/armv7-m/libc.a(lib_a-exit.o)
 .comment       0x00000000       0x3b /home/laurence/toolchain/lib/gcc/arm-none-eabi/4.7.2/../../../../arm-none-eabi/lib/thumb/armv7-m/libc.a(lib_a-fini.o)
 .comment       0x00000000       0x3b /home/laurence/toolchain/lib/gcc/arm-none-eabi/4.7.2/../../../../arm-none-eabi/lib/thumb/armv7-m/libc.a(lib_a-impure.o)
 .comment       0x00000000       0x3b /home/laurence/toolchain/lib/gcc/arm-none-eabi/4.7.2/../../../../arm-none-eabi/lib/thumb/armv7-m/libc.a(lib_a-init.o)
 .comment       0x00000000       0x3b /home/laurence/toolchain/lib/gcc/arm-none-eabi/4.7.2/../../../../arm-none-eabi/lib/thumb/armv7-m/libc.a(lib_a-malloc.o)
 .comment       0x00000000       0x3b /home/laurence/toolchain/lib/gcc/arm-none-eabi/4.7.2/../../../../arm-none-eabi/lib/thumb/armv7-m/libc.a(lib_a-mallocr.o)
 .comment       0x00000000       0x3b /home/laurence/toolchain/lib/gcc/arm-none-eabi/4.7.2/../../../../arm-none-eabi/lib/thumb/armv7-m/libc.a(lib_a-memcmp.o)
 .comment       0x00000000       0x3b /home/laurence/toolchain/lib/gcc/arm-none-eabi/4.7.2/../../../../arm-none-eabi/lib/thumb/armv7-m/libc.a(lib_a-memset.o)
 .comment       0x00000000       0x3b /home/laurence/toolchain/lib/gcc/arm-none-eabi/4.7.2/../../../../arm-none-eabi/lib/thumb/armv7-m/libc.a(lib_a-reent.o)
 .comment       0x00000000       0x3b /home/laurence/toolchain/lib/gcc/arm-none-eabi/4.7.2/../../../../arm-none-eabi/lib/thumb/armv7-m/libc.a(lib_a-sbrkr.o)
 .comment       0x00000000       0x3b /home/laurence/toolchain/lib/gcc/arm-none-eabi/4.7.2/../../../../arm-none-eabi/lib/thumb/armv7-m/libc.a(lib_a-strlen.o)
 .comment       0x00000000       0x3b /home/laurence/toolchain/lib/gcc/arm-none-eabi/4.7.2/../../../../arm-none-eabi/lib/thumb/armv7-m/libc.a(lib_a-strncpy.o)
 .comment       0x00000000       0x3b /home/laurence/toolchain/lib/gcc/arm-none-eabi/4.7.2/thumb/armv7-m/crtend.o

.debug_info     0x00000000    0x16215
 .debug_info    0x00000000      0xac2 Sensors/amb_sensors.o
 .debug_info    0x00000ac2      0x8f2 Util/USB/hw_config.o
 .debug_info    0x000013b4      0x544 Util/USB/mass_mal.o
 .debug_info    0x000018f8      0x5bf Util/USB/memory.o
 .debug_info    0x00001eb7      0x16a Util/USB/scsi_data.o
 .debug_info    0x00002021      0xa88 Util/USB/usb_bot.o
 .debug_info    0x00002aa9      0x186 Util/USB/usb_desc.o
 .debug_info    0x00002c2f       0xd3 Util/USB/usb_endp.o
 .debug_info    0x00002d02      0x357 Util/USB/usb_istr.o
 .debug_info    0x00003059      0xda2 Util/USB/usb_prop.o
 .debug_info    0x00003dfb      0x52f Util/USB/usb_pwr.o
 .debug_info    0x0000432a      0xc8b Util/USB/usb_scsi.o
 .debug_info    0x00004fb5      0x1f1 Util/buffer.o
 .debug_info    0x000051a6       0xc3 Util/delay.o
 .debug_info    0x00005269      0x16f Util/fat_fs/option/ccsbcs.o
 .debug_info    0x000053d8      0x198 Util/fat_fs/src/fattime.o
 .debug_info    0x00005570     0x4f19 Util/fat_fs/src/ff.o
 .debug_info    0x0000a489      0x7c7 Util/fat_fs/src/rtc.o
 .debug_info    0x0000ac50     0x249e Util/fat_fs/src/sd_spi_stm32.o
 .debug_info    0x0000d0ee      0x15e Util/filter_1200.o
 .debug_info    0x0000d24c      0x157 Util/filter_190.o
 .debug_info    0x0000d3a3     0x1113 Util/rprintf.o
 .debug_info    0x0000e4b6      0x7dd Util/wave.o
 .debug_info    0x0000ec93      0x863 adc.o
 .debug_info    0x0000f4f6      0x58f gpio.o
 .debug_info    0x0000fa85     0x10df i2c_int.o
 .debug_info    0x00010b64      0xf5d interrupts.o
 .debug_info    0x00011ac1      0x2da lib/CMSIS_CM3/system_stm32f10x.o
 .debug_info    0x00011d9b       0x66 lib/startup_ARMCM3.o
 .debug_info    0x00011e01     0x293f main.o
 .debug_info    0x00014740      0x6b0 pwr.o
 .debug_info    0x00014df0      0x571 syscalls.o
 .debug_info    0x00015361      0x63e usart.o
 .debug_info    0x0001599f      0x1e3 watchdog.o
 .debug_info    0x00015b82       0xbb /home/laurence/toolchain/lib/gcc/arm-none-eabi/4.7.2/thumb/armv7-m/libgcc.a(_arm_addsubdf3.o)
 .debug_info    0x00015c3d       0xbb /home/laurence/toolchain/lib/gcc/arm-none-eabi/4.7.2/thumb/armv7-m/libgcc.a(_arm_muldivdf3.o)
 .debug_info    0x00015cf8       0xbb /home/laurence/toolchain/lib/gcc/arm-none-eabi/4.7.2/thumb/armv7-m/libgcc.a(_arm_cmpdf2.o)
 .debug_info    0x00015db3       0xbb /home/laurence/toolchain/lib/gcc/arm-none-eabi/4.7.2/thumb/armv7-m/libgcc.a(_arm_truncdfsf2.o)
 .debug_info    0x00015e6e       0xbb /home/laurence/toolchain/lib/gcc/arm-none-eabi/4.7.2/thumb/armv7-m/libgcc.a(_arm_addsubsf3.o)
 .debug_info    0x00015f29       0xbb /home/laurence/toolchain/lib/gcc/arm-none-eabi/4.7.2/thumb/armv7-m/libgcc.a(_arm_muldivsf3.o)
 .debug_info    0x00015fe4       0xbb /home/laurence/toolchain/lib/gcc/arm-none-eabi/4.7.2/thumb/armv7-m/libgcc.a(_arm_cmpsf2.o)
 .debug_info    0x0001609f       0xbb /home/laurence/toolchain/lib/gcc/arm-none-eabi/4.7.2/thumb/armv7-m/libgcc.a(_arm_fixsfsi.o)
 .debug_info    0x0001615a       0xbb /home/laurence/toolchain/lib/gcc/arm-none-eabi/4.7.2/thumb/armv7-m/libgcc.a(_arm_fixunssfsi.o)

.debug_abbrev   0x00000000     0x3f98
 .debug_abbrev  0x00000000      0x16e Sensors/amb_sensors.o
 .debug_abbrev  0x0000016e      0x34c Util/USB/hw_config.o
 .debug_abbrev  0x000004ba      0x176 Util/USB/mass_mal.o
 .debug_abbrev  0x00000630      0x228 Util/USB/memory.o
 .debug_abbrev  0x00000858       0x59 Util/USB/scsi_data.o
 .debug_abbrev  0x000008b1      0x26c Util/USB/usb_bot.o
 .debug_abbrev  0x00000b1d       0x60 Util/USB/usb_desc.o
 .debug_abbrev  0x00000b7d       0x66 Util/USB/usb_endp.o
 .debug_abbrev  0x00000be3      0x16b Util/USB/usb_istr.o
 .debug_abbrev  0x00000d4e      0x34c Util/USB/usb_prop.o
 .debug_abbrev  0x0000109a      0x240 Util/USB/usb_pwr.o
 .debug_abbrev  0x000012da      0x2dc Util/USB/usb_scsi.o
 .debug_abbrev  0x000015b6      0x105 Util/buffer.o
 .debug_abbrev  0x000016bb       0x82 Util/delay.o
 .debug_abbrev  0x0000173d       0xc7 Util/fat_fs/option/ccsbcs.o
 .debug_abbrev  0x00001804       0xdb Util/fat_fs/src/fattime.o
 .debug_abbrev  0x000018df      0x3a1 Util/fat_fs/src/ff.o
 .debug_abbrev  0x00001c80      0x308 Util/fat_fs/src/rtc.o
 .debug_abbrev  0x00001f88      0x411 Util/fat_fs/src/sd_spi_stm32.o
 .debug_abbrev  0x00002399      0x108 Util/filter_1200.o
 .debug_abbrev  0x000024a1      0x106 Util/filter_190.o
 .debug_abbrev  0x000025a7      0x30d Util/rprintf.o
 .debug_abbrev  0x000028b4      0x1a8 Util/wave.o
 .debug_abbrev  0x00002a5c      0x1be adc.o
 .debug_abbrev  0x00002c1a      0x1e9 gpio.o
 .debug_abbrev  0x00002e03      0x2b5 i2c_int.o
 .debug_abbrev  0x000030b8      0x2c5 interrupts.o
 .debug_abbrev  0x0000337d      0x116 lib/CMSIS_CM3/system_stm32f10x.o
 .debug_abbrev  0x00003493       0x14 lib/startup_ARMCM3.o
 .debug_abbrev  0x000034a7      0x3c7 main.o
 .debug_abbrev  0x0000386e      0x209 pwr.o
 .debug_abbrev  0x00003a77      0x156 syscalls.o
 .debug_abbrev  0x00003bcd      0x1e9 usart.o
 .debug_abbrev  0x00003db6      0x12e watchdog.o
 .debug_abbrev  0x00003ee4       0x14 /home/laurence/toolchain/lib/gcc/arm-none-eabi/4.7.2/thumb/armv7-m/libgcc.a(_arm_addsubdf3.o)
 .debug_abbrev  0x00003ef8       0x14 /home/laurence/toolchain/lib/gcc/arm-none-eabi/4.7.2/thumb/armv7-m/libgcc.a(_arm_muldivdf3.o)
 .debug_abbrev  0x00003f0c       0x14 /home/laurence/toolchain/lib/gcc/arm-none-eabi/4.7.2/thumb/armv7-m/libgcc.a(_arm_cmpdf2.o)
 .debug_abbrev  0x00003f20       0x14 /home/laurence/toolchain/lib/gcc/arm-none-eabi/4.7.2/thumb/armv7-m/libgcc.a(_arm_truncdfsf2.o)
 .debug_abbrev  0x00003f34       0x14 /home/laurence/toolchain/lib/gcc/arm-none-eabi/4.7.2/thumb/armv7-m/libgcc.a(_arm_addsubsf3.o)
 .debug_abbrev  0x00003f48       0x14 /home/laurence/toolchain/lib/gcc/arm-none-eabi/4.7.2/thumb/armv7-m/libgcc.a(_arm_muldivsf3.o)
 .debug_abbrev  0x00003f5c       0x14 /home/laurence/toolchain/lib/gcc/arm-none-eabi/4.7.2/thumb/armv7-m/libgcc.a(_arm_cmpsf2.o)
 .debug_abbrev  0x00003f70       0x14 /home/laurence/toolchain/lib/gcc/arm-none-eabi/4.7.2/thumb/armv7-m/libgcc.a(_arm_fixsfsi.o)
 .debug_abbrev  0x00003f84       0x14 /home/laurence/toolchain/lib/gcc/arm-none-eabi/4.7.2/thumb/armv7-m/libgcc.a(_arm_fixunssfsi.o)

.debug_loc      0x00000000    0x102f2
 .debug_loc     0x00000000      0x202 Sensors/amb_sensors.o
 .debug_loc     0x00000202      0x198 Util/USB/hw_config.o
 .debug_loc     0x0000039a      0x246 Util/USB/mass_mal.o
 .debug_loc     0x000005e0      0x1d7 Util/USB/memory.o
 .debug_loc     0x000007b7      0x2fa Util/USB/usb_bot.o
 .debug_loc     0x00000ab1       0x20 Util/USB/usb_istr.o
 .debug_loc     0x00000ad1      0x1ec Util/USB/usb_prop.o
 .debug_loc     0x00000cbd      0x1b9 Util/USB/usb_pwr.o
 .debug_loc     0x00000e76      0xa33 Util/USB/usb_scsi.o
 .debug_loc     0x000018a9       0xf5 Util/buffer.o
 .debug_loc     0x0000199e       0x61 Util/delay.o
 .debug_loc     0x000019ff      0x122 Util/fat_fs/option/ccsbcs.o
 .debug_loc     0x00001b21       0x51 Util/fat_fs/src/fattime.o
 .debug_loc     0x00001b72     0x964b Util/fat_fs/src/ff.o
 .debug_loc     0x0000b1bd      0x4e2 Util/fat_fs/src/rtc.o
 .debug_loc     0x0000b69f      0xff7 Util/fat_fs/src/sd_spi_stm32.o
 .debug_loc     0x0000c696       0xa7 Util/filter_1200.o
 .debug_loc     0x0000c73d      0x45b Util/filter_190.o
 .debug_loc     0x0000cb98     0x2070 Util/rprintf.o
 .debug_loc     0x0000ec08      0x2d0 Util/wave.o
 .debug_loc     0x0000eed8       0xce adc.o
 .debug_loc     0x0000efa6       0x60 gpio.o
 .debug_loc     0x0000f006      0x3f6 i2c_int.o
 .debug_loc     0x0000f3fc       0xd8 interrupts.o
 .debug_loc     0x0000f4d4       0x82 lib/CMSIS_CM3/system_stm32f10x.o
 .debug_loc     0x0000f556      0x9b3 main.o
 .debug_loc     0x0000ff09       0xe0 pwr.o
 .debug_loc     0x0000ffe9      0x168 syscalls.o
 .debug_loc     0x00010151      0x140 usart.o
 .debug_loc     0x00010291       0x61 watchdog.o

.debug_aranges  0x00000000      0x558
 .debug_aranges
                0x00000000       0x20 Sensors/amb_sensors.o
 .debug_aranges
                0x00000020       0x20 Util/USB/hw_config.o
 .debug_aranges
                0x00000040       0x20 Util/USB/mass_mal.o
 .debug_aranges
                0x00000060       0x20 Util/USB/memory.o
 .debug_aranges
                0x00000080       0x18 Util/USB/scsi_data.o
 .debug_aranges
                0x00000098       0x20 Util/USB/usb_bot.o
 .debug_aranges
                0x000000b8       0x18 Util/USB/usb_desc.o
 .debug_aranges
                0x000000d0       0x20 Util/USB/usb_endp.o
 .debug_aranges
                0x000000f0       0x20 Util/USB/usb_istr.o
 .debug_aranges
                0x00000110       0x20 Util/USB/usb_prop.o
 .debug_aranges
                0x00000130       0x20 Util/USB/usb_pwr.o
 .debug_aranges
                0x00000150       0x20 Util/USB/usb_scsi.o
 .debug_aranges
                0x00000170       0x20 Util/buffer.o
 .debug_aranges
                0x00000190       0x20 Util/delay.o
 .debug_aranges
                0x000001b0       0x20 Util/fat_fs/option/ccsbcs.o
 .debug_aranges
                0x000001d0       0x20 Util/fat_fs/src/fattime.o
 .debug_aranges
                0x000001f0       0x20 Util/fat_fs/src/ff.o
 .debug_aranges
                0x00000210       0x20 Util/fat_fs/src/rtc.o
 .debug_aranges
                0x00000230       0x20 Util/fat_fs/src/sd_spi_stm32.o
 .debug_aranges
                0x00000250       0x20 Util/filter_1200.o
 .debug_aranges
                0x00000270       0x20 Util/filter_190.o
 .debug_aranges
                0x00000290       0x20 Util/rprintf.o
 .debug_aranges
                0x000002b0       0x20 Util/wave.o
 .debug_aranges
                0x000002d0       0x20 adc.o
 .debug_aranges
                0x000002f0       0x20 gpio.o
 .debug_aranges
                0x00000310       0x20 i2c_int.o
 .debug_aranges
                0x00000330       0x20 interrupts.o
 .debug_aranges
                0x00000350       0x20 lib/CMSIS_CM3/system_stm32f10x.o
 .debug_aranges
                0x00000370       0x20 lib/startup_ARMCM3.o
 .debug_aranges
                0x00000390       0x28 main.o
 .debug_aranges
                0x000003b8       0x20 pwr.o
 .debug_aranges
                0x000003d8       0x20 syscalls.o
 .debug_aranges
                0x000003f8       0x20 usart.o
 .debug_aranges
                0x00000418       0x20 watchdog.o
 .debug_aranges
                0x00000438       0x20 /home/laurence/toolchain/lib/gcc/arm-none-eabi/4.7.2/thumb/armv7-m/libgcc.a(_arm_addsubdf3.o)
 .debug_aranges
                0x00000458       0x20 /home/laurence/toolchain/lib/gcc/arm-none-eabi/4.7.2/thumb/armv7-m/libgcc.a(_arm_muldivdf3.o)
 .debug_aranges
                0x00000478       0x20 /home/laurence/toolchain/lib/gcc/arm-none-eabi/4.7.2/thumb/armv7-m/libgcc.a(_arm_cmpdf2.o)
 .debug_aranges
                0x00000498       0x20 /home/laurence/toolchain/lib/gcc/arm-none-eabi/4.7.2/thumb/armv7-m/libgcc.a(_arm_truncdfsf2.o)
 .debug_aranges
                0x000004b8       0x20 /home/laurence/toolchain/lib/gcc/arm-none-eabi/4.7.2/thumb/armv7-m/libgcc.a(_arm_addsubsf3.o)
 .debug_aranges
                0x000004d8       0x20 /home/laurence/toolchain/lib/gcc/arm-none-eabi/4.7.2/thumb/armv7-m/libgcc.a(_arm_muldivsf3.o)
 .debug_aranges
                0x000004f8       0x20 /home/laurence/toolchain/lib/gcc/arm-none-eabi/4.7.2/thumb/armv7-m/libgcc.a(_arm_cmpsf2.o)
 .debug_aranges
                0x00000518       0x20 /home/laurence/toolchain/lib/gcc/arm-none-eabi/4.7.2/thumb/armv7-m/libgcc.a(_arm_fixsfsi.o)
 .debug_aranges
                0x00000538       0x20 /home/laurence/toolchain/lib/gcc/arm-none-eabi/4.7.2/thumb/armv7-m/libgcc.a(_arm_fixunssfsi.o)

.debug_ranges   0x00000000     0x20e0
 .debug_ranges  0x00000000       0x98 Sensors/amb_sensors.o
 .debug_ranges  0x00000098       0x98 Util/USB/hw_config.o
 .debug_ranges  0x00000130       0x70 Util/USB/usb_bot.o
 .debug_ranges  0x000001a0       0x18 Util/USB/usb_prop.o
 .debug_ranges  0x000001b8       0x30 Util/USB/usb_pwr.o
 .debug_ranges  0x000001e8      0x1e0 Util/USB/usb_scsi.o
 .debug_ranges  0x000003c8      0xf10 Util/fat_fs/src/ff.o
 .debug_ranges  0x000012d8       0xd0 Util/fat_fs/src/rtc.o
 .debug_ranges  0x000013a8      0x318 Util/fat_fs/src/sd_spi_stm32.o
 .debug_ranges  0x000016c0      0x700 Util/rprintf.o
 .debug_ranges  0x00001dc0       0x18 Util/wave.o
 .debug_ranges  0x00001dd8       0xc8 i2c_int.o
 .debug_ranges  0x00001ea0       0x38 interrupts.o
 .debug_ranges  0x00001ed8       0x48 lib/CMSIS_CM3/system_stm32f10x.o
 .debug_ranges  0x00001f20      0x180 main.o
 .debug_ranges  0x000020a0       0x40 usart.o

.debug_macro    0x00000000    0x10d6e
 .debug_macro   0x00000000      0x247 Sensors/amb_sensors.o
 .debug_macro   0x00000247      0x820 Sensors/amb_sensors.o
 .debug_macro   0x00000a67       0x46 Sensors/amb_sensors.o
 .debug_macro   0x00000aad       0x22 Sensors/amb_sensors.o
 .debug_macro   0x00000acf      0x214 Sensors/amb_sensors.o
 .debug_macro   0x00000ce3       0xb9 Sensors/amb_sensors.o
 .debug_macro   0x00000d9c     0x7bdb Sensors/amb_sensors.o
 .debug_macro   0x00008977      0x2d0 Sensors/amb_sensors.o
 .debug_macro   0x00008c47      0x144 Sensors/amb_sensors.o
 .debug_macro   0x00008d8b       0x76 Sensors/amb_sensors.o
 .debug_macro   0x00008e01      0x3ad Sensors/amb_sensors.o
 .debug_macro   0x000091ae       0x9a Sensors/amb_sensors.o
 .debug_macro   0x00009248      0x249 Sensors/amb_sensors.o
 .debug_macro   0x00009491      0x295 Sensors/amb_sensors.o
 .debug_macro   0x00009726       0x64 Sensors/amb_sensors.o
 .debug_macro   0x0000978a       0x82 Sensors/amb_sensors.o
 .debug_macro   0x0000980c      0x39c Sensors/amb_sensors.o
 .debug_macro   0x00009ba8       0x58 Sensors/amb_sensors.o
 .debug_macro   0x00009c00      0x2bc Sensors/amb_sensors.o
 .debug_macro   0x00009ebc      0x654 Sensors/amb_sensors.o
 .debug_macro   0x0000a510      0x21f Sensors/amb_sensors.o
 .debug_macro   0x0000a72f       0x34 Sensors/amb_sensors.o
 .debug_macro   0x0000a763       0x8a Sensors/amb_sensors.o
 .debug_macro   0x0000a7ed       0x35 Sensors/amb_sensors.o
 .debug_macro   0x0000a822       0x34 Sensors/amb_sensors.o
 .debug_macro   0x0000a856       0x35 Sensors/amb_sensors.o
 .debug_macro   0x0000a88b       0x95 Sensors/amb_sensors.o
 .debug_macro   0x0000a920       0x10 Sensors/amb_sensors.o
 .debug_macro   0x0000a930       0x89 Sensors/amb_sensors.o
 .debug_macro   0x0000a9b9       0x10 Sensors/amb_sensors.o
 .debug_macro   0x0000a9c9       0x3a Sensors/amb_sensors.o
 .debug_macro   0x0000aa03       0x52 Sensors/amb_sensors.o
 .debug_macro   0x0000aa55       0x19 Sensors/amb_sensors.o
 .debug_macro   0x0000aa6e      0x189 Sensors/amb_sensors.o
 .debug_macro   0x0000abf7       0x10 Sensors/amb_sensors.o
 .debug_macro   0x0000ac07       0xf5 Sensors/amb_sensors.o
 .debug_macro   0x0000acfc       0x22 Sensors/amb_sensors.o
 .debug_macro   0x0000ad1e       0x91 Sensors/amb_sensors.o
 .debug_macro   0x0000adaf       0x16 Sensors/amb_sensors.o
 .debug_macro   0x0000adc5      0x158 Sensors/amb_sensors.o
 .debug_macro   0x0000af1d       0x7c Sensors/amb_sensors.o
 .debug_macro   0x0000af99       0x1c Sensors/amb_sensors.o
 .debug_macro   0x0000afb5       0x22 Sensors/amb_sensors.o
 .debug_macro   0x0000afd7       0x16 Sensors/amb_sensors.o
 .debug_macro   0x0000afed       0x10 Sensors/amb_sensors.o
 .debug_macro   0x0000affd       0xf4 Sensors/amb_sensors.o
 .debug_macro   0x0000b0f1       0x91 Sensors/amb_sensors.o
 .debug_macro   0x0000b182       0xe7 Sensors/amb_sensors.o
 .debug_macro   0x0000b269       0x28 Sensors/amb_sensors.o
 .debug_macro   0x0000b291      0x37b Util/USB/hw_config.o
 .debug_macro   0x0000b60c       0x1c Util/USB/hw_config.o
 .debug_macro   0x0000b628       0x16 Util/USB/hw_config.o
 .debug_macro   0x0000b63e       0xac Util/USB/hw_config.o
 .debug_macro   0x0000b6ea       0xee Util/USB/hw_config.o
 .debug_macro   0x0000b7d8       0x3a Util/USB/hw_config.o
 .debug_macro   0x0000b812       0x7c Util/USB/hw_config.o
 .debug_macro   0x0000b88e      0x44c Util/USB/hw_config.o
 .debug_macro   0x0000bcda       0x28 Util/USB/hw_config.o
 .debug_macro   0x0000bd02       0x5e Util/USB/hw_config.o
 .debug_macro   0x0000bd60       0x10 Util/USB/hw_config.o
 .debug_macro   0x0000bd70       0x35 Util/USB/hw_config.o
 .debug_macro   0x0000bda5       0x1c Util/USB/hw_config.o
 .debug_macro   0x0000bdc1       0x16 Util/USB/hw_config.o
 .debug_macro   0x0000bdd7       0x22 Util/USB/hw_config.o
 .debug_macro   0x0000bdf9       0x34 Util/USB/hw_config.o
 .debug_macro   0x0000be2d      0x389 Util/USB/mass_mal.o
 .debug_macro   0x0000c1b6       0x10 Util/USB/mass_mal.o