Archive member included because of file (symbol)

lib/STM32F10x_StdPeriph_Driver/libstm32fw.a(misc.o)
                              interrupts.o (NVIC_PriorityGroupConfig)
lib/STM32F10x_StdPeriph_Driver/libstm32fw.a(stm32f10x_adc.o)
                              adc.o (ADC_DeInit)
lib/STM32F10x_StdPeriph_Driver/libstm32fw.a(stm32f10x_bkp.o)
                              Util/fat_fs/src/rtc.o (BKP_DeInit)
lib/STM32F10x_StdPeriph_Driver/libstm32fw.a(stm32f10x_dbgmcu.o)
                              main.o (DBGMCU_Config)
lib/STM32F10x_StdPeriph_Driver/libstm32fw.a(stm32f10x_dma.o)
                              Util/fat_fs/src/sd_spi_stm32.o (DMA_DeInit)
lib/STM32F10x_StdPeriph_Driver/libstm32fw.a(stm32f10x_exti.o)
                              interrupts.o (EXTI_DeInit)
lib/STM32F10x_StdPeriph_Driver/libstm32fw.a(stm32f10x_gpio.o)
                              Util/fat_fs/src/sd_spi_stm32.o (GPIO_Init)
lib/STM32F10x_StdPeriph_Driver/libstm32fw.a(stm32f10x_i2c.o)
                              i2c_int.o (I2C_DeInit)
lib/STM32F10x_StdPeriph_Driver/libstm32fw.a(stm32f10x_iwdg.o)
                              watchdog.o (IWDG_WriteAccessCmd)
lib/STM32F10x_StdPeriph_Driver/libstm32fw.a(stm32f10x_pwr.o)
                              pwr.o (PWR_DeInit)
lib/STM32F10x_StdPeriph_Driver/libstm32fw.a(stm32f10x_rcc.o)
                              interrupts.o (RCC_HCLKConfig)
lib/STM32F10x_StdPeriph_Driver/libstm32fw.a(stm32f10x_rtc.o)
                              Util/fat_fs/src/rtc.o (RTC_GetCounter)
lib/STM32F10x_StdPeriph_Driver/libstm32fw.a(stm32f10x_spi.o)
                              Util/fat_fs/src/sd_spi_stm32.o (SPI_I2S_DeInit)
lib/STM32F10x_StdPeriph_Driver/libstm32fw.a(stm32f10x_usart.o)
                              usart.o (USART_Init)
lib/STM32_USB-FS-Device_Driver/libstm32usb.a(usb_core.o)
                              Util/USB/usb_prop.o (Standard_GetDescriptorData)
lib/STM32_USB-FS-Device_Driver/libstm32usb.a(usb_init.o)
                              main.o (USB_Init)
lib/STM32_USB-FS-Device_Driver/libstm32usb.a(usb_int.o)
                              Util/USB/usb_istr.o (CTR_LP)
lib/STM32_USB-FS-Device_Driver/libstm32usb.a(usb_mem.o)
                              lib/STM32_USB-FS-Device_Driver/libstm32usb.a(usb_core.o) (UserToPMABufferCopy)
lib/STM32_USB-FS-Device_Driver/libstm32usb.a(usb_regs.o)
                              Util/USB/usb_prop.o (SetBTABLE)
lib/STM32_USB-FS-Device_Driver/libstm32usb.a(usb_sil.o)
                              Util/USB/usb_prop.o (USB_SIL_Init)
/home/laurence/toolchain/lib/gcc/arm-none-eabi/4.7.2/thumb/armv7-m/libgcc.a(_arm_addsubdf3.o)
                              interrupts.o (__aeabi_f2d)
/home/laurence/toolchain/lib/gcc/arm-none-eabi/4.7.2/thumb/armv7-m/libgcc.a(_arm_muldivdf3.o)
                              interrupts.o (__aeabi_ddiv)
/home/laurence/toolchain/lib/gcc/arm-none-eabi/4.7.2/thumb/armv7-m/libgcc.a(_arm_cmpdf2.o)
                              main.o (__aeabi_dcmpgt)
/home/laurence/toolchain/lib/gcc/arm-none-eabi/4.7.2/thumb/armv7-m/libgcc.a(_arm_truncdfsf2.o)
                              Util/rprintf.o (__aeabi_d2f)
/home/laurence/toolchain/lib/gcc/arm-none-eabi/4.7.2/thumb/armv7-m/libgcc.a(_arm_addsubsf3.o)
                              Sensors/temperature.o (__aeabi_fsub)
/home/laurence/toolchain/lib/gcc/arm-none-eabi/4.7.2/thumb/armv7-m/libgcc.a(_arm_muldivsf3.o)
                              Sensors/temperature.o (__aeabi_fmul)
/home/laurence/toolchain/lib/gcc/arm-none-eabi/4.7.2/thumb/armv7-m/libgcc.a(_arm_cmpsf2.o)
                              Util/rprintf.o (__aeabi_fcmpeq)
/home/laurence/toolchain/lib/gcc/arm-none-eabi/4.7.2/thumb/armv7-m/libgcc.a(_arm_fixsfsi.o)
                              main.o (__aeabi_f2iz)
/home/laurence/toolchain/lib/gcc/arm-none-eabi/4.7.2/thumb/armv7-m/libgcc.a(_arm_fixunssfsi.o)
                              Util/rprintf.o (__aeabi_f2uiz)
/home/laurence/toolchain/lib/gcc/arm-none-eabi/4.7.2/../../../../arm-none-eabi/lib/thumb/armv7-m/libc.a(lib_a-__atexit2.o)
                              /home/laurence/toolchain/lib/gcc/arm-none-eabi/4.7.2/../../../../arm-none-eabi/lib/thumb/armv7-m/crt0.o (__register_exitproc)
/home/laurence/toolchain/lib/gcc/arm-none-eabi/4.7.2/../../../../arm-none-eabi/lib/thumb/armv7-m/libc.a(lib_a-exit.o)
                              /home/laurence/toolchain/lib/gcc/arm-none-eabi/4.7.2/../../../../arm-none-eabi/lib/thumb/armv7-m/crt0.o (exit)
/home/laurence/toolchain/lib/gcc/arm-none-eabi/4.7.2/../../../../arm-none-eabi/lib/thumb/armv7-m/libc.a(lib_a-fini.o)
                              /home/laurence/toolchain/lib/gcc/arm-none-eabi/4.7.2/../../../../arm-none-eabi/lib/thumb/armv7-m/crt0.o (__libc_fini_array)
/home/laurence/toolchain/lib/gcc/arm-none-eabi/4.7.2/../../../../arm-none-eabi/lib/thumb/armv7-m/libc.a(lib_a-impure.o)
[...]
Memory Configuration

Name             Origin             Length             Attributes
RAM              0x20000000         0x00005000         xrw
FLASH            0x08000000         0x00020000         xr
*default*        0x00000000         0xffffffff

Linker script and memory map

LOAD /home/laurence/toolchain/lib/gcc/arm-none-eabi/4.7.2/thumb/armv7-m/crti.o
LOAD /home/laurence/toolchain/lib/gcc/arm-none-eabi/4.7.2/thumb/armv7-m/crtbegin.o
LOAD /home/laurence/toolchain/lib/gcc/arm-none-eabi/4.7.2/../../../../arm-none-eabi/lib/thumb/armv7-m/crt0.o
LOAD Sensors/amb_sensors.o
LOAD Sensors/temperature.o
LOAD Util/USB/hw_config.o
LOAD Util/USB/mass_mal.o
LOAD Util/USB/memory.o
LOAD Util/USB/scsi_data.o
LOAD Util/USB/usb_bot.o
LOAD Util/USB/usb_desc.o
LOAD Util/USB/usb_endp.o
LOAD Util/USB/usb_istr.o
LOAD Util/USB/usb_prop.o
LOAD Util/USB/usb_pwr.o
LOAD Util/USB/usb_scsi.o
LOAD Util/buffer.o
LOAD Util/delay.o
LOAD Util/fat_fs/option/ccsbcs.o
LOAD Util/fat_fs/src/fattime.o
LOAD Util/fat_fs/src/ff.o
LOAD Util/fat_fs/src/rtc.o
LOAD Util/fat_fs/src/sd_spi_stm32.o
LOAD Util/filter_1200.o
LOAD Util/filter_190.o
LOAD Util/rprintf.o
LOAD Util/stm32_eval_spi_sd.o
LOAD Util/wave.o
LOAD adc.o
LOAD gpio.o
LOAD i2c_int.o
LOAD interrupts.o
LOAD lib/CMSIS_CM3/core_cm3.o
LOAD lib/CMSIS_CM3/startup/gcc/startup_stm32f10x_md.o
LOAD lib/CMSIS_CM3/system_stm32f10x.o
LOAD main.o
LOAD pwr.o
LOAD syscalls.o
LOAD usart.o
LOAD watchdog.o
LOAD lib/STM32F10x_StdPeriph_Driver/libstm32fw.a
LOAD lib/STM32_USB-FS-Device_Driver/libstm32usb.a
LOAD /home/laurence/toolchain/lib/gcc/arm-none-eabi/4.7.2/../../../../arm-none-eabi/lib/thumb/armv7-m/libm.a
START GROUP
LOAD /home/laurence/toolchain/lib/gcc/arm-none-eabi/4.7.2/thumb/armv7-m/libgcc.a
LOAD /home/laurence/toolchain/lib/gcc/arm-none-eabi/4.7.2/../../../../arm-none-eabi/lib/thumb/armv7-m/libc.a
END GROUP
LOAD /home/laurence/toolchain/lib/gcc/arm-none-eabi/4.7.2/thumb/armv7-m/crtend.o
LOAD /home/laurence/toolchain/lib/gcc/arm-none-eabi/4.7.2/thumb/armv7-m/crtn.o

.text           0x08000000    0x10bcc
 *(.isr_vector)
 .isr_vector    0x08000000      0x10c lib/CMSIS_CM3/startup/gcc/startup_stm32f10x_md.o
                0x08000000                g_pfnVectors
 *(.text*)
 .text.deregister_tm_clones
                0x0800010c       0x20 /home/laurence/toolchain/lib/gcc/arm-none-eabi/4.7.2/thumb/armv7-m/crtbegin.o
 .text.register_tm_clones
                0x0800012c       0x28 /home/laurence/toolchain/lib/gcc/arm-none-eabi/4.7.2/thumb/armv7-m/crtbegin.o
 .text.__do_global_dtors_aux
                0x08000154       0x2c /home/laurence/toolchain/lib/gcc/arm-none-eabi/4.7.2/thumb/armv7-m/crtbegin.o
 .text.frame_dummy
                0x08000180       0x38 /home/laurence/toolchain/lib/gcc/arm-none-eabi/4.7.2/thumb/armv7-m/crtbegin.o
 .text          0x080001b8      0x2f4 Sensors/amb_sensors.o
                0x080001b8                Allocate_Sensor_Buffers
                0x08000328                Configure_I2C_Driver
                0x08000394                Fill_Sample_Buffers
 .text          0x080004ac      0x2b4 Util/USB/hw_config.o
                0x080004ac                Set_System
                0x080004b4                Set_USBClock
                0x080004cc                Enter_LowPowerMode
                0x080004dc                Leave_LowPowerMode
                0x080004fc                USB_Interrupts_Config
                0x08000538                Led_RW_ON
                0x0800054c                Led_RW_OFF
                0x08000560                USB_Configured_LED
                0x08000574                USB_NotConfigured_LED
                0x08000588                USB_Cable_Config
                0x0800058c                Get_SerialNum
                0x08000758                MAL_Config
 .text          0x08000760      0x114 Util/USB/mass_mal.o
                0x08000760                MAL_Init
                0x080007ac                MAL_Write
                0x080007e0                MAL_Read
                0x08000808                MAL_GetStatus
 .text          0x08000874      0x22c Util/USB/memory.o
                0x08000874                Read_Memory
                0x080009a8                Write_Memory
 .text          0x08000aa0      0x5a0 Util/USB/usb_bot.o
                0x08000acc                Mass_Storage_In
                0x08000b58                CBW_Decode
                0x08000ef4                Mass_Storage_Out
                0x08000f88                Transfer_Data_Request
                0x08000fc0                Set_CSW
                0x08001000                Bot_Abort
 .text          0x08001040        0x8 Util/USB/usb_endp.o
                0x08001040                EP1_IN_Callback
                0x08001044                EP2_OUT_Callback
 .text          0x08001048      0x108 Util/USB/usb_istr.o
                0x08001048                USB_Istr
 .text          0x08001150      0x26c Util/USB/usb_prop.o
                0x08001150                Mass_Storage_SetDeviceAddress
                0x08001160                MASS_Status_In
                0x08001164                MASS_Status_Out
                0x08001168                MASS_Get_Interface_Setting
                0x08001174                Get_Max_Lun
                0x0800118c                MASS_GetStringDescriptor
                0x080011ac                MASS_GetConfigDescriptor
                0x080011b8                MASS_GetDeviceDescriptor
                0x080011c4                Mass_Storage_ClearFeature
                0x080011e0                MASS_Reset
                0x080012dc                MASS_init
                0x08001304                MASS_NoData_Setup
                0x08001354                Mass_Storage_SetConfiguration
                0x08001384                MASS_Data_Setup
 .text          0x080013bc      0x1f4 Util/USB/usb_pwr.o
                0x080013bc                PowerOn
                0x080013f4                PowerOff
                0x0800141c                Suspend
                0x08001460                Resume_Init
                0x080014a0                Resume
 .text          0x080015b0      0x45c Util/USB/usb_scsi.o
                0x080015b0                SCSI_Inquiry_Cmd
                0x080015e8                SCSI_ReadFormatCapacity_Cmd
                0x0800165c                SCSI_ReadCapacity10_Cmd
                0x080016d8                SCSI_ModeSense6_Cmd
                0x080016e8                SCSI_ModeSense10_Cmd
                0x080016f8                SCSI_RequestSense_Cmd
                0x08001714                Set_Scsi_Sense_Data
                0x08001724                SCSI_Start_Stop_Unit_Cmd
                0x0800172c                SCSI_Read10_Cmd
                0x080017dc                SCSI_Write10_Cmd
                0x08001888                SCSI_Verify10_Cmd
                0x080018c8                SCSI_Valid_Cmd
                0x08001900                SCSI_TestUnitReady_Cmd
                0x08001934                SCSI_Format_Cmd
                0x0800194c                SCSI_Invalid_Cmd
                0x08001988                SCSI_Address_Management
 .text          0x08001a0c       0x84 Util/buffer.o
                0x08001a0c                Add_To_Buffer
                0x08001a40                Get_From_Buffer
                0x08001a74                Empty_Buffer
                0x08001a7c                init_buffer
 .text          0x08001a90       0x38 Util/delay.o
                0x08001a90                Delay
 .text          0x08001ac8       0x80 Util/fat_fs/option/ccsbcs.o
                0x08001ac8                ff_convert
                0x08001b18                ff_wtoupper
 .text          0x08001b48       0x44 Util/fat_fs/src/fattime.o
                0x08001b48                get_fattime
 .text          0x08001b8c     0x4f60 Util/fat_fs/src/ff.o
                0x080045d4                clust2sect
                0x080045ec                get_fat
                0x08004600                put_fat
                0x0800461c                gen_numname
                0x08004784                f_mount
                0x080047a4                f_open
                0x08004a08                f_read
                0x08004d20                f_write
                0x080050a4                f_sync
                0x080051fc                f_close
                0x0800520c                f_chdrive
                0x08005220                f_chdir
                0x08005288                f_lseek
                0x08005444                f_opendir
                0x080054b0                f_readdir
                0x08005524                f_stat
                0x0800556c                f_getfree
                0x0800576c                f_truncate
                0x080058f8                f_unlink
                0x08005a1c                f_mkdir
                0x08005e00                f_chmod
                0x08005e64                f_utime
                0x08005ecc                f_rename
                0x080060c8                f_gets
                0x0800615c                f_putc
                0x08006184                f_puts
                0x080061c0                f_printf
 .text          0x08006aec      0x384 Util/fat_fs/src/rtc.o
                0x08006bdc                rtc_gettime
                0x08006c64                my_RTC_SetCounter
                0x08006c88                rtc_settime
                0x08006dc4                rtc_init
 .text          0x08006e70     0x10e8 Util/fat_fs/src/sd_spi_stm32.o
                0x08007398                release_spi
                0x080073dc                wrapup_transaction
                0x0800740c                stop_cmd
                0x08007414                rcvr_datablock
                0x080074e0                disk_initialize
                0x080076c4                disk_status
                0x080076d4                disk_read
                0x0800783c                disk_write
                0x08007a9c                disk_ioctl
                0x08007f1c                disk_timerproc
 .text          0x08007f58       0xb0 Util/filter_1200.o
                0x08007f58                SampleFilter_init_1200
                0x08007f74                SampleFilter_put_1200
                0x08007f90                SampleFilter_get_1200
 .text          0x08008008      0x25c Util/filter_190.o
                0x08008008                SampleFilter_init_190
                0x08008030                SampleFilter_put_190
                0x08008048                SampleFilter_get_190
 .text          0x08008264      0xffc Util/rprintf.o
                0x08008264                rprintfInit
                0x08008270                rprintfChar
                0x08008290                rprintfStr
                0x080082bc                rprintfStrLen
                0x080083bc                rprintfCRLF
                0x080083d4                rprintfu04
                0x080083f8                rprintfu08
                0x08008438                rprintfu16
                0x080084b0                rprintfu32
                0x0800859c                rprintfNum
                0x0800872c                rprintfFloat
                0x08008ac0                rprintf2RamRom
                0x08009210                Isdigit
                0x0800921c                atoiRamRom
                0x08009250                rStrLen
 .text          0x08009260      0x294 Util/wave.o
                0x08009260                write_wave_header
                0x08009348                write_wave_samples
                0x08009474                wave_terminate
 .text          0x080094f4      0x1bc adc.o
                0x080094f4                ADC_Configuration
                0x08009600                readADC2
                0x08009654                setADC2
                0x08009678                getADC2
 .text          0x080096b0      0x218 gpio.o
                0x080096b0                setup_gpio
                0x08009834                switch_leds_on
                0x0800985c                switch_leds_off
                0x08009884                red_flash
                0x080098b8                get_wkup
 .text          0x080098c8      0xba0 i2c_int.o
                0x080098c8                I2C1_EV_IRQHandler
                0x0800a0dc                I2C1_Request_Job
                0x0800a178                I2C1_Setup_Job
                0x0800a18c                I2C_Config
                0x0800a340                I2C1_ER_IRQHandler
 .text          0x0800a468      0x368 interrupts.o
                0x0800a468                ISR_Config
                0x0800a4c8                EXTI_ONOFF_EN
                0x0800a520                SysTick_Configuration
                0x0800a558                EXTI0_IRQHandler
                0x0800a5d4                ADC1_2_IRQHandler
                0x0800a648                SysTick_Handler
                0x0800a7c4                USB_HP_CAN1_TX_IRQHandler
                0x0800a7c8                USB_LP_CAN1_RX0_IRQHandler
 .text.Reset_Handler
                0x0800a7d0       0x48 lib/CMSIS_CM3/startup/gcc/startup_stm32f10x_md.o
                0x0800a7d0                Reset_Handler
 .text.Default_Handler
                0x0800a818        0x4 lib/CMSIS_CM3/startup/gcc/startup_stm32f10x_md.o
                0x0800a818                EXTI2_IRQHandler
                0x0800a818                DebugMon_Handler
                0x0800a818                TIM1_CC_IRQHandler
                0x0800a818                HardFault_Handler
                0x0800a818                PVD_IRQHandler
                0x0800a818                PendSV_Handler
                0x0800a818                NMI_Handler
                0x0800a818                EXTI3_IRQHandler
                0x0800a818                I2C2_EV_IRQHandler
                0x0800a818                UsageFault_Handler
                0x0800a818                SPI1_IRQHandler
                0x0800a818                TAMPER_IRQHandler
                0x0800a818                DMA1_Channel4_IRQHandler
                0x0800a818                USART3_IRQHandler
                0x0800a818                RTC_IRQHandler
                0x0800a818                DMA1_Channel7_IRQHandler
                0x0800a818                CAN1_RX1_IRQHandler
                0x0800a818                TIM4_IRQHandler
                0x0800a818                DMA1_Channel6_IRQHandler
                0x0800a818                TIM3_IRQHandler
                0x0800a818                RCC_IRQHandler
                0x0800a818                TIM1_TRG_COM_IRQHandler
                0x0800a818                DMA1_Channel1_IRQHandler
                0x0800a818                Default_Handler
                0x0800a818                EXTI15_10_IRQHandler
                0x0800a818                EXTI9_5_IRQHandler
                0x0800a818                SPI2_IRQHandler
                0x0800a818                MemManage_Handler
                0x0800a818                SVC_Handler
                0x0800a818                DMA1_Channel5_IRQHandler
                0x0800a818                EXTI4_IRQHandler
                0x0800a818                DMA1_Channel3_IRQHandler
                0x0800a818                TIM1_UP_IRQHandler
                0x0800a818                WWDG_IRQHandler
                0x0800a818                TIM2_IRQHandler
                0x0800a818                TIM1_BRK_IRQHandler
                0x0800a818                EXTI1_IRQHandler
                0x0800a818                RTCAlarm_IRQHandler
                0x0800a818                USART2_IRQHandler
                0x0800a818                I2C2_ER_IRQHandler
                0x0800a818                DMA1_Channel2_IRQHandler
                0x0800a818                CAN1_SCE_IRQHandler
                0x0800a818                FLASH_IRQHandler
                0x0800a818                BusFault_Handler
                0x0800a818                USART1_IRQHandler
                0x0800a818                USBWakeUp_IRQHandler
 .text          0x0800a81c      0x114 lib/CMSIS_CM3/system_stm32f10x.o
                0x0800a81c                SystemInit
 .text          0x0800a930      0x1ec main.o
                0x0800a930                __str_print_char
                0x0800a960                __fat_print_char
                0x0800aaa4                file_preallocation_control
                0x0800aae0                detect_sensors
 *fill*         0x0800ab1c        0x4 00
 .text.startup  0x0800ab20     0x13b0 main.o
                0x0800ab20                main
 .text          0x0800bed0       0xcc pwr.o
                0x0800bed0                setuppwr
                0x0800bee4                shutdown
                0x0800bef4                disable_pin
                0x0800befc                shutdown_filesystem
 .text          0x0800bf9c       0x94 syscalls.o
                0x0800bf9c                _sbrk
                0x0800bfd4                _getpid
                0x0800bfd8                _kill
                0x0800bfec                _exit
                0x0800bff0                _close
                0x0800bff8                _open
                0x0800c000                _fstat
                0x0800c00c                _isatty
                0x0800c010                _lseek
                0x0800c014                _read
                0x0800c018                _write
                0x0800c01c                _gettimeofday
 .text          0x0800c030      0x124 usart.o
                0x0800c030                Usarts_Init
                0x0800c0e4                Default_Usart_Config
                0x0800c0fc                Usart_Send_Str
                0x0800c130                __usart_send_char
 .text          0x0800c154       0x40 watchdog.o
                0x0800c154                Watchdog_Config
                0x0800c180                Watchdog_Reset_Detect
 .text          0x0800c194       0xc0 lib/STM32F10x_StdPeriph_Driver/libstm32fw.a(misc.o)
                0x0800c194                NVIC_PriorityGroupConfig
                0x0800c1a8                NVIC_Init
                0x0800c210                NVIC_SetVectorTable
                0x0800c224                NVIC_SystemLPConfig
                0x0800c23c                SysTick_CLKSourceConfig
 .text          0x0800c254      0x370 lib/STM32F10x_StdPeriph_Driver/libstm32fw.a(stm32f10x_adc.o)
                0x0800c254                ADC_DeInit
                0x0800c2b0                ADC_Init
                0x0800c2f8                ADC_StructInit
                0x0800c30a                ADC_Cmd
                0x0800c31c                ADC_DMACmd
                0x0800c32e                ADC_ITConfig
                0x0800c340                ADC_ResetCalibration
                0x0800c34a                ADC_GetResetCalibrationStatus
                0x0800c352                ADC_StartCalibration
                0x0800c35c                ADC_GetCalibrationStatus
                0x0800c364                ADC_SoftwareStartConvCmd
                0x0800c376                ADC_GetSoftwareStartConvStatus
                0x0800c37e                ADC_DiscModeChannelCountConfig
                0x0800c38e                ADC_DiscModeCmd
                0x0800c3a0                ADC_RegularChannelConfig
                0x0800c43a                ADC_ExternalTrigConvCmd
                0x0800c44c                ADC_GetConversionValue
                0x0800c452                ADC_GetDualModeConversionValue
                0x0800c45c                ADC_AutoInjectedConvCmd
                0x0800c46e                ADC_InjectedDiscModeCmd
                0x0800c480                ADC_ExternalTrigInjectedConvConfig
                0x0800c48c                ADC_ExternalTrigInjectedConvCmd
                0x0800c49e                ADC_SoftwareStartInjectedConvCmd
                0x0800c4b0                ADC_GetSoftwareStartInjectedConvCmdStatus
                0x0800c4b8                ADC_InjectedChannelConfig
                0x0800c518                ADC_InjectedSequencerLengthConfig
                0x0800c528                ADC_SetInjectedOffset
                0x0800c53e                ADC_GetInjectedConversionValue
                0x0800c558                ADC_AnalogWatchdogCmd
                0x0800c568                ADC_AnalogWatchdogThresholdsConfig
                0x0800c56e                ADC_AnalogWatchdogSingleChannelConfig
                0x0800c57a                ADC_TempSensorVrefintCmd
                0x0800c594                ADC_GetFlagStatus
                0x0800c5a0                ADC_ClearFlag
                0x0800c5a6                ADC_GetITStatus
                0x0800c5bc                ADC_ClearITPendingBit
 .text          0x0800c5c4       0xe0 lib/STM32F10x_StdPeriph_Driver/libstm32fw.a(stm32f10x_bkp.o)
                0x0800c5c4                BKP_DeInit
                0x0800c5d6                BKP_TamperPinLevelConfig
                0x0800c5e0                BKP_TamperPinCmd
                0x0800c5ec                BKP_ITConfig
                0x0800c5f8                BKP_RTCOutputConfig
                0x0800c610                BKP_SetRTCCalibrationValue
                0x0800c628                BKP_WriteBackupRegister
                0x0800c644                BKP_ReadBackupRegister
                0x0800c664                BKP_GetFlagStatus
                0x0800c670                BKP_ClearFlag
                0x0800c684                BKP_GetITStatus
                0x0800c690                BKP_ClearITPendingBit
 .text          0x0800c6a4       0x34 lib/STM32F10x_StdPeriph_Driver/libstm32fw.a(stm32f10x_dbgmcu.o)
                0x0800c6a4                DBGMCU_GetREVID
                0x0800c6b0                DBGMCU_GetDEVID
                0x0800c6c0                DBGMCU_Config
 .text          0x0800c6d8      0x1d0 lib/STM32F10x_StdPeriph_Driver/libstm32fw.a(stm32f10x_dma.o)
                0x0800c6d8                DMA_DeInit
                0x0800c7c4                DMA_Init
                0x0800c804                DMA_StructInit
                0x0800c81e                DMA_Cmd
                0x0800c830                DMA_ITConfig
                0x0800c840                DMA_GetCurrDataCounter
                0x0800c846                DMA_GetFlagStatus
                0x0800c864                DMA_ClearFlag
                0x0800c878                DMA_GetITStatus
                0x0800c894                DMA_ClearITPendingBit
 .text          0x0800c8a8      0x10c lib/STM32F10x_StdPeriph_Driver/libstm32fw.a(stm32f10x_exti.o)
                0x0800c8a8                EXTI_DeInit
                0x0800c8c4                EXTI_Init
                0x0800c94c                EXTI_StructInit
                0x0800c95a                EXTI_GenerateSWInterrupt
                0x0800c968                EXTI_GetFlagStatus
                0x0800c97c                EXTI_ClearFlag
                0x0800c988                EXTI_GetITStatus
                0x0800c9a8                EXTI_ClearITPendingBit
 .text          0x0800c9b4      0x278 lib/STM32F10x_StdPeriph_Driver/libstm32fw.a(stm32f10x_gpio.o)
                0x0800c9b4                GPIO_DeInit
                0x0800ca60                GPIO_AFIODeInit
                0x0800ca76                GPIO_Init
                0x0800cb10                GPIO_StructInit
                0x0800cb20                GPIO_ReadInputDataBit
                0x0800cb2c                GPIO_ReadInputData
                0x0800cb32                GPIO_ReadOutputDataBit
                0x0800cb3e                GPIO_ReadOutputData
                0x0800cb44                GPIO_SetBits
                0x0800cb48                GPIO_ResetBits
                0x0800cb4c                GPIO_WriteBit
                0x0800cb56                GPIO_Write
                0x0800cb5a                GPIO_PinLockConfig
                0x0800cb6a                GPIO_EventOutputConfig
                0x0800cb88                GPIO_EventOutputCmd
                0x0800cb94                GPIO_PinRemapConfig
                0x0800cbec                GPIO_EXTILineConfig
                0x0800cc20                GPIO_ETH_MediaInterfaceConfig
 .text          0x0800cc2c      0x398 lib/STM32F10x_StdPeriph_Driver/libstm32fw.a(stm32f10x_i2c.o)
                0x0800cc2c                I2C_DeInit
                0x0800cc60                I2C_Init
                0x0800cd34                I2C_StructInit
                0x0800cd50                I2C_Cmd
                0x0800cd68                I2C_DMACmd
                0x0800cd80                I2C_DMALastTransferCmd
                0x0800cd98                I2C_GenerateSTART
                0x0800cdb0                I2C_GenerateSTOP
                0x0800cdc8                I2C_AcknowledgeConfig
                0x0800cde0                I2C_OwnAddress2Config
                0x0800cdf4                I2C_DualAddressCmd
                0x0800ce0c                I2C_GeneralCallCmd
                0x0800ce24                I2C_ITConfig
                0x0800ce36                I2C_SendData
                0x0800ce3a                I2C_ReceiveData
                0x0800ce40                I2C_Send7bitAddress
                0x0800ce50                I2C_ReadRegister
                0x0800ce68                I2C_SoftwareResetCmd
                0x0800ce80                I2C_SMBusAlertConfig
                0x0800ce9c                I2C_TransmitPEC
                0x0800ceb4                I2C_PECPositionConfig
                0x0800ced0                I2C_CalculatePEC
                0x0800cee8                I2C_GetPEC
                0x0800cef0                I2C_ARPCmd
                0x0800cf08                I2C_StretchClockCmd
                0x0800cf20                I2C_FastModeDutyCycleConfig
                0x0800cf3c                I2C_GetLastEvent
                0x0800cf4c                I2C_CheckEvent
                0x0800cf62                I2C_GetFlagStatus
                0x0800cf96                I2C_ClearFlag
                0x0800cf9e                I2C_GetITStatus
                0x0800cfbc                I2C_ClearITPendingBit
 .text          0x0800cfc4       0x58 lib/STM32F10x_StdPeriph_Driver/libstm32fw.a(stm32f10x_iwdg.o)
                0x0800cfc4                IWDG_WriteAccessCmd
                0x0800cfd0                IWDG_SetPrescaler
                0x0800cfdc                IWDG_SetReload
                0x0800cfe8                IWDG_ReloadCounter
                0x0800cff8                IWDG_Enable
                0x0800d008                IWDG_GetFlagStatus
 .text          0x0800d01c       0xc8 lib/STM32F10x_StdPeriph_Driver/libstm32fw.a(stm32f10x_pwr.o)
                0x0800d01c                PWR_DeInit
                0x0800d036                PWR_BackupAccessCmd
                0x0800d040                PWR_PVDCmd
                0x0800d04c                PWR_PVDLevelConfig
                0x0800d060                PWR_WakeUpPinCmd
                0x0800d06c                PWR_EnterSTOPMode
                0x0800d098                PWR_EnterSTANDBYMode
                0x0800d0c0                PWR_GetFlagStatus
                0x0800d0d4                PWR_ClearFlag
 .text          0x0800d0e4      0x34c lib/STM32F10x_StdPeriph_Driver/libstm32fw.a(stm32f10x_rcc.o)
                0x0800d0e4                RCC_DeInit
                0x0800d124                RCC_HSEConfig
                0x0800d158                RCC_AdjustHSICalibrationValue
                0x0800d16c                RCC_HSICmd
                0x0800d178                RCC_PLLConfig
                0x0800d18c                RCC_PLLCmd
                0x0800d198                RCC_SYSCLKConfig
                0x0800d1ac                RCC_GetSYSCLKSource
                0x0800d1bc                RCC_HCLKConfig
                0x0800d1d0                RCC_PCLK1Config
                0x0800d1e4                RCC_PCLK2Config
                0x0800d1f8                RCC_ITConfig
                0x0800d210                RCC_USBCLKConfig
                0x0800d21c                RCC_ADCCLKConfig
                0x0800d230                RCC_LSEConfig
                0x0800d250                RCC_LSICmd
                0x0800d25c                RCC_RTCCLKConfig
                0x0800d26c                RCC_RTCCLKCmd
                0x0800d278                RCC_GetClocksFreq
                0x0800d310                RCC_AHBPeriphClockCmd
                0x0800d328                RCC_APB2PeriphClockCmd
                0x0800d340                RCC_APB1PeriphClockCmd
                0x0800d358                RCC_APB2PeriphResetCmd
                0x0800d370                RCC_APB1PeriphResetCmd
                0x0800d388                RCC_BackupResetCmd
                0x0800d394                RCC_ClockSecuritySystemCmd
                0x0800d3a0                RCC_MCOConfig
                0x0800d3ac                RCC_GetFlagStatus
                0x0800d3d4                RCC_WaitForHSEStartUp
                0x0800d400                RCC_ClearFlag
                0x0800d410                RCC_GetITStatus
                0x0800d424                RCC_ClearITPendingBit
 .text          0x0800d430      0x164 lib/STM32F10x_StdPeriph_Driver/libstm32fw.a(stm32f10x_rtc.o)
                0x0800d430                RTC_ITConfig
                0x0800d448                RTC_EnterConfigMode
                0x0800d45c                RTC_ExitConfigMode
                0x0800d470                RTC_GetCounter
                0x0800d484                RTC_SetCounter
                0x0800d4a4                RTC_SetPrescaler
                0x0800d4c4                RTC_SetAlarm
                0x0800d4e4                RTC_GetDivider
                0x0800d4fc                RTC_WaitForLastTask
                0x0800d510                RTC_WaitForSynchro
                0x0800d534                RTC_GetFlagStatus
                0x0800d548                RTC_ClearFlag
                0x0800d55c                RTC_GetITStatus
                0x0800d580                RTC_ClearITPendingBit
 .text          0x0800d594      0x2c8 lib/STM32F10x_StdPeriph_Driver/libstm32fw.a(stm32f10x_spi.o)
                0x0800d594                SPI_I2S_DeInit
                0x0800d5f8                SPI_Init
                0x0800d636                I2S_Init
                0x0800d6da                SPI_StructInit
                0x0800d6f2                I2S_StructInit
                0x0800d704                SPI_Cmd
                0x0800d71c                I2S_Cmd
                0x0800d734                SPI_I2S_ITConfig
                0x0800d754                SPI_I2S_DMACmd
                0x0800d766                SPI_I2S_SendData
                0x0800d76a                SPI_I2S_ReceiveData
                0x0800d770                SPI_NSSInternalSoftwareConfig
                0x0800d78e                SPI_SSOutputCmd
                0x0800d7a6                SPI_DataSizeConfig
                0x0800d7bc                SPI_TransmitCRC
                0x0800d7c8                SPI_CalculateCRC
                0x0800d7e0                SPI_GetCRC
                0x0800d7ec                SPI_GetCRCPolynomial
                0x0800d7f2                SPI_BiDirectionalLineConfig
                0x0800d80e                SPI_I2S_GetFlagStatus
                0x0800d81a                SPI_I2S_ClearFlag
                0x0800d822                SPI_I2S_GetITStatus
                0x0800d84a                SPI_I2S_ClearITPendingBit
 .text          0x0800d85c      0x34c lib/STM32F10x_StdPeriph_Driver/libstm32fw.a(stm32f10x_usart.o)
                0x0800d85c                USART_DeInit
                0x0800d8f4                USART_Init
                0x0800d97c                USART_StructInit
                0x0800d992                USART_ClockInit
                0x0800d9b2                USART_ClockStructInit
                0x0800d9be                USART_Cmd
                0x0800d9d6                USART_ITConfig
                0x0800da0a                USART_DMACmd
                0x0800da1c                USART_SetAddress
                0x0800da32                USART_WakeUpConfig
                0x0800da48                USART_ReceiverWakeUpCmd
                0x0800da60                USART_LINBreakDetectLengthConfig
                0x0800da76                USART_LINCmd
                0x0800da8e                USART_SendData
                0x0800da96                USART_ReceiveData
                0x0800da9e                USART_SendBreak
                0x0800daaa                USART_SetGuardTime
                0x0800dabc                USART_SetPrescaler
                0x0800dace                USART_SmartCardCmd
                0x0800dae6                USART_SmartCardNACKCmd
                0x0800dafe                USART_HalfDuplexCmd
                0x0800db16                USART_IrDAConfig
                0x0800db2c                USART_IrDACmd
                0x0800db44                USART_GetFlagStatus
                0x0800db50                USART_ClearFlag
                0x0800db58                USART_GetITStatus
                0x0800db98                USART_ClearITPendingBit
 .text          0x0800dba8      0x9a0 lib/STM32_USB-FS-Device_Driver/libstm32usb.a(usb_core.o)
                0x0800dba8                Standard_GetConfiguration
                0x0800dbd0                Standard_GetInterface
                0x0800dbf8                Standard_GetStatus
                0x0800dd44                Standard_SetConfiguration
                0x0800dd80                Standard_SetInterface
                0x0800ddd0                Standard_ClearFeature
                0x0800deb8                Standard_SetEndPointFeature
                0x0800df50                Standard_SetDeviceFeature
                0x0800df78                Standard_GetDescriptorData
                0x0800df94                Post0_Process
                0x0800dfd8                Out0_Process
                0x0800e0bc                Setup0_Process
                0x0800e43c                SetDeviceAddress
                0x0800e4e4                In0_Process
                0x0800e544                NOP_Process
 .text          0x0800e548       0x44 lib/STM32_USB-FS-Device_Driver/libstm32usb.a(usb_init.o)
                0x0800e548                USB_Init
 .text          0x0800e58c      0x24c lib/STM32_USB-FS-Device_Driver/libstm32usb.a(usb_int.o)
                0x0800e58c                CTR_LP
                0x0800e74c                CTR_HP
 .text          0x0800e7d8       0xc4 lib/STM32_USB-FS-Device_Driver/libstm32usb.a(usb_mem.o)
                0x0800e7d8                UserToPMABufferCopy
                0x0800e850                PMAToUserBufferCopy
 .text          0x0800e89c      0x880 lib/STM32_USB-FS-Device_Driver/libstm32usb.a(usb_regs.o)
                0x0800e89c                SetCNTR
                0x0800e8a8                GetCNTR
                0x0800e8b8                SetISTR
                0x0800e8c4                GetISTR
                0x0800e8d4                GetFNR
                0x0800e8e4                SetDADDR
                0x0800e8f0                GetDADDR
                0x0800e900                SetBTABLE
                0x0800e914                GetBTABLE
                0x0800e924                SetENDPOINT
                0x0800e934                GetENDPOINT
                0x0800e944                SetEPType
                0x0800e95c                GetEPType
                0x0800e970                SetEPTxStatus
                0x0800e9b0                SetEPRxStatus
                0x0800e9f0                SetDouBleBuffEPStall
                0x0800ea1c                GetEPTxStatus
                0x0800ea30                GetEPRxStatus
                0x0800ea44                SetEPTxValid
                0x0800ea68                SetEPRxValid
                0x0800ea8c                SetEP_KIND
                0x0800eaac                ClearEP_KIND
                0x0800eacc                Clear_Status_Out
                0x0800eaec                Set_Status_Out
                0x0800eb0c                SetEPDoubleBuff
                0x0800eb2c                ClearEPDoubleBuff
                0x0800eb4c                GetTxStallStatus
                0x0800eb68                GetRxStallStatus
                0x0800eb84                ClearEP_CTR_RX
                0x0800eb9c                ClearEP_CTR_TX
                0x0800ebb4                ToggleDTOG_RX
                0x0800ebd4                ToggleDTOG_TX
                0x0800ebf4                ClearDTOG_RX
                0x0800ec18                ClearDTOG_TX
                0x0800ec3c                SetEPAddress
                0x0800ec5c                GetEPAddress
                0x0800ec70                SetEPTxAddr
                0x0800ec94                SetEPRxAddr
                0x0800ecbc                GetEPTxAddr
                0x0800ecdc                GetEPRxAddr
                0x0800ecfc                SetEPTxCount
                0x0800ed1c                SetEPCountRxReg
                0x0800ed44                SetEPRxCount
                0x0800ed88                GetEPTxCount
                0x0800edac                GetEPRxCount
                0x0800edd0                SetEPDblBuffAddr
                0x0800ee14                SetEPDblBuf0Addr
                0x0800ee38                SetEPDblBuf1Addr
                0x0800ee60                GetEPDblBuf0Addr
                0x0800ee80                GetEPDblBuf1Addr
                0x0800eea0                SetEPDblBuffCount
                0x0800ef54                SetEPDblBuf0Count
                0x0800efc0                SetEPDblBuf1Count
                0x0800f02c                GetEPDblBuf0Count
                0x0800f050                GetEPDblBuf1Count
                0x0800f074                GetEPDblBufDir
                0x0800f0c0                FreeUserBuffer
                0x0800f108                ToWord
                0x0800f110                ByteSwap
 .text          0x0800f11c       0x78 lib/STM32_USB-FS-Device_Driver/libstm32usb.a(usb_sil.o)
                0x0800f11c                USB_SIL_Init
                0x0800f148                USB_SIL_Write
                0x0800f170                USB_SIL_Read
 .text          0x0800f194      0x370 /home/laurence/toolchain/lib/gcc/arm-none-eabi/4.7.2/thumb/armv7-m/libgcc.a(_arm_addsubdf3.o)
                0x0800f194                __aeabi_drsub
                0x0800f19c                __aeabi_dsub
                0x0800f19c                __subdf3
                0x0800f1a0                __adddf3
                0x0800f1a0                __aeabi_dadd
                0x0800f418                __aeabi_ui2d
                0x0800f418                __floatunsidf
                0x0800f438                __floatsidf
                0x0800f438                __aeabi_i2d
                0x0800f45c                __extendsfdf2
                0x0800f45c                __aeabi_f2d
                0x0800f498                __aeabi_ul2d
                0x0800f498                __floatundidf
                0x0800f4a8                __floatdidf
                0x0800f4a8                __aeabi_l2d
 .text          0x0800f504      0x424 /home/laurence/toolchain/lib/gcc/arm-none-eabi/4.7.2/thumb/armv7-m/libgcc.a(_arm_muldivdf3.o)
                0x0800f504                __aeabi_dmul
                0x0800f504                __muldf3
                0x0800f758                __aeabi_ddiv
                0x0800f758                __divdf3
 .text          0x0800f928      0x110 /home/laurence/toolchain/lib/gcc/arm-none-eabi/4.7.2/thumb/armv7-m/libgcc.a(_arm_cmpdf2.o)
                0x0800f928                __gtdf2
                0x0800f928                __gedf2
                0x0800f930                __ltdf2
                0x0800f930                __ledf2
                0x0800f938                __cmpdf2
                0x0800f938                __eqdf2
                0x0800f938                __nedf2
                0x0800f9b4                __aeabi_cdrcmple
                0x0800f9c4                __aeabi_cdcmple
                0x0800f9c4                __aeabi_cdcmpeq
                0x0800f9d4                __aeabi_dcmpeq
                0x0800f9e8                __aeabi_dcmplt
                0x0800f9fc                __aeabi_dcmple
                0x0800fa10                __aeabi_dcmpge
                0x0800fa24                __aeabi_dcmpgt
 .text          0x0800fa38       0xa0 /home/laurence/toolchain/lib/gcc/arm-none-eabi/4.7.2/thumb/armv7-m/libgcc.a(_arm_truncdfsf2.o)
                0x0800fa38                __aeabi_d2f
                0x0800fa38                __truncdfsf2
 .text          0x0800fad8      0x21c /home/laurence/toolchain/lib/gcc/arm-none-eabi/4.7.2/thumb/armv7-m/libgcc.a(_arm_addsubsf3.o)
                0x0800fad8                __aeabi_frsub
                0x0800fae0                __subsf3
                0x0800fae0                __aeabi_fsub
                0x0800fae4                __aeabi_fadd
                0x0800fae4                __addsf3
                0x0800fc44                __aeabi_ui2f
                0x0800fc44                __floatunsisf
                0x0800fc4c                __aeabi_i2f
                0x0800fc4c                __floatsisf
                0x0800fc68                __floatundisf
                0x0800fc68                __aeabi_ul2f
                0x0800fc78                __floatdisf
                0x0800fc78                __aeabi_l2f
 .text          0x0800fcf4      0x2a0 /home/laurence/toolchain/lib/gcc/arm-none-eabi/4.7.2/thumb/armv7-m/libgcc.a(_arm_muldivsf3.o)
                0x0800fcf4                __mulsf3
                0x0800fcf4                __aeabi_fmul
                0x0800fe5c                __divsf3
                0x0800fe5c                __aeabi_fdiv
 .text          0x0800ff94       0xec /home/laurence/toolchain/lib/gcc/arm-none-eabi/4.7.2/thumb/armv7-m/libgcc.a(_arm_cmpsf2.o)
                0x0800ff94                __gtsf2
                0x0800ff94                __gesf2
                0x0800ff9c                __lesf2
                0x0800ff9c                __ltsf2
                0x0800ffa4                __nesf2
                0x0800ffa4                __eqsf2
                0x0800ffa4                __cmpsf2
                0x08010004                __aeabi_cfrcmple
                0x0801000c                __aeabi_cfcmple
                0x0801000c                __aeabi_cfcmpeq
                0x0801001c                __aeabi_fcmpeq
                0x08010030                __aeabi_fcmplt
                0x08010044                __aeabi_fcmple
                0x08010058                __aeabi_fcmpge
                0x0801006c                __aeabi_fcmpgt
 .text          0x08010080       0x4c /home/laurence/toolchain/lib/gcc/arm-none-eabi/4.7.2/thumb/armv7-m/libgcc.a(_arm_fixsfsi.o)
                0x08010080                __fixsfsi
                0x08010080                __aeabi_f2iz
 .text          0x080100cc       0x40 /home/laurence/toolchain/lib/gcc/arm-none-eabi/4.7.2/thumb/armv7-m/libgcc.a(_arm_fixunssfsi.o)
                0x080100cc                __aeabi_f2uiz
                0x080100cc                __fixunssfsi
 .text.malloc   0x0801010c       0x10 /home/laurence/toolchain/lib/gcc/arm-none-eabi/4.7.2/../../../../arm-none-eabi/lib/thumb/armv7-m/libc.a(lib_a-malloc.o)
                0x0801010c                malloc
 .text._malloc_r
                0x0801011c       0x9c /home/laurence/toolchain/lib/gcc/arm-none-eabi/4.7.2/../../../../arm-none-eabi/lib/thumb/armv7-m/libc.a(lib_a-mallocr.o)
                0x0801011c                _malloc_r
 .text.memcmp   0x080101b8       0x20 /home/laurence/toolchain/lib/gcc/arm-none-eabi/4.7.2/../../../../arm-none-eabi/lib/thumb/armv7-m/libc.a(lib_a-memcmp.o)
                0x080101b8                memcmp
 .text._sbrk_r  0x080101d8       0x20 /home/laurence/toolchain/lib/gcc/arm-none-eabi/4.7.2/../../../../arm-none-eabi/lib/thumb/armv7-m/libc.a(lib_a-sbrkr.o)
                0x080101d8                _sbrk_r
 .text.strlen   0x080101f8       0x10 /home/laurence/toolchain/lib/gcc/arm-none-eabi/4.7.2/../../../../arm-none-eabi/lib/thumb/armv7-m/libc.a(lib_a-strlen.o)
                0x080101f8                strlen
 .text.strncpy  0x08010208       0x2e /home/laurence/toolchain/lib/gcc/arm-none-eabi/4.7.2/../../../../arm-none-eabi/lib/thumb/armv7-m/libc.a(lib_a-strncpy.o)
                0x08010208                strncpy
 *(.init)
 *fill*         0x08010236        0x2 00
 .init          0x08010238        0x4 /home/laurence/toolchain/lib/gcc/arm-none-eabi/4.7.2/thumb/armv7-m/crti.o
                0x08010238                _init
 .init          0x0801023c        0x8 /home/laurence/toolchain/lib/gcc/arm-none-eabi/4.7.2/thumb/armv7-m/crtn.o
 *(.fini)
 .fini          0x08010244        0x4 /home/laurence/toolchain/lib/gcc/arm-none-eabi/4.7.2/thumb/armv7-m/crti.o
                0x08010244                _fini
 .fini          0x08010248        0x8 /home/laurence/toolchain/lib/gcc/arm-none-eabi/4.7.2/thumb/armv7-m/crtn.o
 *crtbegin.o(.ctors)
 *crtbegin?.o(.ctors)
 *(EXCLUDE_FILE(*crtend.o *crtend?.o) .ctors)
 *(SORT(.ctors.*))
 *(.ctors)
 *crtbegin.o(.dtors)
 *crtbegin?.o(.dtors)
 *(EXCLUDE_FILE(*crtend.o *crtend?.o) .dtors)
 *(SORT(.dtors.*))
 *(.dtors)
 *(.rodata*)
 .rodata        0x08010250       0x20 Sensors/amb_sensors.o
                0x08010250                ITG3200_config
                0x08010254                HMC_config
                0x08010258                ADXL_config
                0x08010260                LSM_330_GYRO_config
                0x08010264                LSM_330_ACCEL_FIFO_config
                0x08010268                LSM_330_ACCEL_config
 .rodata        0x08010270       0xac Util/USB/usb_desc.o
                0x08010270                MASS_StringInterface
                0x08010280                MASS_StringProduct
                0x080102b0                MASS_StringVendor
                0x080102e4                MASS_StringLangID
                0x080102e8                MASS_ConfigDescriptor
                0x08010308                MASS_DeviceDescriptor
 .rodata        0x0801031c      0x4c0 Util/fat_fs/option/ccsbcs.o
 .rodata        0x080107dc       0x80 Util/fat_fs/src/ff.o
 .rodata.str1.4
                0x0801085c       0x13 Util/fat_fs/src/ff.o
                                 0x14 (size before relaxing)
 *fill*         0x0801086f        0x1 00
 .rodata        0x08010870        0xc Util/fat_fs/src/rtc.o
 .rodata        0x0801087c       0xf4 Util/filter_1200.o
 .rodata        0x08010970       0x14 Util/rprintf.o
 .rodata.str1.4
                0x08010984        0x6 Util/rprintf.o
                                  0x8 (size before relaxing)
 *fill*         0x0801098a        0x2 00
 .rodata        0x0801098c       0x14 lib/CMSIS_CM3/system_stm32f10x.o
                0x0801098c                SystemFrequency_APB2Clk
                0x08010990                SystemFrequency_APB1Clk
                0x08010994                SystemFrequency_AHBClk
                0x08010998                SystemFrequency_SysClk
                0x0801099c                SystemFrequency
 .rodata.str1.4
                0x080109a0      0x1e3 main.o
                                0x1e8 (size before relaxing)
 *fill*         0x08010b83        0x1 00
 .rodata.str1.4
                0x08010b84       0x40 pwr.o
 .rodata.str1.1
                0x08010bc4        0x2 /home/laurence/toolchain/lib/gcc/arm-none-eabi/4.7.2/../../../../arm-none-eabi/lib/thumb/armv7-m/libc.a(lib_a-impure.o)
 *(.eh_frame*)
 *fill*         0x08010bc6        0x2 00
 .eh_frame      0x08010bc8        0x0 /home/laurence/toolchain/lib/gcc/arm-none-eabi/4.7.2/thumb/armv7-m/crtbegin.o
 .eh_frame      0x08010bc8        0x4 /home/laurence/toolchain/lib/gcc/arm-none-eabi/4.7.2/thumb/armv7-m/crtend.o

.glue_7         0x08010bcc        0x0
 .glue_7        0x00000000        0x0 linker stubs

.glue_7t        0x08010bcc        0x0
 .glue_7t       0x00000000        0x0 linker stubs

.vfp11_veneer   0x08010bcc        0x0
 .vfp11_veneer  0x00000000        0x0 linker stubs

.v4_bx          0x08010bcc        0x0
 .v4_bx         0x00000000        0x0 linker stubs

.iplt           0x08010bcc        0x0
 .iplt          0x00000000        0x0 /home/laurence/toolchain/lib/gcc/arm-none-eabi/4.7.2/thumb/armv7-m/crtbegin.o

.rel.dyn        0x08010bcc        0x0
 .rel.iplt      0x00000000        0x0 /home/laurence/toolchain/lib/gcc/arm-none-eabi/4.7.2/thumb/armv7-m/crtbegin.o

.ARM.extab
 *(.ARM.extab* .gnu.linkonce.armextab.*)
                0x08010bcc                __exidx_start = .

.ARM.exidx
 *(.ARM.exidx* .gnu.linkonce.armexidx.*)
                0x08010bcc                __exidx_end = .
                0x08010bcc                __etext = .

.data           0x20000000      0x268 load address 0x08010bcc
                0x20000000                __data_start__ = .
 *(vtable)
 *(.data*)
 .data          0x20000000       0x80 Sensors/amb_sensors.o
                0x20000000                I2C_jobs
 .data          0x20000080       0x74 Util/USB/scsi_data.o
                0x20000080                ReadFormatCapacity_Data
                0x2000008c                Scsi_Sense_Data
                0x200000a0                Mode_Sense10_data
                0x200000a8                Mode_Sense6_data
                0x200000ac                Standard_Inquiry_Data2
                0x200000d0                Standard_Inquiry_Data
 .data          0x200000f4       0x1c Util/USB/usb_desc.o
                0x200000f4                MASS_StringSerial
 .data          0x20000110       0x38 Util/USB/usb_istr.o
                0x20000110                pEpInt_OUT
                0x2000012c                pEpInt_IN
 .data          0x20000148       0x90 Util/USB/usb_prop.o
                0x20000148                String_Descriptor
                0x20000170                Config_Descriptor
                0x20000178                Device_Descriptor
                0x20000180                Device_Property
                0x200001b0                User_Standard_Requests
                0x200001d4                Device_Table
 .data          0x200001d8        0x1 Util/USB/usb_pwr.o
                0x200001d8                fSuspendEnabled
 *fill*         0x200001d9        0x3 00
 .data          0x200001dc        0x4 Util/fat_fs/src/sd_spi_stm32.o
 .data          0x200001e0       0x14 lib/STM32F10x_StdPeriph_Driver/libstm32fw.a(stm32f10x_rcc.o)
 .data.impure_data
                0x200001f4       0x64 /home/laurence/toolchain/lib/gcc/arm-none-eabi/4.7.2/../../../../arm-none-eabi/lib/thumb/armv7-m/libc.a(lib_a-impure.o)
 .data._impure_ptr
                0x20000258        0x4 /home/laurence/toolchain/lib/gcc/arm-none-eabi/4.7.2/../../../../arm-none-eabi/lib/thumb/armv7-m/libc.a(lib_a-impure.o)
                0x20000258                _impure_ptr
                0x2000025c                . = ALIGN (0x4)
                0x2000025c                PROVIDE (__preinit_array_start, .)
 *(.preinit_array)
                0x2000025c                PROVIDE (__preinit_array_end, .)
                0x2000025c                . = ALIGN (0x4)
                0x2000025c                PROVIDE (__init_array_start, .)
 *(SORT(.init_array.*))
 *(.init_array)
 .init_array    0x2000025c        0x4 /home/laurence/toolchain/lib/gcc/arm-none-eabi/4.7.2/thumb/armv7-m/crtbegin.o
                0x20000260                PROVIDE (__init_array_end, .)
                0x20000260                . = ALIGN (0x4)
                0x20000260                PROVIDE (__fini_array_start, .)
 *(SORT(.fini_array.*))
 *(.fini_array)
 .fini_array    0x20000260        0x4 /home/laurence/toolchain/lib/gcc/arm-none-eabi/4.7.2/thumb/armv7-m/crtbegin.o
                0x20000264                PROVIDE (__fini_array_end, .)
 *(.jcr*)
 .jcr           0x20000264        0x0 /home/laurence/toolchain/lib/gcc/arm-none-eabi/4.7.2/thumb/armv7-m/crtbegin.o
 .jcr           0x20000264        0x4 /home/laurence/toolchain/lib/gcc/arm-none-eabi/4.7.2/thumb/armv7-m/crtend.o
                0x20000268                . = ALIGN (0x4)
                0x20000268                __data_end__ = .

.tm_clone_table
                0x20000268        0x0 load address 0x08010e34
 .tm_clone_table
                0x20000268        0x0 /home/laurence/toolchain/lib/gcc/arm-none-eabi/4.7.2/thumb/armv7-m/crtbegin.o
 .tm_clone_table
                0x20000268        0x0 /home/laurence/toolchain/lib/gcc/arm-none-eabi/4.7.2/thumb/armv7-m/crtend.o

.igot.plt       0x20000268        0x0 load address 0x08010e34
 .igot.plt      0x00000000        0x0 /home/laurence/toolchain/lib/gcc/arm-none-eabi/4.7.2/thumb/armv7-m/crtbegin.o

.bss            0x20000268     0x136c load address 0x08010e34
                0x20000268                . = ALIGN (0x4)
                0x20000268                __bss_start__ = .
 *(.bss*)
 .bss.completed.5900
                0x20000268        0x1 /home/laurence/toolchain/lib/gcc/arm-none-eabi/4.7.2/thumb/armv7-m/crtbegin.o
 *fill*         0x20000269        0x3 00
 .bss.object.5905
                0x2000026c       0x18 /home/laurence/toolchain/lib/gcc/arm-none-eabi/4.7.2/thumb/armv7-m/crtbegin.o
 .bss           0x20000284        0x4 Util/USB/mass_mal.o
                0x20000284                Status
 .bss           0x20000288       0x1c Util/USB/memory.o
                0x20000288                TransferState
                0x20000294                Counter
                0x200002a0                Block_Read_count
 .bss           0x200002a4       0x10 Util/USB/scsi_data.o
                0x200002a4                ReadCapacity10_Data
                0x200002ac                Page00_Inquiry_Data
 .bss           0x200002b4        0x1 Util/USB/usb_istr.o
                0x200002b4                bIntPackSOF
 *fill*         0x200002b5        0x3 00
 .bss           0x200002b8        0x4 Util/USB/usb_prop.o
                0x200002b8                Max_Lun
 .bss           0x200002bc        0x4 Util/USB/usb_pwr.o
                0x200002bc                bDeviceState
 .bss           0x200002c0        0xc Util/fat_fs/src/ff.o
 .bss           0x200002cc       0x10 Util/fat_fs/src/sd_spi_stm32.o
 .bss           0x200002dc       0x84 Util/rprintf.o
 .bss           0x20000360        0x3 i2c_int.o
 *fill*         0x20000363        0x1 00
 .bss           0x20000364        0x8 interrupts.o
 .bss           0x2000036c      0x238 main.o
                0x200005a0                file_opened
 .bss           0x200005a4        0x4 syscalls.o
 .bss           0x200005a8        0x1 lib/STM32_USB-FS-Device_Driver/libstm32usb.a(usb_core.o)
                0x200005a8                Data_Mul_MaxPacketSize
 *fill*         0x200005a9        0x3 00
 .bss.__malloc_free_list
                0x200005ac        0x4 /home/laurence/toolchain/lib/gcc/arm-none-eabi/4.7.2/../../../../arm-none-eabi/lib/thumb/armv7-m/libc.a(lib_a-mallocr.o)
                0x200005ac                __malloc_free_list
 *(COMMON)
 COMMON         0x200005b0      0x637 Sensors/amb_sensors.o
                0x200005b0                LSM330_Gyro_Filter
                0x20000898                LSM330_Accel_Filter
                0x20000b80                Rawdata
                0x20000bc0                LastFifo
                0x20000bc8                RawFifo
                0x20000be6                I2C_Transactions_State
 *fill*         0x20000be7        0x1 00
 COMMON         0x20000be8       0x1c Util/USB/mass_mal.o
                0x20000be8                Mass_Memory_Size
                0x20000bf0                Mass_Block_Size
                0x20000bf8                Mass_Block_Count
                0x20000c00                Data_Buffer
 COMMON         0x20000c04        0x8 Util/USB/memory.o
                0x20000c04                Block_offset
                0x20000c08                Idx
 COMMON         0x20000c0c       0x7c Util/USB/usb_bot.o
                0x20000c0c                CBW
                0x20000c2c                Data_Len
                0x20000c2e                Bot_State
                0x20000c30                SCSI_LBA
                0x20000c34                CSW
                0x20000c44                SCSI_BlkLen
                0x20000c48                Bulk_Data_Buff
 COMMON         0x20000c88        0x2 Util/USB/usb_istr.o
                0x20000c88                wIstr
 *fill*         0x20000c8a        0x2 00
 COMMON         0x20000c8c        0x2 Util/USB/usb_pwr.o
                0x20000c8c                ResumeS
 COMMON         0x20000c8e        0x1 Util/fat_fs/src/sd_spi_stm32.o
                0x20000c8e                Sd_Spi_Called_From_USB_MSC
 COMMON         0x20000c8f        0x1 gpio.o
                0x20000c8f                bootsource
 COMMON         0x20000c90        0xd i2c_int.o
                0x20000c90                I2C1error
                0x20000c94                Jobs
                0x20000c98                Completed_Jobs
                0x20000c9c                job
 *fill*         0x20000c9d        0x3 00
 COMMON         0x20000ca0        0x8 interrupts.o
                0x20000ca0                Button_hold_tim
                0x20000ca4                Battery_Voltage
 COMMON         0x20000ca8      0x8e9 main.o
                0x20000ca8                Sensor_Cable
                0x20000cac                battery_voltage
                0x20000cb0                FATFS_wavfile_accel
                0x20000ed4                forehead_buffer
                0x20000f28                f_err_code
                0x20000f29                System_state_Global
                0x20000f2c                Millis
                0x20000f30                sfe_sensor_buffers
                0x20001020                Sensors
                0x20001024                FATFS_info
                0x20001044                FATFS_wavfile_gyro
                0x20001268                print_string
                0x20001368                a
                0x2000136c                FATFS_logfile
                0x20001590                Shutdown_System
 *fill*         0x20001591        0x3 00
 COMMON         0x20001594        0x2 lib/STM32_USB-FS-Device_Driver/libstm32usb.a(usb_core.o)
                0x20001594                StatusInfo
 *fill*         0x20001596        0x2 00
 COMMON         0x20001598       0x32 lib/STM32_USB-FS-Device_Driver/libstm32usb.a(usb_init.o)
                0x20001598                SaveState
                0x2000159c                pProperty
                0x200015a0                EPindex
                0x200015a4                Device_Info
                0x200015c0                pUser_Standard_Requests
                0x200015c4                pInformation
                0x200015c8                wInterrupt_Mask
 COMMON         0x200015ca        0x4 lib/STM32_USB-FS-Device_Driver/libstm32usb.a(usb_int.o)
                0x200015ca                SaveRState
                0x200015cc                SaveTState
 *fill*         0x200015ce        0x2 00
 COMMON         0x200015d0        0x4 /home/laurence/toolchain/lib/gcc/arm-none-eabi/4.7.2/../../../../arm-none-eabi/lib/thumb/armv7-m/libc.a(lib_a-reent.o)
                0x200015d0                errno
                0x200015d4                . = ALIGN (0x4)
                0x200015d4                __bss_end__ = .

.heap           0x200015d4        0x0
                0x200015d4                __end__ = .
                0x200015d4                end = __end__
 *(.heap*)
                0x200015d4                __HeapLimit = .

.stack_dummy    0x200015d4        0x0
 *(.stack*)
                0x20005000                __StackTop = (ORIGIN (RAM) + 0x5000)
                0x20005000                __StackLimit = (__StackTop - SIZEOF (.stack_dummy))
                0x20005000                PROVIDE (__stack, __StackTop)
                0x00000001                ASSERT ((__StackLimit >= __HeapLimit), region RAM overflowed with stack)
                0x20000268                PROVIDE (_edata, __data_end__)
                0x20000000                PROVIDE (_sdata, __data_start__)
                0x08010bcc                PROVIDE (_sidata, __etext)
                0x20000268                PROVIDE (_sbss, __bss_start__)
                0x200015d4                PROVIDE (_ebss, __bss_end__)
                0x20005000                PROVIDE (_estack, __StackTop)
OUTPUT(main.elf elf32-littlearm)

.ARM.attributes
                0x00000000       0x29
 .ARM.attributes
                0x00000000       0x1d /home/laurence/toolchain/lib/gcc/arm-none-eabi/4.7.2/thumb/armv7-m/crti.o
 .ARM.attributes
                0x0000001d       0x2d /home/laurence/toolchain/lib/gcc/arm-none-eabi/4.7.2/thumb/armv7-m/crtbegin.o
 .ARM.attributes
                0x0000004a       0x33 Sensors/amb_sensors.o
 .ARM.attributes
                0x0000007d       0x33 Util/USB/hw_config.o
 .ARM.attributes
                0x000000b0       0x33 Util/USB/mass_mal.o
 .ARM.attributes
                0x000000e3       0x33 Util/USB/memory.o
 .ARM.attributes
                0x00000116       0x33 Util/USB/scsi_data.o
 .ARM.attributes
                0x00000149       0x33 Util/USB/usb_bot.o
 .ARM.attributes
                0x0000017c       0x33 Util/USB/usb_desc.o
 .ARM.attributes
                0x000001af       0x33 Util/USB/usb_endp.o
 .ARM.attributes
                0x000001e2       0x33 Util/USB/usb_istr.o
 .ARM.attributes
                0x00000215       0x33 Util/USB/usb_prop.o
 .ARM.attributes
                0x00000248       0x33 Util/USB/usb_pwr.o
 .ARM.attributes
                0x0000027b       0x33 Util/USB/usb_scsi.o
 .ARM.attributes
                0x000002ae       0x33 Util/buffer.o
 .ARM.attributes
                0x000002e1       0x33 Util/delay.o
 .ARM.attributes
                0x00000314       0x33 Util/fat_fs/option/ccsbcs.o
 .ARM.attributes
                0x00000347       0x33 Util/fat_fs/src/fattime.o
 .ARM.attributes
                0x0000037a       0x33 Util/fat_fs/src/ff.o
 .ARM.attributes
                0x000003ad       0x33 Util/fat_fs/src/rtc.o
 .ARM.attributes
                0x000003e0       0x33 Util/fat_fs/src/sd_spi_stm32.o
 .ARM.attributes
                0x00000413       0x33 Util/filter_1200.o
 .ARM.attributes
                0x00000446       0x33 Util/filter_190.o
 .ARM.attributes
                0x00000479       0x33 Util/rprintf.o
 .ARM.attributes
                0x000004ac       0x33 Util/wave.o
 .ARM.attributes
                0x000004df       0x33 adc.o
 .ARM.attributes
                0x00000512       0x33 gpio.o
 .ARM.attributes
                0x00000545       0x33 i2c_int.o
 .ARM.attributes
                0x00000578       0x33 interrupts.o
 .ARM.attributes
                0x000005ab       0x21 lib/CMSIS_CM3/startup/gcc/startup_stm32f10x_md.o
 .ARM.attributes
                0x000005cc       0x33 lib/CMSIS_CM3/system_stm32f10x.o
 .ARM.attributes
                0x000005ff       0x33 main.o
 .ARM.attributes
                0x00000632       0x33 pwr.o
 .ARM.attributes
                0x00000665       0x33 syscalls.o
 .ARM.attributes
                0x00000698       0x33 usart.o
 .ARM.attributes
                0x000006cb       0x33 watchdog.o
 .ARM.attributes
                0x000006fe       0x33 lib/STM32F10x_StdPeriph_Driver/libstm32fw.a(misc.o)
 .ARM.attributes
                0x00000731       0x33 lib/STM32F10x_StdPeriph_Driver/libstm32fw.a(stm32f10x_adc.o)
 .ARM.attributes
                0x00000764       0x33 lib/STM32F10x_StdPeriph_Driver/libstm32fw.a(stm32f10x_bkp.o)
 .ARM.attributes
                0x00000797       0x33 lib/STM32F10x_StdPeriph_Driver/libstm32fw.a(stm32f10x_dbgmcu.o)
 .ARM.attributes
                0x000007ca       0x33 lib/STM32F10x_StdPeriph_Driver/libstm32fw.a(stm32f10x_dma.o)
 .ARM.attributes
                0x000007fd       0x33 lib/STM32F10x_StdPeriph_Driver/libstm32fw.a(stm32f10x_exti.o)
 .ARM.attributes
                0x00000830       0x33 lib/STM32F10x_StdPeriph_Driver/libstm32fw.a(stm32f10x_gpio.o)
 .ARM.attributes
                0x00000863       0x33 lib/STM32F10x_StdPeriph_Driver/libstm32fw.a(stm32f10x_i2c.o)
 .ARM.attributes
                0x00000896       0x33 lib/STM32F10x_StdPeriph_Driver/libstm32fw.a(stm32f10x_iwdg.o)
 .ARM.attributes
                0x000008c9       0x33 lib/STM32F10x_StdPeriph_Driver/libstm32fw.a(stm32f10x_pwr.o)
 .ARM.attributes
                0x000008fc       0x33 lib/STM32F10x_StdPeriph_Driver/libstm32fw.a(stm32f10x_rcc.o)
 .ARM.attributes
                0x0000092f       0x33 lib/STM32F10x_StdPeriph_Driver/libstm32fw.a(stm32f10x_rtc.o)
 .ARM.attributes
                0x00000962       0x33 lib/STM32F10x_StdPeriph_Driver/libstm32fw.a(stm32f10x_spi.o)
 .ARM.attributes
                0x00000995       0x33 lib/STM32F10x_StdPeriph_Driver/libstm32fw.a(stm32f10x_usart.o)
 .ARM.attributes
                0x000009c8       0x33 lib/STM32_USB-FS-Device_Driver/libstm32usb.a(usb_core.o)
 .ARM.attributes
                0x000009fb       0x33 lib/STM32_USB-FS-Device_Driver/libstm32usb.a(usb_init.o)
 .ARM.attributes
                0x00000a2e       0x33 lib/STM32_USB-FS-Device_Driver/libstm32usb.a(usb_int.o)
 .ARM.attributes
                0x00000a61       0x33 lib/STM32_USB-FS-Device_Driver/libstm32usb.a(usb_mem.o)
 .ARM.attributes
                0x00000a94       0x33 lib/STM32_USB-FS-Device_Driver/libstm32usb.a(usb_regs.o)
 .ARM.attributes
                0x00000ac7       0x33 lib/STM32_USB-FS-Device_Driver/libstm32usb.a(usb_sil.o)
 .ARM.attributes
                0x00000afa       0x1d /home/laurence/toolchain/lib/gcc/arm-none-eabi/4.7.2/thumb/armv7-m/libgcc.a(_arm_addsubdf3.o)
 .ARM.attributes
                0x00000b17       0x1d /home/laurence/toolchain/lib/gcc/arm-none-eabi/4.7.2/thumb/armv7-m/libgcc.a(_arm_muldivdf3.o)
 .ARM.attributes
                0x00000b34       0x1d /home/laurence/toolchain/lib/gcc/arm-none-eabi/4.7.2/thumb/armv7-m/libgcc.a(_arm_cmpdf2.o)
 .ARM.attributes
                0x00000b51       0x1d /home/laurence/toolchain/lib/gcc/arm-none-eabi/4.7.2/thumb/armv7-m/libgcc.a(_arm_truncdfsf2.o)
 .ARM.attributes
                0x00000b6e       0x1d /home/laurence/toolchain/lib/gcc/arm-none-eabi/4.7.2/thumb/armv7-m/libgcc.a(_arm_addsubsf3.o)
 .ARM.attributes
                0x00000b8b       0x1d /home/laurence/toolchain/lib/gcc/arm-none-eabi/4.7.2/thumb/armv7-m/libgcc.a(_arm_muldivsf3.o)
 .ARM.attributes
                0x00000ba8       0x1d /home/laurence/toolchain/lib/gcc/arm-none-eabi/4.7.2/thumb/armv7-m/libgcc.a(_arm_cmpsf2.o)
 .ARM.attributes
                0x00000bc5       0x1d /home/laurence/toolchain/lib/gcc/arm-none-eabi/4.7.2/thumb/armv7-m/libgcc.a(_arm_fixsfsi.o)
 .ARM.attributes
                0x00000be2       0x1d /home/laurence/toolchain/lib/gcc/arm-none-eabi/4.7.2/thumb/armv7-m/libgcc.a(_arm_fixunssfsi.o)
 .ARM.attributes
                0x00000bff       0x2d /home/laurence/toolchain/lib/gcc/arm-none-eabi/4.7.2/../../../../arm-none-eabi/lib/thumb/armv7-m/libc.a(lib_a-impure.o)
 .ARM.attributes
                0x00000c2c       0x2d /home/laurence/toolchain/lib/gcc/arm-none-eabi/4.7.2/../../../../arm-none-eabi/lib/thumb/armv7-m/libc.a(lib_a-malloc.o)
 .ARM.attributes
                0x00000c59       0x2d /home/laurence/toolchain/lib/gcc/arm-none-eabi/4.7.2/../../../../arm-none-eabi/lib/thumb/armv7-m/libc.a(lib_a-mallocr.o)
 .ARM.attributes
                0x00000c86       0x2d /home/laurence/toolchain/lib/gcc/arm-none-eabi/4.7.2/../../../../arm-none-eabi/lib/thumb/armv7-m/libc.a(lib_a-memcmp.o)
 .ARM.attributes
                0x00000cb3       0x2d /home/laurence/toolchain/lib/gcc/arm-none-eabi/4.7.2/../../../../arm-none-eabi/lib/thumb/armv7-m/libc.a(lib_a-reent.o)
 .ARM.attributes
                0x00000ce0       0x2d /home/laurence/toolchain/lib/gcc/arm-none-eabi/4.7.2/../../../../arm-none-eabi/lib/thumb/armv7-m/libc.a(lib_a-sbrkr.o)
 .ARM.attributes
                0x00000d0d       0x2d /home/laurence/toolchain/lib/gcc/arm-none-eabi/4.7.2/../../../../arm-none-eabi/lib/thumb/armv7-m/libc.a(lib_a-strlen.o)
 .ARM.attributes
                0x00000d3a       0x2d /home/laurence/toolchain/lib/gcc/arm-none-eabi/4.7.2/../../../../arm-none-eabi/lib/thumb/armv7-m/libc.a(lib_a-strncpy.o)
 .ARM.attributes
                0x00000d67       0x2d /home/laurence/toolchain/lib/gcc/arm-none-eabi/4.7.2/thumb/armv7-m/crtend.o
 .ARM.attributes
                0x00000d94       0x1d /home/laurence/toolchain/lib/gcc/arm-none-eabi/4.7.2/thumb/armv7-m/crtn.o

.comment        0x00000000       0xaa
 .comment       0x00000000       0x3a /home/laurence/toolchain/lib/gcc/arm-none-eabi/4.7.2/thumb/armv7-m/crtbegin.o
                                 0x3b (size before relaxing)
 .comment       0x0000003a       0x70 Sensors/amb_sensors.o
                                 0x71 (size before relaxing)
 .comment       0x00000000       0x71 Util/USB/hw_config.o
 .comment       0x00000000       0x71 Util/USB/mass_mal.o
 .comment       0x00000000       0x71 Util/USB/memory.o
 .comment       0x00000000       0x71 Util/USB/scsi_data.o
 .comment       0x00000000       0x71 Util/USB/usb_bot.o
 .comment       0x00000000       0x71 Util/USB/usb_desc.o
 .comment       0x00000000       0x71 Util/USB/usb_endp.o
 .comment       0x00000000       0x71 Util/USB/usb_istr.o
 .comment       0x00000000       0x71 Util/USB/usb_prop.o
 .comment       0x00000000       0x71 Util/USB/usb_pwr.o
 .comment       0x00000000       0x71 Util/USB/usb_scsi.o
 .comment       0x00000000       0x71 Util/buffer.o
 .comment       0x00000000       0x71 Util/delay.o
 .comment       0x00000000       0x71 Util/fat_fs/option/ccsbcs.o
 .comment       0x00000000       0x71 Util/fat_fs/src/fattime.o
 .comment       0x00000000       0x71 Util/fat_fs/src/ff.o
 .comment       0x00000000       0x71 Util/fat_fs/src/rtc.o
 .comment       0x00000000       0x71 Util/fat_fs/src/sd_spi_stm32.o
 .comment       0x00000000       0x71 Util/filter_1200.o
 .comment       0x00000000       0x71 Util/filter_190.o
 .comment       0x00000000       0x71 Util/rprintf.o
 .comment       0x00000000       0x71 Util/wave.o
 .comment       0x00000000       0x3b adc.o
 .comment       0x00000000       0x71 gpio.o
 .comment       0x00000000       0x71 i2c_int.o
 .comment       0x00000000       0x71 interrupts.o
 .comment       0x00000000       0x71 lib/CMSIS_CM3/system_stm32f10x.o
 .comment       0x00000000       0x3b main.o
 .comment       0x00000000       0x71 pwr.o
 .comment       0x00000000       0x71 syscalls.o
 .comment       0x00000000       0x71 usart.o
 .comment       0x00000000       0x71 watchdog.o
 .comment       0x00000000       0x71 lib/STM32F10x_StdPeriph_Driver/libstm32fw.a(misc.o)
 .comment       0x00000000       0x71 lib/STM32F10x_StdPeriph_Driver/libstm32fw.a(stm32f10x_adc.o)
 .comment       0x00000000       0x71 lib/STM32F10x_StdPeriph_Driver/libstm32fw.a(stm32f10x_bkp.o)
 .comment       0x00000000       0x71 lib/STM32F10x_StdPeriph_Driver/libstm32fw.a(stm32f10x_dbgmcu.o)
 .comment       0x00000000       0x71 lib/STM32F10x_StdPeriph_Driver/libstm32fw.a(stm32f10x_dma.o)
 .comment       0x00000000       0x71 lib/STM32F10x_StdPeriph_Driver/libstm32fw.a(stm32f10x_exti.o)
 .comment       0x00000000       0x71 lib/STM32F10x_StdPeriph_Driver/libstm32fw.a(stm32f10x_gpio.o)
 .comment       0x00000000       0x71 lib/STM32F10x_StdPeriph_Driver/libstm32fw.a(stm32f10x_i2c.o)
 .comment       0x00000000       0x71 lib/STM32F10x_StdPeriph_Driver/libstm32fw.a(stm32f10x_iwdg.o)
 .comment       0x00000000       0x71 lib/STM32F10x_StdPeriph_Driver/libstm32fw.a(stm32f10x_pwr.o)
 .comment       0x00000000       0x71 lib/STM32F10x_StdPeriph_Driver/libstm32fw.a(stm32f10x_rcc.o)
 .comment       0x00000000       0x71 lib/STM32F10x_StdPeriph_Driver/libstm32fw.a(stm32f10x_rtc.o)
 .comment       0x00000000       0x71 lib/STM32F10x_StdPeriph_Driver/libstm32fw.a(stm32f10x_spi.o)
 .comment       0x00000000       0x71 lib/STM32F10x_StdPeriph_Driver/libstm32fw.a(stm32f10x_usart.o)
 .comment       0x00000000       0x71 lib/STM32_USB-FS-Device_Driver/libstm32usb.a(usb_core.o)
 .comment       0x00000000       0x71 lib/STM32_USB-FS-Device_Driver/libstm32usb.a(usb_init.o)
 .comment       0x00000000       0x71 lib/STM32_USB-FS-Device_Driver/libstm32usb.a(usb_int.o)
 .comment       0x00000000       0x71 lib/STM32_USB-FS-Device_Driver/libstm32usb.a(usb_mem.o)
 .comment       0x00000000       0x71 lib/STM32_USB-FS-Device_Driver/libstm32usb.a(usb_regs.o)
 .comment       0x00000000       0x71 lib/STM32_USB-FS-Device_Driver/libstm32usb.a(usb_sil.o)
 .comment       0x00000000       0x3b /home/laurence/toolchain/lib/gcc/arm-none-eabi/4.7.2/../../../../arm-none-eabi/lib/thumb/armv7-m/libc.a(lib_a-impure.o)
 .comment       0x00000000       0x3b /home/laurence/toolchain/lib/gcc/arm-none-eabi/4.7.2/../../../../arm-none-eabi/lib/thumb/armv7-m/libc.a(lib_a-malloc.o)
 .comment       0x00000000       0x3b /home/laurence/toolchain/lib/gcc/arm-none-eabi/4.7.2/../../../../arm-none-eabi/lib/thumb/armv7-m/libc.a(lib_a-mallocr.o)
 .comment       0x00000000       0x3b /home/laurence/toolchain/lib/gcc/arm-none-eabi/4.7.2/../../../../arm-none-eabi/lib/thumb/armv7-m/libc.a(lib_a-memcmp.o)
 .comment       0x00000000       0x3b /home/laurence/toolchain/lib/gcc/arm-none-eabi/4.7.2/../../../../arm-none-eabi/lib/thumb/armv7-m/libc.a(lib_a-reent.o)
 .comment       0x00000000       0x3b /home/laurence/toolchain/lib/gcc/arm-none-eabi/4.7.2/../../../../arm-none-eabi/lib/thumb/armv7-m/libc.a(lib_a-sbrkr.o)
 .comment       0x00000000       0x3b /home/laurence/toolchain/lib/gcc/arm-none-eabi/4.7.2/../../../../arm-none-eabi/lib/thumb/armv7-m/libc.a(lib_a-strlen.o)
 .comment       0x00000000       0x3b /home/laurence/toolchain/lib/gcc/arm-none-eabi/4.7.2/../../../../arm-none-eabi/lib/thumb/armv7-m/libc.a(lib_a-strncpy.o)
 .comment       0x00000000       0x3b /home/laurence/toolchain/lib/gcc/arm-none-eabi/4.7.2/thumb/armv7-m/crtend.o

.debug_info     0x00000000    0x16e82
 .debug_info    0x00000000      0xac9 Sensors/amb_sensors.o
 .debug_info    0x00000ac9      0x8f2 Util/USB/hw_config.o
 .debug_info    0x000013bb      0x544 Util/USB/mass_mal.o
 .debug_info    0x000018ff      0x5bf Util/USB/memory.o
 .debug_info    0x00001ebe      0x16a Util/USB/scsi_data.o
 .debug_info    0x00002028      0xa88 Util/USB/usb_bot.o
 .debug_info    0x00002ab0      0x186 Util/USB/usb_desc.o
 .debug_info    0x00002c36       0xd3 Util/USB/usb_endp.o
 .debug_info    0x00002d09      0x357 Util/USB/usb_istr.o
 .debug_info    0x00003060      0xda6 Util/USB/usb_prop.o
 .debug_info    0x00003e06      0x52f Util/USB/usb_pwr.o
 .debug_info    0x00004335      0xcdf Util/USB/usb_scsi.o
 .debug_info    0x00005014      0x1f1 Util/buffer.o
 .debug_info    0x00005205       0xc3 Util/delay.o
 .debug_info    0x000052c8      0x16f Util/fat_fs/option/ccsbcs.o
 .debug_info    0x00005437      0x198 Util/fat_fs/src/fattime.o
 .debug_info    0x000055cf     0x543b Util/fat_fs/src/ff.o
 .debug_info    0x0000aa0a      0x7c7 Util/fat_fs/src/rtc.o
 .debug_info    0x0000b1d1     0x24b8 Util/fat_fs/src/sd_spi_stm32.o
 .debug_info    0x0000d689      0x160 Util/filter_1200.o
 .debug_info    0x0000d7e9      0x159 Util/filter_190.o
 .debug_info    0x0000d942     0x13cb Util/rprintf.o
 .debug_info    0x0000ed0d      0x7ea Util/wave.o
 .debug_info    0x0000f4f7      0x863 adc.o
 .debug_info    0x0000fd5a      0x5ab gpio.o
 .debug_info    0x00010305     0x1119 i2c_int.o
 .debug_info    0x0001141e      0xf5d interrupts.o
 .debug_info    0x0001237b       0x80 lib/CMSIS_CM3/startup/gcc/startup_stm32f10x_md.o
 .debug_info    0x000123fb      0x2da lib/CMSIS_CM3/system_stm32f10x.o
 .debug_info    0x000126d5     0x2cd3 main.o
 .debug_info    0x000153a8      0x6b0 pwr.o
 .debug_info    0x00015a58      0x571 syscalls.o
 .debug_info    0x00015fc9      0x643 usart.o
 .debug_info    0x0001660c      0x1e3 watchdog.o
 .debug_info    0x000167ef       0xbb /home/laurence/toolchain/lib/gcc/arm-none-eabi/4.7.2/thumb/armv7-m/libgcc.a(_arm_addsubdf3.o)
 .debug_info    0x000168aa       0xbb /home/laurence/toolchain/lib/gcc/arm-none-eabi/4.7.2/thumb/armv7-m/libgcc.a(_arm_muldivdf3.o)
 .debug_info    0x00016965       0xbb /home/laurence/toolchain/lib/gcc/arm-none-eabi/4.7.2/thumb/armv7-m/libgcc.a(_arm_cmpdf2.o)
 .debug_info    0x00016a20       0xbb /home/laurence/toolchain/lib/gcc/arm-none-eabi/4.7.2/thumb/armv7-m/libgcc.a(_arm_truncdfsf2.o)
 .debug_info    0x00016adb       0xbb /home/laurence/toolchain/lib/gcc/arm-none-eabi/4.7.2/thumb/armv7-m/libgcc.a(_arm_addsubsf3.o)
 .debug_info    0x00016b96       0xbb /home/laurence/toolchain/lib/gcc/arm-none-eabi/4.7.2/thumb/armv7-m/libgcc.a(_arm_muldivsf3.o)
 .debug_info    0x00016c51       0xbb /home/laurence/toolchain/lib/gcc/arm-none-eabi/4.7.2/thumb/armv7-m/libgcc.a(_arm_cmpsf2.o)
 .debug_info    0x00016d0c       0xbb /home/laurence/toolchain/lib/gcc/arm-none-eabi/4.7.2/thumb/armv7-m/libgcc.a(_arm_fixsfsi.o)
 .debug_info    0x00016dc7       0xbb /home/laurence/toolchain/lib/gcc/arm-none-eabi/4.7.2/thumb/armv7-m/libgcc.a(_arm_fixunssfsi.o)

.debug_abbrev   0x00000000     0x3ff4
 .debug_abbrev  0x00000000      0x163 Sensors/amb_sensors.o
 .debug_abbrev  0x00000163      0x34c Util/USB/hw_config.o
 .debug_abbrev  0x000004af      0x176 Util/USB/mass_mal.o
 .debug_abbrev  0x00000625      0x228 Util/USB/memory.o
 .debug_abbrev  0x0000084d       0x59 Util/USB/scsi_data.o
 .debug_abbrev  0x000008a6      0x26c Util/USB/usb_bot.o
 .debug_abbrev  0x00000b12       0x60 Util/USB/usb_desc.o
 .debug_abbrev  0x00000b72       0x66 Util/USB/usb_endp.o
 .debug_abbrev  0x00000bd8      0x16b Util/USB/usb_istr.o
 .debug_abbrev  0x00000d43      0x33f Util/USB/usb_prop.o
 .debug_abbrev  0x00001082      0x240 Util/USB/usb_pwr.o
 .debug_abbrev  0x000012c2      0x2f6 Util/USB/usb_scsi.o
 .debug_abbrev  0x000015b8      0x105 Util/buffer.o
 .debug_abbrev  0x000016bd       0x82 Util/delay.o
 .debug_abbrev  0x0000173f       0xc7 Util/fat_fs/option/ccsbcs.o
 .debug_abbrev  0x00001806       0xdb Util/fat_fs/src/fattime.o
 .debug_abbrev  0x000018e1      0x3a1 Util/fat_fs/src/ff.o
 .debug_abbrev  0x00001c82      0x308 Util/fat_fs/src/rtc.o
 .debug_abbrev  0x00001f8a      0x411 Util/fat_fs/src/sd_spi_stm32.o
 .debug_abbrev  0x0000239b      0x108 Util/filter_1200.o
 .debug_abbrev  0x000024a3      0x106 Util/filter_190.o
 .debug_abbrev  0x000025a9      0x333 Util/rprintf.o
 .debug_abbrev  0x000028dc      0x19f Util/wave.o
 .debug_abbrev  0x00002a7b      0x1be adc.o
 .debug_abbrev  0x00002c39      0x1e9 gpio.o
 .debug_abbrev  0x00002e22      0x2b5 i2c_int.o
 .debug_abbrev  0x000030d7      0x2c5 interrupts.o
 .debug_abbrev  0x0000339c       0x12 lib/CMSIS_CM3/startup/gcc/startup_stm32f10x_md.o
 .debug_abbrev  0x000033ae      0x116 lib/CMSIS_CM3/system_stm32f10x.o
 .debug_abbrev  0x000034c4      0x3f4 main.o
 .debug_abbrev  0x000038b8      0x209 pwr.o
 .debug_abbrev  0x00003ac1      0x156 syscalls.o
 .debug_abbrev  0x00003c17      0x1fb usart.o
 .debug_abbrev  0x00003e12      0x12e watchdog.o
 .debug_abbrev  0x00003f40       0x14 /home/laurence/toolchain/lib/gcc/arm-none-eabi/4.7.2/thumb/armv7-m/libgcc.a(_arm_addsubdf3.o)
 .debug_abbrev  0x00003f54       0x14 /home/laurence/toolchain/lib/gcc/arm-none-eabi/4.7.2/thumb/armv7-m/libgcc.a(_arm_muldivdf3.o)
 .debug_abbrev  0x00003f68       0x14 /home/laurence/toolchain/lib/gcc/arm-none-eabi/4.7.2/thumb/armv7-m/libgcc.a(_arm_cmpdf2.o)
 .debug_abbrev  0x00003f7c       0x14 /home/laurence/toolchain/lib/gcc/arm-none-eabi/4.7.2/thumb/armv7-m/libgcc.a(_arm_truncdfsf2.o)
 .debug_abbrev  0x00003f90       0x14 /home/laurence/toolchain/lib/gcc/arm-none-eabi/4.7.2/thumb/armv7-m/libgcc.a(_arm_addsubsf3.o)
 .debug_abbrev  0x00003fa4       0x14 /home/laurence/toolchain/lib/gcc/arm-none-eabi/4.7.2/thumb/armv7-m/libgcc.a(_arm_muldivsf3.o)
 .debug_abbrev  0x00003fb8       0x14 /home/laurence/toolchain/lib/gcc/arm-none-eabi/4.7.2/thumb/armv7-m/libgcc.a(_arm_cmpsf2.o)
 .debug_abbrev  0x00003fcc       0x14 /home/laurence/toolchain/lib/gcc/arm-none-eabi/4.7.2/thumb/armv7-m/libgcc.a(_arm_fixsfsi.o)
 .debug_abbrev  0x00003fe0       0x14 /home/laurence/toolchain/lib/gcc/arm-none-eabi/4.7.2/thumb/armv7-m/libgcc.a(_arm_fixunssfsi.o)

.debug_loc      0x00000000    0x11700
 .debug_loc     0x00000000      0x202 Sensors/amb_sensors.o
 .debug_loc     0x00000202      0x275 Util/USB/hw_config.o
 .debug_loc     0x00000477      0x25f Util/USB/mass_mal.o
 .debug_loc     0x000006d6      0x1eb Util/USB/memory.o
 .debug_loc     0x000008c1      0x2fc Util/USB/usb_bot.o
 .debug_loc     0x00000bbd       0x20 Util/USB/usb_istr.o
 .debug_loc     0x00000bdd      0x20c Util/USB/usb_prop.o
 .debug_loc     0x00000de9      0x1eb Util/USB/usb_pwr.o
 .debug_loc     0x00000fd4      0xa3e Util/USB/usb_scsi.o
 .debug_loc     0x00001a12      0x10b Util/buffer.o
 .debug_loc     0x00001b1d       0x6d Util/delay.o
 .debug_loc     0x00001b8a      0x12d Util/fat_fs/option/ccsbcs.o
 .debug_loc     0x00001cb7       0x51 Util/fat_fs/src/fattime.o
 .debug_loc     0x00001d08     0xa1df Util/fat_fs/src/ff.o
 .debug_loc     0x0000bee7      0x53b Util/fat_fs/src/rtc.o
 .debug_loc     0x0000c422     0x11a8 Util/fat_fs/src/sd_spi_stm32.o
 .debug_loc     0x0000d5ca       0xb5 Util/filter_1200.o
 .debug_loc     0x0000d67f      0x41f Util/filter_190.o
 .debug_loc     0x0000da9e     0x2279 Util/rprintf.o
 .debug_loc     0x0000fd17      0x274 Util/wave.o
 .debug_loc     0x0000ff8b       0xce adc.o
 .debug_loc     0x00010059       0x60 gpio.o
 .debug_loc     0x000100b9      0x416 i2c_int.o
 .debug_loc     0x000104cf       0xd8 interrupts.o
 .debug_loc     0x000105a7       0x6a lib/CMSIS_CM3/system_stm32f10x.o
 .debug_loc     0x00010611      0xd26 main.o
 .debug_loc     0x00011337       0xe0 pwr.o
 .debug_loc     0x00011417      0x168 syscalls.o
 .debug_loc     0x0001157f      0x120 usart.o
 .debug_loc     0x0001169f       0x61 watchdog.o

.debug_aranges  0x00000000      0x560
 .debug_aranges
                0x00000000       0x20 Sensors/amb_sensors.o
 .debug_aranges
                0x00000020       0x20 Util/USB/hw_config.o
 .debug_aranges
                0x00000040       0x20 Util/USB/mass_mal.o
 .debug_aranges
                0x00000060       0x20 Util/USB/memory.o
 .debug_aranges
                0x00000080       0x18 Util/USB/scsi_data.o
 .debug_aranges
                0x00000098       0x20 Util/USB/usb_bot.o
 .debug_aranges
                0x000000b8       0x18 Util/USB/usb_desc.o
 .debug_aranges
                0x000000d0       0x20 Util/USB/usb_endp.o
 .debug_aranges
                0x000000f0       0x20 Util/USB/usb_istr.o
 .debug_aranges
                0x00000110       0x20 Util/USB/usb_prop.o
 .debug_aranges
                0x00000130       0x20 Util/USB/usb_pwr.o
 .debug_aranges
                0x00000150       0x20 Util/USB/usb_scsi.o
 .debug_aranges
                0x00000170       0x20 Util/buffer.o
 .debug_aranges
                0x00000190       0x20 Util/delay.o
 .debug_aranges
                0x000001b0       0x20 Util/fat_fs/option/ccsbcs.o
 .debug_aranges
                0x000001d0       0x20 Util/fat_fs/src/fattime.o
 .debug_aranges
                0x000001f0       0x20 Util/fat_fs/src/ff.o
 .debug_aranges
                0x00000210       0x20 Util/fat_fs/src/rtc.o
 .debug_aranges
                0x00000230       0x20 Util/fat_fs/src/sd_spi_stm32.o
 .debug_aranges
                0x00000250       0x20 Util/filter_1200.o
 .debug_aranges
                0x00000270       0x20 Util/filter_190.o
 .debug_aranges
                0x00000290       0x20 Util/rprintf.o
 .debug_aranges
                0x000002b0       0x20 Util/wave.o
 .debug_aranges
                0x000002d0       0x20 adc.o
 .debug_aranges
                0x000002f0       0x20 gpio.o
 .debug_aranges
                0x00000310       0x20 i2c_int.o
 .debug_aranges
                0x00000330       0x20 interrupts.o
 .debug_aranges
                0x00000350       0x28 lib/CMSIS_CM3/startup/gcc/startup_stm32f10x_md.o
 .debug_aranges
                0x00000378       0x20 lib/CMSIS_CM3/system_stm32f10x.o
 .debug_aranges
                0x00000398       0x28 main.o
 .debug_aranges
                0x000003c0       0x20 pwr.o
 .debug_aranges
                0x000003e0       0x20 syscalls.o
 .debug_aranges
                0x00000400       0x20 usart.o
 .debug_aranges
                0x00000420       0x20 watchdog.o
 .debug_aranges
                0x00000440       0x20 /home/laurence/toolchain/lib/gcc/arm-none-eabi/4.7.2/thumb/armv7-m/libgcc.a(_arm_addsubdf3.o)
 .debug_aranges
                0x00000460       0x20 /home/laurence/toolchain/lib/gcc/arm-none-eabi/4.7.2/thumb/armv7-m/libgcc.a(_arm_muldivdf3.o)
 .debug_aranges
                0x00000480       0x20 /home/laurence/toolchain/lib/gcc/arm-none-eabi/4.7.2/thumb/armv7-m/libgcc.a(_arm_cmpdf2.o)
 .debug_aranges
                0x000004a0       0x20 /home/laurence/toolchain/lib/gcc/arm-none-eabi/4.7.2/thumb/armv7-m/libgcc.a(_arm_truncdfsf2.o)
 .debug_aranges
                0x000004c0       0x20 /home/laurence/toolchain/lib/gcc/arm-none-eabi/4.7.2/thumb/armv7-m/libgcc.a(_arm_addsubsf3.o)
 .debug_aranges
                0x000004e0       0x20 /home/laurence/toolchain/lib/gcc/arm-none-eabi/4.7.2/thumb/armv7-m/libgcc.a(_arm_muldivsf3.o)
 .debug_aranges
                0x00000500       0x20 /home/laurence/toolchain/lib/gcc/arm-none-eabi/4.7.2/thumb/armv7-m/libgcc.a(_arm_cmpsf2.o)
 .debug_aranges
                0x00000520       0x20 /home/laurence/toolchain/lib/gcc/arm-none-eabi/4.7.2/thumb/armv7-m/libgcc.a(_arm_fixsfsi.o)
 .debug_aranges
                0x00000540       0x20 /home/laurence/toolchain/lib/gcc/arm-none-eabi/4.7.2/thumb/armv7-m/libgcc.a(_arm_fixunssfsi.o)

.debug_ranges   0x00000000     0x2670
 .debug_ranges  0x00000000       0x88 Sensors/amb_sensors.o
 .debug_ranges  0x00000088       0xf8 Util/USB/hw_config.o
 .debug_ranges  0x00000180       0x60 Util/USB/usb_bot.o
 .debug_ranges  0x000001e0       0x18 Util/USB/usb_prop.o
 .debug_ranges  0x000001f8       0x30 Util/USB/usb_pwr.o
 .debug_ranges  0x00000228      0x1e8 Util/USB/usb_scsi.o
 .debug_ranges  0x00000410     0x12c0 Util/fat_fs/src/ff.o
 .debug_ranges  0x000016d0       0xe0 Util/fat_fs/src/rtc.o
 .debug_ranges  0x000017b0      0x338 Util/fat_fs/src/sd_spi_stm32.o
 .debug_ranges  0x00001ae8      0x778 Util/rprintf.o
 .debug_ranges  0x00002260       0xd0 i2c_int.o
 .debug_ranges  0x00002330       0x30 interrupts.o
 .debug_ranges  0x00002360       0x20 lib/CMSIS_CM3/startup/gcc/startup_stm32f10x_md.o
 .debug_ranges  0x00002380       0x60 lib/CMSIS_CM3/system_stm32f10x.o
 .debug_ranges  0x000023e0      0x258 main.o
 .debug_ranges  0x00002638       0x38 usart.o

.debug_macro    0x00000000    0x118d0
 .debug_macro   0x00000000      0x247 Sensors/amb_sensors.o
 .debug_macro   0x00000247      0x820 Sensors/amb_sensors.o
 .debug_macro   0x00000a67       0x46 Sensors/amb_sensors.o
 .debug_macro   0x00000aad       0x22 Sensors/amb_sensors.o
 .debug_macro   0x00000acf      0x214 Sensors/amb_sensors.o
 .debug_macro   0x00000ce3       0xb9 Sensors/amb_sensors.o
 .debug_macro   0x00000d9c     0x7bdb Sensors/amb_sensors.o
 .debug_macro   0x00008977      0x2d0 Sensors/amb_sensors.o
 .debug_macro   0x00008c47      0x144 Sensors/amb_sensors.o
 .debug_macro   0x00008d8b       0x76 Sensors/amb_sensors.o
 .debug_macro   0x00008e01      0x3ad Sensors/amb_sensors.o
 .debug_macro   0x000091ae       0x9a Sensors/amb_sensors.o
 .debug_macro   0x00009248      0x249 Sensors/amb_sensors.o
 .debug_macro   0x00009491      0x295 Sensors/amb_sensors.o
 .debug_macro   0x00009726       0x64 Sensors/amb_sensors.o
 .debug_macro   0x0000978a       0x82 Sensors/amb_sensors.o
 .debug_macro   0x0000980c      0x39c Sensors/amb_sensors.o
 .debug_macro   0x00009ba8       0x58 Sensors/amb_sensors.o
 .debug_macro   0x00009c00      0x2bc Sensors/amb_sensors.o
 .debug_macro   0x00009ebc      0x654 Sensors/amb_sensors.o
 .debug_macro   0x0000a510      0x21f Sensors/amb_sensors.o
 .debug_macro   0x0000a72f       0x34 Sensors/amb_sensors.o
 .debug_macro   0x0000a763       0x8a Sensors/amb_sensors.o
 .debug_macro   0x0000a7ed       0x35 Sensors/amb_sensors.o
 .debug_macro   0x0000a822       0x3a Sensors/amb_sensors.o
 .debug_macro   0x0000a85c       0x2e Sensors/amb_sensors.o
 .debug_macro   0x0000a88a       0x95 Sensors/amb_sensors.o
 .debug_macro   0x0000a91f       0x10 Sensors/amb_sensors.o
 .debug_macro   0x0000a92f       0x89 Sensors/amb_sensors.o
 .debug_macro   0x0000a9b8       0x10 Sensors/amb_sensors.o
 .debug_macro   0x0000a9c8       0x3a Sensors/amb_sensors.o
 .debug_macro   0x0000aa02       0x52 Sensors/amb_sensors.o
 .debug_macro   0x0000aa54       0x19 Sensors/amb_sensors.o
 .debug_macro   0x0000aa6d      0x16d Sensors/amb_sensors.o
 .debug_macro   0x0000abda       0x10 Sensors/amb_sensors.o
 .debug_macro   0x0000abea       0xf5 Sensors/amb_sensors.o
 .debug_macro   0x0000acdf       0x22 Sensors/amb_sensors.o
 .debug_macro   0x0000ad01       0x91 Sensors/amb_sensors.o
 .debug_macro   0x0000ad92       0x16 Sensors/amb_sensors.o
 .debug_macro   0x0000ada8      0x16d Sensors/amb_sensors.o
 .debug_macro   0x0000af15       0x7c Sensors/amb_sensors.o
 .debug_macro   0x0000af91       0x1c Sensors/amb_sensors.o
 .debug_macro   0x0000afad       0x22 Sensors/amb_sensors.o
 .debug_macro   0x0000afcf       0x16 Sensors/amb_sensors.o
 .debug_macro   0x0000afe5       0x10 Sensors/amb_sensors.o
 .debug_macro   0x0000aff5       0xf4 Sensors/amb_sensors.o
 .debug_macro   0x0000b0e9       0x91 Sensors/amb_sensors.o
 .debug_macro   0x0000b17a       0xe7 Sensors/amb_sensors.o
 .debug_macro   0x0000b261       0x28 Sensors/amb_sensors.o
 .debug_macro   0x0000b289      0x37b Util/USB/hw_config.o
 .debug_macro   0x0000b604       0x1c Util/USB/hw_config.o
 .debug_macro   0x0000b620       0x16 Util/USB/hw_config.o
 .debug_macro   0x0000b636       0xac Util/USB/hw_config.o
 .debug_macro   0x0000b6e2       0xee Util/USB/hw_config.o
 .debug_macro   0x0000b7d0       0x3a Util/USB/hw_config.o
 .debug_macro   0x0000b80a       0x7c Util/USB/hw_config.o
 .debug_macro   0x0000b886      0x44c Util/USB/hw_config.o
 .debug_macro   0x0000bcd2       0x28 Util/USB/hw_config.o
 .debug_macro   0x0000bcfa       0x5e Util/USB/hw_config.o
 .debug_macro   0x0000bd58       0x10 Util/USB/hw_config.o
 .debug_macro   0x0000bd68       0x35 Util/USB/hw_config.o
 .debug_macro   0x0000bd9d       0x1c Util/USB/hw_config.o
 .debug_macro   0x0000bdb9       0x16 Util/USB/hw_config.o
 .debug_macro   0x0000bdcf       0x22 Util/USB/hw_config.o
 .debug_macro   0x0000bdf1       0x34 Util/USB/hw_config.o
 .debug_macro   0x0000be25      0x389 Util/USB/mass_mal.o
 .debug_macro   0x0000c1ae       0x10 Util/USB/mass_mal.o
 .debug_macro   0x0000c1be      0x100 Util/USB/mass_mal.o
 .debug_macro   0x0000c2be       0x16 Util/USB/mass_mal.o
 .debug_macro   0x0000c2d4       0x29 Util/USB/mass_mal.o
 .debug_macro   0x0000c2fd       0x16 Util/USB/mass_mal.o
 .debug_macro   0x0000c313       0x16 Util/USB/mass_mal.o
 .debug_macro   0x0000c329       0x12 Util/USB/mass_mal.o
 .debug_macro   0x0000c33b       0x85 Util/USB/mass_mal.o
 .debug_macro   0x0000c3c0      0x38a Util/USB/memory.o
 .debug_macro   0x0000c74a       0x10 Util/USB/memory.o
 .debug_macro   0x0000c75a      0x19c Util/USB/memory.o
 .debug_macro   0x0000c8f6       0x76 Util/USB/memory.o
 .debug_macro   0x0000c96c       0x10 Util/USB/memory.o
 .debug_macro   0x0000c97c      0x12d Util/USB/scsi_data.o
 .debug_macro   0x0000caa9       0x16 Util/USB/scsi_data.o
 .debug_macro   0x0000cabf      0x19c Util/USB/usb_bot.o
 .debug_macro   0x0000cc5b      0x10b Util/USB/usb_desc.o
 .debug_macro   0x0000cd66       0x2e Util/USB/usb_desc.o
 .debug_macro   0x0000cd94      0x179 Util/USB/usb_endp.o
 .debug_macro   0x0000cf0d      0x18e Util/USB/usb_istr.o
 .debug_macro   0x0000d09b      0x383 Util/USB/usb_prop.o
 .debug_macro   0x0000d41e       0x40 Util/USB/usb_prop.o
 .debug_macro   0x0000d45e      0x18a Util/USB/usb_pwr.o
 .debug_macro   0x0000d5e8      0x390 Util/USB/usb_scsi.o
 .debug_macro   0x0000d978      0x1bd Util/buffer.o
 .debug_macro   0x0000db35      0x104 Util/delay.o
 .debug_macro   0x0000dc39       0x3a Util/fat_fs/option/ccsbcs.o
 .debug_macro   0x0000dc73       0x4f Util/fat_fs/src/fattime.o
 .debug_macro   0x0000dcc2       0x22 Util/fat_fs/src/fattime.o
 .debug_macro   0x0000dce4      0x36a Util/fat_fs/src/ff.o
 .debug_macro   0x0000e04e       0x58 Util/fat_fs/src/ff.o
 .debug_macro   0x0000e0a6      0x116 Util/fat_fs/src/rtc.o
 .debug_macro   0x0000e1bc       0xd7 Util/fat_fs/src/rtc.o
 .debug_macro   0x0000e293      0x4b2 Util/fat_fs/src/sd_spi_stm32.o
 .debug_macro   0x0000e745       0x1a Util/filter_1200.o
 .debug_macro   0x0000e75f       0x1a Util/filter_190.o
 .debug_macro   0x0000e779       0x16 Util/filter_190.o
 .debug_macro   0x0000e78f      0x272 Util/rprintf.o
 .debug_macro   0x0000ea01       0x64 Util/rprintf.o
 .debug_macro   0x0000ea65       0x4a Util/wave.o
 .debug_macro   0x0000eaaf      0x358 adc.o
 .debug_macro   0x0000ee07      0x820 adc.o
 .debug_macro   0x0000f627       0x34 adc.o
 .debug_macro   0x0000f65b       0x35 adc.o
 .debug_macro   0x0000f690      0x189 adc.o
 .debug_macro   0x0000f819      0x158 adc.o
 .debug_macro   0x0000f971       0xbe adc.o
 .debug_macro   0x0000fa2f      0x27d gpio.o
 .debug_macro   0x0000fcac       0x22 gpio.o
 .debug_macro   0x0000fcce      0x254 i2c_int.o
 .debug_macro   0x0000ff22      0x34f interrupts.o
 .debug_macro   0x00010271      0x102 lib/CMSIS_CM3/system_stm32f10x.o
 .debug_macro   0x00010373      0x3a5 main.o
 .debug_macro   0x00010718      0x1da main.o
 .debug_macro   0x000108f2       0x10 main.o
 .debug_macro   0x00010902      0x270 pwr.o
 .debug_macro   0x00010b72      0x178 syscalls.o
 .debug_macro   0x00010cea       0x10 syscalls.o
 .debug_macro   0x00010cfa      0x239 syscalls.o
 .debug_macro   0x00010f33       0x10 syscalls.o
 .debug_macro   0x00010f43       0x16 syscalls.o