Archive member included because of file (symbol)

lib/STM32F10x_StdPeriph_Driver/libstm32fw.a(misc.o)
                              interrupts.o (NVIC_PriorityGroupConfig)
lib/STM32F10x_StdPeriph_Driver/libstm32fw.a(stm32f10x_adc.o)
                              adc.o (ADC_DeInit)
lib/STM32F10x_StdPeriph_Driver/libstm32fw.a(stm32f10x_bkp.o)
                              Util/fat_fs/src/rtc.o (BKP_DeInit)
lib/STM32F10x_StdPeriph_Driver/libstm32fw.a(stm32f10x_dbgmcu.o)
                              main.o (DBGMCU_Config)
lib/STM32F10x_StdPeriph_Driver/libstm32fw.a(stm32f10x_dma.o)
                              Util/fat_fs/src/sd_spi_stm32.o (DMA_DeInit)
lib/STM32F10x_StdPeriph_Driver/libstm32fw.a(stm32f10x_exti.o)
                              interrupts.o (EXTI_DeInit)
lib/STM32F10x_StdPeriph_Driver/libstm32fw.a(stm32f10x_gpio.o)
                              Util/fat_fs/src/sd_spi_stm32.o (GPIO_Init)
lib/STM32F10x_StdPeriph_Driver/libstm32fw.a(stm32f10x_i2c.o)
                              i2c_int.o (I2C_DeInit)
lib/STM32F10x_StdPeriph_Driver/libstm32fw.a(stm32f10x_iwdg.o)
                              watchdog.o (IWDG_WriteAccessCmd)
lib/STM32F10x_StdPeriph_Driver/libstm32fw.a(stm32f10x_pwr.o)
                              pwr.o (PWR_DeInit)
lib/STM32F10x_StdPeriph_Driver/libstm32fw.a(stm32f10x_rcc.o)
                              interrupts.o (RCC_HCLKConfig)
lib/STM32F10x_StdPeriph_Driver/libstm32fw.a(stm32f10x_rtc.o)
                              Util/fat_fs/src/rtc.o (RTC_GetCounter)
lib/STM32F10x_StdPeriph_Driver/libstm32fw.a(stm32f10x_spi.o)
                              Util/fat_fs/src/sd_spi_stm32.o (SPI_I2S_DeInit)
lib/STM32F10x_StdPeriph_Driver/libstm32fw.a(stm32f10x_usart.o)
                              usart.o (USART_Init)
lib/STM32_USB-FS-Device_Driver/libstm32usb.a(usb_core.o)
                              Util/USB/usb_prop.o (Standard_GetDescriptorData)
lib/STM32_USB-FS-Device_Driver/libstm32usb.a(usb_init.o)
                              main.o (USB_Init)
lib/STM32_USB-FS-Device_Driver/libstm32usb.a(usb_int.o)
                              Util/USB/usb_istr.o (CTR_LP)
lib/STM32_USB-FS-Device_Driver/libstm32usb.a(usb_mem.o)
                              lib/STM32_USB-FS-Device_Driver/libstm32usb.a(usb_core.o) (UserToPMABufferCopy)
lib/STM32_USB-FS-Device_Driver/libstm32usb.a(usb_regs.o)
                              Util/USB/usb_prop.o (SetBTABLE)
lib/STM32_USB-FS-Device_Driver/libstm32usb.a(usb_sil.o)
                              Util/USB/usb_prop.o (USB_SIL_Init)
/home/laurence/ARM-GCC/gcc-arm-none-eabi-4_7-2013q3/bin/../lib/gcc/arm-none-eabi/4.7.4/armv7-m/libgcc.a(_arm_addsubdf3.o)
                              interrupts.o (__aeabi_f2d)
/home/laurence/ARM-GCC/gcc-arm-none-eabi-4_7-2013q3/bin/../lib/gcc/arm-none-eabi/4.7.4/armv7-m/libgcc.a(_arm_muldivdf3.o)
                              interrupts.o (__aeabi_ddiv)
/home/laurence/ARM-GCC/gcc-arm-none-eabi-4_7-2013q3/bin/../lib/gcc/arm-none-eabi/4.7.4/armv7-m/libgcc.a(_arm_cmpdf2.o)
                              main.o (__aeabi_dcmpgt)
/home/laurence/ARM-GCC/gcc-arm-none-eabi-4_7-2013q3/bin/../lib/gcc/arm-none-eabi/4.7.4/armv7-m/libgcc.a(_arm_truncdfsf2.o)
                              Util/rprintf.o (__aeabi_d2f)
/home/laurence/ARM-GCC/gcc-arm-none-eabi-4_7-2013q3/bin/../lib/gcc/arm-none-eabi/4.7.4/armv7-m/libgcc.a(_arm_addsubsf3.o)
                              Sensors/temperature.o (__aeabi_fsub)
/home/laurence/ARM-GCC/gcc-arm-none-eabi-4_7-2013q3/bin/../lib/gcc/arm-none-eabi/4.7.4/armv7-m/libgcc.a(_arm_muldivsf3.o)
                              Sensors/temperature.o (__aeabi_fmul)
/home/laurence/ARM-GCC/gcc-arm-none-eabi-4_7-2013q3/bin/../lib/gcc/arm-none-eabi/4.7.4/armv7-m/libgcc.a(_arm_cmpsf2.o)
                              Util/rprintf.o (__aeabi_fcmpeq)
/home/laurence/ARM-GCC/gcc-arm-none-eabi-4_7-2013q3/bin/../lib/gcc/arm-none-eabi/4.7.4/armv7-m/libgcc.a(_arm_fixsfsi.o)
                              main.o (__aeabi_f2iz)
/home/laurence/ARM-GCC/gcc-arm-none-eabi-4_7-2013q3/bin/../lib/gcc/arm-none-eabi/4.7.4/armv7-m/libgcc.a(_arm_fixunssfsi.o)
                              Util/rprintf.o (__aeabi_f2uiz)
/home/laurence/ARM-GCC/gcc-arm-none-eabi-4_7-2013q3/bin/../lib/gcc/arm-none-eabi/4.7.4/../../../../arm-none-eabi/lib/armv7-m/libc.a(lib_a-__atexit.o)
                              /home/laurence/ARM-GCC/gcc-arm-none-eabi-4_7-2013q3/bin/../lib/gcc/arm-none-eabi/4.7.4/../../../../arm-none-eabi/lib/armv7-m/crt0.o (__register_exitproc)
/home/laurence/ARM-GCC/gcc-arm-none-eabi-4_7-2013q3/bin/../lib/gcc/arm-none-eabi/4.7.4/../../../../arm-none-eabi/lib/armv7-m/libc.a(lib_a-exit.o)
                              /home/laurence/ARM-GCC/gcc-arm-none-eabi-4_7-2013q3/bin/../lib/gcc/arm-none-eabi/4.7.4/../../../../arm-none-eabi/lib/armv7-m/crt0.o (exit)
/home/laurence/ARM-GCC/gcc-arm-none-eabi-4_7-2013q3/bin/../lib/gcc/arm-none-eabi/4.7.4/../../../../arm-none-eabi/lib/armv7-m/libc.a(lib_a-fini.o)
[...]
Memory Configuration

Name             Origin             Length             Attributes
RAM              0x20000000         0x00005000         xrw
FLASH            0x08000000         0x00020000         xr
*default*        0x00000000         0xffffffff

Linker script and memory map

LOAD /home/laurence/ARM-GCC/gcc-arm-none-eabi-4_7-2013q3/bin/../lib/gcc/arm-none-eabi/4.7.4/armv7-m/crti.o
LOAD /home/laurence/ARM-GCC/gcc-arm-none-eabi-4_7-2013q3/bin/../lib/gcc/arm-none-eabi/4.7.4/armv7-m/crtbegin.o
LOAD /home/laurence/ARM-GCC/gcc-arm-none-eabi-4_7-2013q3/bin/../lib/gcc/arm-none-eabi/4.7.4/../../../../arm-none-eabi/lib/armv7-m/crt0.o
LOAD Sensors/amb_sensors.o
LOAD Sensors/temperature.o
LOAD Util/USB/hw_config.o
LOAD Util/USB/mass_mal.o
LOAD Util/USB/memory.o
LOAD Util/USB/scsi_data.o
LOAD Util/USB/usb_bot.o
LOAD Util/USB/usb_desc.o
LOAD Util/USB/usb_endp.o
LOAD Util/USB/usb_istr.o
LOAD Util/USB/usb_prop.o
LOAD Util/USB/usb_pwr.o
LOAD Util/USB/usb_scsi.o
LOAD Util/buffer.o
LOAD Util/delay.o
LOAD Util/fat_fs/option/ccsbcs.o
LOAD Util/fat_fs/src/fattime.o
LOAD Util/fat_fs/src/ff.o
LOAD Util/fat_fs/src/rtc.o
LOAD Util/fat_fs/src/sd_spi_stm32.o
LOAD Util/filter_1200.o
LOAD Util/filter_1400.o
LOAD Util/filter_190.o
LOAD Util/rprintf.o
LOAD Util/stm32_eval_spi_sd.o
LOAD Util/wave.o
LOAD adc.o
LOAD gpio.o
LOAD i2c_int.o
LOAD interrupts.o
LOAD lib/CMSIS_CM3/core_cm3.o
LOAD lib/CMSIS_CM3/startup/gcc/startup_stm32f10x_md.o
LOAD lib/CMSIS_CM3/system_stm32f10x.o
LOAD main.o
LOAD pwr.o
LOAD syscalls.o
LOAD usart.o
LOAD watchdog.o
LOAD lib/STM32F10x_StdPeriph_Driver/libstm32fw.a
LOAD lib/STM32_USB-FS-Device_Driver/libstm32usb.a
LOAD /home/laurence/ARM-GCC/gcc-arm-none-eabi-4_7-2013q3/bin/../lib/gcc/arm-none-eabi/4.7.4/../../../../arm-none-eabi/lib/armv7-m/libm.a
START GROUP
LOAD /home/laurence/ARM-GCC/gcc-arm-none-eabi-4_7-2013q3/bin/../lib/gcc/arm-none-eabi/4.7.4/armv7-m/libgcc.a
LOAD /home/laurence/ARM-GCC/gcc-arm-none-eabi-4_7-2013q3/bin/../lib/gcc/arm-none-eabi/4.7.4/../../../../arm-none-eabi/lib/armv7-m/libc.a
END GROUP
LOAD /home/laurence/ARM-GCC/gcc-arm-none-eabi-4_7-2013q3/bin/../lib/gcc/arm-none-eabi/4.7.4/armv7-m/crtend.o
LOAD /home/laurence/ARM-GCC/gcc-arm-none-eabi-4_7-2013q3/bin/../lib/gcc/arm-none-eabi/4.7.4/armv7-m/crtn.o

.text           0x08000000    0x116ac
 *(.isr_vector)
 .isr_vector    0x08000000      0x10c lib/CMSIS_CM3/startup/gcc/startup_stm32f10x_md.o
                0x08000000                g_pfnVectors
 *(.text*)
 .text          0x0800010c       0x54 /home/laurence/ARM-GCC/gcc-arm-none-eabi-4_7-2013q3/bin/../lib/gcc/arm-none-eabi/4.7.4/armv7-m/crtbegin.o
 .text          0x08000160      0x2f4 Sensors/amb_sensors.o
                0x08000160                Allocate_Sensor_Buffers
                0x080002d0                Configure_I2C_Driver
                0x0800033c                Fill_Sample_Buffers
 .text          0x08000454      0x2b4 Util/USB/hw_config.o
                0x08000454                Set_System
                0x0800045c                Set_USBClock
                0x08000474                Enter_LowPowerMode
                0x08000484                Leave_LowPowerMode
                0x080004a4                USB_Interrupts_Config
                0x080004e0                Led_RW_ON
                0x080004f4                Led_RW_OFF
                0x08000508                USB_Configured_LED
                0x0800051c                USB_NotConfigured_LED
                0x08000530                USB_Cable_Config
                0x08000534                Get_SerialNum
                0x08000700                MAL_Config
 .text          0x08000708      0x114 Util/USB/mass_mal.o
                0x08000708                MAL_Init
                0x08000754                MAL_Write
                0x08000788                MAL_Read
                0x080007b0                MAL_GetStatus
 .text          0x0800081c      0x22c Util/USB/memory.o
                0x0800081c                Read_Memory
                0x08000950                Write_Memory
 .text          0x08000a48      0x5a0 Util/USB/usb_bot.o
                0x08000a74                Mass_Storage_In
                0x08000b00                CBW_Decode
                0x08000e9c                Mass_Storage_Out
                0x08000f30                Transfer_Data_Request
                0x08000f68                Set_CSW
                0x08000fa8                Bot_Abort
 .text          0x08000fe8        0x8 Util/USB/usb_endp.o
                0x08000fe8                EP1_IN_Callback
                0x08000fec                EP2_OUT_Callback
 .text          0x08000ff0      0x108 Util/USB/usb_istr.o
                0x08000ff0                USB_Istr
 .text          0x080010f8      0x26c Util/USB/usb_prop.o
                0x080010f8                Mass_Storage_SetDeviceAddress
                0x08001108                MASS_Status_In
                0x0800110c                MASS_Status_Out
                0x08001110                MASS_Get_Interface_Setting
                0x0800111c                Get_Max_Lun
                0x08001134                MASS_GetStringDescriptor
                0x08001154                MASS_GetConfigDescriptor
                0x08001160                MASS_GetDeviceDescriptor
                0x0800116c                Mass_Storage_ClearFeature
                0x08001188                MASS_Reset
                0x08001284                MASS_init
                0x080012ac                MASS_NoData_Setup
                0x080012fc                Mass_Storage_SetConfiguration
                0x0800132c                MASS_Data_Setup
 .text          0x08001364      0x1f4 Util/USB/usb_pwr.o
                0x08001364                PowerOn
                0x0800139c                PowerOff
                0x080013c4                Suspend
                0x08001408                Resume_Init
                0x08001448                Resume
 .text          0x08001558      0x45c Util/USB/usb_scsi.o
                0x08001558                SCSI_Inquiry_Cmd
                0x08001590                SCSI_ReadFormatCapacity_Cmd
                0x08001604                SCSI_ReadCapacity10_Cmd
                0x08001680                SCSI_ModeSense6_Cmd
                0x08001690                SCSI_ModeSense10_Cmd
                0x080016a0                SCSI_RequestSense_Cmd
                0x080016bc                Set_Scsi_Sense_Data
                0x080016cc                SCSI_Start_Stop_Unit_Cmd
                0x080016d4                SCSI_Read10_Cmd
                0x08001784                SCSI_Write10_Cmd
                0x08001830                SCSI_Verify10_Cmd
                0x08001870                SCSI_Valid_Cmd
                0x080018a8                SCSI_TestUnitReady_Cmd
                0x080018dc                SCSI_Format_Cmd
                0x080018f4                SCSI_Invalid_Cmd
                0x08001930                SCSI_Address_Management
 .text          0x080019b4       0x84 Util/buffer.o
                0x080019b4                Add_To_Buffer
                0x080019e8                Get_From_Buffer
                0x08001a1c                Empty_Buffer
                0x08001a24                init_buffer
 .text          0x08001a38       0x38 Util/delay.o
                0x08001a38                Delay
 .text          0x08001a70       0x80 Util/fat_fs/option/ccsbcs.o
                0x08001a70                ff_convert
                0x08001ac0                ff_wtoupper
 .text          0x08001af0       0x44 Util/fat_fs/src/fattime.o
                0x08001af0                get_fattime
 .text          0x08001b34     0x4f50 Util/fat_fs/src/ff.o
                0x0800456c                clust2sect
                0x08004584                get_fat
                0x08004598                put_fat
                0x080045b4                gen_numname
                0x0800471c                f_mount
                0x0800473c                f_open
                0x080049a0                f_read
                0x08004cb8                f_write
                0x0800503c                f_sync
                0x08005194                f_close
                0x080051a4                f_chdrive
                0x080051b8                f_chdir
                0x08005220                f_lseek
                0x080053dc                f_opendir
                0x08005448                f_readdir
                0x080054bc                f_stat
                0x08005504                f_getfree
                0x08005704                f_truncate
                0x08005890                f_unlink
                0x080059b4                f_mkdir
                0x08005d98                f_chmod
                0x08005dfc                f_utime
                0x08005e64                f_rename
                0x08006060                f_gets
                0x080060f4                f_putc
                0x0800611c                f_puts
                0x08006158                f_printf
 .text          0x08006a84      0x384 Util/fat_fs/src/rtc.o
                0x08006b74                rtc_gettime
                0x08006bfc                my_RTC_SetCounter
                0x08006c20                rtc_settime
                0x08006d5c                rtc_init
 .text          0x08006e08     0x10e8 Util/fat_fs/src/sd_spi_stm32.o
                0x08007330                release_spi
                0x08007374                wrapup_transaction
                0x080073a4                stop_cmd
                0x080073ac                rcvr_datablock
                0x08007478                disk_initialize
                0x0800765c                disk_status
                0x0800766c                disk_read
                0x080077d4                disk_write
                0x08007a34                disk_ioctl
                0x08007eb4                disk_timerproc
 .text          0x08007ef0       0xb0 Util/filter_1400.o
                0x08007ef0                SampleFilter_init_1400
                0x08007f0c                SampleFilter_put_1400
                0x08007f28                SampleFilter_get_1400
 .text          0x08007fa0      0x25c Util/filter_190.o
                0x08007fa0                SampleFilter_init_190
                0x08007fc8                SampleFilter_put_190
                0x08007fe0                SampleFilter_get_190
 .text          0x080081fc      0xffc Util/rprintf.o
                0x080081fc                rprintfInit
                0x08008208                rprintfChar
                0x08008228                rprintfStr
                0x08008254                rprintfStrLen
                0x08008354                rprintfCRLF
                0x0800836c                rprintfu04
                0x08008390                rprintfu08
                0x080083d0                rprintfu16
                0x08008448                rprintfu32
                0x08008534                rprintfNum
                0x080086c4                rprintfFloat
                0x08008a58                rprintf2RamRom
                0x080091a8                Isdigit
                0x080091b4                atoiRamRom
                0x080091e8                rStrLen
 .text          0x080091f8      0x294 Util/wave.o
                0x080091f8                write_wave_header
                0x080092e0                write_wave_samples
                0x0800940c                wave_terminate
 .text          0x0800948c      0x1bc adc.o
                0x0800948c                ADC_Configuration
                0x08009598                readADC2
                0x080095ec                setADC2
                0x08009610                getADC2
 .text          0x08009648      0x218 gpio.o
                0x08009648                setup_gpio
                0x080097cc                switch_leds_on
                0x080097f4                switch_leds_off
                0x0800981c                red_flash
                0x08009850                get_wkup
 .text          0x08009860      0xb74 i2c_int.o
                0x08009860                I2C1_EV_IRQHandler
                0x0800a048                I2C1_Request_Job
                0x0800a0e4                I2C1_Setup_Job
                0x0800a0f8                I2C_Config
                0x0800a2ac                I2C1_ER_IRQHandler
 *fill*         0x0800a3d4        0x4 00
 .text          0x0800a3d8      0x368 interrupts.o
                0x0800a3d8                ISR_Config
                0x0800a438                EXTI_ONOFF_EN
                0x0800a490                SysTick_Configuration
                0x0800a4c8                EXTI0_IRQHandler
                0x0800a544                ADC1_2_IRQHandler
                0x0800a5b8                SysTick_Handler
                0x0800a734                USB_HP_CAN1_TX_IRQHandler
                0x0800a738                USB_LP_CAN1_RX0_IRQHandler
 .text.Reset_Handler
                0x0800a740       0x48 lib/CMSIS_CM3/startup/gcc/startup_stm32f10x_md.o
                0x0800a740                Reset_Handler
 .text.Default_Handler
                0x0800a788        0x4 lib/CMSIS_CM3/startup/gcc/startup_stm32f10x_md.o
                0x0800a788                EXTI2_IRQHandler
                0x0800a788                DebugMon_Handler
                0x0800a788                TIM1_CC_IRQHandler
                0x0800a788                HardFault_Handler
                0x0800a788                PVD_IRQHandler
                0x0800a788                PendSV_Handler
                0x0800a788                NMI_Handler
                0x0800a788                EXTI3_IRQHandler
                0x0800a788                I2C2_EV_IRQHandler
                0x0800a788                UsageFault_Handler
                0x0800a788                SPI1_IRQHandler
                0x0800a788                TAMPER_IRQHandler
                0x0800a788                DMA1_Channel4_IRQHandler
                0x0800a788                USART3_IRQHandler
                0x0800a788                RTC_IRQHandler
                0x0800a788                DMA1_Channel7_IRQHandler
                0x0800a788                CAN1_RX1_IRQHandler
                0x0800a788                TIM4_IRQHandler
                0x0800a788                DMA1_Channel6_IRQHandler
                0x0800a788                TIM3_IRQHandler
                0x0800a788                RCC_IRQHandler
                0x0800a788                TIM1_TRG_COM_IRQHandler
                0x0800a788                DMA1_Channel1_IRQHandler
                0x0800a788                Default_Handler
                0x0800a788                EXTI15_10_IRQHandler
                0x0800a788                EXTI9_5_IRQHandler
                0x0800a788                SPI2_IRQHandler
                0x0800a788                MemManage_Handler
                0x0800a788                SVC_Handler
                0x0800a788                DMA1_Channel5_IRQHandler
                0x0800a788                EXTI4_IRQHandler
                0x0800a788                DMA1_Channel3_IRQHandler
                0x0800a788                TIM1_UP_IRQHandler
                0x0800a788                WWDG_IRQHandler
                0x0800a788                TIM2_IRQHandler
                0x0800a788                TIM1_BRK_IRQHandler
                0x0800a788                EXTI1_IRQHandler
                0x0800a788                RTCAlarm_IRQHandler
                0x0800a788                USART2_IRQHandler
                0x0800a788                I2C2_ER_IRQHandler
                0x0800a788                DMA1_Channel2_IRQHandler
                0x0800a788                CAN1_SCE_IRQHandler
                0x0800a788                FLASH_IRQHandler
                0x0800a788                BusFault_Handler
                0x0800a788                USART1_IRQHandler
                0x0800a788                USBWakeUp_IRQHandler
 .text          0x0800a78c      0x114 lib/CMSIS_CM3/system_stm32f10x.o
                0x0800a78c                SystemInit
 .text          0x0800a8a0      0x22c main.o
                0x0800a8a0                __str_print_char
                0x0800a8d0                __fat_print_char
                0x0800aa54                file_preallocation_control
                0x0800aa90                detect_sensors
 *fill*         0x0800aacc        0x4 00
 .text.startup  0x0800aad0     0x1530 main.o
                0x0800aad0                main
 .text          0x0800c000       0xcc pwr.o
                0x0800c000                setuppwr
                0x0800c014                shutdown
                0x0800c024                disable_pin
                0x0800c02c                shutdown_filesystem
 .text          0x0800c0cc       0x94 syscalls.o
                0x0800c0cc                _sbrk
                0x0800c104                _getpid
                0x0800c108                _kill
                0x0800c11c                _exit
                0x0800c120                _close
                0x0800c128                _open
                0x0800c130                _fstat
                0x0800c13c                _isatty
                0x0800c140                _lseek
                0x0800c144                _read
                0x0800c148                _write
                0x0800c14c                _gettimeofday
 .text          0x0800c160      0x124 usart.o
                0x0800c160                Usarts_Init
                0x0800c214                Default_Usart_Config
                0x0800c22c                Usart_Send_Str
                0x0800c260                __usart_send_char
 .text          0x0800c284       0x40 watchdog.o
                0x0800c284                Watchdog_Config
                0x0800c2b0                Watchdog_Reset_Detect
 .text          0x0800c2c4       0xc0 lib/STM32F10x_StdPeriph_Driver/libstm32fw.a(misc.o)
                0x0800c2c4                NVIC_PriorityGroupConfig
                0x0800c2d8                NVIC_Init
                0x0800c340                NVIC_SetVectorTable
                0x0800c354                NVIC_SystemLPConfig
                0x0800c36c                SysTick_CLKSourceConfig
 .text          0x0800c384      0x370 lib/STM32F10x_StdPeriph_Driver/libstm32fw.a(stm32f10x_adc.o)
                0x0800c384                ADC_DeInit
                0x0800c3e0                ADC_Init
                0x0800c428                ADC_StructInit
                0x0800c43a                ADC_Cmd
                0x0800c44c                ADC_DMACmd
                0x0800c45e                ADC_ITConfig
                0x0800c470                ADC_ResetCalibration
                0x0800c47a                ADC_GetResetCalibrationStatus
                0x0800c482                ADC_StartCalibration
                0x0800c48c                ADC_GetCalibrationStatus
                0x0800c494                ADC_SoftwareStartConvCmd
                0x0800c4a6                ADC_GetSoftwareStartConvStatus
                0x0800c4ae                ADC_DiscModeChannelCountConfig
                0x0800c4be                ADC_DiscModeCmd
                0x0800c4d0                ADC_RegularChannelConfig
                0x0800c56a                ADC_ExternalTrigConvCmd
                0x0800c57c                ADC_GetConversionValue
                0x0800c582                ADC_GetDualModeConversionValue
                0x0800c58c                ADC_AutoInjectedConvCmd
                0x0800c59e                ADC_InjectedDiscModeCmd
                0x0800c5b0                ADC_ExternalTrigInjectedConvConfig
                0x0800c5bc                ADC_ExternalTrigInjectedConvCmd
                0x0800c5ce                ADC_SoftwareStartInjectedConvCmd
                0x0800c5e0                ADC_GetSoftwareStartInjectedConvCmdStatus
                0x0800c5e8                ADC_InjectedChannelConfig
                0x0800c648                ADC_InjectedSequencerLengthConfig
                0x0800c658                ADC_SetInjectedOffset
                0x0800c66e                ADC_GetInjectedConversionValue
                0x0800c688                ADC_AnalogWatchdogCmd
                0x0800c698                ADC_AnalogWatchdogThresholdsConfig
                0x0800c69e                ADC_AnalogWatchdogSingleChannelConfig
                0x0800c6aa                ADC_TempSensorVrefintCmd
                0x0800c6c4                ADC_GetFlagStatus
                0x0800c6d0                ADC_ClearFlag
                0x0800c6d6                ADC_GetITStatus
                0x0800c6ec                ADC_ClearITPendingBit
 .text          0x0800c6f4       0xe0 lib/STM32F10x_StdPeriph_Driver/libstm32fw.a(stm32f10x_bkp.o)
                0x0800c6f4                BKP_DeInit
                0x0800c706                BKP_TamperPinLevelConfig
                0x0800c710                BKP_TamperPinCmd
                0x0800c71c                BKP_ITConfig
                0x0800c728                BKP_RTCOutputConfig
                0x0800c740                BKP_SetRTCCalibrationValue
                0x0800c758                BKP_WriteBackupRegister
                0x0800c774                BKP_ReadBackupRegister
                0x0800c794                BKP_GetFlagStatus
                0x0800c7a0                BKP_ClearFlag
                0x0800c7b4                BKP_GetITStatus
                0x0800c7c0                BKP_ClearITPendingBit
 .text          0x0800c7d4       0x34 lib/STM32F10x_StdPeriph_Driver/libstm32fw.a(stm32f10x_dbgmcu.o)
                0x0800c7d4                DBGMCU_GetREVID
                0x0800c7e0                DBGMCU_GetDEVID
                0x0800c7f0                DBGMCU_Config
 .text          0x0800c808      0x1d0 lib/STM32F10x_StdPeriph_Driver/libstm32fw.a(stm32f10x_dma.o)
                0x0800c808                DMA_DeInit
                0x0800c8f4                DMA_Init
                0x0800c934                DMA_StructInit
                0x0800c94e                DMA_Cmd
                0x0800c960                DMA_ITConfig
                0x0800c970                DMA_GetCurrDataCounter
                0x0800c976                DMA_GetFlagStatus
                0x0800c994                DMA_ClearFlag
                0x0800c9a8                DMA_GetITStatus
                0x0800c9c4                DMA_ClearITPendingBit
 .text          0x0800c9d8      0x10c lib/STM32F10x_StdPeriph_Driver/libstm32fw.a(stm32f10x_exti.o)
                0x0800c9d8                EXTI_DeInit
                0x0800c9f4                EXTI_Init
                0x0800ca7c                EXTI_StructInit
                0x0800ca8a                EXTI_GenerateSWInterrupt
                0x0800ca98                EXTI_GetFlagStatus
                0x0800caac                EXTI_ClearFlag
                0x0800cab8                EXTI_GetITStatus
                0x0800cad8                EXTI_ClearITPendingBit
 .text          0x0800cae4      0x278 lib/STM32F10x_StdPeriph_Driver/libstm32fw.a(stm32f10x_gpio.o)
                0x0800cae4                GPIO_DeInit
                0x0800cb90                GPIO_AFIODeInit
                0x0800cba6                GPIO_Init
                0x0800cc40                GPIO_StructInit
                0x0800cc50                GPIO_ReadInputDataBit
                0x0800cc5c                GPIO_ReadInputData
                0x0800cc62                GPIO_ReadOutputDataBit
                0x0800cc6e                GPIO_ReadOutputData
                0x0800cc74                GPIO_SetBits
                0x0800cc78                GPIO_ResetBits
                0x0800cc7c                GPIO_WriteBit
                0x0800cc86                GPIO_Write
                0x0800cc8a                GPIO_PinLockConfig
                0x0800cc9a                GPIO_EventOutputConfig
                0x0800ccb8                GPIO_EventOutputCmd
                0x0800ccc4                GPIO_PinRemapConfig
                0x0800cd1c                GPIO_EXTILineConfig
                0x0800cd50                GPIO_ETH_MediaInterfaceConfig
 .text          0x0800cd5c      0x398 lib/STM32F10x_StdPeriph_Driver/libstm32fw.a(stm32f10x_i2c.o)
                0x0800cd5c                I2C_DeInit
                0x0800cd90                I2C_Init
                0x0800ce64                I2C_StructInit
                0x0800ce80                I2C_Cmd
                0x0800ce98                I2C_DMACmd
                0x0800ceb0                I2C_DMALastTransferCmd
                0x0800cec8                I2C_GenerateSTART
                0x0800cee0                I2C_GenerateSTOP
                0x0800cef8                I2C_AcknowledgeConfig
                0x0800cf10                I2C_OwnAddress2Config
                0x0800cf24                I2C_DualAddressCmd
                0x0800cf3c                I2C_GeneralCallCmd
                0x0800cf54                I2C_ITConfig
                0x0800cf66                I2C_SendData
                0x0800cf6a                I2C_ReceiveData
                0x0800cf70                I2C_Send7bitAddress
                0x0800cf80                I2C_ReadRegister
                0x0800cf98                I2C_SoftwareResetCmd
                0x0800cfb0                I2C_SMBusAlertConfig
                0x0800cfcc                I2C_TransmitPEC
                0x0800cfe4                I2C_PECPositionConfig
                0x0800d000                I2C_CalculatePEC
                0x0800d018                I2C_GetPEC
                0x0800d020                I2C_ARPCmd
                0x0800d038                I2C_StretchClockCmd
                0x0800d050                I2C_FastModeDutyCycleConfig
                0x0800d06c                I2C_GetLastEvent
                0x0800d07c                I2C_CheckEvent
                0x0800d092                I2C_GetFlagStatus
                0x0800d0c6                I2C_ClearFlag
                0x0800d0ce                I2C_GetITStatus
                0x0800d0ec                I2C_ClearITPendingBit
 .text          0x0800d0f4       0x58 lib/STM32F10x_StdPeriph_Driver/libstm32fw.a(stm32f10x_iwdg.o)
                0x0800d0f4                IWDG_WriteAccessCmd
                0x0800d100                IWDG_SetPrescaler
                0x0800d10c                IWDG_SetReload
                0x0800d118                IWDG_ReloadCounter
                0x0800d128                IWDG_Enable
                0x0800d138                IWDG_GetFlagStatus
 .text          0x0800d14c       0xc8 lib/STM32F10x_StdPeriph_Driver/libstm32fw.a(stm32f10x_pwr.o)
                0x0800d14c                PWR_DeInit
                0x0800d166                PWR_BackupAccessCmd
                0x0800d170                PWR_PVDCmd
                0x0800d17c                PWR_PVDLevelConfig
                0x0800d190                PWR_WakeUpPinCmd
                0x0800d19c                PWR_EnterSTOPMode
                0x0800d1c8                PWR_EnterSTANDBYMode
                0x0800d1f0                PWR_GetFlagStatus
                0x0800d204                PWR_ClearFlag
 .text          0x0800d214      0x34c lib/STM32F10x_StdPeriph_Driver/libstm32fw.a(stm32f10x_rcc.o)
                0x0800d214                RCC_DeInit
                0x0800d254                RCC_HSEConfig
                0x0800d288                RCC_AdjustHSICalibrationValue
                0x0800d29c                RCC_HSICmd
                0x0800d2a8                RCC_PLLConfig
                0x0800d2bc                RCC_PLLCmd
                0x0800d2c8                RCC_SYSCLKConfig
                0x0800d2dc                RCC_GetSYSCLKSource
                0x0800d2ec                RCC_HCLKConfig
                0x0800d300                RCC_PCLK1Config
                0x0800d314                RCC_PCLK2Config
                0x0800d328                RCC_ITConfig
                0x0800d340                RCC_USBCLKConfig
                0x0800d34c                RCC_ADCCLKConfig
                0x0800d360                RCC_LSEConfig
                0x0800d380                RCC_LSICmd
                0x0800d38c                RCC_RTCCLKConfig
                0x0800d39c                RCC_RTCCLKCmd
                0x0800d3a8                RCC_GetClocksFreq
                0x0800d440                RCC_AHBPeriphClockCmd
                0x0800d458                RCC_APB2PeriphClockCmd
                0x0800d470                RCC_APB1PeriphClockCmd
                0x0800d488                RCC_APB2PeriphResetCmd
                0x0800d4a0                RCC_APB1PeriphResetCmd
                0x0800d4b8                RCC_BackupResetCmd
                0x0800d4c4                RCC_ClockSecuritySystemCmd
                0x0800d4d0                RCC_MCOConfig
                0x0800d4dc                RCC_GetFlagStatus
                0x0800d504                RCC_WaitForHSEStartUp
                0x0800d530                RCC_ClearFlag
                0x0800d540                RCC_GetITStatus
                0x0800d554                RCC_ClearITPendingBit
 .text          0x0800d560      0x164 lib/STM32F10x_StdPeriph_Driver/libstm32fw.a(stm32f10x_rtc.o)
                0x0800d560                RTC_ITConfig
                0x0800d578                RTC_EnterConfigMode
                0x0800d58c                RTC_ExitConfigMode
                0x0800d5a0                RTC_GetCounter
                0x0800d5b4                RTC_SetCounter
                0x0800d5d4                RTC_SetPrescaler
                0x0800d5f4                RTC_SetAlarm
                0x0800d614                RTC_GetDivider
                0x0800d62c                RTC_WaitForLastTask
                0x0800d640                RTC_WaitForSynchro
                0x0800d664                RTC_GetFlagStatus
                0x0800d678                RTC_ClearFlag
                0x0800d68c                RTC_GetITStatus
                0x0800d6b0                RTC_ClearITPendingBit
 .text          0x0800d6c4      0x2c8 lib/STM32F10x_StdPeriph_Driver/libstm32fw.a(stm32f10x_spi.o)
                0x0800d6c4                SPI_I2S_DeInit
                0x0800d728                SPI_Init
                0x0800d766                I2S_Init
                0x0800d80a                SPI_StructInit
                0x0800d822                I2S_StructInit
                0x0800d834                SPI_Cmd
                0x0800d84c                I2S_Cmd
                0x0800d864                SPI_I2S_ITConfig
                0x0800d884                SPI_I2S_DMACmd
                0x0800d896                SPI_I2S_SendData
                0x0800d89a                SPI_I2S_ReceiveData
                0x0800d8a0                SPI_NSSInternalSoftwareConfig
                0x0800d8be                SPI_SSOutputCmd
                0x0800d8d6                SPI_DataSizeConfig
                0x0800d8ec                SPI_TransmitCRC
                0x0800d8f8                SPI_CalculateCRC
                0x0800d910                SPI_GetCRC
                0x0800d91c                SPI_GetCRCPolynomial
                0x0800d922                SPI_BiDirectionalLineConfig
                0x0800d93e                SPI_I2S_GetFlagStatus
                0x0800d94a                SPI_I2S_ClearFlag
                0x0800d952                SPI_I2S_GetITStatus
                0x0800d97a                SPI_I2S_ClearITPendingBit
 .text          0x0800d98c      0x34c lib/STM32F10x_StdPeriph_Driver/libstm32fw.a(stm32f10x_usart.o)
                0x0800d98c                USART_DeInit
                0x0800da24                USART_Init
                0x0800daac                USART_StructInit
                0x0800dac2                USART_ClockInit
                0x0800dae2                USART_ClockStructInit
                0x0800daee                USART_Cmd
                0x0800db06                USART_ITConfig
                0x0800db3a                USART_DMACmd
                0x0800db4c                USART_SetAddress
                0x0800db62                USART_WakeUpConfig
                0x0800db78                USART_ReceiverWakeUpCmd
                0x0800db90                USART_LINBreakDetectLengthConfig
                0x0800dba6                USART_LINCmd
                0x0800dbbe                USART_SendData
                0x0800dbc6                USART_ReceiveData
                0x0800dbce                USART_SendBreak
                0x0800dbda                USART_SetGuardTime
                0x0800dbec                USART_SetPrescaler
                0x0800dbfe                USART_SmartCardCmd
                0x0800dc16                USART_SmartCardNACKCmd
                0x0800dc2e                USART_HalfDuplexCmd
                0x0800dc46                USART_IrDAConfig
                0x0800dc5c                USART_IrDACmd
                0x0800dc74                USART_GetFlagStatus
                0x0800dc80                USART_ClearFlag
                0x0800dc88                USART_GetITStatus
                0x0800dcc8                USART_ClearITPendingBit
 .text          0x0800dcd8      0x9a8 lib/STM32_USB-FS-Device_Driver/libstm32usb.a(usb_core.o)
                0x0800dcd8                Standard_GetConfiguration
                0x0800dd00                Standard_GetInterface
                0x0800dd28                Standard_GetStatus
                0x0800de7c                Standard_SetConfiguration
                0x0800deb8                Standard_SetInterface
                0x0800df08                Standard_ClearFeature
                0x0800dff0                Standard_SetEndPointFeature
                0x0800e088                Standard_SetDeviceFeature
                0x0800e0b0                Standard_GetDescriptorData
                0x0800e0cc                Post0_Process
                0x0800e110                Out0_Process
                0x0800e1f4                Setup0_Process
                0x0800e574                SetDeviceAddress
                0x0800e61c                In0_Process
                0x0800e67c                NOP_Process
 .text          0x0800e680       0x44 lib/STM32_USB-FS-Device_Driver/libstm32usb.a(usb_init.o)
                0x0800e680                USB_Init
 .text          0x0800e6c4      0x24c lib/STM32_USB-FS-Device_Driver/libstm32usb.a(usb_int.o)
                0x0800e6c4                CTR_LP
                0x0800e884                CTR_HP
 .text          0x0800e910       0xc4 lib/STM32_USB-FS-Device_Driver/libstm32usb.a(usb_mem.o)
                0x0800e910                UserToPMABufferCopy
                0x0800e988                PMAToUserBufferCopy
 .text          0x0800e9d4      0x880 lib/STM32_USB-FS-Device_Driver/libstm32usb.a(usb_regs.o)
                0x0800e9d4                SetCNTR
                0x0800e9e0                GetCNTR
                0x0800e9f0                SetISTR
                0x0800e9fc                GetISTR
                0x0800ea0c                GetFNR
                0x0800ea1c                SetDADDR
                0x0800ea28                GetDADDR
                0x0800ea38                SetBTABLE
                0x0800ea4c                GetBTABLE
                0x0800ea5c                SetENDPOINT
                0x0800ea6c                GetENDPOINT
                0x0800ea7c                SetEPType
                0x0800ea94                GetEPType
                0x0800eaa8                SetEPTxStatus
                0x0800eae8                SetEPRxStatus
                0x0800eb28                SetDouBleBuffEPStall
                0x0800eb54                GetEPTxStatus
                0x0800eb68                GetEPRxStatus
                0x0800eb7c                SetEPTxValid
                0x0800eba0                SetEPRxValid
                0x0800ebc4                SetEP_KIND
                0x0800ebe4                ClearEP_KIND
                0x0800ec04                Clear_Status_Out
                0x0800ec24                Set_Status_Out
                0x0800ec44                SetEPDoubleBuff
                0x0800ec64                ClearEPDoubleBuff
                0x0800ec84                GetTxStallStatus
                0x0800eca0                GetRxStallStatus
                0x0800ecbc                ClearEP_CTR_RX
                0x0800ecd4                ClearEP_CTR_TX
                0x0800ecec                ToggleDTOG_RX
                0x0800ed0c                ToggleDTOG_TX
                0x0800ed2c                ClearDTOG_RX
                0x0800ed50                ClearDTOG_TX
                0x0800ed74                SetEPAddress
                0x0800ed94                GetEPAddress
                0x0800eda8                SetEPTxAddr
                0x0800edcc                SetEPRxAddr
                0x0800edf4                GetEPTxAddr
                0x0800ee14                GetEPRxAddr
                0x0800ee34                SetEPTxCount
                0x0800ee54                SetEPCountRxReg
                0x0800ee7c                SetEPRxCount
                0x0800eec0                GetEPTxCount
                0x0800eee4                GetEPRxCount
                0x0800ef08                SetEPDblBuffAddr
                0x0800ef4c                SetEPDblBuf0Addr
                0x0800ef70                SetEPDblBuf1Addr
                0x0800ef98                GetEPDblBuf0Addr
                0x0800efb8                GetEPDblBuf1Addr
                0x0800efd8                SetEPDblBuffCount
                0x0800f08c                SetEPDblBuf0Count
                0x0800f0f8                SetEPDblBuf1Count
                0x0800f164                GetEPDblBuf0Count
                0x0800f188                GetEPDblBuf1Count
                0x0800f1ac                GetEPDblBufDir
                0x0800f1f8                FreeUserBuffer
                0x0800f240                ToWord
                0x0800f248                ByteSwap
 .text          0x0800f254       0x78 lib/STM32_USB-FS-Device_Driver/libstm32usb.a(usb_sil.o)
                0x0800f254                USB_SIL_Init
                0x0800f280                USB_SIL_Write
                0x0800f2a8                USB_SIL_Read
 .text          0x0800f2cc      0x370 /home/laurence/ARM-GCC/gcc-arm-none-eabi-4_7-2013q3/bin/../lib/gcc/arm-none-eabi/4.7.4/armv7-m/libgcc.a(_arm_addsubdf3.o)
                0x0800f2cc                __aeabi_drsub
                0x0800f2d4                __aeabi_dsub
                0x0800f2d4                __subdf3
                0x0800f2d8                __adddf3
                0x0800f2d8                __aeabi_dadd
                0x0800f550                __aeabi_ui2d
                0x0800f550                __floatunsidf
                0x0800f570                __floatsidf
                0x0800f570                __aeabi_i2d
                0x0800f594                __extendsfdf2
                0x0800f594                __aeabi_f2d
                0x0800f5d0                __aeabi_ul2d
                0x0800f5d0                __floatundidf
                0x0800f5e0                __floatdidf
                0x0800f5e0                __aeabi_l2d
 .text          0x0800f63c      0x424 /home/laurence/ARM-GCC/gcc-arm-none-eabi-4_7-2013q3/bin/../lib/gcc/arm-none-eabi/4.7.4/armv7-m/libgcc.a(_arm_muldivdf3.o)
                0x0800f63c                __aeabi_dmul
                0x0800f63c                __muldf3
                0x0800f890                __aeabi_ddiv
                0x0800f890                __divdf3
 .text          0x0800fa60      0x110 /home/laurence/ARM-GCC/gcc-arm-none-eabi-4_7-2013q3/bin/../lib/gcc/arm-none-eabi/4.7.4/armv7-m/libgcc.a(_arm_cmpdf2.o)
                0x0800fa60                __gtdf2
                0x0800fa60                __gedf2
                0x0800fa68                __ltdf2
                0x0800fa68                __ledf2
                0x0800fa70                __cmpdf2
                0x0800fa70                __eqdf2
                0x0800fa70                __nedf2
                0x0800faec                __aeabi_cdrcmple
                0x0800fafc                __aeabi_cdcmple
                0x0800fafc                __aeabi_cdcmpeq
                0x0800fb0c                __aeabi_dcmpeq
                0x0800fb20                __aeabi_dcmplt
                0x0800fb34                __aeabi_dcmple
                0x0800fb48                __aeabi_dcmpge
                0x0800fb5c                __aeabi_dcmpgt
 .text          0x0800fb70       0xa0 /home/laurence/ARM-GCC/gcc-arm-none-eabi-4_7-2013q3/bin/../lib/gcc/arm-none-eabi/4.7.4/armv7-m/libgcc.a(_arm_truncdfsf2.o)
                0x0800fb70                __aeabi_d2f
                0x0800fb70                __truncdfsf2
 .text          0x0800fc10      0x21c /home/laurence/ARM-GCC/gcc-arm-none-eabi-4_7-2013q3/bin/../lib/gcc/arm-none-eabi/4.7.4/armv7-m/libgcc.a(_arm_addsubsf3.o)
                0x0800fc10                __aeabi_frsub
                0x0800fc18                __subsf3
                0x0800fc18                __aeabi_fsub
                0x0800fc1c                __aeabi_fadd
                0x0800fc1c                __addsf3
                0x0800fd7c                __aeabi_ui2f
                0x0800fd7c                __floatunsisf
                0x0800fd84                __aeabi_i2f
                0x0800fd84                __floatsisf
                0x0800fda0                __floatundisf
                0x0800fda0                __aeabi_ul2f
                0x0800fdb0                __floatdisf
                0x0800fdb0                __aeabi_l2f
 .text          0x0800fe2c      0x2a0 /home/laurence/ARM-GCC/gcc-arm-none-eabi-4_7-2013q3/bin/../lib/gcc/arm-none-eabi/4.7.4/armv7-m/libgcc.a(_arm_muldivsf3.o)
                0x0800fe2c                __mulsf3
                0x0800fe2c                __aeabi_fmul
                0x0800ff94                __divsf3
                0x0800ff94                __aeabi_fdiv
 .text          0x080100cc       0xec /home/laurence/ARM-GCC/gcc-arm-none-eabi-4_7-2013q3/bin/../lib/gcc/arm-none-eabi/4.7.4/armv7-m/libgcc.a(_arm_cmpsf2.o)
                0x080100cc                __gtsf2
                0x080100cc                __gesf2
                0x080100d4                __lesf2
                0x080100d4                __ltsf2
                0x080100dc                __nesf2
                0x080100dc                __eqsf2
                0x080100dc                __cmpsf2
                0x0801013c                __aeabi_cfrcmple
                0x08010144                __aeabi_cfcmple
                0x08010144                __aeabi_cfcmpeq
                0x08010154                __aeabi_fcmpeq
                0x08010168                __aeabi_fcmplt
                0x0801017c                __aeabi_fcmple
                0x08010190                __aeabi_fcmpge
                0x080101a4                __aeabi_fcmpgt
 .text          0x080101b8       0x4c /home/laurence/ARM-GCC/gcc-arm-none-eabi-4_7-2013q3/bin/../lib/gcc/arm-none-eabi/4.7.4/armv7-m/libgcc.a(_arm_fixsfsi.o)
                0x080101b8                __fixsfsi
                0x080101b8                __aeabi_f2iz
 .text          0x08010204       0x40 /home/laurence/ARM-GCC/gcc-arm-none-eabi-4_7-2013q3/bin/../lib/gcc/arm-none-eabi/4.7.4/armv7-m/libgcc.a(_arm_fixunssfsi.o)
                0x08010204                __aeabi_f2uiz
                0x08010204                __fixunssfsi
 .text.__register_exitproc
                0x08010244       0xac /home/laurence/ARM-GCC/gcc-arm-none-eabi-4_7-2013q3/bin/../lib/gcc/arm-none-eabi/4.7.4/../../../../arm-none-eabi/lib/armv7-m/libc.a(lib_a-__atexit.o)
                0x08010244                __register_exitproc
 .text.__libc_fini_array
                0x080102f0       0x50 /home/laurence/ARM-GCC/gcc-arm-none-eabi-4_7-2013q3/bin/../lib/gcc/arm-none-eabi/4.7.4/../../../../arm-none-eabi/lib/armv7-m/libc.a(lib_a-fini.o)
                0x080102f0                __libc_fini_array
 .text.malloc   0x08010340       0x10 /home/laurence/ARM-GCC/gcc-arm-none-eabi-4_7-2013q3/bin/../lib/gcc/arm-none-eabi/4.7.4/../../../../arm-none-eabi/lib/armv7-m/libc.a(lib_a-malloc.o)
                0x08010340                malloc
 .text._malloc_r
                0x08010350      0x530 /home/laurence/ARM-GCC/gcc-arm-none-eabi-4_7-2013q3/bin/../lib/gcc/arm-none-eabi/4.7.4/../../../../arm-none-eabi/lib/armv7-m/libc.a(lib_a-mallocr.o)
                0x08010350                _malloc_r
 .text.memcmp   0x08010880       0xb8 /home/laurence/ARM-GCC/gcc-arm-none-eabi-4_7-2013q3/bin/../lib/gcc/arm-none-eabi/4.7.4/../../../../arm-none-eabi/lib/armv7-m/libc.a(lib_a-memcmp.o)
                0x08010880                memcmp
 .text.__malloc_lock
                0x08010938        0x4 /home/laurence/ARM-GCC/gcc-arm-none-eabi-4_7-2013q3/bin/../lib/gcc/arm-none-eabi/4.7.4/../../../../arm-none-eabi/lib/armv7-m/libc.a(lib_a-mlock.o)
                0x08010938                __malloc_lock
 .text.__malloc_unlock
                0x0801093c        0x4 /home/laurence/ARM-GCC/gcc-arm-none-eabi-4_7-2013q3/bin/../lib/gcc/arm-none-eabi/4.7.4/../../../../arm-none-eabi/lib/armv7-m/libc.a(lib_a-mlock.o)
                0x0801093c                __malloc_unlock
 .text._sbrk_r  0x08010940       0x24 /home/laurence/ARM-GCC/gcc-arm-none-eabi-4_7-2013q3/bin/../lib/gcc/arm-none-eabi/4.7.4/../../../../arm-none-eabi/lib/armv7-m/libc.a(lib_a-sbrkr.o)
                0x08010940                _sbrk_r
 .text.strlen   0x08010964       0x60 /home/laurence/ARM-GCC/gcc-arm-none-eabi-4_7-2013q3/bin/../lib/gcc/arm-none-eabi/4.7.4/../../../../arm-none-eabi/lib/armv7-m/libc.a(lib_a-strlen.o)
                0x08010964                strlen
 .text.strncpy  0x080109c4      0x10c /home/laurence/ARM-GCC/gcc-arm-none-eabi-4_7-2013q3/bin/../lib/gcc/arm-none-eabi/4.7.4/../../../../arm-none-eabi/lib/armv7-m/libc.a(lib_a-strncpy.o)
                0x080109c4                strncpy
 .text.startup.register_fini
                0x08010ad0       0x14 /home/laurence/ARM-GCC/gcc-arm-none-eabi-4_7-2013q3/bin/../lib/gcc/arm-none-eabi/4.7.4/../../../../arm-none-eabi/lib/armv7-m/libc.a(lib_a-__call_atexit.o)
 .text.atexit   0x08010ae4        0xc /home/laurence/ARM-GCC/gcc-arm-none-eabi-4_7-2013q3/bin/../lib/gcc/arm-none-eabi/4.7.4/../../../../arm-none-eabi/lib/armv7-m/libc.a(lib_a-atexit.o)
                0x08010ae4                atexit
 .text._malloc_trim_r
                0x08010af0       0x98 /home/laurence/ARM-GCC/gcc-arm-none-eabi-4_7-2013q3/bin/../lib/gcc/arm-none-eabi/4.7.4/../../../../arm-none-eabi/lib/armv7-m/libc.a(lib_a-freer.o)
                0x08010af0                _malloc_trim_r
 .text._free_r  0x08010b88      0x194 /home/laurence/ARM-GCC/gcc-arm-none-eabi-4_7-2013q3/bin/../lib/gcc/arm-none-eabi/4.7.4/../../../../arm-none-eabi/lib/armv7-m/libc.a(lib_a-freer.o)
                0x08010b88                _free_r
 *(.init)
 .init          0x08010d1c        0x4 /home/laurence/ARM-GCC/gcc-arm-none-eabi-4_7-2013q3/bin/../lib/gcc/arm-none-eabi/4.7.4/armv7-m/crti.o
                0x08010d1c                _init
 .init          0x08010d20        0x8 /home/laurence/ARM-GCC/gcc-arm-none-eabi-4_7-2013q3/bin/../lib/gcc/arm-none-eabi/4.7.4/armv7-m/crtn.o
 *(.fini)
 .fini          0x08010d28        0x4 /home/laurence/ARM-GCC/gcc-arm-none-eabi-4_7-2013q3/bin/../lib/gcc/arm-none-eabi/4.7.4/armv7-m/crti.o
                0x08010d28                _fini
 .fini          0x08010d2c        0x8 /home/laurence/ARM-GCC/gcc-arm-none-eabi-4_7-2013q3/bin/../lib/gcc/arm-none-eabi/4.7.4/armv7-m/crtn.o
 *crtbegin.o(.ctors)
 *crtbegin?.o(.ctors)
 *(EXCLUDE_FILE(*crtend.o *crtend?.o) .ctors)
 *(SORT(.ctors.*))
 *(.ctors)
 *crtbegin.o(.dtors)
 *crtbegin?.o(.dtors)
 *(EXCLUDE_FILE(*crtend.o *crtend?.o) .dtors)
 *(SORT(.dtors.*))
 *(.dtors)
 *(.rodata*)
 .rodata        0x08010d34       0x20 Sensors/amb_sensors.o
                0x08010d34                ITG3200_config
                0x08010d38                HMC_config
                0x08010d3c                ADXL_config
                0x08010d44                LSM_330_GYRO_config
                0x08010d48                LSM_330_ACCEL_FIFO_config
                0x08010d4c                LSM_330_ACCEL_config
 .rodata        0x08010d54       0xac Util/USB/usb_desc.o
                0x08010d54                MASS_StringInterface
                0x08010d64                MASS_StringProduct
                0x08010d94                MASS_StringVendor
                0x08010dc8                MASS_StringLangID
                0x08010dcc                MASS_ConfigDescriptor
                0x08010dec                MASS_DeviceDescriptor
 .rodata        0x08010e00      0x4c0 Util/fat_fs/option/ccsbcs.o
 .rodata        0x080112c0       0x80 Util/fat_fs/src/ff.o
 .rodata.str1.4
                0x08011340       0x13 Util/fat_fs/src/ff.o
                                 0x14 (size before relaxing)
 *fill*         0x08011353        0x1 00
 .rodata        0x08011354        0xc Util/fat_fs/src/rtc.o
 .rodata        0x08011360       0xec Util/filter_1400.o
 .rodata        0x0801144c       0x14 Util/rprintf.o
 .rodata.str1.4
                0x08011460        0x6 Util/rprintf.o
                                  0x8 (size before relaxing)
 *fill*         0x08011466        0x2 00
 .rodata        0x08011468       0x14 lib/CMSIS_CM3/system_stm32f10x.o
                0x08011468                SystemFrequency_APB2Clk
                0x0801146c                SystemFrequency_APB1Clk
                0x08011470                SystemFrequency_AHBClk
                0x08011474                SystemFrequency_SysClk
                0x08011478                SystemFrequency
 .rodata.str1.4
                0x0801147c      0x1e3 main.o
                                0x1e8 (size before relaxing)
 *fill*         0x0801165f        0x1 00
 .rodata.str1.4
                0x08011660       0x40 pwr.o
 .rodata.str1.4
                0x080116a0        0x4 /home/laurence/ARM-GCC/gcc-arm-none-eabi-4_7-2013q3/bin/../lib/gcc/arm-none-eabi/4.7.4/../../../../arm-none-eabi/lib/armv7-m/libc.a(lib_a-impure.o)
 .rodata._global_impure_ptr
                0x080116a4        0x4 /home/laurence/ARM-GCC/gcc-arm-none-eabi-4_7-2013q3/bin/../lib/gcc/arm-none-eabi/4.7.4/../../../../arm-none-eabi/lib/armv7-m/libc.a(lib_a-impure.o)
                0x080116a4                _global_impure_ptr
 *(.eh_frame*)
 .eh_frame      0x080116a8        0x0 /home/laurence/ARM-GCC/gcc-arm-none-eabi-4_7-2013q3/bin/../lib/gcc/arm-none-eabi/4.7.4/armv7-m/crtbegin.o
 .eh_frame      0x080116a8        0x4 /home/laurence/ARM-GCC/gcc-arm-none-eabi-4_7-2013q3/bin/../lib/gcc/arm-none-eabi/4.7.4/armv7-m/crtend.o

.glue_7         0x080116ac        0x0
 .glue_7        0x00000000        0x0 linker stubs

.glue_7t        0x080116ac        0x0
 .glue_7t       0x00000000        0x0 linker stubs

.vfp11_veneer   0x080116ac        0x0
 .vfp11_veneer  0x00000000        0x0 linker stubs

.v4_bx          0x080116ac        0x0
 .v4_bx         0x00000000        0x0 linker stubs

.iplt           0x080116ac        0x0
 .iplt          0x00000000        0x0 /home/laurence/ARM-GCC/gcc-arm-none-eabi-4_7-2013q3/bin/../lib/gcc/arm-none-eabi/4.7.4/armv7-m/crtbegin.o

.rel.dyn        0x080116ac        0x0
 .rel.iplt      0x00000000        0x0 /home/laurence/ARM-GCC/gcc-arm-none-eabi-4_7-2013q3/bin/../lib/gcc/arm-none-eabi/4.7.4/armv7-m/crtbegin.o

.ARM.extab
 *(.ARM.extab* .gnu.linkonce.armextab.*)
                0x080116ac                __exidx_start = .

.ARM.exidx
 *(.ARM.exidx* .gnu.linkonce.armexidx.*)
                0x080116ac                __exidx_end = .
                0x080116ac                __etext = .

.data           0x20000000      0xa44 load address 0x080116ac
                0x20000000                __data_start__ = .
 *(vtable)
 *(.data*)
 .data          0x20000000       0x80 Sensors/amb_sensors.o
                0x20000000                I2C_jobs
 .data          0x20000080       0x74 Util/USB/scsi_data.o
                0x20000080                ReadFormatCapacity_Data
                0x2000008c                Scsi_Sense_Data
                0x200000a0                Mode_Sense10_data
                0x200000a8                Mode_Sense6_data
                0x200000ac                Standard_Inquiry_Data2
                0x200000d0                Standard_Inquiry_Data
 .data          0x200000f4       0x1c Util/USB/usb_desc.o
                0x200000f4                MASS_StringSerial
 .data          0x20000110       0x38 Util/USB/usb_istr.o
                0x20000110                pEpInt_OUT
                0x2000012c                pEpInt_IN
 .data          0x20000148       0x90 Util/USB/usb_prop.o
                0x20000148                String_Descriptor
                0x20000170                Config_Descriptor
                0x20000178                Device_Descriptor
                0x20000180                Device_Property
                0x200001b0                User_Standard_Requests
                0x200001d4                Device_Table
 .data          0x200001d8        0x1 Util/USB/usb_pwr.o
                0x200001d8                fSuspendEnabled
 *fill*         0x200001d9        0x3 00
 .data          0x200001dc        0x4 Util/fat_fs/src/sd_spi_stm32.o
 .data          0x200001e0       0x14 lib/STM32F10x_StdPeriph_Driver/libstm32fw.a(stm32f10x_rcc.o)
 *fill*         0x200001f4        0x4 00
 .data.impure_data
                0x200001f8      0x428 /home/laurence/ARM-GCC/gcc-arm-none-eabi-4_7-2013q3/bin/../lib/gcc/arm-none-eabi/4.7.4/../../../../arm-none-eabi/lib/armv7-m/libc.a(lib_a-impure.o)
 .data._impure_ptr
                0x20000620        0x4 /home/laurence/ARM-GCC/gcc-arm-none-eabi-4_7-2013q3/bin/../lib/gcc/arm-none-eabi/4.7.4/../../../../arm-none-eabi/lib/armv7-m/libc.a(lib_a-impure.o)
                0x20000620                _impure_ptr
 .data.__malloc_av_
                0x20000624      0x408 /home/laurence/ARM-GCC/gcc-arm-none-eabi-4_7-2013q3/bin/../lib/gcc/arm-none-eabi/4.7.4/../../../../arm-none-eabi/lib/armv7-m/libc.a(lib_a-mallocr.o)
                0x20000624                __malloc_av_
 .data.__malloc_trim_threshold
                0x20000a2c        0x4 /home/laurence/ARM-GCC/gcc-arm-none-eabi-4_7-2013q3/bin/../lib/gcc/arm-none-eabi/4.7.4/../../../../arm-none-eabi/lib/armv7-m/libc.a(lib_a-mallocr.o)
                0x20000a2c                __malloc_trim_threshold
 .data.__malloc_sbrk_base
                0x20000a30        0x4 /home/laurence/ARM-GCC/gcc-arm-none-eabi-4_7-2013q3/bin/../lib/gcc/arm-none-eabi/4.7.4/../../../../arm-none-eabi/lib/armv7-m/libc.a(lib_a-mallocr.o)
                0x20000a30                __malloc_sbrk_base
                0x20000a34                . = ALIGN (0x4)
                0x20000a34                PROVIDE (__preinit_array_start, .)
 *(.preinit_array)
                0x20000a34                PROVIDE (__preinit_array_end, .)
                0x20000a34                . = ALIGN (0x4)
                0x20000a34                PROVIDE (__init_array_start, .)
 *(SORT(.init_array.*))
 .init_array.00000
                0x20000a34        0x4 /home/laurence/ARM-GCC/gcc-arm-none-eabi-4_7-2013q3/bin/../lib/gcc/arm-none-eabi/4.7.4/../../../../arm-none-eabi/lib/armv7-m/libc.a(lib_a-__call_atexit.o)
 *(.init_array)
 .init_array    0x20000a38        0x4 /home/laurence/ARM-GCC/gcc-arm-none-eabi-4_7-2013q3/bin/../lib/gcc/arm-none-eabi/4.7.4/armv7-m/crtbegin.o
                0x20000a3c                PROVIDE (__init_array_end, .)
                0x20000a3c                . = ALIGN (0x4)
                0x20000a3c                PROVIDE (__fini_array_start, .)
 *(SORT(.fini_array.*))
 *(.fini_array)
 .fini_array    0x20000a3c        0x4 /home/laurence/ARM-GCC/gcc-arm-none-eabi-4_7-2013q3/bin/../lib/gcc/arm-none-eabi/4.7.4/armv7-m/crtbegin.o
                0x20000a40                PROVIDE (__fini_array_end, .)
 *(.jcr*)
 .jcr           0x20000a40        0x0 /home/laurence/ARM-GCC/gcc-arm-none-eabi-4_7-2013q3/bin/../lib/gcc/arm-none-eabi/4.7.4/armv7-m/crtbegin.o
 .jcr           0x20000a40        0x4 /home/laurence/ARM-GCC/gcc-arm-none-eabi-4_7-2013q3/bin/../lib/gcc/arm-none-eabi/4.7.4/armv7-m/crtend.o
                0x20000a44                . = ALIGN (0x4)
                0x20000a44                __data_end__ = .

.igot.plt       0x20000a44        0x0 load address 0x080120f0
 .igot.plt      0x00000000        0x0 /home/laurence/ARM-GCC/gcc-arm-none-eabi-4_7-2013q3/bin/../lib/gcc/arm-none-eabi/4.7.4/armv7-m/crtbegin.o

.bss            0x20000a44     0x1378 load address 0x080120f0
                0x20000a44                . = ALIGN (0x4)
                0x20000a44                __bss_start__ = .
 *(.bss*)
 .bss           0x20000a44       0x1c /home/laurence/ARM-GCC/gcc-arm-none-eabi-4_7-2013q3/bin/../lib/gcc/arm-none-eabi/4.7.4/armv7-m/crtbegin.o
 .bss           0x20000a60        0x4 Util/USB/mass_mal.o
                0x20000a60                Status
 .bss           0x20000a64       0x1c Util/USB/memory.o
                0x20000a64                TransferState
                0x20000a70                Counter
                0x20000a7c                Block_Read_count
 .bss           0x20000a80       0x10 Util/USB/scsi_data.o
                0x20000a80                ReadCapacity10_Data
                0x20000a88                Page00_Inquiry_Data
 .bss           0x20000a90        0x1 Util/USB/usb_istr.o
                0x20000a90                bIntPackSOF
 *fill*         0x20000a91        0x3 00
 .bss           0x20000a94        0x4 Util/USB/usb_prop.o
                0x20000a94                Max_Lun
 .bss           0x20000a98        0x4 Util/USB/usb_pwr.o
                0x20000a98                bDeviceState
 .bss           0x20000a9c        0xc Util/fat_fs/src/ff.o
 .bss           0x20000aa8       0x10 Util/fat_fs/src/sd_spi_stm32.o
 .bss           0x20000ab8       0x84 Util/rprintf.o
 .bss           0x20000b3c        0x3 i2c_int.o
 *fill*         0x20000b3f        0x1 00
 .bss           0x20000b40        0x8 interrupts.o
 .bss           0x20000b48      0x238 main.o
                0x20000d7c                file_opened
 .bss           0x20000d80        0x4 syscalls.o
 .bss           0x20000d84        0x1 lib/STM32_USB-FS-Device_Driver/libstm32usb.a(usb_core.o)
                0x20000d84                Data_Mul_MaxPacketSize
 *fill*         0x20000d85        0x3 00
 .bss.__malloc_max_total_mem
                0x20000d88        0x4 /home/laurence/ARM-GCC/gcc-arm-none-eabi-4_7-2013q3/bin/../lib/gcc/arm-none-eabi/4.7.4/../../../../arm-none-eabi/lib/armv7-m/libc.a(lib_a-mallocr.o)
                0x20000d88                __malloc_max_total_mem
 .bss.__malloc_max_sbrked_mem
                0x20000d8c        0x4 /home/laurence/ARM-GCC/gcc-arm-none-eabi-4_7-2013q3/bin/../lib/gcc/arm-none-eabi/4.7.4/../../../../arm-none-eabi/lib/armv7-m/libc.a(lib_a-mallocr.o)
                0x20000d8c                __malloc_max_sbrked_mem
 .bss.__malloc_top_pad
                0x20000d90        0x4 /home/laurence/ARM-GCC/gcc-arm-none-eabi-4_7-2013q3/bin/../lib/gcc/arm-none-eabi/4.7.4/../../../../arm-none-eabi/lib/armv7-m/libc.a(lib_a-mallocr.o)
                0x20000d90                __malloc_top_pad
 .bss.__malloc_current_mallinfo
                0x20000d94       0x28 /home/laurence/ARM-GCC/gcc-arm-none-eabi-4_7-2013q3/bin/../lib/gcc/arm-none-eabi/4.7.4/../../../../arm-none-eabi/lib/armv7-m/libc.a(lib_a-mallocr.o)
                0x20000d94                __malloc_current_mallinfo
 *(COMMON)
 COMMON         0x20000dbc      0x613 Sensors/amb_sensors.o
                0x20000dbc                LSM330_Gyro_Filter
                0x2000108c                LSM330_Accel_Filter
                0x2000135c                Rawdata
                0x2000139c                LastFifo
                0x200013a4                RawFifo
                0x200013ce                I2C_Transactions_State
 *fill*         0x200013cf        0x1 00
 COMMON         0x200013d0       0x1c Util/USB/mass_mal.o
                0x200013d0                Mass_Memory_Size
                0x200013d8                Mass_Block_Size
                0x200013e0                Mass_Block_Count
                0x200013e8                Data_Buffer
 COMMON         0x200013ec        0x8 Util/USB/memory.o
                0x200013ec                Block_offset
                0x200013f0                Idx
 COMMON         0x200013f4       0x7c Util/USB/usb_bot.o
                0x200013f4                CBW
                0x20001414                Data_Len
                0x20001416                Bot_State
                0x20001418                SCSI_LBA
                0x2000141c                CSW
                0x2000142c                SCSI_BlkLen
                0x20001430                Bulk_Data_Buff
 COMMON         0x20001470        0x2 Util/USB/usb_istr.o
                0x20001470                wIstr
 *fill*         0x20001472        0x2 00
 COMMON         0x20001474        0x2 Util/USB/usb_pwr.o
                0x20001474                ResumeS
 COMMON         0x20001476        0x1 Util/fat_fs/src/sd_spi_stm32.o
                0x20001476                Sd_Spi_Called_From_USB_MSC
 COMMON         0x20001477        0x1 gpio.o
                0x20001477                bootsource
 COMMON         0x20001478        0xd i2c_int.o
                0x20001478                I2C1error
                0x2000147c                Jobs
                0x20001480                Completed_Jobs
                0x20001484                job
 *fill*         0x20001485        0x3 00
 COMMON         0x20001488        0x8 interrupts.o
                0x20001488                Button_hold_tim
                0x2000148c                Battery_Voltage
 COMMON         0x20001490      0x8e9 main.o
                0x20001490                Sensor_Cable
                0x20001494                battery_voltage
                0x20001498                FATFS_wavfile_accel
                0x200016bc                forehead_buffer
                0x20001710                f_err_code
                0x20001711                System_state_Global
                0x20001714                Millis
                0x20001718                sfe_sensor_buffers
                0x20001808                Sensors
                0x2000180c                FATFS_info
                0x2000182c                FATFS_wavfile_gyro
                0x20001a50                print_string
                0x20001b50                a
                0x20001b54                FATFS_logfile
                0x20001d78                Shutdown_System
 *fill*         0x20001d79        0x3 00
 COMMON         0x20001d7c        0x2 lib/STM32_USB-FS-Device_Driver/libstm32usb.a(usb_core.o)
                0x20001d7c                StatusInfo
 *fill*         0x20001d7e        0x2 00
 COMMON         0x20001d80       0x32 lib/STM32_USB-FS-Device_Driver/libstm32usb.a(usb_init.o)
                0x20001d80                SaveState
                0x20001d84                pProperty
                0x20001d88                EPindex
                0x20001d8c                Device_Info
                0x20001da8                pUser_Standard_Requests
                0x20001dac                pInformation
                0x20001db0                wInterrupt_Mask
 COMMON         0x20001db2        0x4 lib/STM32_USB-FS-Device_Driver/libstm32usb.a(usb_int.o)
                0x20001db2                SaveRState
                0x20001db4                SaveTState
 *fill*         0x20001db6        0x2 00
 COMMON         0x20001db8        0x4 /home/laurence/ARM-GCC/gcc-arm-none-eabi-4_7-2013q3/bin/../lib/gcc/arm-none-eabi/4.7.4/../../../../arm-none-eabi/lib/armv7-m/libc.a(lib_a-reent.o)
                0x20001db8                errno
                0x20001dbc                . = ALIGN (0x4)
                0x20001dbc                __bss_end__ = .

.heap           0x20001dbc        0x0
                0x20001dbc                __end__ = .
                0x20001dbc                end = __end__
 *(.heap*)
                0x20001dbc                __HeapLimit = .

.stack_dummy    0x20001dbc        0x0
 *(.stack*)
                0x20005000                __StackTop = (ORIGIN (RAM) + 0x5000)
                0x20005000                __StackLimit = (__StackTop - SIZEOF (.stack_dummy))
                0x20005000                PROVIDE (__stack, __StackTop)
                0x00000001                ASSERT ((__StackLimit >= __HeapLimit), region RAM overflowed with stack)
                0x20000a44                PROVIDE (_edata, __data_end__)
                0x20000000                PROVIDE (_sdata, __data_start__)
                0x080116ac                PROVIDE (_sidata, __etext)
                0x20000a44                PROVIDE (_sbss, __bss_start__)
                0x20001dbc                PROVIDE (_ebss, __bss_end__)
                0x20005000                PROVIDE (_estack, __StackTop)
OUTPUT(main.elf elf32-littlearm)

.ARM.attributes
                0x00000000       0x29
 .ARM.attributes
                0x00000000       0x1d /home/laurence/ARM-GCC/gcc-arm-none-eabi-4_7-2013q3/bin/../lib/gcc/arm-none-eabi/4.7.4/armv7-m/crti.o
 .ARM.attributes
                0x0000001d       0x2d /home/laurence/ARM-GCC/gcc-arm-none-eabi-4_7-2013q3/bin/../lib/gcc/arm-none-eabi/4.7.4/armv7-m/crtbegin.o
 .ARM.attributes
                0x0000004a       0x33 Sensors/amb_sensors.o
 .ARM.attributes
                0x0000007d       0x33 Util/USB/hw_config.o
 .ARM.attributes
                0x000000b0       0x33 Util/USB/mass_mal.o
 .ARM.attributes
                0x000000e3       0x33 Util/USB/memory.o
 .ARM.attributes
                0x00000116       0x33 Util/USB/scsi_data.o
 .ARM.attributes
                0x00000149       0x33 Util/USB/usb_bot.o
 .ARM.attributes
                0x0000017c       0x33 Util/USB/usb_desc.o
 .ARM.attributes
                0x000001af       0x33 Util/USB/usb_endp.o
 .ARM.attributes
                0x000001e2       0x33 Util/USB/usb_istr.o
 .ARM.attributes
                0x00000215       0x33 Util/USB/usb_prop.o
 .ARM.attributes
                0x00000248       0x33 Util/USB/usb_pwr.o
 .ARM.attributes
                0x0000027b       0x33 Util/USB/usb_scsi.o
 .ARM.attributes
                0x000002ae       0x33 Util/buffer.o
 .ARM.attributes
                0x000002e1       0x33 Util/delay.o
 .ARM.attributes
                0x00000314       0x33 Util/fat_fs/option/ccsbcs.o
 .ARM.attributes
                0x00000347       0x33 Util/fat_fs/src/fattime.o
 .ARM.attributes
                0x0000037a       0x33 Util/fat_fs/src/ff.o
 .ARM.attributes
                0x000003ad       0x33 Util/fat_fs/src/rtc.o
 .ARM.attributes
                0x000003e0       0x33 Util/fat_fs/src/sd_spi_stm32.o
 .ARM.attributes
                0x00000413       0x33 Util/filter_1400.o
 .ARM.attributes
                0x00000446       0x33 Util/filter_190.o
 .ARM.attributes
                0x00000479       0x33 Util/rprintf.o
 .ARM.attributes
                0x000004ac       0x33 Util/wave.o
 .ARM.attributes
                0x000004df       0x33 adc.o
 .ARM.attributes
                0x00000512       0x33 gpio.o
 .ARM.attributes
                0x00000545       0x33 i2c_int.o
 .ARM.attributes
                0x00000578       0x33 interrupts.o
 .ARM.attributes
                0x000005ab       0x21 lib/CMSIS_CM3/startup/gcc/startup_stm32f10x_md.o
 .ARM.attributes
                0x000005cc       0x33 lib/CMSIS_CM3/system_stm32f10x.o
 .ARM.attributes
                0x000005ff       0x33 main.o
 .ARM.attributes
                0x00000632       0x33 pwr.o
 .ARM.attributes
                0x00000665       0x33 syscalls.o
 .ARM.attributes
                0x00000698       0x33 usart.o
 .ARM.attributes
                0x000006cb       0x33 watchdog.o
 .ARM.attributes
                0x000006fe       0x33 lib/STM32F10x_StdPeriph_Driver/libstm32fw.a(misc.o)
 .ARM.attributes
                0x00000731       0x33 lib/STM32F10x_StdPeriph_Driver/libstm32fw.a(stm32f10x_adc.o)
 .ARM.attributes
                0x00000764       0x33 lib/STM32F10x_StdPeriph_Driver/libstm32fw.a(stm32f10x_bkp.o)
 .ARM.attributes
                0x00000797       0x33 lib/STM32F10x_StdPeriph_Driver/libstm32fw.a(stm32f10x_dbgmcu.o)
 .ARM.attributes
                0x000007ca       0x33 lib/STM32F10x_StdPeriph_Driver/libstm32fw.a(stm32f10x_dma.o)
 .ARM.attributes
                0x000007fd       0x33 lib/STM32F10x_StdPeriph_Driver/libstm32fw.a(stm32f10x_exti.o)
 .ARM.attributes
                0x00000830       0x33 lib/STM32F10x_StdPeriph_Driver/libstm32fw.a(stm32f10x_gpio.o)
 .ARM.attributes
                0x00000863       0x33 lib/STM32F10x_StdPeriph_Driver/libstm32fw.a(stm32f10x_i2c.o)
 .ARM.attributes
                0x00000896       0x33 lib/STM32F10x_StdPeriph_Driver/libstm32fw.a(stm32f10x_iwdg.o)
 .ARM.attributes
                0x000008c9       0x33 lib/STM32F10x_StdPeriph_Driver/libstm32fw.a(stm32f10x_pwr.o)
 .ARM.attributes
                0x000008fc       0x33 lib/STM32F10x_StdPeriph_Driver/libstm32fw.a(stm32f10x_rcc.o)
 .ARM.attributes
                0x0000092f       0x33 lib/STM32F10x_StdPeriph_Driver/libstm32fw.a(stm32f10x_rtc.o)
 .ARM.attributes
                0x00000962       0x33 lib/STM32F10x_StdPeriph_Driver/libstm32fw.a(stm32f10x_spi.o)
 .ARM.attributes
                0x00000995       0x33 lib/STM32F10x_StdPeriph_Driver/libstm32fw.a(stm32f10x_usart.o)
 .ARM.attributes
                0x000009c8       0x33 lib/STM32_USB-FS-Device_Driver/libstm32usb.a(usb_core.o)
 .ARM.attributes
                0x000009fb       0x33 lib/STM32_USB-FS-Device_Driver/libstm32usb.a(usb_init.o)
 .ARM.attributes
                0x00000a2e       0x33 lib/STM32_USB-FS-Device_Driver/libstm32usb.a(usb_int.o)
 .ARM.attributes
                0x00000a61       0x33 lib/STM32_USB-FS-Device_Driver/libstm32usb.a(usb_mem.o)
 .ARM.attributes
                0x00000a94       0x33 lib/STM32_USB-FS-Device_Driver/libstm32usb.a(usb_regs.o)
 .ARM.attributes
                0x00000ac7       0x33 lib/STM32_USB-FS-Device_Driver/libstm32usb.a(usb_sil.o)
 .ARM.attributes
                0x00000afa       0x1d /home/laurence/ARM-GCC/gcc-arm-none-eabi-4_7-2013q3/bin/../lib/gcc/arm-none-eabi/4.7.4/armv7-m/libgcc.a(_arm_addsubdf3.o)
 .ARM.attributes
                0x00000b17       0x1d /home/laurence/ARM-GCC/gcc-arm-none-eabi-4_7-2013q3/bin/../lib/gcc/arm-none-eabi/4.7.4/armv7-m/libgcc.a(_arm_muldivdf3.o)
 .ARM.attributes
                0x00000b34       0x1d /home/laurence/ARM-GCC/gcc-arm-none-eabi-4_7-2013q3/bin/../lib/gcc/arm-none-eabi/4.7.4/armv7-m/libgcc.a(_arm_cmpdf2.o)
 .ARM.attributes
                0x00000b51       0x1d /home/laurence/ARM-GCC/gcc-arm-none-eabi-4_7-2013q3/bin/../lib/gcc/arm-none-eabi/4.7.4/armv7-m/libgcc.a(_arm_truncdfsf2.o)
 .ARM.attributes
                0x00000b6e       0x1d /home/laurence/ARM-GCC/gcc-arm-none-eabi-4_7-2013q3/bin/../lib/gcc/arm-none-eabi/4.7.4/armv7-m/libgcc.a(_arm_addsubsf3.o)
 .ARM.attributes
                0x00000b8b       0x1d /home/laurence/ARM-GCC/gcc-arm-none-eabi-4_7-2013q3/bin/../lib/gcc/arm-none-eabi/4.7.4/armv7-m/libgcc.a(_arm_muldivsf3.o)
 .ARM.attributes
                0x00000ba8       0x1d /home/laurence/ARM-GCC/gcc-arm-none-eabi-4_7-2013q3/bin/../lib/gcc/arm-none-eabi/4.7.4/armv7-m/libgcc.a(_arm_cmpsf2.o)
 .ARM.attributes
                0x00000bc5       0x1d /home/laurence/ARM-GCC/gcc-arm-none-eabi-4_7-2013q3/bin/../lib/gcc/arm-none-eabi/4.7.4/armv7-m/libgcc.a(_arm_fixsfsi.o)
 .ARM.attributes
                0x00000be2       0x1d /home/laurence/ARM-GCC/gcc-arm-none-eabi-4_7-2013q3/bin/../lib/gcc/arm-none-eabi/4.7.4/armv7-m/libgcc.a(_arm_fixunssfsi.o)
 .ARM.attributes
                0x00000bff       0x2d /home/laurence/ARM-GCC/gcc-arm-none-eabi-4_7-2013q3/bin/../lib/gcc/arm-none-eabi/4.7.4/../../../../arm-none-eabi/lib/armv7-m/libc.a(lib_a-__atexit.o)
 .ARM.attributes
                0x00000c2c       0x2d /home/laurence/ARM-GCC/gcc-arm-none-eabi-4_7-2013q3/bin/../lib/gcc/arm-none-eabi/4.7.4/../../../../arm-none-eabi/lib/armv7-m/libc.a(lib_a-fini.o)
 .ARM.attributes
                0x00000c59       0x2d /home/laurence/ARM-GCC/gcc-arm-none-eabi-4_7-2013q3/bin/../lib/gcc/arm-none-eabi/4.7.4/../../../../arm-none-eabi/lib/armv7-m/libc.a(lib_a-impure.o)
 .ARM.attributes
                0x00000c86       0x2d /home/laurence/ARM-GCC/gcc-arm-none-eabi-4_7-2013q3/bin/../lib/gcc/arm-none-eabi/4.7.4/../../../../arm-none-eabi/lib/armv7-m/libc.a(lib_a-malloc.o)
 .ARM.attributes
                0x00000cb3       0x2d /home/laurence/ARM-GCC/gcc-arm-none-eabi-4_7-2013q3/bin/../lib/gcc/arm-none-eabi/4.7.4/../../../../arm-none-eabi/lib/armv7-m/libc.a(lib_a-mallocr.o)
 .ARM.attributes
                0x00000ce0       0x2d /home/laurence/ARM-GCC/gcc-arm-none-eabi-4_7-2013q3/bin/../lib/gcc/arm-none-eabi/4.7.4/../../../../arm-none-eabi/lib/armv7-m/libc.a(lib_a-memcmp.o)
 .ARM.attributes
                0x00000d0d       0x2d /home/laurence/ARM-GCC/gcc-arm-none-eabi-4_7-2013q3/bin/../lib/gcc/arm-none-eabi/4.7.4/../../../../arm-none-eabi/lib/armv7-m/libc.a(lib_a-mlock.o)
 .ARM.attributes
                0x00000d3a       0x2d /home/laurence/ARM-GCC/gcc-arm-none-eabi-4_7-2013q3/bin/../lib/gcc/arm-none-eabi/4.7.4/../../../../arm-none-eabi/lib/armv7-m/libc.a(lib_a-reent.o)
 .ARM.attributes
                0x00000d67       0x2d /home/laurence/ARM-GCC/gcc-arm-none-eabi-4_7-2013q3/bin/../lib/gcc/arm-none-eabi/4.7.4/../../../../arm-none-eabi/lib/armv7-m/libc.a(lib_a-sbrkr.o)
 .ARM.attributes
                0x00000d94       0x2d /home/laurence/ARM-GCC/gcc-arm-none-eabi-4_7-2013q3/bin/../lib/gcc/arm-none-eabi/4.7.4/../../../../arm-none-eabi/lib/armv7-m/libc.a(lib_a-strlen.o)
 .ARM.attributes
                0x00000dc1       0x2d /home/laurence/ARM-GCC/gcc-arm-none-eabi-4_7-2013q3/bin/../lib/gcc/arm-none-eabi/4.7.4/../../../../arm-none-eabi/lib/armv7-m/libc.a(lib_a-strncpy.o)
 .ARM.attributes
                0x00000dee       0x2d /home/laurence/ARM-GCC/gcc-arm-none-eabi-4_7-2013q3/bin/../lib/gcc/arm-none-eabi/4.7.4/../../../../arm-none-eabi/lib/armv7-m/libc.a(lib_a-__call_atexit.o)
 .ARM.attributes
                0x00000e1b       0x2d /home/laurence/ARM-GCC/gcc-arm-none-eabi-4_7-2013q3/bin/../lib/gcc/arm-none-eabi/4.7.4/../../../../arm-none-eabi/lib/armv7-m/libc.a(lib_a-atexit.o)
 .ARM.attributes
                0x00000e48       0x2d /home/laurence/ARM-GCC/gcc-arm-none-eabi-4_7-2013q3/bin/../lib/gcc/arm-none-eabi/4.7.4/../../../../arm-none-eabi/lib/armv7-m/libc.a(lib_a-freer.o)
 .ARM.attributes
                0x00000e75       0x2d /home/laurence/ARM-GCC/gcc-arm-none-eabi-4_7-2013q3/bin/../lib/gcc/arm-none-eabi/4.7.4/armv7-m/crtend.o
 .ARM.attributes
                0x00000ea2       0x1d /home/laurence/ARM-GCC/gcc-arm-none-eabi-4_7-2013q3/bin/../lib/gcc/arm-none-eabi/4.7.4/armv7-m/crtn.o

.comment        0x00000000       0x70
 .comment       0x00000000       0x70 Sensors/amb_sensors.o
                                 0x71 (size before relaxing)
 .comment       0x00000000       0x71 Util/USB/hw_config.o
 .comment       0x00000000       0x71 Util/USB/mass_mal.o
 .comment       0x00000000       0x71 Util/USB/memory.o
 .comment       0x00000000       0x71 Util/USB/scsi_data.o
 .comment       0x00000000       0x71 Util/USB/usb_bot.o
 .comment       0x00000000       0x71 Util/USB/usb_desc.o
 .comment       0x00000000       0x71 Util/USB/usb_endp.o
 .comment       0x00000000       0x71 Util/USB/usb_istr.o
 .comment       0x00000000       0x71 Util/USB/usb_prop.o
 .comment       0x00000000       0x71 Util/USB/usb_pwr.o
 .comment       0x00000000       0x71 Util/USB/usb_scsi.o
 .comment       0x00000000       0x71 Util/buffer.o
 .comment       0x00000000       0x71 Util/delay.o
 .comment       0x00000000       0x71 Util/fat_fs/option/ccsbcs.o
 .comment       0x00000000       0x71 Util/fat_fs/src/fattime.o
 .comment       0x00000000       0x71 Util/fat_fs/src/ff.o
 .comment       0x00000000       0x71 Util/fat_fs/src/rtc.o
 .comment       0x00000000       0x71 Util/fat_fs/src/sd_spi_stm32.o
 .comment       0x00000000       0x71 Util/filter_1400.o
 .comment       0x00000000       0x71 Util/filter_190.o
 .comment       0x00000000       0x71 Util/rprintf.o
 .comment       0x00000000       0x71 Util/wave.o
 .comment       0x00000000       0x71 adc.o
 .comment       0x00000000       0x71 gpio.o
 .comment       0x00000000       0x71 i2c_int.o
 .comment       0x00000000       0x71 interrupts.o
 .comment       0x00000000       0x71 lib/CMSIS_CM3/system_stm32f10x.o
 .comment       0x00000000       0x71 main.o
 .comment       0x00000000       0x71 pwr.o
 .comment       0x00000000       0x71 syscalls.o
 .comment       0x00000000       0x71 usart.o
 .comment       0x00000000       0x71 watchdog.o
 .comment       0x00000000       0x71 lib/STM32F10x_StdPeriph_Driver/libstm32fw.a(misc.o)
 .comment       0x00000000       0x71 lib/STM32F10x_StdPeriph_Driver/libstm32fw.a(stm32f10x_adc.o)
 .comment       0x00000000       0x71 lib/STM32F10x_StdPeriph_Driver/libstm32fw.a(stm32f10x_bkp.o)
 .comment       0x00000000       0x71 lib/STM32F10x_StdPeriph_Driver/libstm32fw.a(stm32f10x_dbgmcu.o)
 .comment       0x00000000       0x71 lib/STM32F10x_StdPeriph_Driver/libstm32fw.a(stm32f10x_dma.o)
 .comment       0x00000000       0x71 lib/STM32F10x_StdPeriph_Driver/libstm32fw.a(stm32f10x_exti.o)
 .comment       0x00000000       0x71 lib/STM32F10x_StdPeriph_Driver/libstm32fw.a(stm32f10x_gpio.o)
 .comment       0x00000000       0x71 lib/STM32F10x_StdPeriph_Driver/libstm32fw.a(stm32f10x_i2c.o)
 .comment       0x00000000       0x71 lib/STM32F10x_StdPeriph_Driver/libstm32fw.a(stm32f10x_iwdg.o)
 .comment       0x00000000       0x71 lib/STM32F10x_StdPeriph_Driver/libstm32fw.a(stm32f10x_pwr.o)
 .comment       0x00000000       0x71 lib/STM32F10x_StdPeriph_Driver/libstm32fw.a(stm32f10x_rcc.o)
 .comment       0x00000000       0x71 lib/STM32F10x_StdPeriph_Driver/libstm32fw.a(stm32f10x_rtc.o)
 .comment       0x00000000       0x71 lib/STM32F10x_StdPeriph_Driver/libstm32fw.a(stm32f10x_spi.o)
 .comment       0x00000000       0x71 lib/STM32F10x_StdPeriph_Driver/libstm32fw.a(stm32f10x_usart.o)
 .comment       0x00000000       0x71 lib/STM32_USB-FS-Device_Driver/libstm32usb.a(usb_core.o)
 .comment       0x00000000       0x71 lib/STM32_USB-FS-Device_Driver/libstm32usb.a(usb_init.o)
 .comment       0x00000000       0x71 lib/STM32_USB-FS-Device_Driver/libstm32usb.a(usb_int.o)
 .comment       0x00000000       0x71 lib/STM32_USB-FS-Device_Driver/libstm32usb.a(usb_mem.o)
 .comment       0x00000000       0x71 lib/STM32_USB-FS-Device_Driver/libstm32usb.a(usb_regs.o)
 .comment       0x00000000       0x71 lib/STM32_USB-FS-Device_Driver/libstm32usb.a(usb_sil.o)

.debug_info     0x00000000    0x1693e
 .debug_info    0x00000000      0xac9 Sensors/amb_sensors.o
 .debug_info    0x00000ac9      0x8f2 Util/USB/hw_config.o
 .debug_info    0x000013bb      0x544 Util/USB/mass_mal.o
 .debug_info    0x000018ff      0x5bf Util/USB/memory.o
 .debug_info    0x00001ebe      0x16a Util/USB/scsi_data.o
 .debug_info    0x00002028      0xa88 Util/USB/usb_bot.o
 .debug_info    0x00002ab0      0x186 Util/USB/usb_desc.o
 .debug_info    0x00002c36       0xd3 Util/USB/usb_endp.o
 .debug_info    0x00002d09      0x357 Util/USB/usb_istr.o
 .debug_info    0x00003060      0xda6 Util/USB/usb_prop.o
 .debug_info    0x00003e06      0x52f Util/USB/usb_pwr.o
 .debug_info    0x00004335      0xcdf Util/USB/usb_scsi.o
 .debug_info    0x00005014      0x1f1 Util/buffer.o
 .debug_info    0x00005205       0xc3 Util/delay.o
 .debug_info    0x000052c8      0x16f Util/fat_fs/option/ccsbcs.o
 .debug_info    0x00005437      0x198 Util/fat_fs/src/fattime.o
 .debug_info    0x000055cf     0x543b Util/fat_fs/src/ff.o
 .debug_info    0x0000aa0a      0x7c7 Util/fat_fs/src/rtc.o
 .debug_info    0x0000b1d1     0x24b8 Util/fat_fs/src/sd_spi_stm32.o
 .debug_info    0x0000d689      0x160 Util/filter_1400.o
 .debug_info    0x0000d7e9      0x159 Util/filter_190.o
 .debug_info    0x0000d942     0x13cb Util/rprintf.o
 .debug_info    0x0000ed0d      0x7ea Util/wave.o
 .debug_info    0x0000f4f7      0x863 adc.o
 .debug_info    0x0000fd5a      0x5ab gpio.o
 .debug_info    0x00010305     0x10de i2c_int.o
 .debug_info    0x000113e3      0xf5d interrupts.o
 .debug_info    0x00012340       0x80 lib/CMSIS_CM3/startup/gcc/startup_stm32f10x_md.o
 .debug_info    0x000123c0      0x2da lib/CMSIS_CM3/system_stm32f10x.o
 .debug_info    0x0001269a     0x2e5d main.o
 .debug_info    0x000154f7      0x6b0 pwr.o
 .debug_info    0x00015ba7      0x571 syscalls.o
 .debug_info    0x00016118      0x643 usart.o
 .debug_info    0x0001675b      0x1e3 watchdog.o

.debug_abbrev   0x00000000     0x3f39
 .debug_abbrev  0x00000000      0x163 Sensors/amb_sensors.o
 .debug_abbrev  0x00000163      0x34c Util/USB/hw_config.o
 .debug_abbrev  0x000004af      0x176 Util/USB/mass_mal.o
 .debug_abbrev  0x00000625      0x228 Util/USB/memory.o
 .debug_abbrev  0x0000084d       0x59 Util/USB/scsi_data.o
 .debug_abbrev  0x000008a6      0x26c Util/USB/usb_bot.o
 .debug_abbrev  0x00000b12       0x60 Util/USB/usb_desc.o
 .debug_abbrev  0x00000b72       0x66 Util/USB/usb_endp.o
 .debug_abbrev  0x00000bd8      0x16b Util/USB/usb_istr.o
 .debug_abbrev  0x00000d43      0x33f Util/USB/usb_prop.o
 .debug_abbrev  0x00001082      0x240 Util/USB/usb_pwr.o
 .debug_abbrev  0x000012c2      0x2f6 Util/USB/usb_scsi.o
 .debug_abbrev  0x000015b8      0x105 Util/buffer.o
 .debug_abbrev  0x000016bd       0x82 Util/delay.o
 .debug_abbrev  0x0000173f       0xc7 Util/fat_fs/option/ccsbcs.o
 .debug_abbrev  0x00001806       0xdb Util/fat_fs/src/fattime.o
 .debug_abbrev  0x000018e1      0x3a1 Util/fat_fs/src/ff.o
 .debug_abbrev  0x00001c82      0x308 Util/fat_fs/src/rtc.o
 .debug_abbrev  0x00001f8a      0x411 Util/fat_fs/src/sd_spi_stm32.o
 .debug_abbrev  0x0000239b      0x108 Util/filter_1400.o
 .debug_abbrev  0x000024a3      0x106 Util/filter_190.o
 .debug_abbrev  0x000025a9      0x333 Util/rprintf.o
 .debug_abbrev  0x000028dc      0x19f Util/wave.o
 .debug_abbrev  0x00002a7b      0x1be adc.o
 .debug_abbrev  0x00002c39      0x1e9 gpio.o
 .debug_abbrev  0x00002e22      0x2ae i2c_int.o
 .debug_abbrev  0x000030d0      0x2c5 interrupts.o
 .debug_abbrev  0x00003395       0x12 lib/CMSIS_CM3/startup/gcc/startup_stm32f10x_md.o
 .debug_abbrev  0x000033a7      0x116 lib/CMSIS_CM3/system_stm32f10x.o
 .debug_abbrev  0x000034bd      0x3f4 main.o
 .debug_abbrev  0x000038b1      0x209 pwr.o
 .debug_abbrev  0x00003aba      0x156 syscalls.o
 .debug_abbrev  0x00003c10      0x1fb usart.o
 .debug_abbrev  0x00003e0b      0x12e watchdog.o

.debug_loc      0x00000000    0x1168e
 .debug_loc     0x00000000      0x202 Sensors/amb_sensors.o
 .debug_loc     0x00000202      0x275 Util/USB/hw_config.o
 .debug_loc     0x00000477      0x25f Util/USB/mass_mal.o
 .debug_loc     0x000006d6      0x1eb Util/USB/memory.o
 .debug_loc     0x000008c1      0x2fc Util/USB/usb_bot.o
 .debug_loc     0x00000bbd       0x20 Util/USB/usb_istr.o
 .debug_loc     0x00000bdd      0x20c Util/USB/usb_prop.o
 .debug_loc     0x00000de9      0x1eb Util/USB/usb_pwr.o
 .debug_loc     0x00000fd4      0xa3e Util/USB/usb_scsi.o
 .debug_loc     0x00001a12      0x10b Util/buffer.o
 .debug_loc     0x00001b1d       0x6d Util/delay.o
 .debug_loc     0x00001b8a      0x12d Util/fat_fs/option/ccsbcs.o
 .debug_loc     0x00001cb7       0x51 Util/fat_fs/src/fattime.o
 .debug_loc     0x00001d08     0xa1d0 Util/fat_fs/src/ff.o
 .debug_loc     0x0000bed8      0x53b Util/fat_fs/src/rtc.o
 .debug_loc     0x0000c413     0x11a8 Util/fat_fs/src/sd_spi_stm32.o
 .debug_loc     0x0000d5bb       0xb5 Util/filter_1400.o
 .debug_loc     0x0000d670      0x41f Util/filter_190.o
 .debug_loc     0x0000da8f     0x2279 Util/rprintf.o
 .debug_loc     0x0000fd08      0x274 Util/wave.o
 .debug_loc     0x0000ff7c       0xce adc.o
 .debug_loc     0x0001004a       0x60 gpio.o
 .debug_loc     0x000100aa      0x3fa i2c_int.o
 .debug_loc     0x000104a4       0xd8 interrupts.o
 .debug_loc     0x0001057c       0x6a lib/CMSIS_CM3/system_stm32f10x.o
 .debug_loc     0x000105e6      0xcdf main.o
 .debug_loc     0x000112c5       0xe0 pwr.o
 .debug_loc     0x000113a5      0x168 syscalls.o
 .debug_loc     0x0001150d      0x120 usart.o
 .debug_loc     0x0001162d       0x61 watchdog.o

.debug_aranges  0x00000000      0x440
 .debug_aranges
                0x00000000       0x20 Sensors/amb_sensors.o
 .debug_aranges
                0x00000020       0x20 Util/USB/hw_config.o
 .debug_aranges
                0x00000040       0x20 Util/USB/mass_mal.o
 .debug_aranges
                0x00000060       0x20 Util/USB/memory.o
 .debug_aranges
                0x00000080       0x18 Util/USB/scsi_data.o
 .debug_aranges
                0x00000098       0x20 Util/USB/usb_bot.o
 .debug_aranges
                0x000000b8       0x18 Util/USB/usb_desc.o
 .debug_aranges
                0x000000d0       0x20 Util/USB/usb_endp.o
 .debug_aranges
                0x000000f0       0x20 Util/USB/usb_istr.o
 .debug_aranges
                0x00000110       0x20 Util/USB/usb_prop.o
 .debug_aranges
                0x00000130       0x20 Util/USB/usb_pwr.o
 .debug_aranges
                0x00000150       0x20 Util/USB/usb_scsi.o
 .debug_aranges
                0x00000170       0x20 Util/buffer.o
 .debug_aranges
                0x00000190       0x20 Util/delay.o
 .debug_aranges
                0x000001b0       0x20 Util/fat_fs/option/ccsbcs.o
 .debug_aranges
                0x000001d0       0x20 Util/fat_fs/src/fattime.o
 .debug_aranges
                0x000001f0       0x20 Util/fat_fs/src/ff.o
 .debug_aranges
                0x00000210       0x20 Util/fat_fs/src/rtc.o
 .debug_aranges
                0x00000230       0x20 Util/fat_fs/src/sd_spi_stm32.o
 .debug_aranges
                0x00000250       0x20 Util/filter_1400.o
 .debug_aranges
                0x00000270       0x20 Util/filter_190.o
 .debug_aranges
                0x00000290       0x20 Util/rprintf.o
 .debug_aranges
                0x000002b0       0x20 Util/wave.o
 .debug_aranges
                0x000002d0       0x20 adc.o
 .debug_aranges
                0x000002f0       0x20 gpio.o
 .debug_aranges
                0x00000310       0x20 i2c_int.o
 .debug_aranges
                0x00000330       0x20 interrupts.o
 .debug_aranges
                0x00000350       0x28 lib/CMSIS_CM3/startup/gcc/startup_stm32f10x_md.o
 .debug_aranges
                0x00000378       0x20 lib/CMSIS_CM3/system_stm32f10x.o
 .debug_aranges
                0x00000398       0x28 main.o
 .debug_aranges
                0x000003c0       0x20 pwr.o
 .debug_aranges
                0x000003e0       0x20 syscalls.o
 .debug_aranges
                0x00000400       0x20 usart.o
 .debug_aranges
                0x00000420       0x20 watchdog.o

.debug_ranges   0x00000000     0x25f0
 .debug_ranges  0x00000000       0x88 Sensors/amb_sensors.o
 .debug_ranges  0x00000088       0xf8 Util/USB/hw_config.o
 .debug_ranges  0x00000180       0x60 Util/USB/usb_bot.o
 .debug_ranges  0x000001e0       0x18 Util/USB/usb_prop.o
 .debug_ranges  0x000001f8       0x30 Util/USB/usb_pwr.o
 .debug_ranges  0x00000228      0x1e8 Util/USB/usb_scsi.o
 .debug_ranges  0x00000410     0x12c0 Util/fat_fs/src/ff.o
 .debug_ranges  0x000016d0       0xe0 Util/fat_fs/src/rtc.o
 .debug_ranges  0x000017b0      0x338 Util/fat_fs/src/sd_spi_stm32.o
 .debug_ranges  0x00001ae8      0x778 Util/rprintf.o
 .debug_ranges  0x00002260       0x70 i2c_int.o
 .debug_ranges  0x000022d0       0x30 interrupts.o
 .debug_ranges  0x00002300       0x20 lib/CMSIS_CM3/startup/gcc/startup_stm32f10x_md.o
 .debug_ranges  0x00002320       0x60 lib/CMSIS_CM3/system_stm32f10x.o
 .debug_ranges  0x00002380      0x238 main.o
 .debug_ranges  0x000025b8       0x38 usart.o

.debug_macro    0x00000000    0x11303
 .debug_macro   0x00000000      0x24c Sensors/amb_sensors.o
 .debug_macro   0x0000024c      0x820 Sensors/amb_sensors.o
 .debug_macro   0x00000a6c       0x46 Sensors/amb_sensors.o
 .debug_macro   0x00000ab2       0x22 Sensors/amb_sensors.o
 .debug_macro   0x00000ad4       0x3a Sensors/amb_sensors.o
 .debug_macro   0x00000b0e       0x10 Sensors/amb_sensors.o
 .debug_macro   0x00000b1e       0x2e Sensors/amb_sensors.o
 .debug_macro   0x00000b4c       0xa3 Sensors/amb_sensors.o
 .debug_macro   0x00000bef      0x20e Sensors/amb_sensors.o
 .debug_macro   0x00000dfd       0xb9 Sensors/amb_sensors.o
 .debug_macro   0x00000eb6     0x7bdb Sensors/amb_sensors.o
 .debug_macro   0x00008a91      0x2d0 Sensors/amb_sensors.o
 .debug_macro   0x00008d61      0x144 Sensors/amb_sensors.o
 .debug_macro   0x00008ea5       0x76 Sensors/amb_sensors.o
 .debug_macro   0x00008f1b      0x3ad Sensors/amb_sensors.o
 .debug_macro   0x000092c8       0x9a Sensors/amb_sensors.o
 .debug_macro   0x00009362      0x249 Sensors/amb_sensors.o
 .debug_macro   0x000095ab      0x295 Sensors/amb_sensors.o
 .debug_macro   0x00009840       0x64 Sensors/amb_sensors.o
 .debug_macro   0x000098a4       0x82 Sensors/amb_sensors.o
 .debug_macro   0x00009926      0x39c Sensors/amb_sensors.o
 .debug_macro   0x00009cc2       0x58 Sensors/amb_sensors.o
 .debug_macro   0x00009d1a      0x2bc Sensors/amb_sensors.o
 .debug_macro   0x00009fd6      0x654 Sensors/amb_sensors.o
 .debug_macro   0x0000a62a      0x21f Sensors/amb_sensors.o
 .debug_macro   0x0000a849       0x34 Sensors/amb_sensors.o
 .debug_macro   0x0000a87d       0x8a Sensors/amb_sensors.o
 .debug_macro   0x0000a907       0x35 Sensors/amb_sensors.o
 .debug_macro   0x0000a93c       0x10 Sensors/amb_sensors.o
 .debug_macro   0x0000a94c       0x89 Sensors/amb_sensors.o
 .debug_macro   0x0000a9d5       0x10 Sensors/amb_sensors.o
 .debug_macro   0x0000a9e5       0x3a Sensors/amb_sensors.o
 .debug_macro   0x0000aa1f       0x52 Sensors/amb_sensors.o
 .debug_macro   0x0000aa71       0x19 Sensors/amb_sensors.o
 .debug_macro   0x0000aa8a      0x16d Sensors/amb_sensors.o
 .debug_macro   0x0000abf7       0x10 Sensors/amb_sensors.o
 .debug_macro   0x0000ac07       0xf5 Sensors/amb_sensors.o
 .debug_macro   0x0000acfc       0x22 Sensors/amb_sensors.o
 .debug_macro   0x0000ad1e       0x91 Sensors/amb_sensors.o
 .debug_macro   0x0000adaf       0x16 Sensors/amb_sensors.o
 .debug_macro   0x0000adc5      0x16d Sensors/amb_sensors.o
 .debug_macro   0x0000af32       0x7c Sensors/amb_sensors.o
 .debug_macro   0x0000afae       0x1c Sensors/amb_sensors.o
 .debug_macro   0x0000afca       0x22 Sensors/amb_sensors.o
 .debug_macro   0x0000afec       0x16 Sensors/amb_sensors.o
 .debug_macro   0x0000b002       0x10 Sensors/amb_sensors.o
 .debug_macro   0x0000b012       0xfa Sensors/amb_sensors.o
 .debug_macro   0x0000b10c       0x91 Sensors/amb_sensors.o
 .debug_macro   0x0000b19d       0xe7 Sensors/amb_sensors.o
 .debug_macro   0x0000b284       0x28 Sensors/amb_sensors.o
 .debug_macro   0x0000b2ac      0x380 Util/USB/hw_config.o
 .debug_macro   0x0000b62c       0x1c Util/USB/hw_config.o
 .debug_macro   0x0000b648       0x16 Util/USB/hw_config.o
 .debug_macro   0x0000b65e       0xac Util/USB/hw_config.o
 .debug_macro   0x0000b70a       0xee Util/USB/hw_config.o
 .debug_macro   0x0000b7f8       0x3a Util/USB/hw_config.o
 .debug_macro   0x0000b832       0x7c Util/USB/hw_config.o
 .debug_macro   0x0000b8ae      0x44c Util/USB/hw_config.o
 .debug_macro   0x0000bcfa       0x28 Util/USB/hw_config.o
 .debug_macro   0x0000bd22       0x5e Util/USB/hw_config.o
 .debug_macro   0x0000bd80       0x10 Util/USB/hw_config.o
 .debug_macro   0x0000bd90       0x35 Util/USB/hw_config.o
 .debug_macro   0x0000bdc5       0x1c Util/USB/hw_config.o
 .debug_macro   0x0000bde1       0x16 Util/USB/hw_config.o
 .debug_macro   0x0000bdf7       0x22 Util/USB/hw_config.o
 .debug_macro   0x0000be19       0x34 Util/USB/hw_config.o
 .debug_macro   0x0000be4d      0x388 Util/USB/mass_mal.o
 .debug_macro   0x0000c1d5       0x10 Util/USB/mass_mal.o
 .debug_macro   0x0000c1e5      0x100 Util/USB/mass_mal.o
 .debug_macro   0x0000c2e5       0x16 Util/USB/mass_mal.o
 .debug_macro   0x0000c2fb       0x29 Util/USB/mass_mal.o
 .debug_macro   0x0000c324      0x214 Util/USB/mass_mal.o
 .debug_macro   0x0000c538       0x16 Util/USB/mass_mal.o
 .debug_macro   0x0000c54e       0x16 Util/USB/mass_mal.o
 .debug_macro   0x0000c564       0x12 Util/USB/mass_mal.o
 .debug_macro   0x0000c576       0x85 Util/USB/mass_mal.o
 .debug_macro   0x0000c5fb      0x38f Util/USB/memory.o
 .debug_macro   0x0000c98a       0x10 Util/USB/memory.o
 .debug_macro   0x0000c99a      0x19c Util/USB/memory.o
 .debug_macro   0x0000cb36       0x76 Util/USB/memory.o
 .debug_macro   0x0000cbac       0x10 Util/USB/memory.o
 .debug_macro   0x0000cbbc      0x16d Util/USB/scsi_data.o
 .debug_macro   0x0000cd29       0x16 Util/USB/scsi_data.o
 .debug_macro   0x0000cd3f      0x1dc Util/USB/usb_bot.o
 .debug_macro   0x0000cf1b      0x14b Util/USB/usb_desc.o
 .debug_macro   0x0000d066       0x2e Util/USB/usb_desc.o
 .debug_macro   0x0000d094      0x1b9 Util/USB/usb_endp.o
 .debug_macro   0x0000d24d      0x1ce Util/USB/usb_istr.o
 .debug_macro   0x0000d41b      0x388 Util/USB/usb_prop.o
 .debug_macro   0x0000d7a3       0x40 Util/USB/usb_prop.o
 .debug_macro   0x0000d7e3      0x1ca Util/USB/usb_pwr.o
 .debug_macro   0x0000d9ad      0x395 Util/USB/usb_scsi.o
 .debug_macro   0x0000dd42      0x1bc Util/buffer.o
 .debug_macro   0x0000defe      0x144 Util/delay.o
 .debug_macro   0x0000e042       0x3a Util/fat_fs/option/ccsbcs.o
 .debug_macro   0x0000e07c       0x8f Util/fat_fs/src/fattime.o
 .debug_macro   0x0000e10b       0x22 Util/fat_fs/src/fattime.o
 .debug_macro   0x0000e12d      0x3aa Util/fat_fs/src/ff.o
 .debug_macro   0x0000e4d7       0x58 Util/fat_fs/src/ff.o
 .debug_macro   0x0000e52f      0x156 Util/fat_fs/src/rtc.o
 .debug_macro   0x0000e685       0xd7 Util/fat_fs/src/rtc.o
 .debug_macro   0x0000e75c      0x4b7 Util/fat_fs/src/sd_spi_stm32.o
 .debug_macro   0x0000ec13       0x1a Util/filter_1400.o
 .debug_macro   0x0000ec2d       0x1a Util/filter_190.o
 .debug_macro   0x0000ec47       0x16 Util/filter_190.o
 .debug_macro   0x0000ec5d      0x277 Util/rprintf.o