Archive member included because of file (symbol)

lib/STM32F10x_StdPeriph_Driver/libstm32fw.a(misc.o)
                              interrupts.o (NVIC_PriorityGroupConfig)
lib/STM32F10x_StdPeriph_Driver/libstm32fw.a(stm32f10x_adc.o)
                              adc.o (ADC_DeInit)
lib/STM32F10x_StdPeriph_Driver/libstm32fw.a(stm32f10x_bkp.o)
                              Util/fat_fs/src/rtc.o (BKP_DeInit)
lib/STM32F10x_StdPeriph_Driver/libstm32fw.a(stm32f10x_dbgmcu.o)
                              main.o (DBGMCU_Config)
lib/STM32F10x_StdPeriph_Driver/libstm32fw.a(stm32f10x_dma.o)
                              Util/fat_fs/src/sd_spi_stm32.o (DMA_DeInit)
lib/STM32F10x_StdPeriph_Driver/libstm32fw.a(stm32f10x_exti.o)
                              interrupts.o (EXTI_DeInit)
lib/STM32F10x_StdPeriph_Driver/libstm32fw.a(stm32f10x_gpio.o)
                              Util/fat_fs/src/sd_spi_stm32.o (GPIO_Init)
lib/STM32F10x_StdPeriph_Driver/libstm32fw.a(stm32f10x_i2c.o)
                              i2c_int.o (I2C_DeInit)
lib/STM32F10x_StdPeriph_Driver/libstm32fw.a(stm32f10x_iwdg.o)
                              watchdog.o (IWDG_WriteAccessCmd)
lib/STM32F10x_StdPeriph_Driver/libstm32fw.a(stm32f10x_pwr.o)
                              pwr.o (PWR_DeInit)
lib/STM32F10x_StdPeriph_Driver/libstm32fw.a(stm32f10x_rcc.o)
                              interrupts.o (RCC_HCLKConfig)
lib/STM32F10x_StdPeriph_Driver/libstm32fw.a(stm32f10x_rtc.o)
                              Util/fat_fs/src/rtc.o (RTC_GetCounter)
lib/STM32F10x_StdPeriph_Driver/libstm32fw.a(stm32f10x_spi.o)
                              Util/fat_fs/src/sd_spi_stm32.o (SPI_I2S_DeInit)
lib/STM32F10x_StdPeriph_Driver/libstm32fw.a(stm32f10x_usart.o)
                              usart.o (USART_Init)
lib/STM32_USB-FS-Device_Driver/libstm32usb.a(usb_core.o)
                              Util/USB/usb_prop.o (Standard_GetDescriptorData)
lib/STM32_USB-FS-Device_Driver/libstm32usb.a(usb_init.o)
                              main.o (USB_Init)
lib/STM32_USB-FS-Device_Driver/libstm32usb.a(usb_int.o)
                              Util/USB/usb_istr.o (CTR_LP)
lib/STM32_USB-FS-Device_Driver/libstm32usb.a(usb_mem.o)
                              lib/STM32_USB-FS-Device_Driver/libstm32usb.a(usb_core.o) (UserToPMABufferCopy)
lib/STM32_USB-FS-Device_Driver/libstm32usb.a(usb_regs.o)
                              Util/USB/usb_prop.o (SetBTABLE)
lib/STM32_USB-FS-Device_Driver/libstm32usb.a(usb_sil.o)
                              Util/USB/usb_prop.o (USB_SIL_Init)
/home/laurence/CodeSourcery/Sourcery_G++_Lite/bin/../lib/gcc/arm-none-eabi/4.5.2/thumb2/libgcc.a(_arm_addsubdf3.o)
                              main.o (__aeabi_i2d)
/home/laurence/CodeSourcery/Sourcery_G++_Lite/bin/../lib/gcc/arm-none-eabi/4.5.2/thumb2/libgcc.a(_arm_muldivdf3.o)
                              interrupts.o (__aeabi_ddiv)
/home/laurence/CodeSourcery/Sourcery_G++_Lite/bin/../lib/gcc/arm-none-eabi/4.5.2/thumb2/libgcc.a(_arm_cmpdf2.o)
                              main.o (__aeabi_dcmpgt)
/home/laurence/CodeSourcery/Sourcery_G++_Lite/bin/../lib/gcc/arm-none-eabi/4.5.2/thumb2/libgcc.a(_arm_truncdfsf2.o)
                              Util/rprintf.o (__aeabi_d2f)
/home/laurence/CodeSourcery/Sourcery_G++_Lite/bin/../lib/gcc/arm-none-eabi/4.5.2/thumb2/libgcc.a(_arm_addsubsf3.o)
                              Sensors/temperature.o (__aeabi_fsub)
/home/laurence/CodeSourcery/Sourcery_G++_Lite/bin/../lib/gcc/arm-none-eabi/4.5.2/thumb2/libgcc.a(_arm_muldivsf3.o)
                              Sensors/temperature.o (__aeabi_fmul)
/home/laurence/CodeSourcery/Sourcery_G++_Lite/bin/../lib/gcc/arm-none-eabi/4.5.2/thumb2/libgcc.a(_arm_cmpsf2.o)
                              Util/rprintf.o (__aeabi_fcmpeq)
/home/laurence/CodeSourcery/Sourcery_G++_Lite/bin/../lib/gcc/arm-none-eabi/4.5.2/thumb2/libgcc.a(_arm_fixunssfsi.o)
                              Util/rprintf.o (__aeabi_f2uiz)
/home/laurence/CodeSourcery/Sourcery_G++_Lite/bin/../lib/gcc/arm-none-eabi/4.5.2/../../../../arm-none-eabi/lib/thumb2/libc.a(lib_a-abs.o)
                              main.o (abs)
/home/laurence/CodeSourcery/Sourcery_G++_Lite/bin/../lib/gcc/arm-none-eabi/4.5.2/../../../../arm-none-eabi/lib/thumb2/libc.a(lib_a-malloc.o)
                              Util/USB/mass_mal.o (malloc)
/home/laurence/CodeSourcery/Sourcery_G++_Lite/bin/../lib/gcc/arm-none-eabi/4.5.2/../../../../arm-none-eabi/lib/thumb2/libc.a(lib_a-mallocr.o)
                              /home/laurence/CodeSourcery/Sourcery_G++_Lite/bin/../lib/gcc/arm-none-eabi/4.5.2/../../../../arm-none-eabi/lib/thumb2/libc.a(lib_a-malloc.o) (_malloc_r)
/home/laurence/CodeSourcery/Sourcery_G++_Lite/bin/../lib/gcc/arm-none-eabi/4.5.2/../../../../arm-none-eabi/lib/thumb2/libc.a(lib_a-memcmp.o)
                              main.o (memcmp)
/home/laurence/CodeSourcery/Sourcery_G++_Lite/bin/../lib/gcc/arm-none-eabi/4.5.2/../../../../arm-none-eabi/lib/thumb2/libc.a(lib_a-mlock.o)
[...]
Memory Configuration

Name             Origin             Length             Attributes
ram              0x20000000         0x00005000         xrw
rom              0x08000000         0x00020000         xr
*default*        0x00000000         0xffffffff

Linker script and memory map

LOAD /home/laurence/CodeSourcery/Sourcery_G++_Lite/bin/../lib/gcc/arm-none-eabi/4.5.2/thumb2/crti.o
LOAD /home/laurence/CodeSourcery/Sourcery_G++_Lite/bin/../lib/gcc/arm-none-eabi/4.5.2/thumb2/crtbegin.o
LOAD Sensors/amb_sensors.o
LOAD Sensors/temperature.o
LOAD Util/USB/hw_config.o
LOAD Util/USB/mass_mal.o
LOAD Util/USB/memory.o
LOAD Util/USB/scsi_data.o
LOAD Util/USB/usb_bot.o
LOAD Util/USB/usb_desc.o
LOAD Util/USB/usb_endp.o
LOAD Util/USB/usb_istr.o
LOAD Util/USB/usb_prop.o
LOAD Util/USB/usb_pwr.o
LOAD Util/USB/usb_scsi.o
LOAD Util/buffer.o
LOAD Util/delay.o
LOAD Util/fat_fs/option/cc932.o
LOAD Util/fat_fs/option/syscall.o
LOAD Util/fat_fs/src/fattime.o
LOAD Util/fat_fs/src/ff.o
LOAD Util/fat_fs/src/rtc.o
LOAD Util/fat_fs/src/sd_spi_stm32.o
LOAD Util/rprintf.o
LOAD Util/stm32_eval_spi_sd.o
LOAD adc.o
LOAD gpio.o
LOAD i2c_int.o
LOAD interrupts.o
LOAD lib/CMSIS_CM3/core_cm3.o
LOAD lib/CMSIS_CM3/startup/gcc/startup_stm32f10x_md.o
LOAD lib/CMSIS_CM3/system_stm32f10x.o
LOAD main.o
LOAD pwr.o
LOAD usart.o
LOAD watchdog.o
LOAD lib/STM32F10x_StdPeriph_Driver/libstm32fw.a
LOAD lib/STM32_USB-FS-Device_Driver/libstm32usb.a
LOAD /home/laurence/CodeSourcery/Sourcery_G++_Lite/bin/../lib/gcc/arm-none-eabi/4.5.2/../../../../arm-none-eabi/lib/thumb2/libm.a
START GROUP
LOAD /home/laurence/CodeSourcery/Sourcery_G++_Lite/bin/../lib/gcc/arm-none-eabi/4.5.2/thumb2/libgcc.a
LOAD /home/laurence/CodeSourcery/Sourcery_G++_Lite/bin/../lib/gcc/arm-none-eabi/4.5.2/../../../../arm-none-eabi/lib/thumb2/libc.a
END GROUP
LOAD /home/laurence/CodeSourcery/Sourcery_G++_Lite/bin/../lib/gcc/arm-none-eabi/4.5.2/thumb2/crtend.o
LOAD /home/laurence/CodeSourcery/Sourcery_G++_Lite/bin/../lib/gcc/arm-none-eabi/4.5.2/thumb2/crtn.o
START GROUP
LOAD /home/laurence/CodeSourcery/Sourcery_G++_Lite/bin/../lib/gcc/arm-none-eabi/4.5.2/thumb2/libgcc.a
LOAD /home/laurence/CodeSourcery/Sourcery_G++_Lite/bin/../lib/gcc/arm-none-eabi/4.5.2/../../../../arm-none-eabi/lib/thumb2/libc.a
LOAD /home/laurence/CodeSourcery/Sourcery_G++_Lite/bin/../lib/gcc/arm-none-eabi/4.5.2/../../../../arm-none-eabi/lib/thumb2/libcs3.a
LOAD /home/laurence/CodeSourcery/Sourcery_G++_Lite/bin/../lib/gcc/arm-none-eabi/4.5.2/../../../../arm-none-eabi/lib/thumb2/libcs3unhosted.a
LOAD lib/libcs3-lanchon-stm32.a
END GROUP
                0x20005000                PROVIDE (__cs3_stack, (__cs3_region_start_ram + __cs3_region_size_ram))
                0x20001028                PROVIDE (__cs3_heap_start, _end)
                0x20005000                PROVIDE (__cs3_heap_end, (__cs3_region_start_ram + __cs3_region_size_ram))

.text           0x08000000    0x18e20
 CREATE_OBJECT_SYMBOLS
                0x08000000                __cs3_region_start_rom = .
 *(.cs3.region-head.rom)
                0x08000000                __cs3_interrupt_vector = __cs3_interrupt_vector_lanchon_stm32
 *(.cs3.interrupt_vector)
 .cs3.interrupt_vector
                0x08000000       0xec lib/libcs3-lanchon-stm32.a(lanchon-stm32-vector.o)
                0x08000000                __cs3_interrupt_vector_lanchon_stm32
                0x08000001                ASSERT ((. != __cs3_interrupt_vector_lanchon_stm32), No interrupt vector)
 *(.rom)
 *(.rom.b)
                0x080113d4                PROVIDE (__cs3_reset_lanchon_stm32, _start)
                0x080113d4                __cs3_reset = __cs3_reset_lanchon_stm32
 *(.cs3.reset)
 *(.text .text.* .gnu.linkonce.t.*)
 .text          0x080000ec       0x30 /home/laurence/CodeSourcery/Sourcery_G++_Lite/bin/../lib/gcc/arm-none-eabi/4.5.2/thumb2/crtbegin.o
 .text          0x0800011c      0x32c Sensors/amb_sensors.o
                0x0800011c                Allocate_Sensor_Buffers
                0x0800023c                Configure_I2C_Driver
                0x08000298                Fill_Sample_Buffers
 .text          0x08000448      0x298 Util/USB/hw_config.o
                0x08000448                Set_System
                0x08000450                Set_USBClock
                0x08000468                Enter_LowPowerMode
                0x08000474                Leave_LowPowerMode
                0x08000494                USB_Interrupts_Config
                0x080004d0                Led_RW_ON
                0x080004e0                Led_RW_OFF
                0x080004f0                USB_Configured_LED
                0x08000500                USB_NotConfigured_LED
                0x08000510                USB_Cable_Config
                0x08000514                Get_SerialNum
                0x080006d8                MAL_Config
 .text          0x080006e0      0x10c Util/USB/mass_mal.o
                0x080006e0                MAL_Init
                0x0800072c                MAL_Write
                0x08000760                MAL_Read
                0x08000788                MAL_GetStatus
 .text          0x080007ec      0x230 Util/USB/memory.o
                0x080007ec                Read_Memory
                0x0800091c                Write_Memory
 .text          0x08000a1c      0x628 Util/USB/usb_bot.o
                0x08000a1c                Mass_Storage_In
                0x08000aa4                CBW_Decode
                0x08000f04                Mass_Storage_Out
                0x08000f94                Transfer_Data_Request
                0x08000fc8                Set_CSW
                0x08001004                Bot_Abort
 .text          0x08001044        0x8 Util/USB/usb_endp.o
                0x08001044                EP1_IN_Callback
                0x08001048                EP2_OUT_Callback
 .text          0x0800104c       0xf0 Util/USB/usb_istr.o
                0x0800104c                USB_Istr
 .text          0x0800113c      0x268 Util/USB/usb_prop.o
                0x0800113c                Mass_Storage_SetDeviceAddress
                0x08001148                MASS_Status_In
                0x0800114c                MASS_Status_Out
                0x08001150                MASS_Get_Interface_Setting
                0x08001160                Get_Max_Lun
                0x08001178                MASS_Data_Setup
                0x080011bc                MASS_GetStringDescriptor
                0x080011dc                MASS_GetConfigDescriptor
                0x080011e8                MASS_GetDeviceDescriptor
                0x080011f4                MASS_NoData_Setup
                0x08001244                Mass_Storage_SetConfiguration
                0x08001274                Mass_Storage_ClearFeature
                0x08001290                MASS_Reset
                0x08001380                MASS_init
 .text          0x080013a4      0x1c4 Util/USB/usb_pwr.o
                0x080013a4                PowerOn
                0x080013d4                PowerOff
                0x080013f8                Suspend
                0x0800143c                Resume_Init
                0x0800147c                Resume
 .text          0x08001568      0x44c Util/USB/usb_scsi.o
                0x08001568                SCSI_Inquiry_Cmd
                0x080015a0                SCSI_ReadFormatCapacity_Cmd
                0x08001614                SCSI_ReadCapacity10_Cmd
                0x08001690                SCSI_ModeSense6_Cmd
                0x0800169c                SCSI_ModeSense10_Cmd
                0x080016a8                SCSI_RequestSense_Cmd
                0x080016c0                Set_Scsi_Sense_Data
                0x080016cc                SCSI_Start_Stop_Unit_Cmd
                0x080016d4                SCSI_Read10_Cmd
                0x08001784                SCSI_Write10_Cmd
                0x08001830                SCSI_Verify10_Cmd
                0x08001870                SCSI_Valid_Cmd
                0x080018a8                SCSI_TestUnitReady_Cmd
                0x080018dc                SCSI_Format_Cmd
                0x080018f4                SCSI_Invalid_Cmd
                0x08001930                SCSI_Address_Management
 .text          0x080019b4       0x84 Util/buffer.o
                0x080019b4                Add_To_Buffer
                0x080019ec                Get_From_Buffer
                0x08001a24                init_buffer
 .text          0x08001a38       0x34 Util/delay.o
                0x08001a38                Delay
 .text          0x08001a6c      0x25c Util/fat_fs/option/cc932.o
                0x08001a6c                ff_convert
                0x08001c98                ff_wtoupper
 .text          0x08001cc8       0x48 Util/fat_fs/src/fattime.o
                0x08001cc8                get_fattime
 .text          0x08001d10     0x643c Util/fat_fs/src/ff.o
                0x080025f8                clust2sect
                0x08002614                get_fat
                0x08002bb8                put_fat
                0x0800495c                gen_numname
                0x080055f4                f_mount
                0x08005614                f_open
                0x08005a80                f_read
                0x08005e68                f_write
                0x0800629c                f_sync
                0x08006474                f_close
                0x08006484                f_lseek
                0x08006650                f_opendir
                0x080066bc                f_readdir
                0x08006730                f_stat
                0x08006778                f_getfree
                0x080069dc                f_truncate
                0x08006b4c                f_unlink
                0x08006c64                f_mkdir
                0x0800708c                f_chmod
                0x080070e8                f_utime
                0x08007148                f_rename
                0x08007408                f_gets
                0x08007524                f_putc
                0x08007548                f_puts
                0x08007584                f_printf
 .text          0x0800814c      0x484 Util/fat_fs/src/rtc.o
                0x0800814c                rtc_gettime
                0x080082cc                my_RTC_SetCounter
                0x080082f0                rtc_settime
                0x08008524                rtc_init
 .text          0x080085d0      0xe48 Util/fat_fs/src/sd_spi_stm32.o
                0x08008a00                release_spi
                0x08008a34                wrapup_transaction
                0x08008a60                stop_cmd
                0x08008a68                rcvr_datablock
                0x08008b04                disk_initialize
                0x08008cb0                disk_status
                0x08008cc0                disk_read
                0x08008e60                disk_write
                0x08009000                disk_ioctl
                0x080093dc                disk_timerproc
 .text          0x08009418     0x182c Util/rprintf.o
                0x08009418                rprintfInit
                0x08009424                rprintfChar
                0x0800944c                rprintfStr
                0x08009484                rprintfStrLen
                0x08009648                rprintfCRLF
                0x08009660                rprintfu04
                0x0800968c                rprintfu08
                0x080096d4                rprintfu16
                0x08009770                rprintfu32
                0x080098bc                rprintfNum
                0x08009b2c                rprintfFloat
                0x08009df0                rprintf2RamRom
                0x0800abec                Isdigit
                0x0800abfc                atoiRamRom
                0x0800ac34                rStrLen
 .text          0x0800ac44      0x13c adc.o
                0x0800ac44                ADC_Configuration
                0x0800ad00                readADC2
                0x0800ad38                setADC2
                0x0800ad58                getADC2
 .text          0x0800ad80      0x1e4 gpio.o
                0x0800ad80                setup_gpio
                0x0800aed8                switch_leds_on
                0x0800af00                switch_leds_off
                0x0800af28                red_flash
                0x0800af58                get_wkup
 .text          0x0800af64      0x9b0 i2c_int.o
                0x0800af64                I2C1_EV_IRQHandler
                0x0800b5cc                I2C1_Request_Job
                0x0800b66c                I2C1_Setup_Job
                0x0800b680                I2C_Config
                0x0800b818                I2C1_ER_IRQHandler
 *fill*         0x0800b914        0x4 00
 .text          0x0800b918      0x370 interrupts.o
                0x0800b918                ISR_Config
                0x0800b978                EXTI_ONOFF_EN
                0x0800b9d8                SysTick_Configuration
                0x0800ba10                EXTI0_IRQHandler
                0x0800baa8                ADC1_2_IRQHandler
                0x0800bb3c                SysTickHandler
                0x0800bc80                USB_HP_CAN_TX_IRQHandler
                0x0800bc84                USB_LP_CAN_RX0_IRQHandler
 .text.Default_Handler
                0x0800bc88        0x2 lib/CMSIS_CM3/startup/gcc/startup_stm32f10x_md.o
                0x0800bc88                EXTI2_IRQHandler
                0x0800bc88                DebugMon_Handler
                0x0800bc88                TIM1_CC_IRQHandler
                0x0800bc88                HardFault_Handler
                0x0800bc88                SysTick_Handler
                0x0800bc88                PVD_IRQHandler
                0x0800bc88                PendSV_Handler
                0x0800bc88                NMI_Handler
                0x0800bc88                EXTI3_IRQHandler
                0x0800bc88                I2C2_EV_IRQHandler
                0x0800bc88                UsageFault_Handler
                0x0800bc88                SPI1_IRQHandler
                0x0800bc88                TAMPER_IRQHandler
                0x0800bc88                DMA1_Channel4_IRQHandler
                0x0800bc88                USART3_IRQHandler
                0x0800bc88                RTC_IRQHandler
                0x0800bc88                DMA1_Channel7_IRQHandler
                0x0800bc88                CAN1_RX1_IRQHandler
                0x0800bc88                TIM4_IRQHandler
                0x0800bc88                DMA1_Channel6_IRQHandler
                0x0800bc88                TIM3_IRQHandler
                0x0800bc88                RCC_IRQHandler
                0x0800bc88                TIM1_TRG_COM_IRQHandler
                0x0800bc88                DMA1_Channel1_IRQHandler
                0x0800bc88                Default_Handler
                0x0800bc88                EXTI15_10_IRQHandler
                0x0800bc88                EXTI9_5_IRQHandler
                0x0800bc88                SPI2_IRQHandler
                0x0800bc88                MemManage_Handler
                0x0800bc88                SVC_Handler
                0x0800bc88                DMA1_Channel5_IRQHandler
                0x0800bc88                EXTI4_IRQHandler
                0x0800bc88                USB_LP_CAN1_RX0_IRQHandler
                0x0800bc88                USB_HP_CAN1_TX_IRQHandler
                0x0800bc88                DMA1_Channel3_IRQHandler
                0x0800bc88                TIM1_UP_IRQHandler
                0x0800bc88                WWDG_IRQHandler
                0x0800bc88                TIM2_IRQHandler
                0x0800bc88                TIM1_BRK_IRQHandler
                0x0800bc88                EXTI1_IRQHandler
                0x0800bc88                RTCAlarm_IRQHandler
                0x0800bc88                USART2_IRQHandler
                0x0800bc88                I2C2_ER_IRQHandler
                0x0800bc88                DMA1_Channel2_IRQHandler
                0x0800bc88                CAN1_SCE_IRQHandler
                0x0800bc88                FLASH_IRQHandler
                0x0800bc88                BusFault_Handler
                0x0800bc88                USART1_IRQHandler
                0x0800bc88                USBWakeUp_IRQHandler
 *fill*         0x0800bc8a        0x2 00
 .text          0x0800bc8c       0xfc lib/CMSIS_CM3/system_stm32f10x.o
                0x0800bc8c                SystemInit
 .text          0x0800bd88      0xaa8 main.o
                0x0800bd88                __str_print_char
                0x0800bdb4                __fat_print_char
                0x0800bdd4                detect_sensors
                0x0800beb0                main
 .text          0x0800c830       0x70 pwr.o
                0x0800c830                setuppwr
                0x0800c844                shutdown
                0x0800c854                disable_pin
                0x0800c85c                shutdown_filesystem
 .text          0x0800c8a0      0x110 usart.o
                0x0800c8a0                Usarts_Init
                0x0800c94c                Default_Usart_Config
                0x0800c968                Usart_Send_Str
                0x0800c994                __usart_send_char
 .text          0x0800c9b0       0x40 watchdog.o
                0x0800c9b0                Watchdog_Config
                0x0800c9dc                Watchdog_Reset_Detect
 .text          0x0800c9f0       0xb8 lib/STM32F10x_StdPeriph_Driver/libstm32fw.a(misc.o)
                0x0800c9f0                NVIC_PriorityGroupConfig
                0x0800ca04                NVIC_Init
                0x0800ca64                NVIC_SetVectorTable
                0x0800ca78                NVIC_SystemLPConfig
                0x0800ca90                SysTick_CLKSourceConfig
 .text          0x0800caa8      0x380 lib/STM32F10x_StdPeriph_Driver/libstm32fw.a(stm32f10x_adc.o)
                0x0800caa8                ADC_DeInit
                0x0800cb04                ADC_Init
                0x0800cb50                ADC_StructInit
                0x0800cb62                ADC_Cmd
                0x0800cb76                ADC_DMACmd
                0x0800cb8a                ADC_ITConfig
                0x0800cb9e                ADC_ResetCalibration
                0x0800cba8                ADC_GetResetCalibrationStatus
                0x0800cbb0                ADC_StartCalibration
                0x0800cbba                ADC_GetCalibrationStatus
                0x0800cbc2                ADC_SoftwareStartConvCmd
                0x0800cbd6                ADC_GetSoftwareStartConvStatus
                0x0800cbde                ADC_DiscModeChannelCountConfig
                0x0800cbee                ADC_DiscModeCmd
                0x0800cc02                ADC_RegularChannelConfig
                0x0800cc90                ADC_ExternalTrigConvCmd
                0x0800cca4                ADC_GetConversionValue
                0x0800ccaa                ADC_GetDualModeConversionValue
                0x0800ccb4                ADC_AutoInjectedConvCmd
                0x0800ccc8                ADC_InjectedDiscModeCmd
                0x0800ccdc                ADC_ExternalTrigInjectedConvConfig
                0x0800ccea                ADC_ExternalTrigInjectedConvCmd
                0x0800ccfe                ADC_SoftwareStartInjectedConvCmd
                0x0800cd12                ADC_GetSoftwareStartInjectedConvCmdStatus
                0x0800cd1a                ADC_InjectedChannelConfig
                0x0800cd76                ADC_InjectedSequencerLengthConfig
                0x0800cd86                ADC_SetInjectedOffset
                0x0800cd9c                ADC_GetInjectedConversionValue
                0x0800cdb6                ADC_AnalogWatchdogCmd
                0x0800cdc8                ADC_AnalogWatchdogThresholdsConfig
                0x0800cdce                ADC_AnalogWatchdogSingleChannelConfig
                0x0800cddc                ADC_TempSensorVrefintCmd
                0x0800cdf8                ADC_GetFlagStatus
                0x0800ce04                ADC_ClearFlag
                0x0800ce0a                ADC_GetITStatus
                0x0800ce20                ADC_ClearITPendingBit
 .text          0x0800ce28       0xe0 lib/STM32F10x_StdPeriph_Driver/libstm32fw.a(stm32f10x_bkp.o)
                0x0800ce28                BKP_DeInit
                0x0800ce3a                BKP_TamperPinLevelConfig
                0x0800ce44                BKP_TamperPinCmd
                0x0800ce50                BKP_ITConfig
                0x0800ce5c                BKP_RTCOutputConfig
                0x0800ce74                BKP_SetRTCCalibrationValue
                0x0800ce8c                BKP_WriteBackupRegister
                0x0800cea8                BKP_ReadBackupRegister
                0x0800cec8                BKP_GetFlagStatus
                0x0800ced4                BKP_ClearFlag
                0x0800cee8                BKP_GetITStatus
                0x0800cef4                BKP_ClearITPendingBit
 .text          0x0800cf08       0x34 lib/STM32F10x_StdPeriph_Driver/libstm32fw.a(stm32f10x_dbgmcu.o)
                0x0800cf08                DBGMCU_GetREVID
                0x0800cf14                DBGMCU_GetDEVID
                0x0800cf24                DBGMCU_Config
 .text          0x0800cf3c      0x1f0 lib/STM32F10x_StdPeriph_Driver/libstm32fw.a(stm32f10x_dma.o)
                0x0800cf3c                DMA_DeInit
                0x0800d038                DMA_Init
                0x0800d078                DMA_StructInit
                0x0800d092                DMA_Cmd
                0x0800d0a6                DMA_ITConfig
                0x0800d0b8                DMA_GetCurrDataCounter
                0x0800d0be                DMA_GetFlagStatus
                0x0800d0dc                DMA_ClearFlag
                0x0800d0f4                DMA_GetITStatus
                0x0800d114                DMA_ClearITPendingBit
 .text          0x0800d12c      0x108 lib/STM32F10x_StdPeriph_Driver/libstm32fw.a(stm32f10x_exti.o)
                0x0800d12c                EXTI_DeInit
                0x0800d148                EXTI_Init
                0x0800d1cc                EXTI_StructInit
                0x0800d1da                EXTI_GenerateSWInterrupt
                0x0800d1ec                EXTI_GetFlagStatus
                0x0800d200                EXTI_ClearFlag
                0x0800d20c                EXTI_GetITStatus
                0x0800d228                EXTI_ClearITPendingBit
 .text          0x0800d234      0x278 lib/STM32F10x_StdPeriph_Driver/libstm32fw.a(stm32f10x_gpio.o)
                0x0800d234                GPIO_DeInit
                0x0800d2e0                GPIO_AFIODeInit
                0x0800d2f6                GPIO_Init
                0x0800d38e                GPIO_StructInit
                0x0800d39e                GPIO_ReadInputDataBit
                0x0800d3aa                GPIO_ReadInputData
                0x0800d3b0                GPIO_ReadOutputDataBit
                0x0800d3bc                GPIO_ReadOutputData
                0x0800d3c2                GPIO_SetBits
                0x0800d3c6                GPIO_ResetBits
                0x0800d3ca                GPIO_WriteBit
                0x0800d3d4                GPIO_Write
                0x0800d3d8                GPIO_PinLockConfig
                0x0800d3e8                GPIO_EventOutputConfig
                0x0800d408                GPIO_EventOutputCmd
                0x0800d414                GPIO_PinRemapConfig
                0x0800d46c                GPIO_EXTILineConfig
                0x0800d4a0                GPIO_ETH_MediaInterfaceConfig
 .text          0x0800d4ac      0x3b4 lib/STM32F10x_StdPeriph_Driver/libstm32fw.a(stm32f10x_i2c.o)
                0x0800d4ac                I2C_DeInit
                0x0800d4e0                I2C_Init
                0x0800d5b0                I2C_StructInit
                0x0800d5cc                I2C_Cmd
                0x0800d5e6                I2C_DMACmd
                0x0800d600                I2C_DMALastTransferCmd
                0x0800d61a                I2C_GenerateSTART
                0x0800d634                I2C_GenerateSTOP
                0x0800d64e                I2C_AcknowledgeConfig
                0x0800d668                I2C_OwnAddress2Config
                0x0800d67e                I2C_DualAddressCmd
                0x0800d698                I2C_GeneralCallCmd
                0x0800d6b2                I2C_ITConfig
                0x0800d6c8                I2C_SendData
                0x0800d6cc                I2C_ReceiveData
                0x0800d6d2                I2C_Send7bitAddress
                0x0800d6e2                I2C_ReadRegister
                0x0800d6fa                I2C_SoftwareResetCmd
                0x0800d712                I2C_SMBusAlertConfig
                0x0800d730                I2C_TransmitPEC
                0x0800d74a                I2C_PECPositionConfig
                0x0800d768                I2C_CalculatePEC
                0x0800d782                I2C_GetPEC
                0x0800d78a                I2C_ARPCmd
                0x0800d7a4                I2C_StretchClockCmd
                0x0800d7be                I2C_FastModeDutyCycleConfig
                0x0800d7dc                I2C_GetLastEvent
                0x0800d7ec                I2C_CheckEvent
                0x0800d804                I2C_GetFlagStatus
                0x0800d838                I2C_ClearFlag
                0x0800d83e                I2C_GetITStatus
                0x0800d85a                I2C_ClearITPendingBit
 .text          0x0800d860       0x58 lib/STM32F10x_StdPeriph_Driver/libstm32fw.a(stm32f10x_iwdg.o)
                0x0800d860                IWDG_WriteAccessCmd
                0x0800d86c                IWDG_SetPrescaler
                0x0800d878                IWDG_SetReload
                0x0800d884                IWDG_ReloadCounter
                0x0800d894                IWDG_Enable
                0x0800d8a4                IWDG_GetFlagStatus
 .text          0x0800d8b8       0xcc lib/STM32F10x_StdPeriph_Driver/libstm32fw.a(stm32f10x_pwr.o)
                0x0800d8bc                PWR_DeInit
                0x0800d8d6                PWR_BackupAccessCmd
                0x0800d8e0                PWR_PVDCmd
                0x0800d8ec                PWR_PVDLevelConfig
                0x0800d900                PWR_WakeUpPinCmd
                0x0800d90c                PWR_EnterSTOPMode
                0x0800d938                PWR_EnterSTANDBYMode
                0x0800d960                PWR_GetFlagStatus
                0x0800d974                PWR_ClearFlag
 .text          0x0800d984      0x360 lib/STM32F10x_StdPeriph_Driver/libstm32fw.a(stm32f10x_rcc.o)
                0x0800d984                RCC_DeInit
                0x0800d9c4                RCC_HSEConfig
                0x0800d9fc                RCC_AdjustHSICalibrationValue
                0x0800da10                RCC_HSICmd
                0x0800da1c                RCC_PLLConfig
                0x0800da34                RCC_PLLCmd
                0x0800da40                RCC_SYSCLKConfig
                0x0800da54                RCC_GetSYSCLKSource
                0x0800da64                RCC_HCLKConfig
                0x0800da78                RCC_PCLK1Config
                0x0800da8c                RCC_PCLK2Config
                0x0800daa0                RCC_ITConfig
                0x0800dab8                RCC_USBCLKConfig
                0x0800dac4                RCC_ADCCLKConfig
                0x0800dad8                RCC_LSEConfig
                0x0800daf8                RCC_LSICmd
                0x0800db04                RCC_RTCCLKConfig
                0x0800db14                RCC_RTCCLKCmd
                0x0800db20                RCC_GetClocksFreq
                0x0800dbc4                RCC_AHBPeriphClockCmd
                0x0800dbdc                RCC_APB2PeriphClockCmd
                0x0800dbf4                RCC_APB1PeriphClockCmd
                0x0800dc0c                RCC_APB2PeriphResetCmd
                0x0800dc24                RCC_APB1PeriphResetCmd
                0x0800dc3c                RCC_BackupResetCmd
                0x0800dc48                RCC_ClockSecuritySystemCmd
                0x0800dc54                RCC_MCOConfig
                0x0800dc60                RCC_GetFlagStatus
                0x0800dc88                RCC_WaitForHSEStartUp
                0x0800dcb4                RCC_ClearFlag
                0x0800dcc4                RCC_GetITStatus
                0x0800dcd8                RCC_ClearITPendingBit
 .text          0x0800dce4      0x158 lib/STM32F10x_StdPeriph_Driver/libstm32fw.a(stm32f10x_rtc.o)
                0x0800dce4                RTC_ITConfig
                0x0800dd00                RTC_EnterConfigMode
                0x0800dd14                RTC_ExitConfigMode
                0x0800dd28                RTC_GetCounter
                0x0800dd3c                RTC_SetCounter
                0x0800dd58                RTC_SetPrescaler
                0x0800dd78                RTC_SetAlarm
                0x0800dd94                RTC_GetDivider
                0x0800ddac                RTC_WaitForLastTask
                0x0800ddbc                RTC_WaitForSynchro
                0x0800dddc                RTC_GetFlagStatus
                0x0800ddf0                RTC_ClearFlag
                0x0800de04                RTC_GetITStatus
                0x0800de28                RTC_ClearITPendingBit
 .text          0x0800de3c      0x2d4 lib/STM32F10x_StdPeriph_Driver/libstm32fw.a(stm32f10x_spi.o)
                0x0800de3c                SPI_I2S_DeInit
                0x0800dea0                SPI_Init
                0x0800dee0                I2S_Init
                0x0800df80                SPI_StructInit
                0x0800df98                I2S_StructInit
                0x0800dfaa                SPI_Cmd
                0x0800dfc4                I2S_Cmd
                0x0800dfde                SPI_I2S_ITConfig
                0x0800dffc                SPI_I2S_DMACmd
                0x0800e012                SPI_I2S_SendData
                0x0800e016                SPI_I2S_ReceiveData
                0x0800e01c                SPI_NSSInternalSoftwareConfig
                0x0800e03c                SPI_SSOutputCmd
                0x0800e056                SPI_DataSizeConfig
                0x0800e06e                SPI_TransmitCRC
                0x0800e07a                SPI_CalculateCRC
                0x0800e094                SPI_GetCRC
                0x0800e0a4                SPI_GetCRCPolynomial
                0x0800e0aa                SPI_BiDirectionalLineConfig
                0x0800e0c8                SPI_I2S_GetFlagStatus
                0x0800e0d4                SPI_I2S_ClearFlag
                0x0800e0da                SPI_I2S_GetITStatus
                0x0800e100                SPI_I2S_ClearITPendingBit
 .text          0x0800e110      0x374 lib/STM32F10x_StdPeriph_Driver/libstm32fw.a(stm32f10x_usart.o)
                0x0800e110                USART_DeInit
                0x0800e1a8                USART_Init
                0x0800e238                USART_StructInit
                0x0800e24e                USART_ClockInit
                0x0800e274                USART_ClockStructInit
                0x0800e280                USART_Cmd
                0x0800e29a                USART_ITConfig
                0x0800e2d0                USART_DMACmd
                0x0800e2e6                USART_SetAddress
                0x0800e2fe                USART_WakeUpConfig
                0x0800e316                USART_ReceiverWakeUpCmd
                0x0800e330                USART_LINBreakDetectLengthConfig
                0x0800e348                USART_LINCmd
                0x0800e362                USART_SendData
                0x0800e36a                USART_ReceiveData
                0x0800e372                USART_SendBreak
                0x0800e37e                USART_SetGuardTime
                0x0800e390                USART_SetPrescaler
                0x0800e3a4                USART_SmartCardCmd
                0x0800e3be                USART_SmartCardNACKCmd
                0x0800e3d8                USART_HalfDuplexCmd
                0x0800e3f2                USART_IrDAConfig
                0x0800e40a                USART_IrDACmd
                0x0800e424                USART_GetFlagStatus
                0x0800e430                USART_ClearFlag
                0x0800e436                USART_GetITStatus
                0x0800e476                USART_ClearITPendingBit
 .text          0x0800e484      0xa54 lib/STM32_USB-FS-Device_Driver/libstm32usb.a(usb_core.o)
                0x0800e484                Standard_GetConfiguration
                0x0800e4ac                Standard_GetInterface
                0x0800e4d4                Standard_GetStatus
                0x0800e648                Standard_SetConfiguration
                0x0800e684                Standard_SetInterface
                0x0800e6d4                Standard_ClearFeature
                0x0800e7d0                Standard_SetEndPointFeature
                0x0800e884                Standard_SetDeviceFeature
                0x0800e8a8                Standard_GetDescriptorData
                0x0800e8c4                Post0_Process
                0x0800e90c                Out0_Process
                0x0800e9e8                Setup0_Process
                0x0800edb8                SetDeviceAddress
                0x0800ee74                In0_Process
                0x0800eed4                NOP_Process
 .text          0x0800eed8       0x38 lib/STM32_USB-FS-Device_Driver/libstm32usb.a(usb_init.o)
                0x0800eed8                USB_Init
 .text          0x0800ef10      0x25c lib/STM32_USB-FS-Device_Driver/libstm32usb.a(usb_int.o)
                0x0800ef10                CTR_LP
                0x0800f0d8                CTR_HP
 .text          0x0800f16c       0xb8 lib/STM32_USB-FS-Device_Driver/libstm32usb.a(usb_mem.o)
                0x0800f16c                UserToPMABufferCopy
                0x0800f1d4                PMAToUserBufferCopy
 .text          0x0800f224      0x880 lib/STM32_USB-FS-Device_Driver/libstm32usb.a(usb_regs.o)
                0x0800f224                SetCNTR
                0x0800f230                GetCNTR
                0x0800f23c                SetISTR
                0x0800f248                GetISTR
                0x0800f254                GetFNR
                0x0800f260                SetDADDR
                0x0800f26c                GetDADDR
                0x0800f278                SetBTABLE
                0x0800f28c                GetBTABLE
                0x0800f298                SetENDPOINT
                0x0800f2a8                GetENDPOINT
                0x0800f2b8                SetEPType
                0x0800f2d4                GetEPType
                0x0800f2e8                SetEPTxStatus
                0x0800f328                SetEPRxStatus
                0x0800f368                SetDouBleBuffEPStall
                0x0800f390                GetEPTxStatus
                0x0800f3a4                GetEPRxStatus
                0x0800f3b8                SetEPTxValid
                0x0800f3dc                SetEPRxValid
                0x0800f400                SetEP_KIND
                0x0800f420                ClearEP_KIND
                0x0800f440                Clear_Status_Out
                0x0800f460                Set_Status_Out
                0x0800f480                SetEPDoubleBuff
                0x0800f4a0                ClearEPDoubleBuff
                0x0800f4c0                GetTxStallStatus
                0x0800f4e0                GetRxStallStatus
                0x0800f500                ClearEP_CTR_RX
                0x0800f518                ClearEP_CTR_TX
                0x0800f530                ToggleDTOG_RX
                0x0800f550                ToggleDTOG_TX
                0x0800f570                ClearDTOG_RX
                0x0800f598                ClearDTOG_TX
                0x0800f5c0                SetEPAddress
                0x0800f5e4                GetEPAddress
                0x0800f5f8                SetEPTxAddr
                0x0800f61c                SetEPRxAddr
                0x0800f644                GetEPTxAddr
                0x0800f664                GetEPRxAddr
                0x0800f684                SetEPTxCount
                0x0800f6a4                SetEPCountRxReg
                0x0800f6d0                SetEPRxCount
                0x0800f718                GetEPTxCount
                0x0800f73c                GetEPRxCount
                0x0800f760                SetEPDblBuffAddr
                0x0800f7a8                SetEPDblBuf0Addr
                0x0800f7cc                SetEPDblBuf1Addr
                0x0800f7f4                GetEPDblBuf0Addr
                0x0800f814                GetEPDblBuf1Addr
                0x0800f834                SetEPDblBuffCount
                0x0800f8e0                SetEPDblBuf0Count
                0x0800f948                SetEPDblBuf1Count
                0x0800f9b0                GetEPDblBuf0Count
                0x0800f9d4                GetEPDblBuf1Count
                0x0800f9f8                GetEPDblBufDir
                0x0800fa40                FreeUserBuffer
                0x0800fa90                ToWord
                0x0800fa98                ByteSwap
 .text          0x0800faa4       0x6c lib/STM32_USB-FS-Device_Driver/libstm32usb.a(usb_sil.o)
                0x0800faa4                USB_SIL_Init
                0x0800fac4                USB_SIL_Write
                0x0800faec                USB_SIL_Read
 .text          0x0800fb10      0x370 /home/laurence/CodeSourcery/Sourcery_G++_Lite/bin/../lib/gcc/arm-none-eabi/4.5.2/thumb2/libgcc.a(_arm_addsubdf3.o)
                0x0800fb10                __aeabi_drsub
                0x0800fb18                __aeabi_dsub
                0x0800fb18                __subdf3
                0x0800fb1c                __adddf3
                0x0800fb1c                __aeabi_dadd
                0x0800fd94                __aeabi_ui2d
                0x0800fd94                __floatunsidf
                0x0800fdb4                __floatsidf
                0x0800fdb4                __aeabi_i2d
                0x0800fdd8                __extendsfdf2
                0x0800fdd8                __aeabi_f2d
                0x0800fe14                __aeabi_ul2d
                0x0800fe14                __floatundidf
                0x0800fe24                __floatdidf
                0x0800fe24                __aeabi_l2d
 .text          0x0800fe80      0x424 /home/laurence/CodeSourcery/Sourcery_G++_Lite/bin/../lib/gcc/arm-none-eabi/4.5.2/thumb2/libgcc.a(_arm_muldivdf3.o)
                0x0800fe80                __aeabi_dmul
                0x0800fe80                __muldf3
                0x080100d4                __aeabi_ddiv
                0x080100d4                __divdf3
 .text          0x080102a4      0x110 /home/laurence/CodeSourcery/Sourcery_G++_Lite/bin/../lib/gcc/arm-none-eabi/4.5.2/thumb2/libgcc.a(_arm_cmpdf2.o)
                0x080102a4                __gtdf2
                0x080102a4                __gedf2
                0x080102ac                __ltdf2
                0x080102ac                __ledf2
                0x080102b4                __cmpdf2
                0x080102b4                __eqdf2
                0x080102b4                __nedf2
                0x08010330                __aeabi_cdrcmple
                0x08010340                __aeabi_cdcmple
                0x08010340                __aeabi_cdcmpeq
                0x08010350                __aeabi_dcmpeq
                0x08010364                __aeabi_dcmplt
                0x08010378                __aeabi_dcmple
                0x0801038c                __aeabi_dcmpge
                0x080103a0                __aeabi_dcmpgt
 .text          0x080103b4       0xa0 /home/laurence/CodeSourcery/Sourcery_G++_Lite/bin/../lib/gcc/arm-none-eabi/4.5.2/thumb2/libgcc.a(_arm_truncdfsf2.o)
                0x080103b4                __aeabi_d2f
                0x080103b4                __truncdfsf2
 .text          0x08010454      0x21c /home/laurence/CodeSourcery/Sourcery_G++_Lite/bin/../lib/gcc/arm-none-eabi/4.5.2/thumb2/libgcc.a(_arm_addsubsf3.o)
                0x08010454                __aeabi_frsub
                0x0801045c                __subsf3
                0x0801045c                __aeabi_fsub
                0x08010460                __aeabi_fadd
                0x08010460                __addsf3
                0x080105c0                __aeabi_ui2f
                0x080105c0                __floatunsisf
                0x080105c8                __aeabi_i2f
                0x080105c8                __floatsisf
                0x080105e4                __floatundisf
                0x080105e4                __aeabi_ul2f
                0x080105f4                __floatdisf
                0x080105f4                __aeabi_l2f
 .text          0x08010670      0x2a0 /home/laurence/CodeSourcery/Sourcery_G++_Lite/bin/../lib/gcc/arm-none-eabi/4.5.2/thumb2/libgcc.a(_arm_muldivsf3.o)
                0x08010670                __mulsf3
                0x08010670                __aeabi_fmul
                0x080107d8                __divsf3
                0x080107d8                __aeabi_fdiv
 .text          0x08010910       0xec /home/laurence/CodeSourcery/Sourcery_G++_Lite/bin/../lib/gcc/arm-none-eabi/4.5.2/thumb2/libgcc.a(_arm_cmpsf2.o)
                0x08010910                __gtsf2
                0x08010910                __gesf2
                0x08010918                __lesf2
                0x08010918                __ltsf2
                0x08010920                __nesf2
                0x08010920                __eqsf2
                0x08010920                __cmpsf2
                0x08010980                __aeabi_cfrcmple
                0x08010988                __aeabi_cfcmple
                0x08010988                __aeabi_cfcmpeq
                0x08010998                __aeabi_fcmpeq
                0x080109ac                __aeabi_fcmplt
                0x080109c0                __aeabi_fcmple
                0x080109d4                __aeabi_fcmpge
                0x080109e8                __aeabi_fcmpgt
 .text          0x080109fc       0x40 /home/laurence/CodeSourcery/Sourcery_G++_Lite/bin/../lib/gcc/arm-none-eabi/4.5.2/thumb2/libgcc.a(_arm_fixunssfsi.o)
                0x080109fc                __aeabi_f2uiz
                0x080109fc                __fixunssfsi
 .text          0x08010a3c        0x8 /home/laurence/CodeSourcery/Sourcery_G++_Lite/bin/../lib/gcc/arm-none-eabi/4.5.2/../../../../arm-none-eabi/lib/thumb2/libc.a(lib_a-abs.o)
                0x08010a3c                abs
 .text          0x08010a44       0x20 /home/laurence/CodeSourcery/Sourcery_G++_Lite/bin/../lib/gcc/arm-none-eabi/4.5.2/../../../../arm-none-eabi/lib/thumb2/libc.a(lib_a-malloc.o)
                0x08010a44                malloc
                0x08010a54                free
 .text          0x08010a64      0x57c /home/laurence/CodeSourcery/Sourcery_G++_Lite/bin/../lib/gcc/arm-none-eabi/4.5.2/../../../../arm-none-eabi/lib/thumb2/libc.a(lib_a-mallocr.o)
                0x08010a64                _malloc_r
 .text          0x08010fe0       0x64 /home/laurence/CodeSourcery/Sourcery_G++_Lite/bin/../lib/gcc/arm-none-eabi/4.5.2/../../../../arm-none-eabi/lib/thumb2/libc.a(lib_a-memcmp.o)
                0x08010fe0                memcmp
 .text          0x08011044        0x8 /home/laurence/CodeSourcery/Sourcery_G++_Lite/bin/../lib/gcc/arm-none-eabi/4.5.2/../../../../arm-none-eabi/lib/thumb2/libc.a(lib_a-mlock.o)
                0x08011044                __malloc_lock
                0x08011048                __malloc_unlock
 .text          0x0801104c       0x28 /home/laurence/CodeSourcery/Sourcery_G++_Lite/bin/../lib/gcc/arm-none-eabi/4.5.2/../../../../arm-none-eabi/lib/thumb2/libc.a(lib_a-sbrkr.o)
                0x0801104c                _sbrk_r
 .text          0x08011074       0x60 /home/laurence/CodeSourcery/Sourcery_G++_Lite/bin/../lib/gcc/arm-none-eabi/4.5.2/../../../../arm-none-eabi/lib/thumb2/libc.a(lib_a-strlen.o)
                0x08011074                strlen
 .text          0x080110d4      0x240 /home/laurence/CodeSourcery/Sourcery_G++_Lite/bin/../lib/gcc/arm-none-eabi/4.5.2/../../../../arm-none-eabi/lib/thumb2/libc.a(lib_a-freer.o)
                0x080110d4                _malloc_trim_r
                0x0801117c                _free_r
 .text          0x08011314       0x30 /home/laurence/CodeSourcery/Sourcery_G++_Lite/bin/../lib/gcc/arm-none-eabi/4.5.2/../../../../arm-none-eabi/lib/thumb2/libcs3.a(start_c.o)
                0x08011314                __cs3_premain
 .text.cs3.init
                0x08011344       0x50 /home/laurence/CodeSourcery/Sourcery_G++_Lite/bin/../lib/gcc/arm-none-eabi/4.5.2/../../../../arm-none-eabi/lib/thumb2/libcs3.a(start_c.o)
                0x08011344                __cs3_start_c
 .text          0x08011394       0x40 /home/laurence/CodeSourcery/Sourcery_G++_Lite/bin/../lib/gcc/arm-none-eabi/4.5.2/../../../../arm-none-eabi/lib/thumb2/libcs3unhosted.a(unhosted-sbrk.o)
                0x08011394                _sbrk
 .text.cs3.init
                0x080113d4       0x10 /home/laurence/CodeSourcery/Sourcery_G++_Lite/bin/../lib/gcc/arm-none-eabi/4.5.2/../../../../arm-none-eabi/lib/thumb2/libcs3unhosted.a(unhosted-start.o)
                0x080113d4                _start
 .text          0x080113e4        0x2 lib/libcs3-lanchon-stm32.a(lanchon_stm32_isr_interrupt.o)
                0x080113e4                MemManageException
                0x080113e4                BusFaultException
                0x080113e4                DMAChannel7_IRQHandler
                0x080113e4                DebugMonitor
                0x080113e4                SVCHandler
                0x080113e4                HardFaultException
                0x080113e4                __STM32ReservedException8
                0x080113e4                __STM32DefaultExceptionHandler
                0x080113e4                DMAChannel1_IRQHandler
                0x080113e4                CAN_SCE_IRQHandler
                0x080113e4                __STM32ReservedException10
                0x080113e4                __STM32ReservedException13
                0x080113e4                NMIException
                0x080113e4                DMAChannel4_IRQHandler
                0x080113e4                PendSVC
                0x080113e4                CAN_RX1_IRQHandler
                0x080113e4                ADC_IRQHandler
                0x080113e4                DMAChannel5_IRQHandler
                0x080113e4                DMAChannel2_IRQHandler
                0x080113e4                __STM32ReservedException7
                0x080113e4                UsageFaultException
                0x080113e4                DMAChannel6_IRQHandler
                0x080113e4                DMAChannel3_IRQHandler
                0x080113e4                __STM32ReservedException9
 *fill*         0x080113e6        0x2 00
 .text          0x080113e8        0xc /home/laurence/CodeSourcery/Sourcery_G++_Lite/bin/../lib/gcc/arm-none-eabi/4.5.2/../../../../arm-none-eabi/lib/thumb2/libc.a(lib_a-errno.o)
                0x080113e8                __errno
 .text          0x080113f4       0x50 /home/laurence/CodeSourcery/Sourcery_G++_Lite/bin/../lib/gcc/arm-none-eabi/4.5.2/../../../../arm-none-eabi/lib/thumb2/libc.a(lib_a-init.o)
                0x080113f4                __libc_init_array
 *(.plt)
 *(.gnu.warning)
 *(.glue_7t)
 .glue_7t       0x00000000        0x0 linker stubs
 *(.glue_7)
 .glue_7        0x00000000        0x0 linker stubs
 *(.vfp11_veneer)
 .vfp11_veneer  0x00000000        0x0 linker stubs
 *(.rodata .rodata.* .gnu.linkonce.r.*)
 .rodata        0x08011444       0x20 Sensors/amb_sensors.o
                0x08011444                LSM_330_ACCEL_config
                0x0801144c                LSM_330_GYRO_config
                0x08011454                ADXL_config
                0x0801145c                HMC_config
                0x08011460                ITG3200_config
 .rodata        0x08011464       0xac Util/USB/usb_desc.o
                0x08011464                MASS_DeviceDescriptor
                0x08011478                MASS_ConfigDescriptor
                0x08011498                MASS_StringLangID
                0x0801149c                MASS_StringVendor
                0x080114d0                MASS_StringProduct
                0x08011500                MASS_StringInterface
 .rodata        0x08011510     0x7738 Util/fat_fs/option/cc932.o
 .rodata.str1.4
                0x08018c48       0x13 Util/fat_fs/src/ff.o
                                 0x14 (size before relaxing)
 *fill*         0x08018c5b        0x1 00
 .rodata        0x08018c5c        0xc Util/fat_fs/src/rtc.o
 .rodata        0x08018c68       0x14 Util/rprintf.o
 .rodata.str1.4
                0x08018c7c       0x1a Util/rprintf.o
                                 0x1c (size before relaxing)
 *fill*         0x08018c96        0x2 00
 .rodata.str1.4
                0x08018c98       0x10 interrupts.o
 .rodata        0x08018ca8       0x14 lib/CMSIS_CM3/system_stm32f10x.o
                0x08018ca8                SystemFrequency
                0x08018cac                SystemFrequency_SysClk
                0x08018cb0                SystemFrequency_AHBClk
                0x08018cb4                SystemFrequency_APB1Clk
                0x08018cb8                SystemFrequency_APB2Clk
 .rodata.str1.4
                0x08018cbc      0x113 main.o
                                0x118 (size before relaxing)
 *fill*         0x08018dcf        0x1 00
 .rodata.str1.4
                0x08018dd0       0x16 pwr.o
                                 0x18 (size before relaxing)
 *fill*         0x08018de6        0x2 00
 .rodata.str1.4
                0x08018de8        0x4 /home/laurence/CodeSourcery/Sourcery_G++_Lite/bin/../lib/gcc/arm-none-eabi/4.5.2/../../../../arm-none-eabi/lib/thumb2/libc.a(lib_a-impure.o)
 *(.ARM.extab* .gnu.linkonce.armextab.*)
 *(.gcc_except_table)
 *(.eh_frame_hdr)
 *(.eh_frame)
                0x08018dec                . = ALIGN (0x4)
 *(.init)
 .init          0x08018dec        0x4 /home/laurence/CodeSourcery/Sourcery_G++_Lite/bin/../lib/gcc/arm-none-eabi/4.5.2/thumb2/crti.o
                0x08018dec                _init
 .init          0x08018df0        0x8 /home/laurence/CodeSourcery/Sourcery_G++_Lite/bin/../lib/gcc/arm-none-eabi/4.5.2/thumb2/crtn.o
                0x08018df8                . = ALIGN (0x4)
                0x08018df8                _sidata = .
                0x08018df8                __preinit_array_start = .
 *(.preinit_array)
                0x08018df8                __preinit_array_end = .
                0x08018df8                . = ALIGN (0x4)
                0x08018df8                __init_array_start = .
 *(SORT(.init_array.*))
 *(.init_array)
 .init_array    0x08018df8        0x4 /home/laurence/CodeSourcery/Sourcery_G++_Lite/bin/../lib/gcc/arm-none-eabi/4.5.2/thumb2/crtbegin.o
                0x08018dfc                __init_array_end = .
                0x08018dfc                . = ALIGN (0x4)
 *crtbegin.o(.ctors)
 *(EXCLUDE_FILE(*crtend.o) .ctors)
 *(SORT(.ctors.*))
 *crtend.o(.ctors)
                0x08018dfc                . = ALIGN (0x4)
 *(.fini)
 .fini          0x08018dfc        0x4 /home/laurence/CodeSourcery/Sourcery_G++_Lite/bin/../lib/gcc/arm-none-eabi/4.5.2/thumb2/crti.o
                0x08018dfc                _fini
 .fini          0x08018e00        0x8 /home/laurence/CodeSourcery/Sourcery_G++_Lite/bin/../lib/gcc/arm-none-eabi/4.5.2/thumb2/crtn.o
                0x08018e08                . = ALIGN (0x4)
                0x08018e08                __fini_array_start = .
 *(.fini_array)
 .fini_array    0x08018e08        0x4 /home/laurence/CodeSourcery/Sourcery_G++_Lite/bin/../lib/gcc/arm-none-eabi/4.5.2/thumb2/crtbegin.o
 *(SORT(.fini_array.*))
                0x08018e0c                __fini_array_end = .
 *crtbegin.o(.dtors)
 *(EXCLUDE_FILE(*crtend.o) .dtors)
 *(SORT(.dtors.*))
 *crtend.o(.dtors)
                0x08018e0c                . = ALIGN (0x4)
                0x08018e0c                __cs3_regions = .
                0x08018e0c        0x4 LONG 0x0
                0x08018e10        0x4 LONG 0x8018e20 __cs3_region_init_ram
                0x08018e14        0x4 LONG 0x20000000 __cs3_region_start_ram
                0x08018e18        0x4 LONG 0x6f0 __cs3_region_init_size_ram
                0x08018e1c        0x4 LONG 0x938 __cs3_region_zero_size_ram
                0x08018e20                __exidx_start = .

.v4_bx          0x08018e20        0x0
 .v4_bx         0x00000000        0x0 linker stubs

.ARM.exidx
 *(.ARM.exidx* .gnu.linkonce.armexidx.*)
                0x08018e20                __exidx_end = .

.text.align     0x08018e20        0x0
                0x08018e20                . = ALIGN (0x8)
                0x08018e20                _etext = .
                0x08020000                __cs3_region_end_rom = (__cs3_region_start_rom + 0x20000)
                0x00020000                __cs3_region_size_rom = 0x20000
                0x00000001                __cs3_region_num = 0x1

.data           0x20000000      0x6f0 load address 0x08018e20
                0x20000000                __cs3_region_start_ram = .
                0x20000000                _sdata = .
 *(.cs3.region-head.ram)
 *(.jcr)
 .jcr           0x20000000        0x0 /home/laurence/CodeSourcery/Sourcery_G++_Lite/bin/../lib/gcc/arm-none-eabi/4.5.2/thumb2/crtbegin.o
 .jcr           0x20000000        0x4 /home/laurence/CodeSourcery/Sourcery_G++_Lite/bin/../lib/gcc/arm-none-eabi/4.5.2/thumb2/crtend.o
 *(.got.plt)
 *(.got)
 *(.shdata)
 *(.data .data.* .gnu.linkonce.d.*)
 .data          0x20000004       0x68 Sensors/amb_sensors.o
                0x20000004                I2C_jobs
 .data          0x2000006c       0x74 Util/USB/scsi_data.o
                0x2000006c                Standard_Inquiry_Data
                0x20000090                Standard_Inquiry_Data2
                0x200000b4                Mode_Sense6_data
                0x200000b8                Mode_Sense10_data
                0x200000c0                Scsi_Sense_Data
                0x200000d4                ReadFormatCapacity_Data
 .data          0x200000e0       0x1c Util/USB/usb_desc.o
                0x200000e0                MASS_StringSerial
 .data          0x200000fc       0x38 Util/USB/usb_istr.o
                0x200000fc                pEpInt_IN
                0x20000118                pEpInt_OUT
 .data          0x20000134       0x90 Util/USB/usb_prop.o
                0x20000134                String_Descriptor
                0x2000015c                Config_Descriptor
                0x20000164                Device_Descriptor
                0x2000016c                Device_Property
                0x2000019c                Device_Table
                0x200001a0                User_Standard_Requests
 .data          0x200001c4        0x1 Util/USB/usb_pwr.o
                0x200001c4                fSuspendEnabled
 *fill*         0x200001c5        0x3 00
 .data          0x200001c8        0x4 Util/fat_fs/src/sd_spi_stm32.o
 .data          0x200001cc       0x14 lib/STM32F10x_StdPeriph_Driver/libstm32fw.a(stm32f10x_rcc.o)
 .data          0x200001e0      0x410 /home/laurence/CodeSourcery/Sourcery_G++_Lite/bin/../lib/gcc/arm-none-eabi/4.5.2/../../../../arm-none-eabi/lib/thumb2/libc.a(lib_a-mallocr.o)
                0x200001e0                __malloc_av_
                0x200005e8                __malloc_sbrk_base
                0x200005ec                __malloc_trim_threshold
 .data          0x200005f0       0xf4 /home/laurence/CodeSourcery/Sourcery_G++_Lite/bin/../lib/gcc/arm-none-eabi/4.5.2/../../../../arm-none-eabi/lib/thumb2/libc.a(lib_a-impure.o)
                0x200005f0                _impure_ptr
 .data          0x200006e4        0x4 /home/laurence/CodeSourcery/Sourcery_G++_Lite/bin/../lib/gcc/arm-none-eabi/4.5.2/../../../../arm-none-eabi/lib/thumb2/libcs3unhosted.a(unhosted-sbrk.o)
 .data          0x200006e8        0x4 /home/laurence/CodeSourcery/Sourcery_G++_Lite/bin/../lib/gcc/arm-none-eabi/4.5.2/../../../../arm-none-eabi/lib/thumb2/libcs3.a(heap.o)
                0x200006e8                __cs3_heap_limit
 *(.ram)
                0x200006f0                . = ALIGN (0x8)
 *fill*         0x200006ec        0x4 00
                0x200006f0                _edata = .

.bss            0x200006f0      0x938 load address 0x08019510
                0x200006f0                _sbss = .
 *(.shbss)
 *(.bss .bss.* .gnu.linkonce.b.*)
 .bss           0x200006f0        0x1 /home/laurence/CodeSourcery/Sourcery_G++_Lite/bin/../lib/gcc/arm-none-eabi/4.5.2/thumb2/crtbegin.o
 *fill*         0x200006f1        0x3 00
 .bss           0x200006f4        0x4 Util/USB/mass_mal.o
                0x200006f4                Status
 .bss           0x200006f8       0x1c Util/USB/memory.o
                0x200006f8                TransferState
                0x20000704                Counter
                0x20000710                Block_Read_count
 .bss           0x20000714       0x10 Util/USB/scsi_data.o
                0x20000714                Page00_Inquiry_Data
                0x2000071c                ReadCapacity10_Data
 .bss           0x20000724        0x1 Util/USB/usb_istr.o
                0x20000724                bIntPackSOF
 *fill*         0x20000725        0x3 00
 .bss           0x20000728        0x4 Util/USB/usb_prop.o
                0x20000728                Max_Lun
 .bss           0x2000072c        0x4 Util/USB/usb_pwr.o
                0x2000072c                bDeviceState
 .bss           0x20000730        0x8 Util/fat_fs/src/ff.o
 .bss           0x20000738       0x10 Util/fat_fs/src/sd_spi_stm32.o
 .bss           0x20000748       0x84 Util/rprintf.o
 .bss           0x200007cc        0x3 i2c_int.o
 *fill*         0x200007cf        0x1 00
 .bss           0x200007d0        0x8 interrupts.o
 .bss           0x200007d8      0x234 main.o
                0x20000a08                file_opened
 .bss           0x20000a0c        0x1 lib/STM32_USB-FS-Device_Driver/libstm32usb.a(usb_core.o)
                0x20000a0c                Data_Mul_MaxPacketSize
 *fill*         0x20000a0d        0x3 00
 .bss           0x20000a10       0x34 /home/laurence/CodeSourcery/Sourcery_G++_Lite/bin/../lib/gcc/arm-none-eabi/4.5.2/../../../../arm-none-eabi/lib/thumb2/libc.a(lib_a-mallocr.o)
                0x20000a10                __malloc_top_pad
                0x20000a14                __malloc_current_mallinfo
                0x20000a3c                __malloc_max_sbrked_mem
                0x20000a40                __malloc_max_total_mem
 *(COMMON)
 COMMON         0x20000a44       0x40 Sensors/amb_sensors.o
                0x20000a44                Rawdata
 COMMON         0x20000a84       0x1c Util/USB/mass_mal.o
                0x20000a84                Mass_Memory_Size
                0x20000a8c                Mass_Block_Size
                0x20000a94                Mass_Block_Count
                0x20000a9c                Data_Buffer
 COMMON         0x20000aa0        0x8 Util/USB/memory.o
                0x20000aa0                Block_offset
                0x20000aa4                Idx
 COMMON         0x20000aa8       0x7c Util/USB/usb_bot.o
                0x20000aa8                CBW
                0x20000ac8                Data_Len
                0x20000aca                Bot_State
                0x20000acc                SCSI_LBA
                0x20000ad0                CSW
                0x20000ae0                SCSI_BlkLen
                0x20000ae4                Bulk_Data_Buff
 COMMON         0x20000b24        0x2 Util/USB/usb_istr.o
                0x20000b24                wIstr
 *fill*         0x20000b26        0x2 00
 COMMON         0x20000b28        0x2 Util/USB/usb_pwr.o
                0x20000b28                ResumeS
 COMMON         0x20000b2a        0x1 Util/fat_fs/src/sd_spi_stm32.o
                0x20000b2a                Sd_Spi_Called_From_USB_MSC
 COMMON         0x20000b2b        0x1 gpio.o
                0x20000b2b                bootsource
 COMMON         0x20000b2c        0xd i2c_int.o
                0x20000b2c                I2C1error
                0x20000b30                Jobs
                0x20000b34                Completed_Jobs
                0x20000b38                job
 *fill*         0x20000b39        0x3 00
 COMMON         0x20000b3c        0x8 interrupts.o
                0x20000b3c                Button_hold_tim
                0x20000b40                Battery_Voltage
 COMMON         0x20000b44      0x4a0 main.o
                0x20000b44                Sensor_Cable
                0x20000b48                battery_voltage
                0x20000b4c                forehead_buffer
                0x20000ba0                f_err_code
                0x20000ba1                System_state_Global
                0x20000ba4                Millis
                0x20000ba8                sfe_sensor_buffers
                0x20000c98                Sensors
                0x20000c9c                FATFS_info
                0x20000cbc                print_string
                0x20000dbc                a
                0x20000dc0                FATFS_logfile
 COMMON         0x20000fe4        0x2 lib/STM32_USB-FS-Device_Driver/libstm32usb.a(usb_core.o)
                0x20000fe4                StatusInfo
 *fill*         0x20000fe6        0x2 00
 COMMON         0x20000fe8       0x32 lib/STM32_USB-FS-Device_Driver/libstm32usb.a(usb_init.o)
                0x20000fe8                SaveState
                0x20000fec                pProperty
                0x20000ff0                EPindex
                0x20000ff4                Device_Info
                0x20001010                pUser_Standard_Requests
                0x20001014                pInformation
                0x20001018                wInterrupt_Mask
 COMMON         0x2000101a        0x4 lib/STM32_USB-FS-Device_Driver/libstm32usb.a(usb_int.o)
                0x2000101a                SaveRState
                0x2000101c                SaveTState
 *fill*         0x2000101e        0x2 00
 COMMON         0x20001020        0x4 /home/laurence/CodeSourcery/Sourcery_G++_Lite/bin/../lib/gcc/arm-none-eabi/4.5.2/../../../../arm-none-eabi/lib/thumb2/libc.a(lib_a-reent.o)
                0x20001020                errno
 *(.ram.b)
                0x20001028                . = ALIGN (0x8)
 *fill*         0x20001024        0x4 00
                0x20001028                _ebss = .

.noinit         0x20001028        0x0 load address 0x08019510
 *(.noinit)
                0x20001028                . = ALIGN (0x8)
                0x20001028                _end = .
                0x20005000                __cs3_region_end_ram = (__cs3_region_start_ram + 0x5000)
                0x00005000                __cs3_region_size_ram = 0x5000
                0x08018e20                __cs3_region_init_ram = LOADADDR (.data)
                0x000006f0                __cs3_region_init_size_ram = (_edata - ADDR (.data))
                0x00000938                __cs3_region_zero_size_ram = (_end - _edata)
                0x00000001                __cs3_region_num = 0x1

.stab
 *(.stab)

.stabstr
 *(.stabstr)

.debug
 *(.debug)

.line
 *(.line)

.debug_srcinfo
 *(.debug_srcinfo)

.debug_sfnames
 *(.debug_sfnames)

.comment        0x00000000       0x2a
 .comment       0x00000000       0x2a Sensors/amb_sensors.o
                                 0x2b (size before relaxing)
 .comment       0x00000000       0x2b Sensors/temperature.o
 .comment       0x00000000       0x2b Util/USB/hw_config.o
 .comment       0x00000000       0x2b Util/USB/mass_mal.o
 .comment       0x00000000       0x2b Util/USB/memory.o
 .comment       0x00000000       0x2b Util/USB/scsi_data.o
 .comment       0x00000000       0x2b Util/USB/usb_bot.o
 .comment       0x00000000       0x2b Util/USB/usb_desc.o
 .comment       0x00000000       0x2b Util/USB/usb_endp.o
 .comment       0x00000000       0x2b Util/USB/usb_istr.o
 .comment       0x00000000       0x2b Util/USB/usb_prop.o
 .comment       0x00000000       0x2b Util/USB/usb_pwr.o
 .comment       0x00000000       0x2b Util/USB/usb_scsi.o
 .comment       0x00000000       0x2b Util/buffer.o
 .comment       0x00000000       0x2b Util/delay.o
 .comment       0x00000000       0x2b Util/fat_fs/option/cc932.o
 .comment       0x00000000       0x2b Util/fat_fs/option/syscall.o
 .comment       0x00000000       0x2b Util/fat_fs/src/fattime.o
 .comment       0x00000000       0x2b Util/fat_fs/src/ff.o
 .comment       0x00000000       0x2b Util/fat_fs/src/rtc.o
 .comment       0x00000000       0x2b Util/fat_fs/src/sd_spi_stm32.o
 .comment       0x00000000       0x2b Util/rprintf.o
 .comment       0x00000000       0x2b Util/stm32_eval_spi_sd.o
 .comment       0x00000000       0x2b adc.o
 .comment       0x00000000       0x2b gpio.o
 .comment       0x00000000       0x2b i2c_int.o
 .comment       0x00000000       0x2b interrupts.o
 .comment       0x00000000       0x2b lib/CMSIS_CM3/core_cm3.o
 .comment       0x00000000       0x2b lib/CMSIS_CM3/system_stm32f10x.o
 .comment       0x00000000       0x2b main.o
 .comment       0x00000000       0x2b pwr.o
 .comment       0x00000000       0x2b usart.o
 .comment       0x00000000       0x2b watchdog.o
 .comment       0x00000000       0x2b lib/STM32F10x_StdPeriph_Driver/libstm32fw.a(misc.o)
 .comment       0x00000000       0x2b lib/STM32F10x_StdPeriph_Driver/libstm32fw.a(stm32f10x_adc.o)
 .comment       0x00000000       0x2b lib/STM32F10x_StdPeriph_Driver/libstm32fw.a(stm32f10x_bkp.o)
 .comment       0x00000000       0x2b lib/STM32F10x_StdPeriph_Driver/libstm32fw.a(stm32f10x_dbgmcu.o)
 .comment       0x00000000       0x2b lib/STM32F10x_StdPeriph_Driver/libstm32fw.a(stm32f10x_dma.o)
 .comment       0x00000000       0x2b lib/STM32F10x_StdPeriph_Driver/libstm32fw.a(stm32f10x_exti.o)
 .comment       0x00000000       0x2b lib/STM32F10x_StdPeriph_Driver/libstm32fw.a(stm32f10x_gpio.o)
 .comment       0x00000000       0x2b lib/STM32F10x_StdPeriph_Driver/libstm32fw.a(stm32f10x_i2c.o)
 .comment       0x00000000       0x2b lib/STM32F10x_StdPeriph_Driver/libstm32fw.a(stm32f10x_iwdg.o)
 .comment       0x00000000       0x2b lib/STM32F10x_StdPeriph_Driver/libstm32fw.a(stm32f10x_pwr.o)
 .comment       0x00000000       0x2b lib/STM32F10x_StdPeriph_Driver/libstm32fw.a(stm32f10x_rcc.o)
 .comment       0x00000000       0x2b lib/STM32F10x_StdPeriph_Driver/libstm32fw.a(stm32f10x_rtc.o)
 .comment       0x00000000       0x2b lib/STM32F10x_StdPeriph_Driver/libstm32fw.a(stm32f10x_spi.o)
 .comment       0x00000000       0x2b lib/STM32F10x_StdPeriph_Driver/libstm32fw.a(stm32f10x_usart.o)
 .comment       0x00000000       0x2b lib/STM32_USB-FS-Device_Driver/libstm32usb.a(usb_core.o)
 .comment       0x00000000       0x2b lib/STM32_USB-FS-Device_Driver/libstm32usb.a(usb_init.o)
 .comment       0x00000000       0x2b lib/STM32_USB-FS-Device_Driver/libstm32usb.a(usb_int.o)
 .comment       0x00000000       0x2b lib/STM32_USB-FS-Device_Driver/libstm32usb.a(usb_mem.o)
 .comment       0x00000000       0x2b lib/STM32_USB-FS-Device_Driver/libstm32usb.a(usb_regs.o)
 .comment       0x00000000       0x2b lib/STM32_USB-FS-Device_Driver/libstm32usb.a(usb_sil.o)

.debug_aranges  0x00000000      0x3e8
 *(.debug_aranges)
 .debug_aranges
                0x00000000       0x20 Sensors/amb_sensors.o
 .debug_aranges
                0x00000020       0x20 Sensors/temperature.o
 .debug_aranges
                0x00000040       0x20 Util/USB/hw_config.o
 .debug_aranges
                0x00000060       0x20 Util/USB/mass_mal.o
 .debug_aranges
                0x00000080       0x20 Util/USB/memory.o
 .debug_aranges
                0x000000a0       0x20 Util/USB/usb_bot.o
 .debug_aranges
                0x000000c0       0x20 Util/USB/usb_endp.o
 .debug_aranges
                0x000000e0       0x20 Util/USB/usb_istr.o
 .debug_aranges
                0x00000100       0x20 Util/USB/usb_prop.o
 .debug_aranges
                0x00000120       0x20 Util/USB/usb_pwr.o
 .debug_aranges
                0x00000140       0x20 Util/USB/usb_scsi.o
 .debug_aranges
                0x00000160       0x20 Util/buffer.o
 .debug_aranges
                0x00000180       0x20 Util/delay.o
 .debug_aranges
                0x000001a0       0x20 Util/fat_fs/option/cc932.o
 .debug_aranges
                0x000001c0       0x20 Util/fat_fs/src/fattime.o
 .debug_aranges
                0x000001e0       0x20 Util/fat_fs/src/ff.o
 .debug_aranges
                0x00000200       0x20 Util/fat_fs/src/rtc.o
 .debug_aranges
                0x00000220       0x20 Util/fat_fs/src/sd_spi_stm32.o
 .debug_aranges
                0x00000240       0x20 Util/rprintf.o
 .debug_aranges
                0x00000260       0x20 Util/stm32_eval_spi_sd.o
 .debug_aranges
                0x00000280       0x20 adc.o
 .debug_aranges
                0x000002a0       0x20 gpio.o
 .debug_aranges
                0x000002c0       0x20 i2c_int.o
 .debug_aranges
                0x000002e0       0x20 interrupts.o
 .debug_aranges
                0x00000300       0x20 lib/CMSIS_CM3/core_cm3.o
 .debug_aranges
                0x00000320       0x28 lib/CMSIS_CM3/startup/gcc/startup_stm32f10x_md.o
 .debug_aranges
                0x00000348       0x20 lib/CMSIS_CM3/system_stm32f10x.o
 .debug_aranges
                0x00000368       0x20 main.o
 .debug_aranges
                0x00000388       0x20 pwr.o
 .debug_aranges
                0x000003a8       0x20 usart.o
 .debug_aranges
                0x000003c8       0x20 watchdog.o

.debug_pubnames
                0x00000000     0x16c3
 *(.debug_pubnames)
 .debug_pubnames
                0x00000000       0xdb Sensors/amb_sensors.o
 .debug_pubnames
                0x000000db       0x8d Sensors/temperature.o
 .debug_pubnames
                0x00000168      0x113 Util/USB/hw_config.o
 .debug_pubnames
                0x0000027b       0xa5 Util/USB/mass_mal.o
 .debug_pubnames
                0x00000320       0x7f Util/USB/memory.o
 .debug_pubnames
                0x0000039f       0xd2 Util/USB/scsi_data.o
 .debug_pubnames
                0x00000471       0xd9 Util/USB/usb_bot.o
 .debug_pubnames
                0x0000054a       0xb8 Util/USB/usb_desc.o
 .debug_pubnames
                0x00000602       0x3b Util/USB/usb_endp.o
 .debug_pubnames
                0x0000063d       0x56 Util/USB/usb_istr.o
 .debug_pubnames
                0x00000693      0x1f6 Util/USB/usb_prop.o
 .debug_pubnames
                0x00000889       0x83 Util/USB/usb_pwr.o
 .debug_pubnames
                0x0000090c      0x195 Util/USB/usb_scsi.o
 .debug_pubnames
                0x00000aa1       0x48 Util/buffer.o
 .debug_pubnames
                0x00000ae9       0x1c Util/delay.o
 .debug_pubnames
                0x00000b05       0x31 Util/fat_fs/option/cc932.o
 .debug_pubnames
                0x00000b36       0x22 Util/fat_fs/src/fattime.o
 .debug_pubnames
                0x00000b58      0x14a Util/fat_fs/src/ff.o
 .debug_pubnames
                0x00000ca2       0x55 Util/fat_fs/src/rtc.o
 .debug_pubnames
                0x00000cf7       0xdb Util/fat_fs/src/sd_spi_stm32.o
 .debug_pubnames
                0x00000dd2       0xf9 Util/rprintf.o
 .debug_pubnames
                0x00000ecb      0x167 Util/stm32_eval_spi_sd.o
 .debug_pubnames
                0x00001032       0x66 adc.o
 .debug_pubnames
                0x00001098       0x72 gpio.o
 .debug_pubnames
                0x0000110a       0xa9 i2c_int.o
 .debug_pubnames
                0x000011b3       0xee interrupts.o
 .debug_pubnames
                0x000012a1      0x159 lib/CMSIS_CM3/core_cm3.o
 .debug_pubnames
                0x000013fa       0xa3 lib/CMSIS_CM3/system_stm32f10x.o
 .debug_pubnames
                0x0000149d      0x12e main.o
 .debug_pubnames
                0x000015cb       0x54 pwr.o
 .debug_pubnames
                0x0000161f       0x64 usart.o
 .debug_pubnames
                0x00001683       0x40 watchdog.o

.debug_info     0x00000000     0xe9be
 *(.debug_info .gnu.linkonce.wi.*)
 .debug_info    0x00000000      0x4c2 Sensors/amb_sensors.o
 .debug_info    0x000004c2      0x123 Sensors/temperature.o
 .debug_info    0x000005e5      0x771 Util/USB/hw_config.o
 .debug_info    0x00000d56      0x36a Util/USB/mass_mal.o
 .debug_info    0x000010c0      0x3ec Util/USB/memory.o
 .debug_info    0x000014ac      0x16b Util/USB/scsi_data.o
 .debug_info    0x00001617      0x49d Util/USB/usb_bot.o
 .debug_info    0x00001ab4      0x187 Util/USB/usb_desc.o
 .debug_info    0x00001c3b       0x98 Util/USB/usb_endp.o
 .debug_info    0x00001cd3      0x311 Util/USB/usb_istr.o
 .debug_info    0x00001fe4      0x9f4 Util/USB/usb_prop.o
 .debug_info    0x000029d8      0x3c3 Util/USB/usb_pwr.o
 .debug_info    0x00002d9b      0x87e Util/USB/usb_scsi.o
 .debug_info    0x00003619      0x189 Util/buffer.o
 .debug_info    0x000037a2       0xc8 Util/delay.o
 .debug_info    0x0000386a      0x1b9 Util/fat_fs/option/cc932.o
 .debug_info    0x00003a23       0x77 Util/fat_fs/option/syscall.o
 .debug_info    0x00003a9a      0x15a Util/fat_fs/src/fattime.o
 .debug_info    0x00003bf4     0x3272 Util/fat_fs/src/ff.o
 .debug_info    0x00006e66      0x532 Util/fat_fs/src/rtc.o
 .debug_info    0x00007398     0x139d Util/fat_fs/src/sd_spi_stm32.o
 .debug_info    0x00008735      0xe58 Util/rprintf.o
 .debug_info    0x0000958d     0x1a18 Util/stm32_eval_spi_sd.o
 .debug_info    0x0000afa5      0x423 adc.o
 .debug_info    0x0000b3c8      0x2dc gpio.o
 .debug_info    0x0000b6a4      0x6a7 i2c_int.o
 .debug_info    0x0000bd4b      0xd4a interrupts.o
 .debug_info    0x0000ca95      0x547 lib/CMSIS_CM3/core_cm3.o
 .debug_info    0x0000cfdc       0x81 lib/CMSIS_CM3/startup/gcc/startup_stm32f10x_md.o
 .debug_info    0x0000d05d      0x2d0 lib/CMSIS_CM3/system_stm32f10x.o
 .debug_info    0x0000d32d      0xe24 main.o
 .debug_info    0x0000e151      0x346 pwr.o
 .debug_info    0x0000e497      0x449 usart.o
 .debug_info    0x0000e8e0       0xde watchdog.o

.debug_abbrev   0x00000000     0x300d
 *(.debug_abbrev)
 .debug_abbrev  0x00000000       0xfb Sensors/amb_sensors.o
 .debug_abbrev  0x000000fb       0x79 Sensors/temperature.o
 .debug_abbrev  0x00000174      0x2d3 Util/USB/hw_config.o
 .debug_abbrev  0x00000447      0x111 Util/USB/mass_mal.o
 .debug_abbrev  0x00000558      0x17d Util/USB/memory.o
 .debug_abbrev  0x000006d5       0x5c Util/USB/scsi_data.o
 .debug_abbrev  0x00000731      0x198 Util/USB/usb_bot.o
 .debug_abbrev  0x000008c9       0x63 Util/USB/usb_desc.o
 .debug_abbrev  0x0000092c       0x41 Util/USB/usb_endp.o
 .debug_abbrev  0x0000096d      0x113 Util/USB/usb_istr.o
 .debug_abbrev  0x00000a80      0x1dd Util/USB/usb_prop.o
 .debug_abbrev  0x00000c5d      0x1bd Util/USB/usb_pwr.o
 .debug_abbrev  0x00000e1a      0x253 Util/USB/usb_scsi.o
 .debug_abbrev  0x0000106d       0xc1 Util/buffer.o
 .debug_abbrev  0x0000112e       0x7e Util/delay.o
 .debug_abbrev  0x000011ac       0xd2 Util/fat_fs/option/cc932.o
 .debug_abbrev  0x0000127e       0x2c Util/fat_fs/option/syscall.o
 .debug_abbrev  0x000012aa       0x97 Util/fat_fs/src/fattime.o
 .debug_abbrev  0x00001341      0x2f7 Util/fat_fs/src/ff.o
 .debug_abbrev  0x00001638      0x213 Util/fat_fs/src/rtc.o
 .debug_abbrev  0x0000184b      0x37f Util/fat_fs/src/sd_spi_stm32.o
 .debug_abbrev  0x00001bca      0x2fa Util/rprintf.o
 .debug_abbrev  0x00001ec4      0x2e8 Util/stm32_eval_spi_sd.o
 .debug_abbrev  0x000021ac      0x14c adc.o
 .debug_abbrev  0x000022f8      0x158 gpio.o
 .debug_abbrev  0x00002450      0x1f2 i2c_int.o
 .debug_abbrev  0x00002642      0x256 interrupts.o
 .debug_abbrev  0x00002898       0xc1 lib/CMSIS_CM3/core_cm3.o
 .debug_abbrev  0x00002959       0x12 lib/CMSIS_CM3/startup/gcc/startup_stm32f10x_md.o
 .debug_abbrev  0x0000296b      0x112 lib/CMSIS_CM3/system_stm32f10x.o
 .debug_abbrev  0x00002a7d      0x269 main.o
 .debug_abbrev  0x00002ce6      0x10c pwr.o
 .debug_abbrev  0x00002df2      0x186 usart.o
 .debug_abbrev  0x00002f78       0x95 watchdog.o

.debug_line     0x00000000     0xd805
 *(.debug_line)
 .debug_line    0x00000000      0x5b0 Sensors/amb_sensors.o
 .debug_line    0x000005b0      0x502 Sensors/temperature.o
 .debug_line    0x00000ab2      0x92b Util/USB/hw_config.o
 .debug_line    0x000013dd      0x7a0 Util/USB/mass_mal.o
 .debug_line    0x00001b7d      0x7da Util/USB/memory.o
 .debug_line    0x00002357      0x339 Util/USB/scsi_data.o
 .debug_line    0x00002690      0x55c Util/USB/usb_bot.o
 .debug_line    0x00002bec      0x2ed Util/USB/usb_desc.o
 .debug_line    0x00002ed9      0x3ba Util/USB/usb_endp.o
 .debug_line    0x00003293      0x3f5 Util/USB/usb_istr.o
 .debug_line    0x00003688      0x7f4 Util/USB/usb_prop.o
 .debug_line    0x00003e7c      0x452 Util/USB/usb_pwr.o
 .debug_line    0x000042ce      0x992 Util/USB/usb_scsi.o
 .debug_line    0x00004c60      0x4b9 Util/buffer.o
 .debug_line    0x00005119      0x2fd Util/delay.o
 .debug_line    0x00005416       0xd8 Util/fat_fs/option/cc932.o
 .debug_line    0x000054ee      0x2fc Util/fat_fs/option/syscall.o
 .debug_line    0x000057ea      0x179 Util/fat_fs/src/fattime.o
 .debug_line    0x00005963     0x1ed8 Util/fat_fs/src/ff.o
 .debug_line    0x0000783b      0x47f Util/fat_fs/src/rtc.o
 .debug_line    0x00007cba      0xc6c Util/fat_fs/src/sd_spi_stm32.o
 .debug_line    0x00008926      0xd32 Util/rprintf.o
 .debug_line    0x00009658      0x9a5 Util/stm32_eval_spi_sd.o
 .debug_line    0x00009ffd      0x6cc adc.o
 .debug_line    0x0000a6c9      0x5ed gpio.o
 .debug_line    0x0000acb6      0x71e i2c_int.o
 .debug_line    0x0000b3d4      0x779 interrupts.o
 .debug_line    0x0000bb4d      0x198 lib/CMSIS_CM3/core_cm3.o
 .debug_line    0x0000bce5       0x84 lib/CMSIS_CM3/startup/gcc/startup_stm32f10x_md.o
 .debug_line    0x0000bd69      0x336 lib/CMSIS_CM3/system_stm32f10x.o
 .debug_line    0x0000c09f      0x92e main.o
 .debug_line    0x0000c9cd      0x574 pwr.o
 .debug_line    0x0000cf41      0x5bc usart.o
 .debug_line    0x0000d4fd      0x308 watchdog.o

.debug_frame    0x00000000     0x1b80
 *(.debug_frame)
 .debug_frame   0x00000000       0x60 Sensors/amb_sensors.o
 .debug_frame   0x00000060       0x40 Sensors/temperature.o
 .debug_frame   0x000000a0       0xec Util/USB/hw_config.o
 .debug_frame   0x0000018c       0x7c Util/USB/mass_mal.o
 .debug_frame   0x00000208       0x50 Util/USB/memory.o
 .debug_frame   0x00000258       0xc0 Util/USB/usb_bot.o
 .debug_frame   0x00000318       0x30 Util/USB/usb_endp.o
 .debug_frame   0x00000348       0x2c Util/USB/usb_istr.o
 .debug_frame   0x00000374      0x11c Util/USB/usb_prop.o
 .debug_frame   0x00000490       0x94 Util/USB/usb_pwr.o
 .debug_frame   0x00000524      0x180 Util/USB/usb_scsi.o
 .debug_frame   0x000006a4       0x5c Util/buffer.o
 .debug_frame   0x00000700       0x24 Util/delay.o
 .debug_frame   0x00000724       0x3c Util/fat_fs/option/cc932.o
 .debug_frame   0x00000760       0x2c Util/fat_fs/src/fattime.o
 .debug_frame   0x0000078c      0x564 Util/fat_fs/src/ff.o
 .debug_frame   0x00000cf0       0x84 Util/fat_fs/src/rtc.o
 .debug_frame   0x00000d74      0x190 Util/fat_fs/src/sd_spi_stm32.o
 .debug_frame   0x00000f04      0x1d4 Util/rprintf.o
 .debug_frame   0x000010d8      0x25c Util/stm32_eval_spi_sd.o
 .debug_frame   0x00001334       0x74 adc.o
 .debug_frame   0x000013a8       0x78 gpio.o
 .debug_frame   0x00001420       0xa0 i2c_int.o
 .debug_frame   0x000014c0       0xd4 interrupts.o
 .debug_frame   0x00001594      0x170 lib/CMSIS_CM3/core_cm3.o
 .debug_frame   0x00001704       0x24 lib/CMSIS_CM3/system_stm32f10x.o
 .debug_frame   0x00001728       0x90 main.o
 .debug_frame   0x000017b8       0x70 pwr.o
 .debug_frame   0x00001828       0x78 usart.o
 .debug_frame   0x000018a0       0x40 watchdog.o
 .debug_frame   0x000018e0       0x20 /home/laurence/CodeSourcery/Sourcery_G++_Lite/bin/../lib/gcc/arm-none-eabi/4.5.2/../../../../arm-none-eabi/lib/thumb2/libc.a(lib_a-abs.o)
 .debug_frame   0x00001900       0x30 /home/laurence/CodeSourcery/Sourcery_G++_Lite/bin/../lib/gcc/arm-none-eabi/4.5.2/../../../../arm-none-eabi/lib/thumb2/libc.a(lib_a-malloc.o)
 .debug_frame   0x00001930       0x3c /home/laurence/CodeSourcery/Sourcery_G++_Lite/bin/../lib/gcc/arm-none-eabi/4.5.2/../../../../arm-none-eabi/lib/thumb2/libc.a(lib_a-mallocr.o)
 .debug_frame   0x0000196c       0x2c /home/laurence/CodeSourcery/Sourcery_G++_Lite/bin/../lib/gcc/arm-none-eabi/4.5.2/../../../../arm-none-eabi/lib/thumb2/libc.a(lib_a-memcmp.o)
 .debug_frame   0x00001998       0x30 /home/laurence/CodeSourcery/Sourcery_G++_Lite/bin/../lib/gcc/arm-none-eabi/4.5.2/../../../../arm-none-eabi/lib/thumb2/libc.a(lib_a-mlock.o)
 .debug_frame   0x000019c8       0x2c /home/laurence/CodeSourcery/Sourcery_G++_Lite/bin/../lib/gcc/arm-none-eabi/4.5.2/../../../../arm-none-eabi/lib/thumb2/libc.a(lib_a-sbrkr.o)
 .debug_frame   0x000019f4       0x20 /home/laurence/CodeSourcery/Sourcery_G++_Lite/bin/../lib/gcc/arm-none-eabi/4.5.2/../../../../arm-none-eabi/lib/thumb2/libc.a(lib_a-strlen.o)
 .debug_frame   0x00001a14       0x50 /home/laurence/CodeSourcery/Sourcery_G++_Lite/bin/../lib/gcc/arm-none-eabi/4.5.2/../../../../arm-none-eabi/lib/thumb2/libc.a(lib_a-freer.o)
 .debug_frame   0x00001a64       0x68 /home/laurence/CodeSourcery/Sourcery_G++_Lite/bin/../lib/gcc/arm-none-eabi/4.5.2/../../../../arm-none-eabi/lib/thumb2/libc.a(lib_a-reent.o)
 .debug_frame   0x00001acc       0x40 /home/laurence/CodeSourcery/Sourcery_G++_Lite/bin/../lib/gcc/arm-none-eabi/4.5.2/../../../../arm-none-eabi/lib/thumb2/libcs3.a(start_c.o)
 .debug_frame   0x00001b0c       0x28 /home/laurence/CodeSourcery/Sourcery_G++_Lite/bin/../lib/gcc/arm-none-eabi/4.5.2/../../../../arm-none-eabi/lib/thumb2/libcs3unhosted.a(unhosted-sbrk.o)
 .debug_frame   0x00001b34       0x20 /home/laurence/CodeSourcery/Sourcery_G++_Lite/bin/../lib/gcc/arm-none-eabi/4.5.2/../../../../arm-none-eabi/lib/thumb2/libc.a(lib_a-errno.o)
 .debug_frame   0x00001b54       0x2c /home/laurence/CodeSourcery/Sourcery_G++_Lite/bin/../lib/gcc/arm-none-eabi/4.5.2/../../../../arm-none-eabi/lib/thumb2/libc.a(lib_a-init.o)

.debug_str      0x00000000     0x30fc
 *(.debug_str)
 .debug_str     0x00000000      0x257 Sensors/amb_sensors.o
                                0x2b7 (size before relaxing)
 .debug_str     0x00000257       0x8a Sensors/temperature.o
                                0x153 (size before relaxing)
 .debug_str     0x000002e1      0x640 Util/USB/hw_config.o
                                0x7b2 (size before relaxing)
 .debug_str     0x00000921       0xc1 Util/USB/mass_mal.o
                                0x241 (size before relaxing)
 .debug_str     0x000009e2       0xfd Util/USB/memory.o
                                0x2b6 (size before relaxing)
 .debug_str     0x00000adf       0xa5 Util/USB/scsi_data.o
                                0x178 (size before relaxing)
 .debug_str     0x00000b84       0xd6 Util/USB/usb_bot.o
                                0x237 (size before relaxing)
 .debug_str     0x00000c5a       0x8c Util/USB/usb_desc.o
                                0x161 (size before relaxing)
 .debug_str     0x00000ce6       0x35 Util/USB/usb_endp.o
                                 0xf0 (size before relaxing)
 .debug_str     0x00000d1b      0x1bf Util/USB/usb_istr.o
                                0x2e5 (size before relaxing)
 .debug_str     0x00000eda      0x334 Util/USB/usb_prop.o
                                0x855 (size before relaxing)
 .debug_str     0x0000120e       0x6c Util/USB/usb_pwr.o
                                0x2ca (size before relaxing)
 .debug_str     0x0000127a      0x197 Util/USB/usb_scsi.o
                                0x3a9 (size before relaxing)
 .debug_str     0x00001411       0x38 Util/buffer.o
                                0x133 (size before relaxing)
 .debug_str     0x00001449       0x29 Util/delay.o
                                 0xed (size before relaxing)
 .debug_str     0x00001472       0x5a Util/fat_fs/option/cc932.o
                                 0xe9 (size before relaxing)
 .debug_str     0x000014cc       0x1d Util/fat_fs/option/syscall.o
                                 0xdd (size before relaxing)
 .debug_str     0x000014e9       0x47 Util/fat_fs/src/fattime.o
                                0x122 (size before relaxing)
 .debug_str     0x00001530      0x4c5 Util/fat_fs/src/ff.o
                                0x5fb (size before relaxing)
 .debug_str     0x000019f5       0xa8 Util/fat_fs/src/rtc.o
                                0x1b2 (size before relaxing)
 .debug_str     0x00001a9d      0x508 Util/fat_fs/src/sd_spi_stm32.o
                                0x6d0 (size before relaxing)
 .debug_str     0x00001fa5      0x134 Util/rprintf.o
                                0x299 (size before relaxing)
 .debug_str     0x000020d9      0x4ea Util/stm32_eval_spi_sd.o
                                0x854 (size before relaxing)
 .debug_str     0x000025c3      0x12d adc.o
                                0x35a (size before relaxing)
 .debug_str     0x000026f0       0x4f gpio.o
                                0x2dd (size before relaxing)
 .debug_str     0x0000273f      0x166 i2c_int.o
                                0x4a5 (size before relaxing)
 .debug_str     0x000028a5      0x31a interrupts.o
                                0x95b (size before relaxing)
 .debug_str     0x00002bbf      0x145 lib/CMSIS_CM3/core_cm3.o
                                0x237 (size before relaxing)
 .debug_str     0x00002d04      0x11d lib/CMSIS_CM3/system_stm32f10x.o
                                0x212 (size before relaxing)
 .debug_str     0x00002e21      0x189 main.o
                                0x7af (size before relaxing)
 .debug_str     0x00002faa       0x32 pwr.o
                                0x1ee (size before relaxing)
 .debug_str     0x00002fdc       0xe4 usart.o
                                0x34b (size before relaxing)
 .debug_str     0x000030c0       0x3c watchdog.o
                                0x10e (size before relaxing)

.debug_loc      0x00000000     0xfff2
 *(.debug_loc)
 .debug_loc     0x00000000      0x25b Sensors/amb_sensors.o
 .debug_loc     0x0000025b       0x7c Sensors/temperature.o
 .debug_loc     0x000002d7      0x210 Util/USB/hw_config.o
 .debug_loc     0x000004e7      0x1ac Util/USB/mass_mal.o
 .debug_loc     0x00000693      0x12f Util/USB/memory.o
 .debug_loc     0x000007c2      0x263 Util/USB/usb_bot.o
 .debug_loc     0x00000a25       0x20 Util/USB/usb_istr.o
 .debug_loc     0x00000a45      0x16f Util/USB/usb_prop.o
 .debug_loc     0x00000bb4      0x19a Util/USB/usb_pwr.o
 .debug_loc     0x00000d4e      0x695 Util/USB/usb_scsi.o
 .debug_loc     0x000013e3       0xd8 Util/buffer.o
 .debug_loc     0x000014bb       0x55 Util/delay.o
 .debug_loc     0x00001510      0x2bd Util/fat_fs/option/cc932.o
 .debug_loc     0x000017cd       0x2c Util/fat_fs/src/fattime.o
 .debug_loc     0x000017f9     0x8f6e Util/fat_fs/src/ff.o
 .debug_loc     0x0000a767      0x7a4 Util/fat_fs/src/rtc.o
 .debug_loc     0x0000af0b      0xd1e Util/fat_fs/src/sd_spi_stm32.o
 .debug_loc     0x0000bc29     0x2420 Util/rprintf.o
 .debug_loc     0x0000e049     0x117f Util/stm32_eval_spi_sd.o
 .debug_loc     0x0000f1c8       0xb2 adc.o
 .debug_loc     0x0000f27a       0x60 gpio.o
 .debug_loc     0x0000f2da      0x2a0 i2c_int.o
 .debug_loc     0x0000f57a       0xe4 interrupts.o
 .debug_loc     0x0000f65e      0x270 lib/CMSIS_CM3/core_cm3.o
 .debug_loc     0x0000f8ce       0x20 lib/CMSIS_CM3/system_stm32f10x.o
 .debug_loc     0x0000f8ee      0x546 main.o
 .debug_loc     0x0000fe34       0x6c pwr.o
 .debug_loc     0x0000fea0       0xff usart.o
 .debug_loc     0x0000ff9f       0x53 watchdog.o

.debug_macinfo  0x00000000   0x82b21b
 *(.debug_macinfo)
 .debug_macinfo
                0x00000000    0x47f75 Sensors/amb_sensors.o
 .debug_macinfo
                0x00047f75    0x4703e Sensors/temperature.o
 .debug_macinfo
                0x0008efb3    0x4b348 Util/USB/hw_config.o
 .debug_macinfo
                0x000da2fb    0x4b0de Util/USB/mass_mal.o
 .debug_macinfo
                0x001253d9    0x4b825 Util/USB/memory.o
 .debug_macinfo
                0x00170bfe    0x449f7 Util/USB/scsi_data.o
 .debug_macinfo
                0x001b55f5    0x46e93 Util/USB/usb_bot.o
 .debug_macinfo
                0x001fc488    0x44122 Util/USB/usb_desc.o
 .debug_macinfo
                0x002405aa    0x46735 Util/USB/usb_endp.o
 .debug_macinfo
                0x00286cdf    0x465e5 Util/USB/usb_istr.o
 .debug_macinfo
                0x002cd2c4    0x4b34a Util/USB/usb_prop.o
 .debug_macinfo
                0x0031860e    0x46896 Util/USB/usb_pwr.o
 .debug_macinfo
                0x0035eea4    0x4b890 Util/USB/usb_scsi.o
 .debug_macinfo
                0x003aa734    0x45fd4 Util/buffer.o
 .debug_macinfo
                0x003f0708    0x44053 Util/delay.o
 .debug_macinfo
                0x0043475b     0x27da Util/fat_fs/option/cc932.o
 .debug_macinfo
                0x00436f35     0x47fe Util/fat_fs/option/syscall.o
 .debug_macinfo
                0x0043b733     0x2b6b Util/fat_fs/src/fattime.o
 .debug_macinfo
                0x0043e29e    0x45141 Util/fat_fs/src/ff.o
 .debug_macinfo
                0x004833df    0x440cb Util/fat_fs/src/rtc.o
 .debug_macinfo
                0x004c74aa    0x4b736 Util/fat_fs/src/sd_spi_stm32.o
 .debug_macinfo
                0x00512be0    0x4829a Util/rprintf.o
 .debug_macinfo
                0x0055ae7a    0x44651 Util/stm32_eval_spi_sd.o
 .debug_macinfo
                0x0059f4cb    0x4ae56 adc.o
 .debug_macinfo
                0x005ea321    0x48440 gpio.o
 .debug_macinfo
                0x00632761    0x47bd3 i2c_int.o
 .debug_macinfo
                0x0067a334    0x4ad2d interrupts.o
 .debug_macinfo
                0x006c5061     0x2b03 lib/CMSIS_CM3/core_cm3.o
 .debug_macinfo
                0x006c7b64    0x44068 lib/CMSIS_CM3/system_stm32f10x.o
 .debug_macinfo
                0x0070bbcc    0x4b30f main.o
 .debug_macinfo
                0x00756edb    0x481a2 pwr.o
 .debug_macinfo
                0x0079f07d    0x48127 usart.o
 .debug_macinfo
                0x007e71a4    0x44077 watchdog.o

.debug_weaknames
 *(.debug_weaknames)

.debug_funcnames
 *(.debug_funcnames)

.debug_typenames
 *(.debug_typenames)

.debug_varnames
 *(.debug_varnames)

.note.gnu.arm.ident
 *(.note.gnu.arm.ident)

.ARM.attributes
                0x00000000       0x25
 *(.ARM.attributes)
 .ARM.attributes
                0x00000000       0x19 /home/laurence/CodeSourcery/Sourcery_G++_Lite/bin/../lib/gcc/arm-none-eabi/4.5.2/thumb2/crti.o
 .ARM.attributes
                0x00000019       0x29 /home/laurence/CodeSourcery/Sourcery_G++_Lite/bin/../lib/gcc/arm-none-eabi/4.5.2/thumb2/crtbegin.o
 .ARM.attributes
                0x00000042       0x31 Sensors/amb_sensors.o
 .ARM.attributes
                0x00000073       0x31 Sensors/temperature.o
 .ARM.attributes
                0x000000a4       0x31 Util/USB/hw_config.o
 .ARM.attributes
                0x000000d5       0x31 Util/USB/mass_mal.o
 .ARM.attributes
                0x00000106       0x31 Util/USB/memory.o
 .ARM.attributes
                0x00000137       0x31 Util/USB/scsi_data.o
 .ARM.attributes
                0x00000168       0x31 Util/USB/usb_bot.o
 .ARM.attributes
                0x00000199       0x31 Util/USB/usb_desc.o
 .ARM.attributes
                0x000001ca       0x31 Util/USB/usb_endp.o
 .ARM.attributes
                0x000001fb       0x31 Util/USB/usb_istr.o
 .ARM.attributes
                0x0000022c       0x31 Util/USB/usb_prop.o
 .ARM.attributes
                0x0000025d       0x31 Util/USB/usb_pwr.o
 .ARM.attributes
                0x0000028e       0x31 Util/USB/usb_scsi.o
 .ARM.attributes
                0x000002bf       0x31 Util/buffer.o
 .ARM.attributes
                0x000002f0       0x31 Util/delay.o
 .ARM.attributes
                0x00000321       0x31 Util/fat_fs/option/cc932.o
 .ARM.attributes
                0x00000352       0x31 Util/fat_fs/option/syscall.o
 .ARM.attributes
                0x00000383       0x31 Util/fat_fs/src/fattime.o
 .ARM.attributes
                0x000003b4       0x31 Util/fat_fs/src/ff.o
 .ARM.attributes
                0x000003e5       0x31 Util/fat_fs/src/rtc.o
 .ARM.attributes
                0x00000416       0x31 Util/fat_fs/src/sd_spi_stm32.o
 .ARM.attributes
                0x00000447       0x31 Util/rprintf.o
 .ARM.attributes
                0x00000478       0x31 Util/stm32_eval_spi_sd.o
 .ARM.attributes
                0x000004a9       0x31 adc.o
 .ARM.attributes
                0x000004da       0x31 gpio.o
 .ARM.attributes
                0x0000050b       0x31 i2c_int.o
 .ARM.attributes
                0x0000053c       0x31 interrupts.o
 .ARM.attributes
                0x0000056d       0x31 lib/CMSIS_CM3/core_cm3.o
 .ARM.attributes
                0x0000059e       0x21 lib/CMSIS_CM3/startup/gcc/startup_stm32f10x_md.o
 .ARM.attributes
                0x000005bf       0x31 lib/CMSIS_CM3/system_stm32f10x.o
 .ARM.attributes
                0x000005f0       0x31 main.o
 .ARM.attributes
                0x00000621       0x31 pwr.o
 .ARM.attributes
                0x00000652       0x31 usart.o
 .ARM.attributes
                0x00000683       0x31 watchdog.o
 .ARM.attributes
                0x000006b4       0x31 lib/STM32F10x_StdPeriph_Driver/libstm32fw.a(misc.o)
 .ARM.attributes
                0x000006e5       0x31 lib/STM32F10x_StdPeriph_Driver/libstm32fw.a(stm32f10x_adc.o)
 .ARM.attributes
                0x00000716       0x31 lib/STM32F10x_StdPeriph_Driver/libstm32fw.a(stm32f10x_bkp.o)
 .ARM.attributes
                0x00000747       0x31 lib/STM32F10x_StdPeriph_Driver/libstm32fw.a(stm32f10x_dbgmcu.o)