Archive member included because of file (symbol)

lib/STM32F10x_StdPeriph_Driver/libstm32fw.a(misc.o)
                              interrupts.o (NVIC_PriorityGroupConfig)
lib/STM32F10x_StdPeriph_Driver/libstm32fw.a(stm32f10x_adc.o)
                              adc.o (ADC_DeInit)
lib/STM32F10x_StdPeriph_Driver/libstm32fw.a(stm32f10x_bkp.o)
                              Util/fat_fs/src/rtc.o (BKP_DeInit)
lib/STM32F10x_StdPeriph_Driver/libstm32fw.a(stm32f10x_dbgmcu.o)
                              main.o (DBGMCU_Config)
lib/STM32F10x_StdPeriph_Driver/libstm32fw.a(stm32f10x_dma.o)
                              Util/fat_fs/src/sd_spi_stm32.o (DMA_DeInit)
lib/STM32F10x_StdPeriph_Driver/libstm32fw.a(stm32f10x_exti.o)
                              interrupts.o (EXTI_DeInit)
lib/STM32F10x_StdPeriph_Driver/libstm32fw.a(stm32f10x_gpio.o)
                              Util/fat_fs/src/sd_spi_stm32.o (GPIO_Init)
lib/STM32F10x_StdPeriph_Driver/libstm32fw.a(stm32f10x_i2c.o)
                              i2c_int.o (I2C_DeInit)
lib/STM32F10x_StdPeriph_Driver/libstm32fw.a(stm32f10x_iwdg.o)
                              watchdog.o (IWDG_WriteAccessCmd)
lib/STM32F10x_StdPeriph_Driver/libstm32fw.a(stm32f10x_pwr.o)
                              pwr.o (PWR_DeInit)
lib/STM32F10x_StdPeriph_Driver/libstm32fw.a(stm32f10x_rcc.o)
                              interrupts.o (RCC_HCLKConfig)
lib/STM32F10x_StdPeriph_Driver/libstm32fw.a(stm32f10x_rtc.o)
                              Util/fat_fs/src/rtc.o (RTC_GetCounter)
lib/STM32F10x_StdPeriph_Driver/libstm32fw.a(stm32f10x_spi.o)
                              Util/fat_fs/src/sd_spi_stm32.o (SPI_I2S_DeInit)
lib/STM32F10x_StdPeriph_Driver/libstm32fw.a(stm32f10x_usart.o)
                              usart.o (USART_Init)
lib/STM32_USB-FS-Device_Driver/libstm32usb.a(usb_core.o)
                              Util/USB/usb_prop.o (Standard_GetDescriptorData)
lib/STM32_USB-FS-Device_Driver/libstm32usb.a(usb_init.o)
                              main.o (USB_Init)
lib/STM32_USB-FS-Device_Driver/libstm32usb.a(usb_int.o)
                              Util/USB/usb_istr.o (CTR_LP)
lib/STM32_USB-FS-Device_Driver/libstm32usb.a(usb_mem.o)
                              lib/STM32_USB-FS-Device_Driver/libstm32usb.a(usb_core.o) (UserToPMABufferCopy)
lib/STM32_USB-FS-Device_Driver/libstm32usb.a(usb_regs.o)
                              Util/USB/usb_prop.o (SetBTABLE)
lib/STM32_USB-FS-Device_Driver/libstm32usb.a(usb_sil.o)
                              Util/USB/usb_prop.o (USB_SIL_Init)
/home/laurence/CodeSourcery/Sourcery_G++_Lite/bin/../lib/gcc/arm-none-eabi/4.5.2/thumb2/libgcc.a(_arm_addsubdf3.o)
                              interrupts.o (__aeabi_f2d)
/home/laurence/CodeSourcery/Sourcery_G++_Lite/bin/../lib/gcc/arm-none-eabi/4.5.2/thumb2/libgcc.a(_arm_muldivdf3.o)
                              interrupts.o (__aeabi_ddiv)
/home/laurence/CodeSourcery/Sourcery_G++_Lite/bin/../lib/gcc/arm-none-eabi/4.5.2/thumb2/libgcc.a(_arm_cmpdf2.o)
                              main.o (__aeabi_dcmpgt)
/home/laurence/CodeSourcery/Sourcery_G++_Lite/bin/../lib/gcc/arm-none-eabi/4.5.2/thumb2/libgcc.a(_arm_truncdfsf2.o)
                              Util/rprintf.o (__aeabi_d2f)
/home/laurence/CodeSourcery/Sourcery_G++_Lite/bin/../lib/gcc/arm-none-eabi/4.5.2/thumb2/libgcc.a(_arm_addsubsf3.o)
                              Sensors/temperature.o (__aeabi_fsub)
/home/laurence/CodeSourcery/Sourcery_G++_Lite/bin/../lib/gcc/arm-none-eabi/4.5.2/thumb2/libgcc.a(_arm_muldivsf3.o)
                              Sensors/temperature.o (__aeabi_fmul)
/home/laurence/CodeSourcery/Sourcery_G++_Lite/bin/../lib/gcc/arm-none-eabi/4.5.2/thumb2/libgcc.a(_arm_cmpsf2.o)
                              Util/rprintf.o (__aeabi_fcmpeq)
/home/laurence/CodeSourcery/Sourcery_G++_Lite/bin/../lib/gcc/arm-none-eabi/4.5.2/thumb2/libgcc.a(_arm_fixsfsi.o)
                              main.o (__aeabi_f2iz)
/home/laurence/CodeSourcery/Sourcery_G++_Lite/bin/../lib/gcc/arm-none-eabi/4.5.2/thumb2/libgcc.a(_arm_fixunssfsi.o)
                              Util/rprintf.o (__aeabi_f2uiz)
/home/laurence/CodeSourcery/Sourcery_G++_Lite/bin/../lib/gcc/arm-none-eabi/4.5.2/../../../../arm-none-eabi/lib/thumb2/libc.a(lib_a-malloc.o)
                              Util/USB/mass_mal.o (malloc)
/home/laurence/CodeSourcery/Sourcery_G++_Lite/bin/../lib/gcc/arm-none-eabi/4.5.2/../../../../arm-none-eabi/lib/thumb2/libc.a(lib_a-mallocr.o)
                              /home/laurence/CodeSourcery/Sourcery_G++_Lite/bin/../lib/gcc/arm-none-eabi/4.5.2/../../../../arm-none-eabi/lib/thumb2/libc.a(lib_a-malloc.o) (_malloc_r)
/home/laurence/CodeSourcery/Sourcery_G++_Lite/bin/../lib/gcc/arm-none-eabi/4.5.2/../../../../arm-none-eabi/lib/thumb2/libc.a(lib_a-memcmp.o)
                              main.o (memcmp)
/home/laurence/CodeSourcery/Sourcery_G++_Lite/bin/../lib/gcc/arm-none-eabi/4.5.2/../../../../arm-none-eabi/lib/thumb2/libc.a(lib_a-memset.o)
                              Util/wave.o (memset)
[...]
Memory Configuration

Name             Origin             Length             Attributes
RAM              0x20000000         0x00005000         xrw
FLASH            0x08000000         0x00020000         xr
*default*        0x00000000         0xffffffff

Linker script and memory map

LOAD /home/laurence/CodeSourcery/Sourcery_G++_Lite/bin/../lib/gcc/arm-none-eabi/4.5.2/thumb2/crti.o
LOAD /home/laurence/CodeSourcery/Sourcery_G++_Lite/bin/../lib/gcc/arm-none-eabi/4.5.2/thumb2/crtbegin.o
LOAD Sensors/amb_sensors.o
LOAD Sensors/temperature.o
LOAD Util/USB/hw_config.o
LOAD Util/USB/mass_mal.o
LOAD Util/USB/memory.o
LOAD Util/USB/scsi_data.o
LOAD Util/USB/usb_bot.o
LOAD Util/USB/usb_desc.o
LOAD Util/USB/usb_endp.o
LOAD Util/USB/usb_istr.o
LOAD Util/USB/usb_prop.o
LOAD Util/USB/usb_pwr.o
LOAD Util/USB/usb_scsi.o
LOAD Util/buffer.o
LOAD Util/delay.o
LOAD Util/fat_fs/option/ccsbcs.o
LOAD Util/fat_fs/src/fattime.o
LOAD Util/fat_fs/src/ff.o
LOAD Util/fat_fs/src/rtc.o
LOAD Util/fat_fs/src/sd_spi_stm32.o
LOAD Util/filter_1200.o
LOAD Util/filter_190.o
LOAD Util/rprintf.o
LOAD Util/stm32_eval_spi_sd.o
LOAD Util/wave.o
LOAD adc.o
LOAD gpio.o
LOAD i2c_int.o
LOAD interrupts.o
LOAD lib/CMSIS_CM3/core_cm3.o
LOAD lib/CMSIS_CM3/startup/gcc/startup_stm32f10x_md.o
LOAD lib/CMSIS_CM3/system_stm32f10x.o
LOAD main.o
LOAD pwr.o
LOAD syscalls.o
LOAD usart.o
LOAD watchdog.o
LOAD lib/STM32F10x_StdPeriph_Driver/libstm32fw.a
LOAD lib/STM32_USB-FS-Device_Driver/libstm32usb.a
LOAD /home/laurence/CodeSourcery/Sourcery_G++_Lite/bin/../lib/gcc/arm-none-eabi/4.5.2/../../../../arm-none-eabi/lib/thumb2/libm.a
START GROUP
LOAD /home/laurence/CodeSourcery/Sourcery_G++_Lite/bin/../lib/gcc/arm-none-eabi/4.5.2/thumb2/libgcc.a
LOAD /home/laurence/CodeSourcery/Sourcery_G++_Lite/bin/../lib/gcc/arm-none-eabi/4.5.2/../../../../arm-none-eabi/lib/thumb2/libc.a
END GROUP
LOAD /home/laurence/CodeSourcery/Sourcery_G++_Lite/bin/../lib/gcc/arm-none-eabi/4.5.2/thumb2/crtend.o
LOAD /home/laurence/CodeSourcery/Sourcery_G++_Lite/bin/../lib/gcc/arm-none-eabi/4.5.2/thumb2/crtn.o

.text           0x08000000     0xb3b4
 *(.isr_vector)
 .isr_vector    0x08000000      0x10c lib/CMSIS_CM3/startup/gcc/startup_stm32f10x_md.o
                0x08000000                g_pfnVectors
 *(.text*)
 .text          0x0800010c       0x30 /home/laurence/CodeSourcery/Sourcery_G++_Lite/bin/../lib/gcc/arm-none-eabi/4.5.2/thumb2/crtbegin.o
 .text.Allocate_Sensor_Buffers
                0x0800013c       0xb8 Sensors/amb_sensors.o
                0x0800013c                Allocate_Sensor_Buffers
 .text.Configure_I2C_Driver
                0x080001f4       0x2c Sensors/amb_sensors.o
                0x080001f4                Configure_I2C_Driver
 .text.Fill_Sample_Buffers
                0x08000220       0xd4 Sensors/amb_sensors.o
                0x08000220                Fill_Sample_Buffers
 .text.IntToUnicode
                0x080002f4       0x26 Util/USB/hw_config.o
 .text.Set_USBClock
                0x0800031a       0x16 Util/USB/hw_config.o
                0x0800031a                Set_USBClock
 .text.Enter_LowPowerMode
                0x08000330        0xc Util/USB/hw_config.o
                0x08000330                Enter_LowPowerMode
 .text.Leave_LowPowerMode
                0x0800033c       0x1c Util/USB/hw_config.o
                0x0800033c                Leave_LowPowerMode
 .text.USB_Interrupts_Config
                0x08000358       0x38 Util/USB/hw_config.o
                0x08000358                USB_Interrupts_Config
 .text.Led_RW_ON
                0x08000390       0x10 Util/USB/hw_config.o
                0x08000390                Led_RW_ON
 .text.Led_RW_OFF
                0x080003a0       0x10 Util/USB/hw_config.o
                0x080003a0                Led_RW_OFF
 .text.USB_Configured_LED
                0x080003b0       0x10 Util/USB/hw_config.o
                0x080003b0                USB_Configured_LED
 .text.USB_NotConfigured_LED
                0x080003c0       0x10 Util/USB/hw_config.o
                0x080003c0                USB_NotConfigured_LED
 .text.USB_Cable_Config
                0x080003d0        0x2 Util/USB/hw_config.o
                0x080003d0                USB_Cable_Config
 *fill*         0x080003d2        0x2 00
 .text.Get_SerialNum
                0x080003d4       0x38 Util/USB/hw_config.o
                0x080003d4                Get_SerialNum
 .text.MAL_Config
                0x0800040c        0x6 Util/USB/hw_config.o
                0x0800040c                MAL_Config
 .text.Set_System
                0x08000412        0x4 Util/USB/hw_config.o
                0x08000412                Set_System
 *fill*         0x08000416        0x2 00
 .text.MAL_Init
                0x08000418       0x44 Util/USB/mass_mal.o
                0x08000418                MAL_Init
 .text.MAL_Write
                0x0800045c       0x30 Util/USB/mass_mal.o
                0x0800045c                MAL_Write
 .text.MAL_Read
                0x0800048c       0x28 Util/USB/mass_mal.o
                0x0800048c                MAL_Read
 .text.MAL_GetStatus
                0x080004b4       0x64 Util/USB/mass_mal.o
                0x080004b4                MAL_GetStatus
 .text.Read_Memory
                0x08000518      0x124 Util/USB/memory.o
                0x08000518                Read_Memory
 .text.Write_Memory
                0x0800063c      0x10c Util/USB/memory.o
                0x0800063c                Write_Memory
 .text.Transfer_Data_Request
                0x08000748       0x34 Util/USB/usb_bot.o
                0x08000748                Transfer_Data_Request
 .text.Set_CSW  0x0800077c       0x3c Util/USB/usb_bot.o
                0x0800077c                Set_CSW
 .text.Mass_Storage_In
                0x080007b8       0x5c Util/USB/usb_bot.o
                0x080007b8                Mass_Storage_In
 .text.Bot_Abort
                0x08000814       0x38 Util/USB/usb_bot.o
                0x08000814                Bot_Abort
 .text.CBW_Decode
                0x0800084c      0x1e4 Util/USB/usb_bot.o
                0x0800084c                CBW_Decode
 .text.Mass_Storage_Out
                0x08000a30       0x70 Util/USB/usb_bot.o
                0x08000a30                Mass_Storage_Out
 .text.EP1_IN_Callback
                0x08000aa0        0x4 Util/USB/usb_endp.o
                0x08000aa0                EP1_IN_Callback
 .text.EP2_OUT_Callback
                0x08000aa4        0x4 Util/USB/usb_endp.o
                0x08000aa4                EP2_OUT_Callback
 .text.USB_Istr
                0x08000aa8       0xd8 Util/USB/usb_istr.o
                0x08000aa8                USB_Istr
 .text.Mass_Storage_SetDeviceAddress
                0x08000b80        0xc Util/USB/usb_prop.o
                0x08000b80                Mass_Storage_SetDeviceAddress
 .text.MASS_Status_In
                0x08000b8c        0x2 Util/USB/usb_prop.o
                0x08000b8c                MASS_Status_In
 .text.MASS_Status_Out
                0x08000b8e        0x2 Util/USB/usb_prop.o
                0x08000b8e                MASS_Status_Out
 .text.MASS_Get_Interface_Setting
                0x08000b90       0x10 Util/USB/usb_prop.o
                0x08000b90                MASS_Get_Interface_Setting
 .text.Get_Max_Lun
                0x08000ba0       0x18 Util/USB/usb_prop.o
                0x08000ba0                Get_Max_Lun
 .text.MASS_Data_Setup
                0x08000bb8       0x40 Util/USB/usb_prop.o
                0x08000bb8                MASS_Data_Setup
 .text.MASS_GetStringDescriptor
                0x08000bf8       0x20 Util/USB/usb_prop.o
                0x08000bf8                MASS_GetStringDescriptor
 .text.MASS_GetConfigDescriptor
                0x08000c18        0xc Util/USB/usb_prop.o
                0x08000c18                MASS_GetConfigDescriptor
 .text.MASS_GetDeviceDescriptor
                0x08000c24        0xc Util/USB/usb_prop.o
                0x08000c24                MASS_GetDeviceDescriptor
 .text.MASS_NoData_Setup
                0x08000c30       0x50 Util/USB/usb_prop.o
                0x08000c30                MASS_NoData_Setup
 .text.Mass_Storage_SetConfiguration
                0x08000c80       0x30 Util/USB/usb_prop.o
                0x08000c80                Mass_Storage_SetConfiguration
 .text.Mass_Storage_ClearFeature
                0x08000cb0       0x1c Util/USB/usb_prop.o
                0x08000cb0                Mass_Storage_ClearFeature
 .text.MASS_Reset
                0x08000ccc       0xec Util/USB/usb_prop.o
                0x08000ccc                MASS_Reset
 .text.MASS_init
                0x08000db8       0x24 Util/USB/usb_prop.o
                0x08000db8                MASS_init
 .text.PowerOn  0x08000ddc       0x30 Util/USB/usb_pwr.o
                0x08000ddc                PowerOn
 .text.Suspend  0x08000e0c       0x40 Util/USB/usb_pwr.o
                0x08000e0c                Suspend
 .text.Resume_Init
                0x08000e4c       0x3c Util/USB/usb_pwr.o
                0x08000e4c                Resume_Init
 .text.Resume   0x08000e88       0x8c Util/USB/usb_pwr.o
                0x08000e88                Resume
 .text.SCSI_Inquiry_Cmd
                0x08000f14       0x38 Util/USB/usb_scsi.o
                0x08000f14                SCSI_Inquiry_Cmd
 .text.SCSI_ModeSense6_Cmd
                0x08000f4c        0xc Util/USB/usb_scsi.o
                0x08000f4c                SCSI_ModeSense6_Cmd
 .text.SCSI_ModeSense10_Cmd
                0x08000f58        0xc Util/USB/usb_scsi.o
                0x08000f58                SCSI_ModeSense10_Cmd
 .text.SCSI_RequestSense_Cmd
                0x08000f64       0x18 Util/USB/usb_scsi.o
                0x08000f64                SCSI_RequestSense_Cmd
 .text.Set_Scsi_Sense_Data
                0x08000f7c        0xc Util/USB/usb_scsi.o
                0x08000f7c                Set_Scsi_Sense_Data
 .text.SCSI_ReadCapacity10_Cmd
                0x08000f88       0x70 Util/USB/usb_scsi.o
                0x08000f88                SCSI_ReadCapacity10_Cmd
 .text.SCSI_ReadFormatCapacity_Cmd
                0x08000ff8       0x68 Util/USB/usb_scsi.o
                0x08000ff8                SCSI_ReadFormatCapacity_Cmd
 .text.SCSI_Start_Stop_Unit_Cmd
                0x08001060        0x8 Util/USB/usb_scsi.o
                0x08001060                SCSI_Start_Stop_Unit_Cmd
 .text.SCSI_Verify10_Cmd
                0x08001068       0x38 Util/USB/usb_scsi.o
                0x08001068                SCSI_Verify10_Cmd
 .text.SCSI_TestUnitReady_Cmd
                0x080010a0       0x34 Util/USB/usb_scsi.o
                0x080010a0                SCSI_TestUnitReady_Cmd
 .text.SCSI_Format_Cmd
                0x080010d4       0x16 Util/USB/usb_scsi.o
                0x080010d4                SCSI_Format_Cmd
 *fill*         0x080010ea        0x2 00
 .text.SCSI_Invalid_Cmd
                0x080010ec       0x34 Util/USB/usb_scsi.o
                0x080010ec                SCSI_Invalid_Cmd
 .text.SCSI_Address_Management
                0x08001120       0x70 Util/USB/usb_scsi.o
                0x08001120                SCSI_Address_Management
 .text.SCSI_Write10_Cmd
                0x08001190       0x70 Util/USB/usb_scsi.o
                0x08001190                SCSI_Write10_Cmd
 .text.SCSI_Read10_Cmd
                0x08001200       0x6c Util/USB/usb_scsi.o
                0x08001200                SCSI_Read10_Cmd
 .text.Add_To_Buffer
                0x0800126c       0x32 Util/buffer.o
                0x0800126c                Add_To_Buffer
 .text.Get_From_Buffer
                0x0800129e       0x32 Util/buffer.o
                0x0800129e                Get_From_Buffer
 .text.Empty_Buffer
                0x080012d0        0x6 Util/buffer.o
                0x080012d0                Empty_Buffer
 .text.init_buffer
                0x080012d6       0x12 Util/buffer.o
                0x080012d6                init_buffer
 .text.Delay    0x080012e8       0x2c Util/delay.o
                0x080012e8                Delay
 .text.ff_convert
                0x08001314       0x3c Util/fat_fs/option/ccsbcs.o
                0x08001314                ff_convert
 .text.ff_wtoupper
                0x08001350       0x24 Util/fat_fs/option/ccsbcs.o
                0x08001350                ff_wtoupper
 .text.get_fattime
                0x08001374       0x44 Util/fat_fs/src/fattime.o
                0x08001374                get_fattime
 .text.mem_cpy  0x080013b8       0x10 Util/fat_fs/src/ff.o
 .text.mem_set  0x080013c8        0xc Util/fat_fs/src/ff.o
 .text.chk_chr  0x080013d4        0xe Util/fat_fs/src/ff.o
 .text.sum_sfn  0x080013e2       0x1e Util/fat_fs/src/ff.o
 .text.validate
                0x08001400       0x26 Util/fat_fs/src/ff.o
 *fill*         0x08001426        0x2 00
 .text.check_fs
                0x08001428       0x8c Util/fat_fs/src/ff.o
 .text.chk_mounted
                0x080014b4      0x350 Util/fat_fs/src/ff.o
 .text.get_fileinfo
                0x08001804      0x102 Util/fat_fs/src/ff.o
 .text.move_window
                0x08001906       0x7c Util/fat_fs/src/ff.o
 .text.sync     0x08001982       0xb2 Util/fat_fs/src/ff.o
 .text.clust2sect
                0x08001a34       0x1a Util/fat_fs/src/ff.o
                0x08001a34                clust2sect
 .text.get_fat  0x08001a4e       0xd4 Util/fat_fs/src/ff.o
                0x08001a4e                get_fat
 .text.dir_sdi  0x08001b22       0x8a Util/fat_fs/src/ff.o
 .text.put_fat  0x08001bac       0xf4 Util/fat_fs/src/ff.o
                0x08001bac                put_fat
 .text.create_chain
                0x08001ca0       0x9e Util/fat_fs/src/ff.o
 .text.dir_next
                0x08001d3e      0x10c Util/fat_fs/src/ff.o
 *fill*         0x08001e4a        0x2 00
 .text.dir_find
                0x08001e4c      0x144 Util/fat_fs/src/ff.o
 .text.follow_path
                0x08001f90      0x2d4 Util/fat_fs/src/ff.o
 .text.remove_chain
                0x08002264       0x5a Util/fat_fs/src/ff.o
 .text.gen_numname
                0x080022be       0x7c Util/fat_fs/src/ff.o
                0x080022be                gen_numname
 *fill*         0x0800233a        0x2 00
 .text.dir_register
                0x0800233c      0x1cc Util/fat_fs/src/ff.o
 .text.f_mount  0x08002508       0x20 Util/fat_fs/src/ff.o
                0x08002508                f_mount
 .text.f_open   0x08002528      0x152 Util/fat_fs/src/ff.o
                0x08002528                f_open
 .text.f_write  0x0800267a      0x1b6 Util/fat_fs/src/ff.o
                0x0800267a                f_write
 .text.f_sync   0x08002830       0xb2 Util/fat_fs/src/ff.o
                0x08002830                f_sync
 .text.f_close  0x080028e2        0xe Util/fat_fs/src/ff.o
                0x080028e2                f_close
 .text.f_chdir  0x080028f0       0x64 Util/fat_fs/src/ff.o
                0x080028f0                f_chdir
 .text.f_lseek  0x08002954      0x164 Util/fat_fs/src/ff.o
                0x08002954                f_lseek
 .text.f_stat   0x08002ab8       0x44 Util/fat_fs/src/ff.o
                0x08002ab8                f_stat
 .text.f_truncate
                0x08002afc       0x98 Util/fat_fs/src/ff.o
                0x08002afc                f_truncate
 .text.f_mkdir  0x08002b94      0x1da Util/fat_fs/src/ff.o
                0x08002b94                f_mkdir
 .text.f_putc   0x08002d6e       0x22 Util/fat_fs/src/ff.o
                0x08002d6e                f_putc
 .text.f_puts   0x08002d90       0x26 Util/fat_fs/src/ff.o
                0x08002d90                f_puts
 .text.isDST    0x08002db6       0x32 Util/fat_fs/src/rtc.o
 .text.counter_to_struct
                0x08002de8       0xb0 Util/fat_fs/src/rtc.o
 .text.rtc_gettime
                0x08002e98       0x78 Util/fat_fs/src/rtc.o
                0x08002e98                rtc_gettime
 .text.my_RTC_SetCounter
                0x08002f10       0x22 Util/fat_fs/src/rtc.o
                0x08002f10                my_RTC_SetCounter
 *fill*         0x08002f32        0x2 00
 .text.rtc_settime
                0x08002f34       0xc8 Util/fat_fs/src/rtc.o
                0x08002f34                rtc_settime
 .text.rtc_init
                0x08002ffc       0x98 Util/fat_fs/src/rtc.o
                0x08002ffc                rtc_init
 .text.interface_speed
                0x08003094       0x20 Util/fat_fs/src/sd_spi_stm32.o
 .text.power_on
                0x080030b4       0xf0 Util/fat_fs/src/sd_spi_stm32.o
 .text.stm32_spi_rw
                0x080031a4       0x24 Util/fat_fs/src/sd_spi_stm32.o
 .text.rcvr_spi
                0x080031c8        0x6 Util/fat_fs/src/sd_spi_stm32.o
 *fill*         0x080031ce        0x2 00
 .text.wait_ready
                0x080031d0       0x20 Util/fat_fs/src/sd_spi_stm32.o
 .text.send_cmd
                0x080031f0       0x94 Util/fat_fs/src/sd_spi_stm32.o
 .text.stm32_dma_transfer
                0x08003284       0xc8 Util/fat_fs/src/sd_spi_stm32.o
 .text.xmit_datablock
                0x0800334c       0x4e Util/fat_fs/src/sd_spi_stm32.o
 *fill*         0x0800339a        0x2 00
 .text.release_spi
                0x0800339c       0x18 Util/fat_fs/src/sd_spi_stm32.o
                0x0800339c                release_spi
 .text.wrapup_transaction
                0x080033b4       0x2c Util/fat_fs/src/sd_spi_stm32.o
                0x080033b4                wrapup_transaction
 .text.stop_cmd
                0x080033e0        0x8 Util/fat_fs/src/sd_spi_stm32.o
                0x080033e0                stop_cmd
 .text.rcvr_datablock
                0x080033e8       0x54 Util/fat_fs/src/sd_spi_stm32.o
                0x080033e8                rcvr_datablock
 .text.disk_initialize
                0x0800343c      0x128 Util/fat_fs/src/sd_spi_stm32.o
                0x0800343c                disk_initialize
 .text.disk_status
                0x08003564       0x10 Util/fat_fs/src/sd_spi_stm32.o
                0x08003564                disk_status
 .text.disk_read
                0x08003574       0x9c Util/fat_fs/src/sd_spi_stm32.o
                0x08003574                disk_read
 .text.disk_write
                0x08003610       0xac Util/fat_fs/src/sd_spi_stm32.o
                0x08003610                disk_write
 .text.disk_ioctl
                0x080036bc      0x284 Util/fat_fs/src/sd_spi_stm32.o
                0x080036bc                disk_ioctl
 .text.disk_timerproc
                0x08003940       0x44 Util/fat_fs/src/sd_spi_stm32.o
                0x08003940                disk_timerproc
 .text.SampleFilter_init_1200
                0x08003984       0x14 Util/filter_1200.o
                0x08003984                SampleFilter_init_1200
 .text.SampleFilter_put_1200
                0x08003998       0x1a Util/filter_1200.o
                0x08003998                SampleFilter_put_1200
 *fill*         0x080039b2        0x2 00
 .text.SampleFilter_get_1200
                0x080039b4       0x38 Util/filter_1200.o
                0x080039b4                SampleFilter_get_1200
 .text.SampleFilter_init_190
                0x080039ec       0x12 Util/filter_190.o
                0x080039ec                SampleFilter_init_190
 .text.SampleFilter_put_190
                0x080039fe       0x14 Util/filter_190.o
                0x080039fe                SampleFilter_put_190
 *fill*         0x08003a12        0x2 00
 .text.SampleFilter_get_190
                0x08003a14       0x34 Util/filter_190.o
                0x08003a14                SampleFilter_get_190
 .text.rprintfInit
                0x08003a48        0xc Util/rprintf.o
                0x08003a48                rprintfInit
 .text.rprintfChar
                0x08003a54       0x1c Util/rprintf.o
                0x08003a54                rprintfChar
 .text.rprintfFloat
                0x08003a70       0xc4 Util/rprintf.o
                0x08003a70                rprintfFloat
 .text.Isdigit  0x08003b34        0xe Util/rprintf.o
                0x08003b34                Isdigit
 .text.atoiRamRom
                0x08003b42       0x26 Util/rprintf.o
                0x08003b42                atoiRamRom
 .text.rStrLen  0x08003b68       0x10 Util/rprintf.o
                0x08003b68                rStrLen
 .text.rprintf2RamRom
                0x08003b78      0x310 Util/rprintf.o
                0x08003b78                rprintf2RamRom
 .text.write_wave_header
                0x08003e88       0xda Util/wave.o
                0x08003e88                write_wave_header
 .text.write_wave_samples
                0x08003f62       0x98 Util/wave.o
                0x08003f62                write_wave_samples
 .text.wave_terminate
                0x08003ffa       0x72 Util/wave.o
                0x08003ffa                wave_terminate
 .text.ADC_Configuration
                0x0800406c       0xbc adc.o
                0x0800406c                ADC_Configuration
 .text.setup_gpio
                0x08004128      0x120 gpio.o
                0x08004128                setup_gpio
 .text.switch_leds_on
                0x08004248       0x20 gpio.o
                0x08004248                switch_leds_on
 .text.switch_leds_off
                0x08004268       0x20 gpio.o
                0x08004268                switch_leds_off
 .text.red_flash
                0x08004288       0x2c gpio.o
                0x08004288                red_flash
 .text.I2C1_EV_IRQHandler
                0x080042b4      0x640 i2c_int.o
                0x080042b4                I2C1_EV_IRQHandler
 .text.I2C1_Request_Job
                0x080048f4       0x74 i2c_int.o
                0x080048f4                I2C1_Request_Job
 .text.I2C1_Setup_Job
                0x08004968       0x14 i2c_int.o
                0x08004968                I2C1_Setup_Job
 .text.I2C_Config
                0x0800497c      0x130 i2c_int.o
                0x0800497c                I2C_Config
 .text.I2C1_ER_IRQHandler
                0x08004aac       0xf4 i2c_int.o
                0x08004aac                I2C1_ER_IRQHandler
 .text.ISR_Config
                0x08004ba0       0x5c interrupts.o
                0x08004ba0                ISR_Config
 .text.EXTI_ONOFF_EN
                0x08004bfc       0x54 interrupts.o
                0x08004bfc                EXTI_ONOFF_EN
 .text.SysTick_Configuration
                0x08004c50       0x34 interrupts.o
                0x08004c50                SysTick_Configuration
 .text.EXTI0_IRQHandler
                0x08004c84       0x70 interrupts.o
                0x08004c84                EXTI0_IRQHandler
 .text.ADC1_2_IRQHandler
                0x08004cf4       0x58 interrupts.o
                0x08004cf4                ADC1_2_IRQHandler
 *fill*         0x08004d4c        0x4 00
 .text.SysTickHandler
                0x08004d50      0x168 interrupts.o
                0x08004d50                SysTickHandler
 .text.USB_HP_CAN_TX_IRQHandler
                0x08004eb8        0x4 interrupts.o
                0x08004eb8                USB_HP_CAN_TX_IRQHandler
 .text.USB_LP_CAN_RX0_IRQHandler
                0x08004ebc        0x4 interrupts.o
                0x08004ebc                USB_LP_CAN_RX0_IRQHandler
 .text.Reset_Handler
                0x08004ec0       0x40 lib/CMSIS_CM3/startup/gcc/startup_stm32f10x_md.o
                0x08004ec0                Reset_Handler
 .text.Default_Handler
                0x08004f00        0x2 lib/CMSIS_CM3/startup/gcc/startup_stm32f10x_md.o
                0x08004f00                EXTI2_IRQHandler
                0x08004f00                DebugMon_Handler
                0x08004f00                TIM1_CC_IRQHandler
                0x08004f00                HardFault_Handler
                0x08004f00                SysTick_Handler
                0x08004f00                PVD_IRQHandler
                0x08004f00                PendSV_Handler
                0x08004f00                NMI_Handler
                0x08004f00                EXTI3_IRQHandler
                0x08004f00                I2C2_EV_IRQHandler
                0x08004f00                UsageFault_Handler
                0x08004f00                SPI1_IRQHandler
                0x08004f00                TAMPER_IRQHandler
                0x08004f00                DMA1_Channel4_IRQHandler
                0x08004f00                USART3_IRQHandler
                0x08004f00                RTC_IRQHandler
                0x08004f00                DMA1_Channel7_IRQHandler
                0x08004f00                CAN1_RX1_IRQHandler
                0x08004f00                TIM4_IRQHandler
                0x08004f00                DMA1_Channel6_IRQHandler
                0x08004f00                TIM3_IRQHandler
                0x08004f00                RCC_IRQHandler
                0x08004f00                TIM1_TRG_COM_IRQHandler
                0x08004f00                DMA1_Channel1_IRQHandler
                0x08004f00                Default_Handler
                0x08004f00                EXTI15_10_IRQHandler
                0x08004f00                EXTI9_5_IRQHandler
                0x08004f00                SPI2_IRQHandler
                0x08004f00                MemManage_Handler
                0x08004f00                SVC_Handler
                0x08004f00                DMA1_Channel5_IRQHandler
                0x08004f00                EXTI4_IRQHandler
                0x08004f00                USB_LP_CAN1_RX0_IRQHandler
                0x08004f00                USB_HP_CAN1_TX_IRQHandler
                0x08004f00                DMA1_Channel3_IRQHandler
                0x08004f00                TIM1_UP_IRQHandler
                0x08004f00                WWDG_IRQHandler
                0x08004f00                TIM2_IRQHandler
                0x08004f00                TIM1_BRK_IRQHandler
                0x08004f00                EXTI1_IRQHandler
                0x08004f00                RTCAlarm_IRQHandler
                0x08004f00                USART2_IRQHandler
                0x08004f00                I2C2_ER_IRQHandler
                0x08004f00                DMA1_Channel2_IRQHandler
                0x08004f00                CAN1_SCE_IRQHandler
                0x08004f00                FLASH_IRQHandler
                0x08004f00                BusFault_Handler
                0x08004f00                USART1_IRQHandler
                0x08004f00                USBWakeUp_IRQHandler
 *fill*         0x08004f02        0x2 00
 .text.SystemInit
                0x08004f04       0xf4 lib/CMSIS_CM3/system_stm32f10x.o
                0x08004f04                SystemInit
 .text.__WFI    0x08004ff8        0x4 main.o
 .text.__str_print_char
                0x08004ffc       0x28 main.o
                0x08004ffc                __str_print_char
 .text.__fat_print_char
                0x08005024       0x1c main.o
                0x08005024                __fat_print_char
 .text.file_preallocation_control
                0x08005040       0x30 main.o
                0x08005040                file_preallocation_control
 .text.detect_sensors
                0x08005070      0x13c main.o
                0x08005070                detect_sensors
 *fill*         0x080051ac        0x4 00
 .text.main     0x080051b0      0xb18 main.o
                0x080051b0                main
 .text.setuppwr
                0x08005cc8       0x14 pwr.o
                0x08005cc8                setuppwr
 .text.shutdown
                0x08005cdc       0x10 pwr.o
                0x08005cdc                shutdown
 .text.disable_pin
                0x08005cec        0x6 pwr.o
                0x08005cec                disable_pin
 *fill*         0x08005cf2        0x2 00
 .text.shutdown_filesystem
                0x08005cf4       0xd4 pwr.o
                0x08005cf4                shutdown_filesystem
 .text._sbrk    0x08005dc8       0x3c syscalls.o
                0x08005dc8                _sbrk
 .text.Default_Usart_Config
                0x08005e04       0x1a usart.o
                0x08005e04                Default_Usart_Config
 *fill*         0x08005e1e        0x2 00
 .text.Usarts_Init
                0x08005e20       0x90 usart.o
                0x08005e20                Usarts_Init
 .text.__usart_send_char
                0x08005eb0       0x1c usart.o
                0x08005eb0                __usart_send_char
 .text.Usart_Send_Str
                0x08005ecc       0x18 usart.o
                0x08005ecc                Usart_Send_Str
 .text.Watchdog_Config
                0x08005ee4       0x2a watchdog.o
                0x08005ee4                Watchdog_Config
 *fill*         0x08005f0e        0x2 00
 .text          0x08005f10       0xb8 lib/STM32F10x_StdPeriph_Driver/libstm32fw.a(misc.o)
                0x08005f10                NVIC_PriorityGroupConfig
                0x08005f24                NVIC_Init
                0x08005f84                NVIC_SetVectorTable
                0x08005f98                NVIC_SystemLPConfig
                0x08005fb0                SysTick_CLKSourceConfig
 .text          0x08005fc8      0x380 lib/STM32F10x_StdPeriph_Driver/libstm32fw.a(stm32f10x_adc.o)
                0x08005fc8                ADC_DeInit
                0x08006024                ADC_Init
                0x08006070                ADC_StructInit
                0x08006082                ADC_Cmd
                0x08006096                ADC_DMACmd
                0x080060aa                ADC_ITConfig
                0x080060be                ADC_ResetCalibration
                0x080060c8                ADC_GetResetCalibrationStatus
                0x080060d0                ADC_StartCalibration
                0x080060da                ADC_GetCalibrationStatus
                0x080060e2                ADC_SoftwareStartConvCmd
                0x080060f6                ADC_GetSoftwareStartConvStatus
                0x080060fe                ADC_DiscModeChannelCountConfig
                0x0800610e                ADC_DiscModeCmd
                0x08006122                ADC_RegularChannelConfig
                0x080061b0                ADC_ExternalTrigConvCmd
                0x080061c4                ADC_GetConversionValue
                0x080061ca                ADC_GetDualModeConversionValue
                0x080061d4                ADC_AutoInjectedConvCmd
                0x080061e8                ADC_InjectedDiscModeCmd
                0x080061fc                ADC_ExternalTrigInjectedConvConfig
                0x0800620a                ADC_ExternalTrigInjectedConvCmd
                0x0800621e                ADC_SoftwareStartInjectedConvCmd
                0x08006232                ADC_GetSoftwareStartInjectedConvCmdStatus
                0x0800623a                ADC_InjectedChannelConfig
                0x08006296                ADC_InjectedSequencerLengthConfig
                0x080062a6                ADC_SetInjectedOffset
                0x080062bc                ADC_GetInjectedConversionValue
                0x080062d6                ADC_AnalogWatchdogCmd
                0x080062e8                ADC_AnalogWatchdogThresholdsConfig
                0x080062ee                ADC_AnalogWatchdogSingleChannelConfig
                0x080062fc                ADC_TempSensorVrefintCmd
                0x08006318                ADC_GetFlagStatus
                0x08006324                ADC_ClearFlag
                0x0800632a                ADC_GetITStatus
                0x08006340                ADC_ClearITPendingBit
 .text          0x08006348       0xe0 lib/STM32F10x_StdPeriph_Driver/libstm32fw.a(stm32f10x_bkp.o)
                0x08006348                BKP_DeInit
                0x0800635a                BKP_TamperPinLevelConfig
                0x08006364                BKP_TamperPinCmd
                0x08006370                BKP_ITConfig
                0x0800637c                BKP_RTCOutputConfig
                0x08006394                BKP_SetRTCCalibrationValue
                0x080063ac                BKP_WriteBackupRegister
                0x080063c8                BKP_ReadBackupRegister
                0x080063e8                BKP_GetFlagStatus
                0x080063f4                BKP_ClearFlag
                0x08006408                BKP_GetITStatus
                0x08006414                BKP_ClearITPendingBit
 .text          0x08006428       0x34 lib/STM32F10x_StdPeriph_Driver/libstm32fw.a(stm32f10x_dbgmcu.o)
                0x08006428                DBGMCU_GetREVID
                0x08006434                DBGMCU_GetDEVID
                0x08006444                DBGMCU_Config
 .text          0x0800645c      0x1f0 lib/STM32F10x_StdPeriph_Driver/libstm32fw.a(stm32f10x_dma.o)
                0x0800645c                DMA_DeInit
                0x08006558                DMA_Init
                0x08006598                DMA_StructInit
                0x080065b2                DMA_Cmd
                0x080065c6                DMA_ITConfig
                0x080065d8                DMA_GetCurrDataCounter
                0x080065de                DMA_GetFlagStatus
                0x080065fc                DMA_ClearFlag
                0x08006614                DMA_GetITStatus
                0x08006634                DMA_ClearITPendingBit
 .text          0x0800664c      0x108 lib/STM32F10x_StdPeriph_Driver/libstm32fw.a(stm32f10x_exti.o)
                0x0800664c                EXTI_DeInit
                0x08006668                EXTI_Init
                0x080066ec                EXTI_StructInit
                0x080066fa                EXTI_GenerateSWInterrupt
                0x0800670c                EXTI_GetFlagStatus
                0x08006720                EXTI_ClearFlag
                0x0800672c                EXTI_GetITStatus
                0x08006748                EXTI_ClearITPendingBit
 .text          0x08006754      0x278 lib/STM32F10x_StdPeriph_Driver/libstm32fw.a(stm32f10x_gpio.o)
                0x08006754                GPIO_DeInit
                0x08006800                GPIO_AFIODeInit
                0x08006816                GPIO_Init
                0x080068ae                GPIO_StructInit
                0x080068be                GPIO_ReadInputDataBit
                0x080068ca                GPIO_ReadInputData
                0x080068d0                GPIO_ReadOutputDataBit
                0x080068dc                GPIO_ReadOutputData
                0x080068e2                GPIO_SetBits
                0x080068e6                GPIO_ResetBits
                0x080068ea                GPIO_WriteBit
                0x080068f4                GPIO_Write
                0x080068f8                GPIO_PinLockConfig
                0x08006908                GPIO_EventOutputConfig
                0x08006928                GPIO_EventOutputCmd
                0x08006934                GPIO_PinRemapConfig
                0x0800698c                GPIO_EXTILineConfig
                0x080069c0                GPIO_ETH_MediaInterfaceConfig
 .text          0x080069cc      0x3b4 lib/STM32F10x_StdPeriph_Driver/libstm32fw.a(stm32f10x_i2c.o)
                0x080069cc                I2C_DeInit
                0x08006a00                I2C_Init
                0x08006ad0                I2C_StructInit
                0x08006aec                I2C_Cmd
                0x08006b06                I2C_DMACmd
                0x08006b20                I2C_DMALastTransferCmd
                0x08006b3a                I2C_GenerateSTART
                0x08006b54                I2C_GenerateSTOP
                0x08006b6e                I2C_AcknowledgeConfig
                0x08006b88                I2C_OwnAddress2Config
                0x08006b9e                I2C_DualAddressCmd
                0x08006bb8                I2C_GeneralCallCmd
                0x08006bd2                I2C_ITConfig
                0x08006be8                I2C_SendData
                0x08006bec                I2C_ReceiveData
                0x08006bf2                I2C_Send7bitAddress
                0x08006c02                I2C_ReadRegister
                0x08006c1a                I2C_SoftwareResetCmd
                0x08006c32                I2C_SMBusAlertConfig
                0x08006c50                I2C_TransmitPEC
                0x08006c6a                I2C_PECPositionConfig
                0x08006c88                I2C_CalculatePEC
                0x08006ca2                I2C_GetPEC
                0x08006caa                I2C_ARPCmd
                0x08006cc4                I2C_StretchClockCmd
                0x08006cde                I2C_FastModeDutyCycleConfig
                0x08006cfc                I2C_GetLastEvent
                0x08006d0c                I2C_CheckEvent
                0x08006d24                I2C_GetFlagStatus
                0x08006d58                I2C_ClearFlag
                0x08006d5e                I2C_GetITStatus
                0x08006d7a                I2C_ClearITPendingBit
 .text          0x08006d80       0x58 lib/STM32F10x_StdPeriph_Driver/libstm32fw.a(stm32f10x_iwdg.o)
                0x08006d80                IWDG_WriteAccessCmd
                0x08006d8c                IWDG_SetPrescaler
                0x08006d98                IWDG_SetReload
                0x08006da4                IWDG_ReloadCounter
                0x08006db4                IWDG_Enable
                0x08006dc4                IWDG_GetFlagStatus
 .text          0x08006dd8       0xcc lib/STM32F10x_StdPeriph_Driver/libstm32fw.a(stm32f10x_pwr.o)
                0x08006ddc                PWR_DeInit
                0x08006df6                PWR_BackupAccessCmd
                0x08006e00                PWR_PVDCmd
                0x08006e0c                PWR_PVDLevelConfig
                0x08006e20                PWR_WakeUpPinCmd
                0x08006e2c                PWR_EnterSTOPMode
                0x08006e58                PWR_EnterSTANDBYMode
                0x08006e80                PWR_GetFlagStatus
                0x08006e94                PWR_ClearFlag
 .text          0x08006ea4      0x360 lib/STM32F10x_StdPeriph_Driver/libstm32fw.a(stm32f10x_rcc.o)
                0x08006ea4                RCC_DeInit
                0x08006ee4                RCC_HSEConfig
                0x08006f1c                RCC_AdjustHSICalibrationValue
                0x08006f30                RCC_HSICmd
                0x08006f3c                RCC_PLLConfig
                0x08006f54                RCC_PLLCmd
                0x08006f60                RCC_SYSCLKConfig
                0x08006f74                RCC_GetSYSCLKSource
                0x08006f84                RCC_HCLKConfig
                0x08006f98                RCC_PCLK1Config
                0x08006fac                RCC_PCLK2Config
                0x08006fc0                RCC_ITConfig
                0x08006fd8                RCC_USBCLKConfig
                0x08006fe4                RCC_ADCCLKConfig
                0x08006ff8                RCC_LSEConfig
                0x08007018                RCC_LSICmd
                0x08007024                RCC_RTCCLKConfig
                0x08007034                RCC_RTCCLKCmd
                0x08007040                RCC_GetClocksFreq
                0x080070e4                RCC_AHBPeriphClockCmd
                0x080070fc                RCC_APB2PeriphClockCmd
                0x08007114                RCC_APB1PeriphClockCmd
                0x0800712c                RCC_APB2PeriphResetCmd
                0x08007144                RCC_APB1PeriphResetCmd
                0x0800715c                RCC_BackupResetCmd
                0x08007168                RCC_ClockSecuritySystemCmd
                0x08007174                RCC_MCOConfig
                0x08007180                RCC_GetFlagStatus
                0x080071a8                RCC_WaitForHSEStartUp
                0x080071d4                RCC_ClearFlag
                0x080071e4                RCC_GetITStatus
                0x080071f8                RCC_ClearITPendingBit
 .text          0x08007204      0x158 lib/STM32F10x_StdPeriph_Driver/libstm32fw.a(stm32f10x_rtc.o)
                0x08007204                RTC_ITConfig
                0x08007220                RTC_EnterConfigMode
                0x08007234                RTC_ExitConfigMode
                0x08007248                RTC_GetCounter
                0x0800725c                RTC_SetCounter
                0x08007278                RTC_SetPrescaler
                0x08007298                RTC_SetAlarm
                0x080072b4                RTC_GetDivider
                0x080072cc                RTC_WaitForLastTask
                0x080072dc                RTC_WaitForSynchro
                0x080072fc                RTC_GetFlagStatus
                0x08007310                RTC_ClearFlag
                0x08007324                RTC_GetITStatus
                0x08007348                RTC_ClearITPendingBit
 .text          0x0800735c      0x2d4 lib/STM32F10x_StdPeriph_Driver/libstm32fw.a(stm32f10x_spi.o)
                0x0800735c                SPI_I2S_DeInit
                0x080073c0                SPI_Init
                0x08007400                I2S_Init
                0x080074a0                SPI_StructInit
                0x080074b8                I2S_StructInit
                0x080074ca                SPI_Cmd
                0x080074e4                I2S_Cmd
                0x080074fe                SPI_I2S_ITConfig
                0x0800751c                SPI_I2S_DMACmd
                0x08007532                SPI_I2S_SendData
                0x08007536                SPI_I2S_ReceiveData
                0x0800753c                SPI_NSSInternalSoftwareConfig
                0x0800755c                SPI_SSOutputCmd
                0x08007576                SPI_DataSizeConfig
                0x0800758e                SPI_TransmitCRC
                0x0800759a                SPI_CalculateCRC
                0x080075b4                SPI_GetCRC
                0x080075c4                SPI_GetCRCPolynomial
                0x080075ca                SPI_BiDirectionalLineConfig
                0x080075e8                SPI_I2S_GetFlagStatus
                0x080075f4                SPI_I2S_ClearFlag
                0x080075fa                SPI_I2S_GetITStatus
                0x08007620                SPI_I2S_ClearITPendingBit
 .text          0x08007630      0x374 lib/STM32F10x_StdPeriph_Driver/libstm32fw.a(stm32f10x_usart.o)
                0x08007630                USART_DeInit
                0x080076c8                USART_Init
                0x08007758                USART_StructInit
                0x0800776e                USART_ClockInit
                0x08007794                USART_ClockStructInit
                0x080077a0                USART_Cmd
                0x080077ba                USART_ITConfig
                0x080077f0                USART_DMACmd
                0x08007806                USART_SetAddress
                0x0800781e                USART_WakeUpConfig
                0x08007836                USART_ReceiverWakeUpCmd
                0x08007850                USART_LINBreakDetectLengthConfig
                0x08007868                USART_LINCmd
                0x08007882                USART_SendData
                0x0800788a                USART_ReceiveData
                0x08007892                USART_SendBreak
                0x0800789e                USART_SetGuardTime
                0x080078b0                USART_SetPrescaler
                0x080078c4                USART_SmartCardCmd
                0x080078de                USART_SmartCardNACKCmd
                0x080078f8                USART_HalfDuplexCmd
                0x08007912                USART_IrDAConfig
                0x0800792a                USART_IrDACmd
                0x08007944                USART_GetFlagStatus
                0x08007950                USART_ClearFlag
                0x08007956                USART_GetITStatus
                0x08007996                USART_ClearITPendingBit
 .text          0x080079a4      0xa54 lib/STM32_USB-FS-Device_Driver/libstm32usb.a(usb_core.o)
                0x080079a4                Standard_GetConfiguration
                0x080079cc                Standard_GetInterface
                0x080079f4                Standard_GetStatus
                0x08007b68                Standard_SetConfiguration
                0x08007ba4                Standard_SetInterface
                0x08007bf4                Standard_ClearFeature
                0x08007cf0                Standard_SetEndPointFeature
                0x08007da4                Standard_SetDeviceFeature
                0x08007dc8                Standard_GetDescriptorData
                0x08007de4                Post0_Process
                0x08007e2c                Out0_Process
                0x08007f08                Setup0_Process
                0x080082d8                SetDeviceAddress
                0x08008394                In0_Process
                0x080083f4                NOP_Process
 .text          0x080083f8       0x38 lib/STM32_USB-FS-Device_Driver/libstm32usb.a(usb_init.o)
                0x080083f8                USB_Init
 .text          0x08008430      0x25c lib/STM32_USB-FS-Device_Driver/libstm32usb.a(usb_int.o)
                0x08008430                CTR_LP
                0x080085f8                CTR_HP
 .text          0x0800868c       0xb8 lib/STM32_USB-FS-Device_Driver/libstm32usb.a(usb_mem.o)
                0x0800868c                UserToPMABufferCopy
                0x080086f4                PMAToUserBufferCopy
 .text          0x08008744      0x880 lib/STM32_USB-FS-Device_Driver/libstm32usb.a(usb_regs.o)
                0x08008744                SetCNTR
                0x08008750                GetCNTR
                0x0800875c                SetISTR
                0x08008768                GetISTR
                0x08008774                GetFNR
                0x08008780                SetDADDR
                0x0800878c                GetDADDR
                0x08008798                SetBTABLE
                0x080087ac                GetBTABLE
                0x080087b8                SetENDPOINT
                0x080087c8                GetENDPOINT
                0x080087d8                SetEPType
                0x080087f4                GetEPType
                0x08008808                SetEPTxStatus
                0x08008848                SetEPRxStatus
                0x08008888                SetDouBleBuffEPStall
                0x080088b0                GetEPTxStatus
                0x080088c4                GetEPRxStatus
                0x080088d8                SetEPTxValid
                0x080088fc                SetEPRxValid
                0x08008920                SetEP_KIND
                0x08008940                ClearEP_KIND
                0x08008960                Clear_Status_Out
                0x08008980                Set_Status_Out
                0x080089a0                SetEPDoubleBuff
                0x080089c0                ClearEPDoubleBuff
                0x080089e0                GetTxStallStatus
                0x08008a00                GetRxStallStatus
                0x08008a20                ClearEP_CTR_RX
                0x08008a38                ClearEP_CTR_TX
                0x08008a50                ToggleDTOG_RX
                0x08008a70                ToggleDTOG_TX
                0x08008a90                ClearDTOG_RX
                0x08008ab8                ClearDTOG_TX
                0x08008ae0                SetEPAddress
                0x08008b04                GetEPAddress
                0x08008b18                SetEPTxAddr
                0x08008b3c                SetEPRxAddr
                0x08008b64                GetEPTxAddr
                0x08008b84                GetEPRxAddr
                0x08008ba4                SetEPTxCount
                0x08008bc4                SetEPCountRxReg
                0x08008bf0                SetEPRxCount
                0x08008c38                GetEPTxCount
                0x08008c5c                GetEPRxCount
                0x08008c80                SetEPDblBuffAddr
                0x08008cc8                SetEPDblBuf0Addr
                0x08008cec                SetEPDblBuf1Addr
                0x08008d14                GetEPDblBuf0Addr
                0x08008d34                GetEPDblBuf1Addr
                0x08008d54                SetEPDblBuffCount
                0x08008e00                SetEPDblBuf0Count
                0x08008e68                SetEPDblBuf1Count
                0x08008ed0                GetEPDblBuf0Count
                0x08008ef4                GetEPDblBuf1Count
                0x08008f18                GetEPDblBufDir
                0x08008f60                FreeUserBuffer
                0x08008fb0                ToWord
                0x08008fb8                ByteSwap
 .text          0x08008fc4       0x6c lib/STM32_USB-FS-Device_Driver/libstm32usb.a(usb_sil.o)
                0x08008fc4                USB_SIL_Init
                0x08008fe4                USB_SIL_Write
                0x0800900c                USB_SIL_Read
 .text          0x08009030      0x370 /home/laurence/CodeSourcery/Sourcery_G++_Lite/bin/../lib/gcc/arm-none-eabi/4.5.2/thumb2/libgcc.a(_arm_addsubdf3.o)
                0x08009030                __aeabi_drsub
                0x08009038                __aeabi_dsub
                0x08009038                __subdf3
                0x0800903c                __adddf3
                0x0800903c                __aeabi_dadd
                0x080092b4                __aeabi_ui2d
                0x080092b4                __floatunsidf
                0x080092d4                __floatsidf
                0x080092d4                __aeabi_i2d
                0x080092f8                __extendsfdf2
                0x080092f8                __aeabi_f2d
                0x08009334                __aeabi_ul2d
                0x08009334                __floatundidf
                0x08009344                __floatdidf
                0x08009344                __aeabi_l2d
 .text          0x080093a0      0x424 /home/laurence/CodeSourcery/Sourcery_G++_Lite/bin/../lib/gcc/arm-none-eabi/4.5.2/thumb2/libgcc.a(_arm_muldivdf3.o)
                0x080093a0                __aeabi_dmul
                0x080093a0                __muldf3
                0x080095f4                __aeabi_ddiv
                0x080095f4                __divdf3
 .text          0x080097c4      0x110 /home/laurence/CodeSourcery/Sourcery_G++_Lite/bin/../lib/gcc/arm-none-eabi/4.5.2/thumb2/libgcc.a(_arm_cmpdf2.o)
                0x080097c4                __gtdf2
                0x080097c4                __gedf2
                0x080097cc                __ltdf2
                0x080097cc                __ledf2
                0x080097d4                __cmpdf2
                0x080097d4                __eqdf2
                0x080097d4                __nedf2
                0x08009850                __aeabi_cdrcmple
                0x08009860                __aeabi_cdcmple
                0x08009860                __aeabi_cdcmpeq
                0x08009870                __aeabi_dcmpeq
                0x08009884                __aeabi_dcmplt
                0x08009898                __aeabi_dcmple
                0x080098ac                __aeabi_dcmpge
                0x080098c0                __aeabi_dcmpgt
 .text          0x080098d4       0xa0 /home/laurence/CodeSourcery/Sourcery_G++_Lite/bin/../lib/gcc/arm-none-eabi/4.5.2/thumb2/libgcc.a(_arm_truncdfsf2.o)
                0x080098d4                __aeabi_d2f
                0x080098d4                __truncdfsf2
 .text          0x08009974      0x21c /home/laurence/CodeSourcery/Sourcery_G++_Lite/bin/../lib/gcc/arm-none-eabi/4.5.2/thumb2/libgcc.a(_arm_addsubsf3.o)
                0x08009974                __aeabi_frsub
                0x0800997c                __subsf3
                0x0800997c                __aeabi_fsub
                0x08009980                __aeabi_fadd
                0x08009980                __addsf3
                0x08009ae0                __aeabi_ui2f
                0x08009ae0                __floatunsisf
                0x08009ae8                __aeabi_i2f
                0x08009ae8                __floatsisf
                0x08009b04                __floatundisf
                0x08009b04                __aeabi_ul2f
                0x08009b14                __floatdisf
                0x08009b14                __aeabi_l2f
 .text          0x08009b90      0x2a0 /home/laurence/CodeSourcery/Sourcery_G++_Lite/bin/../lib/gcc/arm-none-eabi/4.5.2/thumb2/libgcc.a(_arm_muldivsf3.o)
                0x08009b90                __mulsf3
                0x08009b90                __aeabi_fmul
                0x08009cf8                __divsf3
                0x08009cf8                __aeabi_fdiv
 .text          0x08009e30       0xec /home/laurence/CodeSourcery/Sourcery_G++_Lite/bin/../lib/gcc/arm-none-eabi/4.5.2/thumb2/libgcc.a(_arm_cmpsf2.o)
                0x08009e30                __gtsf2
                0x08009e30                __gesf2
                0x08009e38                __lesf2
                0x08009e38                __ltsf2
                0x08009e40                __nesf2
                0x08009e40                __eqsf2
                0x08009e40                __cmpsf2
                0x08009ea0                __aeabi_cfrcmple
                0x08009ea8                __aeabi_cfcmple
                0x08009ea8                __aeabi_cfcmpeq
                0x08009eb8                __aeabi_fcmpeq
                0x08009ecc                __aeabi_fcmplt
                0x08009ee0                __aeabi_fcmple
                0x08009ef4                __aeabi_fcmpge
                0x08009f08                __aeabi_fcmpgt
 .text          0x08009f1c       0x4c /home/laurence/CodeSourcery/Sourcery_G++_Lite/bin/../lib/gcc/arm-none-eabi/4.5.2/thumb2/libgcc.a(_arm_fixsfsi.o)
                0x08009f1c                __fixsfsi
                0x08009f1c                __aeabi_f2iz
 .text          0x08009f68       0x40 /home/laurence/CodeSourcery/Sourcery_G++_Lite/bin/../lib/gcc/arm-none-eabi/4.5.2/thumb2/libgcc.a(_arm_fixunssfsi.o)
                0x08009f68                __aeabi_f2uiz
                0x08009f68                __fixunssfsi
 .text          0x08009fa8       0x20 /home/laurence/CodeSourcery/Sourcery_G++_Lite/bin/../lib/gcc/arm-none-eabi/4.5.2/../../../../arm-none-eabi/lib/thumb2/libc.a(lib_a-malloc.o)
                0x08009fa8                malloc
                0x08009fb8                free
 .text          0x08009fc8      0x57c /home/laurence/CodeSourcery/Sourcery_G++_Lite/bin/../lib/gcc/arm-none-eabi/4.5.2/../../../../arm-none-eabi/lib/thumb2/libc.a(lib_a-mallocr.o)
                0x08009fc8                _malloc_r
 .text          0x0800a544       0x64 /home/laurence/CodeSourcery/Sourcery_G++_Lite/bin/../lib/gcc/arm-none-eabi/4.5.2/../../../../arm-none-eabi/lib/thumb2/libc.a(lib_a-memcmp.o)
                0x0800a544                memcmp
 .text          0x0800a5a8       0xb4 /home/laurence/CodeSourcery/Sourcery_G++_Lite/bin/../lib/gcc/arm-none-eabi/4.5.2/../../../../arm-none-eabi/lib/thumb2/libc.a(lib_a-memset.o)
                0x0800a5a8                memset
 .text          0x0800a65c        0x8 /home/laurence/CodeSourcery/Sourcery_G++_Lite/bin/../lib/gcc/arm-none-eabi/4.5.2/../../../../arm-none-eabi/lib/thumb2/libc.a(lib_a-mlock.o)
                0x0800a65c                __malloc_lock
                0x0800a660                __malloc_unlock
 .text          0x0800a664       0x28 /home/laurence/CodeSourcery/Sourcery_G++_Lite/bin/../lib/gcc/arm-none-eabi/4.5.2/../../../../arm-none-eabi/lib/thumb2/libc.a(lib_a-sbrkr.o)
                0x0800a664                _sbrk_r
 .text          0x0800a68c       0x48 /home/laurence/CodeSourcery/Sourcery_G++_Lite/bin/../lib/gcc/arm-none-eabi/4.5.2/../../../../arm-none-eabi/lib/thumb2/libc.a(lib_a-strcat.o)
                0x0800a68c                strcat
 .text          0x0800a6d4       0xbc /home/laurence/CodeSourcery/Sourcery_G++_Lite/bin/../lib/gcc/arm-none-eabi/4.5.2/../../../../arm-none-eabi/lib/thumb2/libc.a(lib_a-strcpy.o)
                0x0800a6d4                strcpy
 .text          0x0800a790       0x60 /home/laurence/CodeSourcery/Sourcery_G++_Lite/bin/../lib/gcc/arm-none-eabi/4.5.2/../../../../arm-none-eabi/lib/thumb2/libc.a(lib_a-strlen.o)
                0x0800a790                strlen
 .text          0x0800a7f0      0x240 /home/laurence/CodeSourcery/Sourcery_G++_Lite/bin/../lib/gcc/arm-none-eabi/4.5.2/../../../../arm-none-eabi/lib/thumb2/libc.a(lib_a-freer.o)
                0x0800a7f0                _malloc_trim_r
                0x0800a898                _free_r
 *(.init)
 .init          0x0800aa30        0x4 /home/laurence/CodeSourcery/Sourcery_G++_Lite/bin/../lib/gcc/arm-none-eabi/4.5.2/thumb2/crti.o
                0x0800aa30                _init
 .init          0x0800aa34        0x8 /home/laurence/CodeSourcery/Sourcery_G++_Lite/bin/../lib/gcc/arm-none-eabi/4.5.2/thumb2/crtn.o
 *(.fini)
 .fini          0x0800aa3c        0x4 /home/laurence/CodeSourcery/Sourcery_G++_Lite/bin/../lib/gcc/arm-none-eabi/4.5.2/thumb2/crti.o
                0x0800aa3c                _fini
 .fini          0x0800aa40        0x8 /home/laurence/CodeSourcery/Sourcery_G++_Lite/bin/../lib/gcc/arm-none-eabi/4.5.2/thumb2/crtn.o
 *crtbegin.o(.ctors)
 *crtbegin?.o(.ctors)
 *(EXCLUDE_FILE(*crtend.o *crtend?.o) .ctors)
 *(SORT(.ctors.*))
 *(.ctors)
 *crtbegin.o(.dtors)
 *crtbegin?.o(.dtors)
 *(EXCLUDE_FILE(*crtend.o *crtend?.o) .dtors)
 *(SORT(.dtors.*))
 *(.dtors)
 *(.rodata*)
 .rodata.LSM_330_ACCEL_FIFO_config
                0x0800aa48        0x2 Sensors/amb_sensors.o
                0x0800aa48                LSM_330_ACCEL_FIFO_config
 .rodata.LSM_330_GYRO_config
                0x0800aa4a        0x4 Sensors/amb_sensors.o
                0x0800aa4a                LSM_330_GYRO_config
 .rodata.HMC_config
                0x0800aa4e        0x3 Sensors/amb_sensors.o
                0x0800aa4e                HMC_config
 .rodata.ADXL_config
                0x0800aa51        0x6 Sensors/amb_sensors.o
                0x0800aa51                ADXL_config
 .rodata.LSM_330_ACCEL_config
                0x0800aa57        0x6 Sensors/amb_sensors.o
                0x0800aa57                LSM_330_ACCEL_config
 .rodata.ITG3200_config
                0x0800aa5d        0x3 Sensors/amb_sensors.o
                0x0800aa5d                ITG3200_config
 .rodata.MASS_StringLangID
                0x0800aa60        0x4 Util/USB/usb_desc.o
                0x0800aa60                MASS_StringLangID
 .rodata.MASS_ConfigDescriptor
                0x0800aa64       0x20 Util/USB/usb_desc.o
                0x0800aa64                MASS_ConfigDescriptor
 .rodata.MASS_StringProduct
                0x0800aa84       0x2e Util/USB/usb_desc.o
                0x0800aa84                MASS_StringProduct
 .rodata.MASS_DeviceDescriptor
                0x0800aab2       0x12 Util/USB/usb_desc.o
                0x0800aab2                MASS_DeviceDescriptor
 .rodata.MASS_StringInterface
                0x0800aac4       0x10 Util/USB/usb_desc.o
                0x0800aac4                MASS_StringInterface
 .rodata.MASS_StringVendor
                0x0800aad4       0x32 Util/USB/usb_desc.o
                0x0800aad4                MASS_StringVendor
 .rodata.tbl_upper.4117
                0x0800ab06      0x1e0 Util/fat_fs/option/ccsbcs.o
 .rodata.Tbl    0x0800ace6      0x100 Util/fat_fs/option/ccsbcs.o
 .rodata.tbl_lower.4116
                0x0800ade6      0x1e0 Util/fat_fs/option/ccsbcs.o
 .rodata.excvt.6257
                0x0800afc6       0x80 Util/fat_fs/src/ff.o
 .rodata.str1.1
                0x0800b046       0x10 Util/fat_fs/src/ff.o
 .rodata.LfnOfs
                0x0800b056        0xd Util/fat_fs/src/ff.o
 .rodata.DaysInMonth
                0x0800b063        0xc Util/fat_fs/src/rtc.o
 *fill*         0x0800b06f        0x1 00
 .rodata.filter_taps
                0x0800b070       0xf4 Util/filter_1200.o
 .rodata.filter_taps
                0x0800b164       0x3c Util/filter_190.o
 .rodata.str1.1
                0x0800b1a0        0x6 Util/rprintf.o
 *fill*         0x0800b1a6        0x2 00
 .rodata.SystemFrequency
                0x0800b1a8        0x4 lib/CMSIS_CM3/system_stm32f10x.o
                0x0800b1a8                SystemFrequency
 .rodata.str1.1
                0x0800b1ac      0x1c5 main.o
                                0x1c7 (size before relaxing)
 .rodata.str1.1
                0x0800b371       0x3d pwr.o
 *fill*         0x0800b3ae        0x2 00
 .rodata.str1.4
                0x0800b3b0        0x4 /home/laurence/CodeSourcery/Sourcery_G++_Lite/bin/../lib/gcc/arm-none-eabi/4.5.2/../../../../arm-none-eabi/lib/thumb2/libc.a(lib_a-impure.o)
 *(.eh_frame*)

.glue_7         0x0800b3b4        0x0
 .glue_7        0x00000000        0x0 linker stubs

.glue_7t        0x0800b3b4        0x0
 .glue_7t       0x00000000        0x0 linker stubs

.vfp11_veneer   0x0800b3b4        0x0
 .vfp11_veneer  0x00000000        0x0 linker stubs

.v4_bx          0x0800b3b4        0x0
 .v4_bx         0x00000000        0x0 linker stubs

.ARM.extab
 *(.ARM.extab* .gnu.linkonce.armextab.*)
                0x0800b3b4                __exidx_start = .

.ARM.exidx
 *(.ARM.exidx* .gnu.linkonce.armexidx.*)
                0x0800b3b4                __exidx_end = .
                0x0800b3b4                __etext = .

.data           0x20000000      0x6fc load address 0x0800b3b4
                0x20000000                __data_start__ = .
 *(vtable)
 *(.data*)
 .data.I2C_jobs
                0x20000000       0x80 Sensors/amb_sensors.o
                0x20000000                I2C_jobs
 .data.Mode_Sense10_data
                0x20000080        0x8 Util/USB/scsi_data.o
                0x20000080                Mode_Sense10_data
 .data.Mode_Sense6_data
                0x20000088        0x4 Util/USB/scsi_data.o
                0x20000088                Mode_Sense6_data
 .data.Scsi_Sense_Data
                0x2000008c       0x12 Util/USB/scsi_data.o
                0x2000008c                Scsi_Sense_Data
 .data.ReadFormatCapacity_Data
                0x2000009e        0xc Util/USB/scsi_data.o
                0x2000009e                ReadFormatCapacity_Data
 .data.Standard_Inquiry_Data2
                0x200000aa       0x24 Util/USB/scsi_data.o
                0x200000aa                Standard_Inquiry_Data2
 .data.Standard_Inquiry_Data
                0x200000ce       0x24 Util/USB/scsi_data.o
                0x200000ce                Standard_Inquiry_Data
 .data.MASS_StringSerial
                0x200000f2       0x1a Util/USB/usb_desc.o
                0x200000f2                MASS_StringSerial
 .data.pEpInt_IN
                0x2000010c       0x1c Util/USB/usb_istr.o
                0x2000010c                pEpInt_IN
 .data.pEpInt_OUT
                0x20000128       0x1c Util/USB/usb_istr.o
                0x20000128                pEpInt_OUT
 .data.Config_Descriptor
                0x20000144        0x8 Util/USB/usb_prop.o
                0x20000144                Config_Descriptor
 .data.Device_Property
                0x2000014c       0x30 Util/USB/usb_prop.o
                0x2000014c                Device_Property
 .data.User_Standard_Requests
                0x2000017c       0x24 Util/USB/usb_prop.o
                0x2000017c                User_Standard_Requests
 .data.Device_Descriptor
                0x200001a0        0x8 Util/USB/usb_prop.o
                0x200001a0                Device_Descriptor
 .data.String_Descriptor
                0x200001a8       0x28 Util/USB/usb_prop.o
                0x200001a8                String_Descriptor
 .data.Device_Table
                0x200001d0        0x2 Util/USB/usb_prop.o
                0x200001d0                Device_Table
 .data.fSuspendEnabled
                0x200001d2        0x1 Util/USB/usb_pwr.o
                0x200001d2                fSuspendEnabled
 .data.Stat     0x200001d3        0x1 Util/fat_fs/src/sd_spi_stm32.o
 .data.rw_workbyte.7778
                0x200001d4        0x2 Util/fat_fs/src/sd_spi_stm32.o
 .data          0x200001d6       0x14 lib/STM32F10x_StdPeriph_Driver/libstm32fw.a(stm32f10x_rcc.o)
 *fill*         0x200001ea        0x2 00
 .data          0x200001ec      0x410 /home/laurence/CodeSourcery/Sourcery_G++_Lite/bin/../lib/gcc/arm-none-eabi/4.5.2/../../../../arm-none-eabi/lib/thumb2/libc.a(lib_a-mallocr.o)
                0x200001ec                __malloc_av_
                0x200005f4                __malloc_sbrk_base
                0x200005f8                __malloc_trim_threshold
 .data          0x200005fc       0xf4 /home/laurence/CodeSourcery/Sourcery_G++_Lite/bin/../lib/gcc/arm-none-eabi/4.5.2/../../../../arm-none-eabi/lib/thumb2/libc.a(lib_a-impure.o)
                0x200005fc                _impure_ptr
                0x200006f0                . = ALIGN (0x4)
                0x200006f0                PROVIDE (__preinit_array_start, .)
 *(.preinit_array)
                0x200006f0                PROVIDE (__preinit_array_end, .)
                0x200006f0                . = ALIGN (0x4)
                0x200006f0                PROVIDE (__init_array_start, .)
 *(SORT(.init_array.*))
 *(.init_array)
 .init_array    0x200006f0        0x4 /home/laurence/CodeSourcery/Sourcery_G++_Lite/bin/../lib/gcc/arm-none-eabi/4.5.2/thumb2/crtbegin.o
                0x200006f4                PROVIDE (__init_array_end, .)
                0x200006f4                . = ALIGN (0x4)
                0x200006f4                PROVIDE (__fini_array_start, .)
 *(SORT(.fini_array.*))
 *(.fini_array)
 .fini_array    0x200006f4        0x4 /home/laurence/CodeSourcery/Sourcery_G++_Lite/bin/../lib/gcc/arm-none-eabi/4.5.2/thumb2/crtbegin.o
                0x200006f8                PROVIDE (__fini_array_end, .)
 *(.jcr*)
 .jcr           0x200006f8        0x0 /home/laurence/CodeSourcery/Sourcery_G++_Lite/bin/../lib/gcc/arm-none-eabi/4.5.2/thumb2/crtbegin.o
 .jcr           0x200006f8        0x4 /home/laurence/CodeSourcery/Sourcery_G++_Lite/bin/../lib/gcc/arm-none-eabi/4.5.2/thumb2/crtend.o
                0x200006fc                . = ALIGN (0x4)
                0x200006fc                __data_end__ = .

.bss            0x200006fc     0x136c load address 0x0800bab0
                0x200006fc                . = ALIGN (0x4)
                0x200006fc                __bss_start__ = .
 *(.bss*)
 .bss           0x200006fc        0x1 /home/laurence/CodeSourcery/Sourcery_G++_Lite/bin/../lib/gcc/arm-none-eabi/4.5.2/thumb2/crtbegin.o
 .bss.Rawdata   0x200006fd       0x40 Sensors/amb_sensors.o
                0x200006fd                Rawdata
 .bss.RawFifo   0x2000073d       0x1e Sensors/amb_sensors.o
                0x2000073d                RawFifo
 .bss.I2C_Transactions_State
                0x2000075b        0x1 Sensors/amb_sensors.o
                0x2000075b                I2C_Transactions_State
 .bss.LSM330_Accel_Filter
                0x2000075c      0x2e8 Sensors/amb_sensors.o
                0x2000075c                LSM330_Accel_Filter
 .bss.LSM330_Gyro_Filter
                0x20000a44      0x2e8 Sensors/amb_sensors.o
                0x20000a44                LSM330_Gyro_Filter
 .bss.LastFifo  0x20000d2c        0x6 Sensors/amb_sensors.o
                0x20000d2c                LastFifo
 *fill*         0x20000d32        0x2 00
 .bss.Data_Buffer
                0x20000d34        0x4 Util/USB/mass_mal.o
                0x20000d34                Data_Buffer
 .bss.Mass_Block_Size
                0x20000d38        0x8 Util/USB/mass_mal.o
                0x20000d38                Mass_Block_Size
 .bss.Status    0x20000d40        0x4 Util/USB/mass_mal.o
                0x20000d40                Status
 .bss.Mass_Memory_Size
                0x20000d44        0x8 Util/USB/mass_mal.o
                0x20000d44                Mass_Memory_Size
 .bss.Mass_Block_Count
                0x20000d4c        0x8 Util/USB/mass_mal.o
                0x20000d4c                Mass_Block_Count
 .bss.Block_offset
                0x20000d54        0x4 Util/USB/memory.o
                0x20000d54                Block_offset
 .bss.Counter   0x20000d58        0x4 Util/USB/memory.o
                0x20000d58                Counter
 .bss.Used_CMD18.7841
                0x20000d5c        0x1 Util/USB/memory.o
 *fill*         0x20000d5d        0x3 00
 .bss.Idx       0x20000d60        0x4 Util/USB/memory.o
                0x20000d60                Idx
 .bss.W_Length.7853
                0x20000d64        0x4 Util/USB/memory.o
 .bss.W_Offset.7852
                0x20000d68        0x4 Util/USB/memory.o
 .bss.TransferState
                0x20000d6c        0x1 Util/USB/memory.o
                0x20000d6c                TransferState
 *fill*         0x20000d6d        0x3 00
 .bss.Length.7840
                0x20000d70        0x4 Util/USB/memory.o
 .bss.ReadCapacity10_Data
                0x20000d74        0x8 Util/USB/scsi_data.o
                0x20000d74                ReadCapacity10_Data
 .bss.Page00_Inquiry_Data
                0x20000d7c        0x5 Util/USB/scsi_data.o
                0x20000d7c                Page00_Inquiry_Data
 *fill*         0x20000d81        0x1 00
 .bss.Data_Len  0x20000d82        0x2 Util/USB/usb_bot.o
                0x20000d82                Data_Len
 .bss.CBW       0x20000d84       0x20 Util/USB/usb_bot.o
                0x20000d84                CBW
 .bss.Bot_State
                0x20000da4        0x1 Util/USB/usb_bot.o
                0x20000da4                Bot_State
 *fill*         0x20000da5        0x3 00
 .bss.SCSI_BlkLen
                0x20000da8        0x4 Util/USB/usb_bot.o
                0x20000da8                SCSI_BlkLen
 .bss.Bulk_Data_Buff
                0x20000dac       0x40 Util/USB/usb_bot.o
                0x20000dac                Bulk_Data_Buff
 .bss.SCSI_LBA  0x20000dec        0x4 Util/USB/usb_bot.o
                0x20000dec                SCSI_LBA
 .bss.CSW       0x20000df0       0x10 Util/USB/usb_bot.o
                0x20000df0                CSW
 .bss.bIntPackSOF
                0x20000e00        0x1 Util/USB/usb_istr.o
                0x20000e00                bIntPackSOF
 *fill*         0x20000e01        0x1 00
 .bss.wIstr     0x20000e02        0x2 Util/USB/usb_istr.o
                0x20000e02                wIstr
 .bss.Max_Lun   0x20000e04        0x4 Util/USB/usb_prop.o
                0x20000e04                Max_Lun
 .bss.ResumeS   0x20000e08        0x2 Util/USB/usb_pwr.o
                0x20000e08                ResumeS
 *fill*         0x20000e0a        0x2 00
 .bss.bDeviceState
                0x20000e0c        0x4 Util/USB/usb_pwr.o
                0x20000e0c                bDeviceState
 .bss.CurrVol   0x20000e10        0x1 Util/fat_fs/src/ff.o
 *fill*         0x20000e11        0x1 00
 .bss.Fsid      0x20000e12        0x2 Util/fat_fs/src/ff.o
 .bss.FatFs     0x20000e14        0x4 Util/fat_fs/src/ff.o
 .bss.Timer1    0x20000e18        0x4 Util/fat_fs/src/sd_spi_stm32.o
 .bss.Timer2    0x20000e1c        0x4 Util/fat_fs/src/sd_spi_stm32.o
 .bss.CardType  0x20000e20        0x1 Util/fat_fs/src/sd_spi_stm32.o
 .bss.Sd_Spi_Called_From_USB_MSC
                0x20000e21        0x1 Util/fat_fs/src/sd_spi_stm32.o
                0x20000e21                Sd_Spi_Called_From_USB_MSC
 *fill*         0x20000e22        0x2 00
 .bss.pv.7901   0x20000e24        0x4 Util/fat_fs/src/sd_spi_stm32.o
 .bss.rputchar  0x20000e28        0x4 Util/rprintf.o
 .bss.buf       0x20000e2c       0x80 Util/rprintf.o
 .bss.bootsource
                0x20000eac        0x1 gpio.o
                0x20000eac                bootsource
 .bss.job       0x20000ead        0x1 i2c_int.o
                0x20000ead                job
 *fill*         0x20000eae        0x2 00
 .bss.Completed_Jobs
                0x20000eb0        0x4 i2c_int.o
                0x20000eb0                Completed_Jobs
 .bss.index.7047
                0x20000eb4        0x1 i2c_int.o
 .bss.subaddress_sent.7045
                0x20000eb5        0x1 i2c_int.o
 *fill*         0x20000eb6        0x2 00
 .bss.Jobs      0x20000eb8        0x4 i2c_int.o
                0x20000eb8                Jobs
 .bss.I2C1error
                0x20000ebc        0x2 i2c_int.o
                0x20000ebc                I2C1error
 .bss.final_stop.7046
                0x20000ebe        0x1 i2c_int.o
 .bss.System_state_counter.8114
                0x20000ebf        0x1 interrupts.o
 .bss.Last_Button_Press.8113
                0x20000ec0        0x4 interrupts.o
 .bss.Battery_Voltage
                0x20000ec4        0x4 interrupts.o
                0x20000ec4                Battery_Voltage
 .bss.Button_hold_tim
                0x20000ec8        0x1 interrupts.o
                0x20000ec8                Button_hold_tim
 *fill*         0x20000ec9        0x3 00
 .bss.FATFS_Obj
                0x20000ecc      0x234 main.o
 .bss.Millis    0x20001100        0x4 main.o
                0x20001100                Millis
 .bss.f_err_code
                0x20001104        0x1 main.o
                0x20001104                f_err_code
 .bss.Shutdown_System
                0x20001105        0x1 main.o
                0x20001105                Shutdown_System
 *fill*         0x20001106        0x2 00
 .bss.forehead_buffer
                0x20001108       0x54 main.o
                0x20001108                forehead_buffer
 .bss.print_string
                0x2000115c      0x100 main.o
                0x2000115c                print_string
 .bss.sfe_sensor_buffers
                0x2000125c       0xf0 main.o
                0x2000125c                sfe_sensor_buffers
 .bss.Sensors   0x2000134c        0x1 main.o
                0x2000134c                Sensors
 .bss.file_opened
                0x2000134d        0x1 main.o
                0x2000134d                file_opened
 *fill*         0x2000134e        0x2 00
 .bss.FATFS_info
                0x20001350       0x20 main.o
                0x20001350                FATFS_info
 .bss.FATFS_wavfile_gyro
                0x20001370      0x224 main.o
                0x20001370                FATFS_wavfile_gyro
 .bss.FATFS_wavfile_accel
                0x20001594      0x224 main.o
                0x20001594                FATFS_wavfile_accel
 .bss.a         0x200017b8        0x4 main.o
                0x200017b8                a
 .bss.FATFS_logfile
                0x200017bc      0x224 main.o
                0x200017bc                FATFS_logfile
 .bss.Sensor_Cable
                0x200019e0        0x1 main.o
                0x200019e0                Sensor_Cable
 *fill*         0x200019e1        0x3 00
 .bss.battery_voltage
                0x200019e4        0x4 main.o
                0x200019e4                battery_voltage
 .bss.System_state_Global
                0x200019e8        0x1 main.o
                0x200019e8                System_state_Global
 *fill*         0x200019e9        0x3 00
 .bss.heap_end.4546
                0x200019ec        0x4 syscalls.o
 .bss           0x200019f0        0x1 lib/STM32_USB-FS-Device_Driver/libstm32usb.a(usb_core.o)
                0x200019f0                Data_Mul_MaxPacketSize
 *fill*         0x200019f1        0x3 00
 .bss           0x200019f4       0x34 /home/laurence/CodeSourcery/Sourcery_G++_Lite/bin/../lib/gcc/arm-none-eabi/4.5.2/../../../../arm-none-eabi/lib/thumb2/libc.a(lib_a-mallocr.o)
                0x200019f4                __malloc_top_pad
                0x200019f8                __malloc_current_mallinfo
                0x20001a20                __malloc_max_sbrked_mem
                0x20001a24                __malloc_max_total_mem
 *(COMMON)
 COMMON         0x20001a28        0x2 lib/STM32_USB-FS-Device_Driver/libstm32usb.a(usb_core.o)
                0x20001a28                StatusInfo
 *fill*         0x20001a2a        0x2 00
 COMMON         0x20001a2c       0x32 lib/STM32_USB-FS-Device_Driver/libstm32usb.a(usb_init.o)
                0x20001a2c                SaveState
                0x20001a30                pProperty
                0x20001a34                EPindex
                0x20001a38                Device_Info
                0x20001a54                pUser_Standard_Requests
                0x20001a58                pInformation
                0x20001a5c                wInterrupt_Mask
 COMMON         0x20001a5e        0x4 lib/STM32_USB-FS-Device_Driver/libstm32usb.a(usb_int.o)
                0x20001a5e                SaveRState
                0x20001a60                SaveTState
 *fill*         0x20001a62        0x2 00
 COMMON         0x20001a64        0x4 /home/laurence/CodeSourcery/Sourcery_G++_Lite/bin/../lib/gcc/arm-none-eabi/4.5.2/../../../../arm-none-eabi/lib/thumb2/libc.a(lib_a-reent.o)
                0x20001a64                errno
                0x20001a68                . = ALIGN (0x4)
                0x20001a68                __bss_end__ = .

.heap           0x20001a68        0x0
                0x20001a68                __end__ = .
                0x20001a68                end = __end__
 *(.heap*)
                0x20001a68                __HeapLimit = .

.stack_dummy    0x20001a68        0x0
 *(.stack*)
                0x20005000                __StackTop = 0x20005000
                0x20005000                __StackLimit = (__StackTop - SIZEOF (.stack_dummy))
                0x20005000                PROVIDE (__stack, __StackTop)
                0x00000001                ASSERT ((__StackLimit >= __HeapLimit), region RAM overflowed with stack)
                0x200006fc                PROVIDE (_edata, __data_end__)
                0x20000000                PROVIDE (_sdata, __data_start__)
                0x0800b3b4                PROVIDE (_sidata, __etext)
                0x200006fc                PROVIDE (_sbss, __bss_start__)
                0x20001a68                PROVIDE (_ebss, __bss_end__)
                0x20005000                PROVIDE (_estack, __StackTop)
OUTPUT(main.elf elf32-littlearm)

.ARM.attributes
                0x00000000       0x25
 .ARM.attributes
                0x00000000       0x19 /home/laurence/CodeSourcery/Sourcery_G++_Lite/bin/../lib/gcc/arm-none-eabi/4.5.2/thumb2/crti.o
 .ARM.attributes
                0x00000019       0x29 /home/laurence/CodeSourcery/Sourcery_G++_Lite/bin/../lib/gcc/arm-none-eabi/4.5.2/thumb2/crtbegin.o
 .ARM.attributes
                0x00000042       0x31 Sensors/amb_sensors.o
 .ARM.attributes
                0x00000073       0x31 Sensors/temperature.o
 .ARM.attributes
                0x000000a4       0x31 Util/USB/hw_config.o
 .ARM.attributes
                0x000000d5       0x31 Util/USB/mass_mal.o
 .ARM.attributes
                0x00000106       0x31 Util/USB/memory.o
 .ARM.attributes
                0x00000137       0x31 Util/USB/scsi_data.o
 .ARM.attributes
                0x00000168       0x31 Util/USB/usb_bot.o
 .ARM.attributes
                0x00000199       0x31 Util/USB/usb_desc.o
 .ARM.attributes
                0x000001ca       0x31 Util/USB/usb_endp.o
 .ARM.attributes
                0x000001fb       0x31 Util/USB/usb_istr.o
 .ARM.attributes
                0x0000022c       0x31 Util/USB/usb_prop.o
 .ARM.attributes
                0x0000025d       0x31 Util/USB/usb_pwr.o
 .ARM.attributes
                0x0000028e       0x31 Util/USB/usb_scsi.o
 .ARM.attributes
                0x000002bf       0x31 Util/buffer.o
 .ARM.attributes
                0x000002f0       0x31 Util/delay.o
 .ARM.attributes
                0x00000321       0x31 Util/fat_fs/option/ccsbcs.o
 .ARM.attributes
                0x00000352       0x31 Util/fat_fs/src/fattime.o
 .ARM.attributes
                0x00000383       0x31 Util/fat_fs/src/ff.o
 .ARM.attributes
                0x000003b4       0x31 Util/fat_fs/src/rtc.o
 .ARM.attributes
                0x000003e5       0x31 Util/fat_fs/src/sd_spi_stm32.o
 .ARM.attributes
                0x00000416       0x31 Util/filter_1200.o
 .ARM.attributes
                0x00000447       0x31 Util/filter_190.o
 .ARM.attributes
                0x00000478       0x31 Util/rprintf.o
 .ARM.attributes
                0x000004a9       0x31 Util/stm32_eval_spi_sd.o
 .ARM.attributes
                0x000004da       0x31 Util/wave.o
 .ARM.attributes
                0x0000050b       0x31 adc.o
 .ARM.attributes
                0x0000053c       0x31 gpio.o
 .ARM.attributes
                0x0000056d       0x31 i2c_int.o
 .ARM.attributes
                0x0000059e       0x31 interrupts.o
 .ARM.attributes
                0x000005cf       0x31 lib/CMSIS_CM3/core_cm3.o
 .ARM.attributes
                0x00000600       0x21 lib/CMSIS_CM3/startup/gcc/startup_stm32f10x_md.o
 .ARM.attributes
                0x00000621       0x31 lib/CMSIS_CM3/system_stm32f10x.o
 .ARM.attributes
                0x00000652       0x31 main.o
 .ARM.attributes
                0x00000683       0x31 pwr.o
 .ARM.attributes
                0x000006b4       0x31 syscalls.o
 .ARM.attributes
                0x000006e5       0x31 usart.o
 .ARM.attributes
                0x00000716       0x31 watchdog.o
 .ARM.attributes
                0x00000747       0x31 lib/STM32F10x_StdPeriph_Driver/libstm32fw.a(misc.o)
 .ARM.attributes
                0x00000778       0x31 lib/STM32F10x_StdPeriph_Driver/libstm32fw.a(stm32f10x_adc.o)
 .ARM.attributes
                0x000007a9       0x31 lib/STM32F10x_StdPeriph_Driver/libstm32fw.a(stm32f10x_bkp.o)
 .ARM.attributes
                0x000007da       0x31 lib/STM32F10x_StdPeriph_Driver/libstm32fw.a(stm32f10x_dbgmcu.o)
 .ARM.attributes
                0x0000080b       0x31 lib/STM32F10x_StdPeriph_Driver/libstm32fw.a(stm32f10x_dma.o)
 .ARM.attributes
                0x0000083c       0x31 lib/STM32F10x_StdPeriph_Driver/libstm32fw.a(stm32f10x_exti.o)
 .ARM.attributes
                0x0000086d       0x31 lib/STM32F10x_StdPeriph_Driver/libstm32fw.a(stm32f10x_gpio.o)
 .ARM.attributes
                0x0000089e       0x31 lib/STM32F10x_StdPeriph_Driver/libstm32fw.a(stm32f10x_i2c.o)
 .ARM.attributes
                0x000008cf       0x31 lib/STM32F10x_StdPeriph_Driver/libstm32fw.a(stm32f10x_iwdg.o)
 .ARM.attributes
                0x00000900       0x31 lib/STM32F10x_StdPeriph_Driver/libstm32fw.a(stm32f10x_pwr.o)
 .ARM.attributes
                0x00000931       0x31 lib/STM32F10x_StdPeriph_Driver/libstm32fw.a(stm32f10x_rcc.o)
 .ARM.attributes
                0x00000962       0x31 lib/STM32F10x_StdPeriph_Driver/libstm32fw.a(stm32f10x_rtc.o)
 .ARM.attributes
                0x00000993       0x31 lib/STM32F10x_StdPeriph_Driver/libstm32fw.a(stm32f10x_spi.o)
 .ARM.attributes
                0x000009c4       0x31 lib/STM32F10x_StdPeriph_Driver/libstm32fw.a(stm32f10x_usart.o)
 .ARM.attributes
                0x000009f5       0x31 lib/STM32_USB-FS-Device_Driver/libstm32usb.a(usb_core.o)
 .ARM.attributes
                0x00000a26       0x31 lib/STM32_USB-FS-Device_Driver/libstm32usb.a(usb_init.o)
 .ARM.attributes
                0x00000a57       0x31 lib/STM32_USB-FS-Device_Driver/libstm32usb.a(usb_int.o)
 .ARM.attributes
                0x00000a88       0x31 lib/STM32_USB-FS-Device_Driver/libstm32usb.a(usb_mem.o)
 .ARM.attributes
                0x00000ab9       0x31 lib/STM32_USB-FS-Device_Driver/libstm32usb.a(usb_regs.o)
 .ARM.attributes
                0x00000aea       0x31 lib/STM32_USB-FS-Device_Driver/libstm32usb.a(usb_sil.o)
 .ARM.attributes
                0x00000b1b       0x1b /home/laurence/CodeSourcery/Sourcery_G++_Lite/bin/../lib/gcc/arm-none-eabi/4.5.2/thumb2/libgcc.a(_arm_addsubdf3.o)
 .ARM.attributes
                0x00000b36       0x1b /home/laurence/CodeSourcery/Sourcery_G++_Lite/bin/../lib/gcc/arm-none-eabi/4.5.2/thumb2/libgcc.a(_arm_muldivdf3.o)
 .ARM.attributes
                0x00000b51       0x1b /home/laurence/CodeSourcery/Sourcery_G++_Lite/bin/../lib/gcc/arm-none-eabi/4.5.2/thumb2/libgcc.a(_arm_cmpdf2.o)
 .ARM.attributes
                0x00000b6c       0x1b /home/laurence/CodeSourcery/Sourcery_G++_Lite/bin/../lib/gcc/arm-none-eabi/4.5.2/thumb2/libgcc.a(_arm_truncdfsf2.o)
 .ARM.attributes
                0x00000b87       0x1b /home/laurence/CodeSourcery/Sourcery_G++_Lite/bin/../lib/gcc/arm-none-eabi/4.5.2/thumb2/libgcc.a(_arm_addsubsf3.o)
 .ARM.attributes
                0x00000ba2       0x1b /home/laurence/CodeSourcery/Sourcery_G++_Lite/bin/../lib/gcc/arm-none-eabi/4.5.2/thumb2/libgcc.a(_arm_muldivsf3.o)
 .ARM.attributes
                0x00000bbd       0x1b /home/laurence/CodeSourcery/Sourcery_G++_Lite/bin/../lib/gcc/arm-none-eabi/4.5.2/thumb2/libgcc.a(_arm_cmpsf2.o)
 .ARM.attributes
                0x00000bd8       0x1b /home/laurence/CodeSourcery/Sourcery_G++_Lite/bin/../lib/gcc/arm-none-eabi/4.5.2/thumb2/libgcc.a(_arm_fixsfsi.o)
 .ARM.attributes
                0x00000bf3       0x1b /home/laurence/CodeSourcery/Sourcery_G++_Lite/bin/../lib/gcc/arm-none-eabi/4.5.2/thumb2/libgcc.a(_arm_fixunssfsi.o)
 .ARM.attributes
                0x00000c0e       0x29 /home/laurence/CodeSourcery/Sourcery_G++_Lite/bin/../lib/gcc/arm-none-eabi/4.5.2/../../../../arm-none-eabi/lib/thumb2/libc.a(lib_a-malloc.o)
 .ARM.attributes
                0x00000c37       0x29 /home/laurence/CodeSourcery/Sourcery_G++_Lite/bin/../lib/gcc/arm-none-eabi/4.5.2/../../../../arm-none-eabi/lib/thumb2/libc.a(lib_a-mallocr.o)
 .ARM.attributes
                0x00000c60       0x29 /home/laurence/CodeSourcery/Sourcery_G++_Lite/bin/../lib/gcc/arm-none-eabi/4.5.2/../../../../arm-none-eabi/lib/thumb2/libc.a(lib_a-memcmp.o)
 .ARM.attributes
                0x00000c89       0x29 /home/laurence/CodeSourcery/Sourcery_G++_Lite/bin/../lib/gcc/arm-none-eabi/4.5.2/../../../../arm-none-eabi/lib/thumb2/libc.a(lib_a-memset.o)
 .ARM.attributes
                0x00000cb2       0x29 /home/laurence/CodeSourcery/Sourcery_G++_Lite/bin/../lib/gcc/arm-none-eabi/4.5.2/../../../../arm-none-eabi/lib/thumb2/libc.a(lib_a-mlock.o)
 .ARM.attributes
                0x00000cdb       0x29 /home/laurence/CodeSourcery/Sourcery_G++_Lite/bin/../lib/gcc/arm-none-eabi/4.5.2/../../../../arm-none-eabi/lib/thumb2/libc.a(lib_a-reent.o)
 .ARM.attributes
                0x00000d04       0x29 /home/laurence/CodeSourcery/Sourcery_G++_Lite/bin/../lib/gcc/arm-none-eabi/4.5.2/../../../../arm-none-eabi/lib/thumb2/libc.a(lib_a-sbrkr.o)
 .ARM.attributes
                0x00000d2d       0x29 /home/laurence/CodeSourcery/Sourcery_G++_Lite/bin/../lib/gcc/arm-none-eabi/4.5.2/../../../../arm-none-eabi/lib/thumb2/libc.a(lib_a-strcat.o)
 .ARM.attributes
                0x00000d56       0x29 /home/laurence/CodeSourcery/Sourcery_G++_Lite/bin/../lib/gcc/arm-none-eabi/4.5.2/../../../../arm-none-eabi/lib/thumb2/libc.a(lib_a-strcpy.o)
 .ARM.attributes
                0x00000d7f       0x29 /home/laurence/CodeSourcery/Sourcery_G++_Lite/bin/../lib/gcc/arm-none-eabi/4.5.2/../../../../arm-none-eabi/lib/thumb2/libc.a(lib_a-strlen.o)
 .ARM.attributes
                0x00000da8       0x29 /home/laurence/CodeSourcery/Sourcery_G++_Lite/bin/../lib/gcc/arm-none-eabi/4.5.2/../../../../arm-none-eabi/lib/thumb2/libc.a(lib_a-freer.o)
 .ARM.attributes
                0x00000dd1       0x29 /home/laurence/CodeSourcery/Sourcery_G++_Lite/bin/../lib/gcc/arm-none-eabi/4.5.2/../../../../arm-none-eabi/lib/thumb2/libc.a(lib_a-impure.o)
 .ARM.attributes
                0x00000dfa       0x29 /home/laurence/CodeSourcery/Sourcery_G++_Lite/bin/../lib/gcc/arm-none-eabi/4.5.2/thumb2/crtend.o
 .ARM.attributes
                0x00000e23       0x19 /home/laurence/CodeSourcery/Sourcery_G++_Lite/bin/../lib/gcc/arm-none-eabi/4.5.2/thumb2/crtn.o

.comment        0x00000000       0x2a
 .comment       0x00000000       0x2a Sensors/amb_sensors.o
                                 0x2b (size before relaxing)
 .comment       0x00000000       0x2b Sensors/temperature.o
 .comment       0x00000000       0x2b Util/USB/hw_config.o
 .comment       0x00000000       0x2b Util/USB/mass_mal.o
 .comment       0x00000000       0x2b Util/USB/memory.o
 .comment       0x00000000       0x2b Util/USB/scsi_data.o
 .comment       0x00000000       0x2b Util/USB/usb_bot.o
 .comment       0x00000000       0x2b Util/USB/usb_desc.o
 .comment       0x00000000       0x2b Util/USB/usb_endp.o
 .comment       0x00000000       0x2b Util/USB/usb_istr.o
 .comment       0x00000000       0x2b Util/USB/usb_prop.o
 .comment       0x00000000       0x2b Util/USB/usb_pwr.o
 .comment       0x00000000       0x2b Util/USB/usb_scsi.o
 .comment       0x00000000       0x2b Util/buffer.o
 .comment       0x00000000       0x2b Util/delay.o
 .comment       0x00000000       0x2b Util/fat_fs/option/ccsbcs.o
 .comment       0x00000000       0x2b Util/fat_fs/src/fattime.o
 .comment       0x00000000       0x2b Util/fat_fs/src/ff.o
 .comment       0x00000000       0x2b Util/fat_fs/src/rtc.o
 .comment       0x00000000       0x2b Util/fat_fs/src/sd_spi_stm32.o
 .comment       0x00000000       0x2b Util/filter_1200.o
 .comment       0x00000000       0x2b Util/filter_190.o
 .comment       0x00000000       0x2b Util/rprintf.o
 .comment       0x00000000       0x2b Util/stm32_eval_spi_sd.o
 .comment       0x00000000       0x2b Util/wave.o
 .comment       0x00000000       0x2b adc.o
 .comment       0x00000000       0x2b gpio.o
 .comment       0x00000000       0x2b i2c_int.o
 .comment       0x00000000       0x2b interrupts.o
 .comment       0x00000000       0x2b lib/CMSIS_CM3/core_cm3.o
 .comment       0x00000000       0x2b lib/CMSIS_CM3/system_stm32f10x.o
 .comment       0x00000000       0x2b main.o
 .comment       0x00000000       0x2b pwr.o
 .comment       0x00000000       0x2b syscalls.o
 .comment       0x00000000       0x2b usart.o
 .comment       0x00000000       0x2b watchdog.o
 .comment       0x00000000       0x2b lib/STM32F10x_StdPeriph_Driver/libstm32fw.a(misc.o)
 .comment       0x00000000       0x2b lib/STM32F10x_StdPeriph_Driver/libstm32fw.a(stm32f10x_adc.o)
 .comment       0x00000000       0x2b lib/STM32F10x_StdPeriph_Driver/libstm32fw.a(stm32f10x_bkp.o)
 .comment       0x00000000       0x2b lib/STM32F10x_StdPeriph_Driver/libstm32fw.a(stm32f10x_dbgmcu.o)
 .comment       0x00000000       0x2b lib/STM32F10x_StdPeriph_Driver/libstm32fw.a(stm32f10x_dma.o)
 .comment       0x00000000       0x2b lib/STM32F10x_StdPeriph_Driver/libstm32fw.a(stm32f10x_exti.o)
 .comment       0x00000000       0x2b lib/STM32F10x_StdPeriph_Driver/libstm32fw.a(stm32f10x_gpio.o)
 .comment       0x00000000       0x2b lib/STM32F10x_StdPeriph_Driver/libstm32fw.a(stm32f10x_i2c.o)
 .comment       0x00000000       0x2b lib/STM32F10x_StdPeriph_Driver/libstm32fw.a(stm32f10x_iwdg.o)
 .comment       0x00000000       0x2b lib/STM32F10x_StdPeriph_Driver/libstm32fw.a(stm32f10x_pwr.o)
 .comment       0x00000000       0x2b lib/STM32F10x_StdPeriph_Driver/libstm32fw.a(stm32f10x_rcc.o)
 .comment       0x00000000       0x2b lib/STM32F10x_StdPeriph_Driver/libstm32fw.a(stm32f10x_rtc.o)
 .comment       0x00000000       0x2b lib/STM32F10x_StdPeriph_Driver/libstm32fw.a(stm32f10x_spi.o)
 .comment       0x00000000       0x2b lib/STM32F10x_StdPeriph_Driver/libstm32fw.a(stm32f10x_usart.o)
 .comment       0x00000000       0x2b lib/STM32_USB-FS-Device_Driver/libstm32usb.a(usb_core.o)
 .comment       0x00000000       0x2b lib/STM32_USB-FS-Device_Driver/libstm32usb.a(usb_init.o)
 .comment       0x00000000       0x2b lib/STM32_USB-FS-Device_Driver/libstm32usb.a(usb_int.o)
 .comment       0x00000000       0x2b lib/STM32_USB-FS-Device_Driver/libstm32usb.a(usb_mem.o)
 .comment       0x00000000       0x2b lib/STM32_USB-FS-Device_Driver/libstm32usb.a(usb_regs.o)
 .comment       0x00000000       0x2b lib/STM32_USB-FS-Device_Driver/libstm32usb.a(usb_sil.o)

.debug_frame    0x00000000      0x244
 .debug_frame   0x00000000       0x30 /home/laurence/CodeSourcery/Sourcery_G++_Lite/bin/../lib/gcc/arm-none-eabi/4.5.2/../../../../arm-none-eabi/lib/thumb2/libc.a(lib_a-malloc.o)
 .debug_frame   0x00000030       0x3c /home/laurence/CodeSourcery/Sourcery_G++_Lite/bin/../lib/gcc/arm-none-eabi/4.5.2/../../../../arm-none-eabi/lib/thumb2/libc.a(lib_a-mallocr.o)
 .debug_frame   0x0000006c       0x2c /home/laurence/CodeSourcery/Sourcery_G++_Lite/bin/../lib/gcc/arm-none-eabi/4.5.2/../../../../arm-none-eabi/lib/thumb2/libc.a(lib_a-memcmp.o)
 .debug_frame   0x00000098       0x2c /home/laurence/CodeSourcery/Sourcery_G++_Lite/bin/../lib/gcc/arm-none-eabi/4.5.2/../../../../arm-none-eabi/lib/thumb2/libc.a(lib_a-memset.o)
 .debug_frame   0x000000c4       0x30 /home/laurence/CodeSourcery/Sourcery_G++_Lite/bin/../lib/gcc/arm-none-eabi/4.5.2/../../../../arm-none-eabi/lib/thumb2/libc.a(lib_a-mlock.o)
 .debug_frame   0x000000f4       0x68 /home/laurence/CodeSourcery/Sourcery_G++_Lite/bin/../lib/gcc/arm-none-eabi/4.5.2/../../../../arm-none-eabi/lib/thumb2/libc.a(lib_a-reent.o)
 .debug_frame   0x0000015c       0x2c /home/laurence/CodeSourcery/Sourcery_G++_Lite/bin/../lib/gcc/arm-none-eabi/4.5.2/../../../../arm-none-eabi/lib/thumb2/libc.a(lib_a-sbrkr.o)
 .debug_frame   0x00000188       0x2c /home/laurence/CodeSourcery/Sourcery_G++_Lite/bin/../lib/gcc/arm-none-eabi/4.5.2/../../../../arm-none-eabi/lib/thumb2/libc.a(lib_a-strcat.o)
 .debug_frame   0x000001b4       0x20 /home/laurence/CodeSourcery/Sourcery_G++_Lite/bin/../lib/gcc/arm-none-eabi/4.5.2/../../../../arm-none-eabi/lib/thumb2/libc.a(lib_a-strcpy.o)
 .debug_frame   0x000001d4       0x20 /home/laurence/CodeSourcery/Sourcery_G++_Lite/bin/../lib/gcc/arm-none-eabi/4.5.2/../../../../arm-none-eabi/lib/thumb2/libc.a(lib_a-strlen.o)
 .debug_frame   0x000001f4       0x50 /home/laurence/CodeSourcery/Sourcery_G++_Lite/bin/../lib/gcc/arm-none-eabi/4.5.2/../../../../arm-none-eabi/lib/thumb2/libc.a(lib_a-freer.o)

Cross Reference Table

Symbol                                            File
ADC1_2_IRQHandler                                 interrupts.o
ADC1_Convertion_buff                              adc.o
ADC_AnalogWatchdogCmd                             lib/STM32F10x_StdPeriph_Driver/libstm32fw.a(stm32f10x_adc.o)
                                                  adc.o
ADC_AnalogWatchdogSingleChannelConfig             lib/STM32F10x_StdPeriph_Driver/libstm32fw.a(stm32f10x_adc.o)
                                                  adc.o
ADC_AnalogWatchdogThresholdsConfig                lib/STM32F10x_StdPeriph_Driver/libstm32fw.a(stm32f10x_adc.o)
                                                  adc.o
ADC_AutoInjectedConvCmd                           lib/STM32F10x_StdPeriph_Driver/libstm32fw.a(stm32f10x_adc.o)