Archive member included because of file (symbol)

lib/STM32F10x_StdPeriph_Driver/libstm32fw.a(misc.o)
                              interrupts.o (NVIC_PriorityGroupConfig)
lib/STM32F10x_StdPeriph_Driver/libstm32fw.a(stm32f10x_adc.o)
                              adc.o (ADC_DeInit)
lib/STM32F10x_StdPeriph_Driver/libstm32fw.a(stm32f10x_bkp.o)
                              Util/fat_fs/src/rtc.o (BKP_DeInit)
lib/STM32F10x_StdPeriph_Driver/libstm32fw.a(stm32f10x_dbgmcu.o)
                              main.o (DBGMCU_Config)
lib/STM32F10x_StdPeriph_Driver/libstm32fw.a(stm32f10x_dma.o)
                              Util/fat_fs/src/sd_spi_stm32.o (DMA_DeInit)
lib/STM32F10x_StdPeriph_Driver/libstm32fw.a(stm32f10x_exti.o)
                              interrupts.o (EXTI_DeInit)
lib/STM32F10x_StdPeriph_Driver/libstm32fw.a(stm32f10x_gpio.o)
                              Util/fat_fs/src/sd_spi_stm32.o (GPIO_Init)
lib/STM32F10x_StdPeriph_Driver/libstm32fw.a(stm32f10x_i2c.o)
                              i2c_int.o (I2C_DeInit)
lib/STM32F10x_StdPeriph_Driver/libstm32fw.a(stm32f10x_iwdg.o)
                              watchdog.o (IWDG_WriteAccessCmd)
lib/STM32F10x_StdPeriph_Driver/libstm32fw.a(stm32f10x_pwr.o)
                              pwr.o (PWR_DeInit)
lib/STM32F10x_StdPeriph_Driver/libstm32fw.a(stm32f10x_rcc.o)
                              interrupts.o (RCC_HCLKConfig)
lib/STM32F10x_StdPeriph_Driver/libstm32fw.a(stm32f10x_rtc.o)
                              Util/fat_fs/src/rtc.o (RTC_GetCounter)
lib/STM32F10x_StdPeriph_Driver/libstm32fw.a(stm32f10x_spi.o)
                              Util/fat_fs/src/sd_spi_stm32.o (SPI_I2S_DeInit)
lib/STM32F10x_StdPeriph_Driver/libstm32fw.a(stm32f10x_usart.o)
                              usart.o (USART_Init)
lib/STM32_USB-FS-Device_Driver/libstm32usb.a(usb_core.o)
                              Util/USB/usb_prop.o (Standard_GetDescriptorData)
lib/STM32_USB-FS-Device_Driver/libstm32usb.a(usb_init.o)
                              main.o (USB_Init)
lib/STM32_USB-FS-Device_Driver/libstm32usb.a(usb_int.o)
                              Util/USB/usb_istr.o (CTR_LP)
lib/STM32_USB-FS-Device_Driver/libstm32usb.a(usb_mem.o)
                              lib/STM32_USB-FS-Device_Driver/libstm32usb.a(usb_core.o) (UserToPMABufferCopy)
lib/STM32_USB-FS-Device_Driver/libstm32usb.a(usb_regs.o)
                              Util/USB/usb_prop.o (SetBTABLE)
lib/STM32_USB-FS-Device_Driver/libstm32usb.a(usb_sil.o)
                              Util/USB/usb_prop.o (USB_SIL_Init)
/home/laurence/ARM-GCC/gcc-arm-none-eabi-4_7-2013q3/bin/../lib/gcc/arm-none-eabi/4.7.4/armv7-m/libgcc.a(_arm_addsubdf3.o)
                              interrupts.o (__aeabi_f2d)
/home/laurence/ARM-GCC/gcc-arm-none-eabi-4_7-2013q3/bin/../lib/gcc/arm-none-eabi/4.7.4/armv7-m/libgcc.a(_arm_muldivdf3.o)
                              interrupts.o (__aeabi_ddiv)
/home/laurence/ARM-GCC/gcc-arm-none-eabi-4_7-2013q3/bin/../lib/gcc/arm-none-eabi/4.7.4/armv7-m/libgcc.a(_arm_cmpdf2.o)
                              main.o (__aeabi_dcmpgt)
/home/laurence/ARM-GCC/gcc-arm-none-eabi-4_7-2013q3/bin/../lib/gcc/arm-none-eabi/4.7.4/armv7-m/libgcc.a(_arm_truncdfsf2.o)
                              Util/rprintf.o (__aeabi_d2f)
/home/laurence/ARM-GCC/gcc-arm-none-eabi-4_7-2013q3/bin/../lib/gcc/arm-none-eabi/4.7.4/armv7-m/libgcc.a(_arm_addsubsf3.o)
                              Sensors/temperature.o (__aeabi_fsub)
/home/laurence/ARM-GCC/gcc-arm-none-eabi-4_7-2013q3/bin/../lib/gcc/arm-none-eabi/4.7.4/armv7-m/libgcc.a(_arm_muldivsf3.o)
                              Sensors/temperature.o (__aeabi_fmul)
/home/laurence/ARM-GCC/gcc-arm-none-eabi-4_7-2013q3/bin/../lib/gcc/arm-none-eabi/4.7.4/armv7-m/libgcc.a(_arm_cmpsf2.o)
                              Util/rprintf.o (__aeabi_fcmpeq)
/home/laurence/ARM-GCC/gcc-arm-none-eabi-4_7-2013q3/bin/../lib/gcc/arm-none-eabi/4.7.4/armv7-m/libgcc.a(_arm_fixsfsi.o)
                              main.o (__aeabi_f2iz)
/home/laurence/ARM-GCC/gcc-arm-none-eabi-4_7-2013q3/bin/../lib/gcc/arm-none-eabi/4.7.4/armv7-m/libgcc.a(_arm_fixunssfsi.o)
                              Util/rprintf.o (__aeabi_f2uiz)
/home/laurence/ARM-GCC/gcc-arm-none-eabi-4_7-2013q3/bin/../lib/gcc/arm-none-eabi/4.7.4/../../../../arm-none-eabi/lib/armv7-m/libc.a(lib_a-__atexit.o)
                              /home/laurence/ARM-GCC/gcc-arm-none-eabi-4_7-2013q3/bin/../lib/gcc/arm-none-eabi/4.7.4/../../../../arm-none-eabi/lib/armv7-m/crt0.o (__register_exitproc)
/home/laurence/ARM-GCC/gcc-arm-none-eabi-4_7-2013q3/bin/../lib/gcc/arm-none-eabi/4.7.4/../../../../arm-none-eabi/lib/armv7-m/libc.a(lib_a-exit.o)
                              /home/laurence/ARM-GCC/gcc-arm-none-eabi-4_7-2013q3/bin/../lib/gcc/arm-none-eabi/4.7.4/../../../../arm-none-eabi/lib/armv7-m/crt0.o (exit)
/home/laurence/ARM-GCC/gcc-arm-none-eabi-4_7-2013q3/bin/../lib/gcc/arm-none-eabi/4.7.4/../../../../arm-none-eabi/lib/armv7-m/libc.a(lib_a-fini.o)
[...]
Memory Configuration

Name             Origin             Length             Attributes
RAM              0x20000000         0x00005000         xrw
FLASH            0x08000000         0x00020000         xr
*default*        0x00000000         0xffffffff

Linker script and memory map

LOAD /home/laurence/ARM-GCC/gcc-arm-none-eabi-4_7-2013q3/bin/../lib/gcc/arm-none-eabi/4.7.4/armv7-m/crti.o
LOAD /home/laurence/ARM-GCC/gcc-arm-none-eabi-4_7-2013q3/bin/../lib/gcc/arm-none-eabi/4.7.4/armv7-m/crtbegin.o
LOAD /home/laurence/ARM-GCC/gcc-arm-none-eabi-4_7-2013q3/bin/../lib/gcc/arm-none-eabi/4.7.4/../../../../arm-none-eabi/lib/armv7-m/crt0.o
LOAD Sensors/amb_sensors.o
LOAD Sensors/temperature.o
LOAD Util/USB/hw_config.o
LOAD Util/USB/mass_mal.o
LOAD Util/USB/memory.o
LOAD Util/USB/scsi_data.o
LOAD Util/USB/usb_bot.o
LOAD Util/USB/usb_desc.o
LOAD Util/USB/usb_endp.o
LOAD Util/USB/usb_istr.o
LOAD Util/USB/usb_prop.o
LOAD Util/USB/usb_pwr.o
LOAD Util/USB/usb_scsi.o
LOAD Util/buffer.o
LOAD Util/delay.o
LOAD Util/fat_fs/option/ccsbcs.o
LOAD Util/fat_fs/src/fattime.o
LOAD Util/fat_fs/src/ff.o
LOAD Util/fat_fs/src/rtc.o
LOAD Util/fat_fs/src/sd_spi_stm32.o
LOAD Util/filter_1200.o
LOAD Util/filter_190.o
LOAD Util/rprintf.o
LOAD Util/stm32_eval_spi_sd.o
LOAD Util/wave.o
LOAD adc.o
LOAD gpio.o
LOAD i2c_int.o
LOAD interrupts.o
LOAD lib/CMSIS_CM3/core_cm3.o
LOAD lib/CMSIS_CM3/startup/gcc/startup_stm32f10x_md.o
LOAD lib/CMSIS_CM3/system_stm32f10x.o
LOAD main.o
LOAD pwr.o
LOAD syscalls.o
LOAD usart.o
LOAD watchdog.o
LOAD lib/STM32F10x_StdPeriph_Driver/libstm32fw.a
LOAD lib/STM32_USB-FS-Device_Driver/libstm32usb.a
LOAD /home/laurence/ARM-GCC/gcc-arm-none-eabi-4_7-2013q3/bin/../lib/gcc/arm-none-eabi/4.7.4/../../../../arm-none-eabi/lib/armv7-m/libm.a
START GROUP
LOAD /home/laurence/ARM-GCC/gcc-arm-none-eabi-4_7-2013q3/bin/../lib/gcc/arm-none-eabi/4.7.4/armv7-m/libgcc.a
LOAD /home/laurence/ARM-GCC/gcc-arm-none-eabi-4_7-2013q3/bin/../lib/gcc/arm-none-eabi/4.7.4/../../../../arm-none-eabi/lib/armv7-m/libc.a
END GROUP
LOAD /home/laurence/ARM-GCC/gcc-arm-none-eabi-4_7-2013q3/bin/../lib/gcc/arm-none-eabi/4.7.4/armv7-m/crtend.o
LOAD /home/laurence/ARM-GCC/gcc-arm-none-eabi-4_7-2013q3/bin/../lib/gcc/arm-none-eabi/4.7.4/armv7-m/crtn.o

.text           0x08000000    0x1169c
 *(.isr_vector)
 .isr_vector    0x08000000      0x10c lib/CMSIS_CM3/startup/gcc/startup_stm32f10x_md.o
                0x08000000                g_pfnVectors
 *(.text*)
 .text          0x0800010c       0x54 /home/laurence/ARM-GCC/gcc-arm-none-eabi-4_7-2013q3/bin/../lib/gcc/arm-none-eabi/4.7.4/armv7-m/crtbegin.o
 .text          0x08000160      0x2f4 Sensors/amb_sensors.o
                0x08000160                Allocate_Sensor_Buffers
                0x080002d0                Configure_I2C_Driver
                0x0800033c                Fill_Sample_Buffers
 .text          0x08000454      0x2b4 Util/USB/hw_config.o
                0x08000454                Set_System
                0x0800045c                Set_USBClock
                0x08000474                Enter_LowPowerMode
                0x08000484                Leave_LowPowerMode
                0x080004a4                USB_Interrupts_Config
                0x080004e0                Led_RW_ON
                0x080004f4                Led_RW_OFF
                0x08000508                USB_Configured_LED
                0x0800051c                USB_NotConfigured_LED
                0x08000530                USB_Cable_Config
                0x08000534                Get_SerialNum
                0x08000700                MAL_Config
 .text          0x08000708      0x114 Util/USB/mass_mal.o
                0x08000708                MAL_Init
                0x08000754                MAL_Write
                0x08000788                MAL_Read
                0x080007b0                MAL_GetStatus
 .text          0x0800081c      0x22c Util/USB/memory.o
                0x0800081c                Read_Memory
                0x08000950                Write_Memory
 .text          0x08000a48      0x5a0 Util/USB/usb_bot.o
                0x08000a74                Mass_Storage_In
                0x08000b00                CBW_Decode
                0x08000e9c                Mass_Storage_Out
                0x08000f30                Transfer_Data_Request
                0x08000f68                Set_CSW
                0x08000fa8                Bot_Abort
 .text          0x08000fe8        0x8 Util/USB/usb_endp.o
                0x08000fe8                EP1_IN_Callback
                0x08000fec                EP2_OUT_Callback
 .text          0x08000ff0      0x108 Util/USB/usb_istr.o
                0x08000ff0                USB_Istr
 .text          0x080010f8      0x26c Util/USB/usb_prop.o
                0x080010f8                Mass_Storage_SetDeviceAddress
                0x08001108                MASS_Status_In
                0x0800110c                MASS_Status_Out
                0x08001110                MASS_Get_Interface_Setting
                0x0800111c                Get_Max_Lun
                0x08001134                MASS_GetStringDescriptor
                0x08001154                MASS_GetConfigDescriptor
                0x08001160                MASS_GetDeviceDescriptor
                0x0800116c                Mass_Storage_ClearFeature
                0x08001188                MASS_Reset
                0x08001284                MASS_init
                0x080012ac                MASS_NoData_Setup
                0x080012fc                Mass_Storage_SetConfiguration
                0x0800132c                MASS_Data_Setup
 .text          0x08001364      0x1f4 Util/USB/usb_pwr.o
                0x08001364                PowerOn
                0x0800139c                PowerOff
                0x080013c4                Suspend
                0x08001408                Resume_Init
                0x08001448                Resume
 .text          0x08001558      0x45c Util/USB/usb_scsi.o
                0x08001558                SCSI_Inquiry_Cmd
                0x08001590                SCSI_ReadFormatCapacity_Cmd
                0x08001604                SCSI_ReadCapacity10_Cmd
                0x08001680                SCSI_ModeSense6_Cmd
                0x08001690                SCSI_ModeSense10_Cmd
                0x080016a0                SCSI_RequestSense_Cmd
                0x080016bc                Set_Scsi_Sense_Data
                0x080016cc                SCSI_Start_Stop_Unit_Cmd
                0x080016d4                SCSI_Read10_Cmd
                0x08001784                SCSI_Write10_Cmd
                0x08001830                SCSI_Verify10_Cmd
                0x08001870                SCSI_Valid_Cmd
                0x080018a8                SCSI_TestUnitReady_Cmd
                0x080018dc                SCSI_Format_Cmd
                0x080018f4                SCSI_Invalid_Cmd
                0x08001930                SCSI_Address_Management
 .text          0x080019b4       0x84 Util/buffer.o
                0x080019b4                Add_To_Buffer
                0x080019e8                Get_From_Buffer
                0x08001a1c                Empty_Buffer
                0x08001a24                init_buffer
 .text          0x08001a38       0x38 Util/delay.o
                0x08001a38                Delay
 .text          0x08001a70       0x80 Util/fat_fs/option/ccsbcs.o
                0x08001a70                ff_convert
                0x08001ac0                ff_wtoupper
 .text          0x08001af0       0x44 Util/fat_fs/src/fattime.o
                0x08001af0                get_fattime
 .text          0x08001b34     0x4f50 Util/fat_fs/src/ff.o
                0x0800456c                clust2sect
                0x08004584                get_fat
                0x08004598                put_fat
                0x080045b4                gen_numname
                0x0800471c                f_mount
                0x0800473c                f_open
                0x080049a0                f_read
                0x08004cb8                f_write
                0x0800503c                f_sync
                0x08005194                f_close
                0x080051a4                f_chdrive
                0x080051b8                f_chdir
                0x08005220                f_lseek
                0x080053dc                f_opendir
                0x08005448                f_readdir
                0x080054bc                f_stat
                0x08005504                f_getfree
                0x08005704                f_truncate
                0x08005890                f_unlink
                0x080059b4                f_mkdir
                0x08005d98                f_chmod
                0x08005dfc                f_utime
                0x08005e64                f_rename
                0x08006060                f_gets
                0x080060f4                f_putc
                0x0800611c                f_puts
                0x08006158                f_printf
 .text          0x08006a84      0x384 Util/fat_fs/src/rtc.o
                0x08006b74                rtc_gettime
                0x08006bfc                my_RTC_SetCounter
                0x08006c20                rtc_settime
                0x08006d5c                rtc_init
 .text          0x08006e08     0x10e8 Util/fat_fs/src/sd_spi_stm32.o
                0x08007330                release_spi
                0x08007374                wrapup_transaction
                0x080073a4                stop_cmd
                0x080073ac                rcvr_datablock
                0x08007478                disk_initialize
                0x0800765c                disk_status
                0x0800766c                disk_read
                0x080077d4                disk_write
                0x08007a34                disk_ioctl
                0x08007eb4                disk_timerproc
 .text          0x08007ef0       0xb0 Util/filter_1200.o
                0x08007ef0                SampleFilter_init_1200
                0x08007f0c                SampleFilter_put_1200
                0x08007f28                SampleFilter_get_1200
 .text          0x08007fa0      0x25c Util/filter_190.o
                0x08007fa0                SampleFilter_init_190
                0x08007fc8                SampleFilter_put_190
                0x08007fe0                SampleFilter_get_190
 .text          0x080081fc      0xffc Util/rprintf.o
                0x080081fc                rprintfInit
                0x08008208                rprintfChar
                0x08008228                rprintfStr
                0x08008254                rprintfStrLen
                0x08008354                rprintfCRLF
                0x0800836c                rprintfu04
                0x08008390                rprintfu08
                0x080083d0                rprintfu16
                0x08008448                rprintfu32
                0x08008534                rprintfNum
                0x080086c4                rprintfFloat
                0x08008a58                rprintf2RamRom
                0x080091a8                Isdigit
                0x080091b4                atoiRamRom
                0x080091e8                rStrLen
 .text          0x080091f8      0x294 Util/wave.o
                0x080091f8                write_wave_header
                0x080092e0                write_wave_samples
                0x0800940c                wave_terminate
 .text          0x0800948c      0x1bc adc.o
                0x0800948c                ADC_Configuration
                0x08009598                readADC2
                0x080095ec                setADC2
                0x08009610                getADC2
 .text          0x08009648      0x218 gpio.o
                0x08009648                setup_gpio
                0x080097cc                switch_leds_on
                0x080097f4                switch_leds_off
                0x0800981c                red_flash
                0x08009850                get_wkup
 .text          0x08009860      0xba0 i2c_int.o
                0x08009860                I2C1_EV_IRQHandler
                0x0800a074                I2C1_Request_Job
                0x0800a110                I2C1_Setup_Job
                0x0800a124                I2C_Config
                0x0800a2d8                I2C1_ER_IRQHandler
 .text          0x0800a400      0x368 interrupts.o
                0x0800a400                ISR_Config
                0x0800a460                EXTI_ONOFF_EN
                0x0800a4b8                SysTick_Configuration
                0x0800a4f0                EXTI0_IRQHandler
                0x0800a56c                ADC1_2_IRQHandler
                0x0800a5e0                SysTick_Handler
                0x0800a75c                USB_HP_CAN1_TX_IRQHandler
                0x0800a760                USB_LP_CAN1_RX0_IRQHandler
 .text.Reset_Handler
                0x0800a768       0x48 lib/CMSIS_CM3/startup/gcc/startup_stm32f10x_md.o
                0x0800a768                Reset_Handler
 .text.Default_Handler
                0x0800a7b0        0x4 lib/CMSIS_CM3/startup/gcc/startup_stm32f10x_md.o
                0x0800a7b0                EXTI2_IRQHandler
                0x0800a7b0                DebugMon_Handler
                0x0800a7b0                TIM1_CC_IRQHandler
                0x0800a7b0                HardFault_Handler
                0x0800a7b0                PVD_IRQHandler
                0x0800a7b0                PendSV_Handler
                0x0800a7b0                NMI_Handler
                0x0800a7b0                EXTI3_IRQHandler
                0x0800a7b0                I2C2_EV_IRQHandler
                0x0800a7b0                UsageFault_Handler
                0x0800a7b0                SPI1_IRQHandler
                0x0800a7b0                TAMPER_IRQHandler
                0x0800a7b0                DMA1_Channel4_IRQHandler
                0x0800a7b0                USART3_IRQHandler
                0x0800a7b0                RTC_IRQHandler
                0x0800a7b0                DMA1_Channel7_IRQHandler
                0x0800a7b0                CAN1_RX1_IRQHandler
                0x0800a7b0                TIM4_IRQHandler
                0x0800a7b0                DMA1_Channel6_IRQHandler
                0x0800a7b0                TIM3_IRQHandler
                0x0800a7b0                RCC_IRQHandler
                0x0800a7b0                TIM1_TRG_COM_IRQHandler
                0x0800a7b0                DMA1_Channel1_IRQHandler
                0x0800a7b0                Default_Handler
                0x0800a7b0                EXTI15_10_IRQHandler
                0x0800a7b0                EXTI9_5_IRQHandler
                0x0800a7b0                SPI2_IRQHandler
                0x0800a7b0                MemManage_Handler
                0x0800a7b0                SVC_Handler
                0x0800a7b0                DMA1_Channel5_IRQHandler
                0x0800a7b0                EXTI4_IRQHandler
                0x0800a7b0                DMA1_Channel3_IRQHandler
                0x0800a7b0                TIM1_UP_IRQHandler
                0x0800a7b0                WWDG_IRQHandler
                0x0800a7b0                TIM2_IRQHandler
                0x0800a7b0                TIM1_BRK_IRQHandler
                0x0800a7b0                EXTI1_IRQHandler
                0x0800a7b0                RTCAlarm_IRQHandler
                0x0800a7b0                USART2_IRQHandler
                0x0800a7b0                I2C2_ER_IRQHandler
                0x0800a7b0                DMA1_Channel2_IRQHandler
                0x0800a7b0                CAN1_SCE_IRQHandler
                0x0800a7b0                FLASH_IRQHandler
                0x0800a7b0                BusFault_Handler
                0x0800a7b0                USART1_IRQHandler
                0x0800a7b0                USBWakeUp_IRQHandler
 .text          0x0800a7b4      0x114 lib/CMSIS_CM3/system_stm32f10x.o
                0x0800a7b4                SystemInit
 .text          0x0800a8c8      0x1f4 main.o
                0x0800a8c8                __str_print_char
                0x0800a8f8                __fat_print_char
                0x0800aa44                file_preallocation_control
                0x0800aa80                detect_sensors
 *fill*         0x0800aabc        0x4 00
 .text.startup  0x0800aac0     0x1528 main.o
                0x0800aac0                main
 .text          0x0800bfe8       0xcc pwr.o
                0x0800bfe8                setuppwr
                0x0800bffc                shutdown
                0x0800c00c                disable_pin
                0x0800c014                shutdown_filesystem
 .text          0x0800c0b4       0x94 syscalls.o
                0x0800c0b4                _sbrk
                0x0800c0ec                _getpid
                0x0800c0f0                _kill
                0x0800c104                _exit
                0x0800c108                _close
                0x0800c110                _open
                0x0800c118                _fstat
                0x0800c124                _isatty
                0x0800c128                _lseek
                0x0800c12c                _read
                0x0800c130                _write
                0x0800c134                _gettimeofday
 .text          0x0800c148      0x124 usart.o
                0x0800c148                Usarts_Init
                0x0800c1fc                Default_Usart_Config
                0x0800c214                Usart_Send_Str
                0x0800c248                __usart_send_char
 .text          0x0800c26c       0x40 watchdog.o
                0x0800c26c                Watchdog_Config
                0x0800c298                Watchdog_Reset_Detect
 .text          0x0800c2ac       0xc0 lib/STM32F10x_StdPeriph_Driver/libstm32fw.a(misc.o)
                0x0800c2ac                NVIC_PriorityGroupConfig
                0x0800c2c0                NVIC_Init
                0x0800c328                NVIC_SetVectorTable
                0x0800c33c                NVIC_SystemLPConfig
                0x0800c354                SysTick_CLKSourceConfig
 .text          0x0800c36c      0x370 lib/STM32F10x_StdPeriph_Driver/libstm32fw.a(stm32f10x_adc.o)
                0x0800c36c                ADC_DeInit
                0x0800c3c8                ADC_Init
                0x0800c410                ADC_StructInit
                0x0800c422                ADC_Cmd
                0x0800c434                ADC_DMACmd
                0x0800c446                ADC_ITConfig
                0x0800c458                ADC_ResetCalibration
                0x0800c462                ADC_GetResetCalibrationStatus
                0x0800c46a                ADC_StartCalibration
                0x0800c474                ADC_GetCalibrationStatus
                0x0800c47c                ADC_SoftwareStartConvCmd
                0x0800c48e                ADC_GetSoftwareStartConvStatus
                0x0800c496                ADC_DiscModeChannelCountConfig
                0x0800c4a6                ADC_DiscModeCmd
                0x0800c4b8                ADC_RegularChannelConfig
                0x0800c552                ADC_ExternalTrigConvCmd
                0x0800c564                ADC_GetConversionValue
                0x0800c56a                ADC_GetDualModeConversionValue
                0x0800c574                ADC_AutoInjectedConvCmd
                0x0800c586                ADC_InjectedDiscModeCmd
                0x0800c598                ADC_ExternalTrigInjectedConvConfig
                0x0800c5a4                ADC_ExternalTrigInjectedConvCmd
                0x0800c5b6                ADC_SoftwareStartInjectedConvCmd
                0x0800c5c8                ADC_GetSoftwareStartInjectedConvCmdStatus
                0x0800c5d0                ADC_InjectedChannelConfig
                0x0800c630                ADC_InjectedSequencerLengthConfig
                0x0800c640                ADC_SetInjectedOffset
                0x0800c656                ADC_GetInjectedConversionValue
                0x0800c670                ADC_AnalogWatchdogCmd
                0x0800c680                ADC_AnalogWatchdogThresholdsConfig
                0x0800c686                ADC_AnalogWatchdogSingleChannelConfig
                0x0800c692                ADC_TempSensorVrefintCmd
                0x0800c6ac                ADC_GetFlagStatus
                0x0800c6b8                ADC_ClearFlag
                0x0800c6be                ADC_GetITStatus
                0x0800c6d4                ADC_ClearITPendingBit
 .text          0x0800c6dc       0xe0 lib/STM32F10x_StdPeriph_Driver/libstm32fw.a(stm32f10x_bkp.o)
                0x0800c6dc                BKP_DeInit
                0x0800c6ee                BKP_TamperPinLevelConfig
                0x0800c6f8                BKP_TamperPinCmd
                0x0800c704                BKP_ITConfig
                0x0800c710                BKP_RTCOutputConfig
                0x0800c728                BKP_SetRTCCalibrationValue
                0x0800c740                BKP_WriteBackupRegister
                0x0800c75c                BKP_ReadBackupRegister
                0x0800c77c                BKP_GetFlagStatus
                0x0800c788                BKP_ClearFlag
                0x0800c79c                BKP_GetITStatus
                0x0800c7a8                BKP_ClearITPendingBit
 .text          0x0800c7bc       0x34 lib/STM32F10x_StdPeriph_Driver/libstm32fw.a(stm32f10x_dbgmcu.o)
                0x0800c7bc                DBGMCU_GetREVID
                0x0800c7c8                DBGMCU_GetDEVID
                0x0800c7d8                DBGMCU_Config
 .text          0x0800c7f0      0x1d0 lib/STM32F10x_StdPeriph_Driver/libstm32fw.a(stm32f10x_dma.o)
                0x0800c7f0                DMA_DeInit
                0x0800c8dc                DMA_Init
                0x0800c91c                DMA_StructInit
                0x0800c936                DMA_Cmd
                0x0800c948                DMA_ITConfig
                0x0800c958                DMA_GetCurrDataCounter
                0x0800c95e                DMA_GetFlagStatus
                0x0800c97c                DMA_ClearFlag
                0x0800c990                DMA_GetITStatus
                0x0800c9ac                DMA_ClearITPendingBit
 .text          0x0800c9c0      0x10c lib/STM32F10x_StdPeriph_Driver/libstm32fw.a(stm32f10x_exti.o)
                0x0800c9c0                EXTI_DeInit
                0x0800c9dc                EXTI_Init
                0x0800ca64                EXTI_StructInit
                0x0800ca72                EXTI_GenerateSWInterrupt
                0x0800ca80                EXTI_GetFlagStatus
                0x0800ca94                EXTI_ClearFlag
                0x0800caa0                EXTI_GetITStatus
                0x0800cac0                EXTI_ClearITPendingBit
 .text          0x0800cacc      0x278 lib/STM32F10x_StdPeriph_Driver/libstm32fw.a(stm32f10x_gpio.o)
                0x0800cacc                GPIO_DeInit
                0x0800cb78                GPIO_AFIODeInit
                0x0800cb8e                GPIO_Init
                0x0800cc28                GPIO_StructInit
                0x0800cc38                GPIO_ReadInputDataBit
                0x0800cc44                GPIO_ReadInputData
                0x0800cc4a                GPIO_ReadOutputDataBit
                0x0800cc56                GPIO_ReadOutputData
                0x0800cc5c                GPIO_SetBits
                0x0800cc60                GPIO_ResetBits
                0x0800cc64                GPIO_WriteBit
                0x0800cc6e                GPIO_Write
                0x0800cc72                GPIO_PinLockConfig
                0x0800cc82                GPIO_EventOutputConfig
                0x0800cca0                GPIO_EventOutputCmd
                0x0800ccac                GPIO_PinRemapConfig
                0x0800cd04                GPIO_EXTILineConfig
                0x0800cd38                GPIO_ETH_MediaInterfaceConfig
 .text          0x0800cd44      0x398 lib/STM32F10x_StdPeriph_Driver/libstm32fw.a(stm32f10x_i2c.o)
                0x0800cd44                I2C_DeInit
                0x0800cd78                I2C_Init
                0x0800ce4c                I2C_StructInit
                0x0800ce68                I2C_Cmd
                0x0800ce80                I2C_DMACmd
                0x0800ce98                I2C_DMALastTransferCmd
                0x0800ceb0                I2C_GenerateSTART
                0x0800cec8                I2C_GenerateSTOP
                0x0800cee0                I2C_AcknowledgeConfig
                0x0800cef8                I2C_OwnAddress2Config
                0x0800cf0c                I2C_DualAddressCmd
                0x0800cf24                I2C_GeneralCallCmd
                0x0800cf3c                I2C_ITConfig
                0x0800cf4e                I2C_SendData
                0x0800cf52                I2C_ReceiveData
                0x0800cf58                I2C_Send7bitAddress
                0x0800cf68                I2C_ReadRegister
                0x0800cf80                I2C_SoftwareResetCmd
                0x0800cf98                I2C_SMBusAlertConfig
                0x0800cfb4                I2C_TransmitPEC
                0x0800cfcc                I2C_PECPositionConfig
                0x0800cfe8                I2C_CalculatePEC
                0x0800d000                I2C_GetPEC
                0x0800d008                I2C_ARPCmd
                0x0800d020                I2C_StretchClockCmd
                0x0800d038                I2C_FastModeDutyCycleConfig
                0x0800d054                I2C_GetLastEvent
                0x0800d064                I2C_CheckEvent
                0x0800d07a                I2C_GetFlagStatus
                0x0800d0ae                I2C_ClearFlag
                0x0800d0b6                I2C_GetITStatus
                0x0800d0d4                I2C_ClearITPendingBit
 .text          0x0800d0dc       0x58 lib/STM32F10x_StdPeriph_Driver/libstm32fw.a(stm32f10x_iwdg.o)
                0x0800d0dc                IWDG_WriteAccessCmd
                0x0800d0e8                IWDG_SetPrescaler
                0x0800d0f4                IWDG_SetReload
                0x0800d100                IWDG_ReloadCounter
                0x0800d110                IWDG_Enable
                0x0800d120                IWDG_GetFlagStatus
 .text          0x0800d134       0xc8 lib/STM32F10x_StdPeriph_Driver/libstm32fw.a(stm32f10x_pwr.o)
                0x0800d134                PWR_DeInit
                0x0800d14e                PWR_BackupAccessCmd
                0x0800d158                PWR_PVDCmd
                0x0800d164                PWR_PVDLevelConfig
                0x0800d178                PWR_WakeUpPinCmd
                0x0800d184                PWR_EnterSTOPMode
                0x0800d1b0                PWR_EnterSTANDBYMode
                0x0800d1d8                PWR_GetFlagStatus
                0x0800d1ec                PWR_ClearFlag
 .text          0x0800d1fc      0x34c lib/STM32F10x_StdPeriph_Driver/libstm32fw.a(stm32f10x_rcc.o)
                0x0800d1fc                RCC_DeInit
                0x0800d23c                RCC_HSEConfig
                0x0800d270                RCC_AdjustHSICalibrationValue
                0x0800d284                RCC_HSICmd
                0x0800d290                RCC_PLLConfig
                0x0800d2a4                RCC_PLLCmd
                0x0800d2b0                RCC_SYSCLKConfig
                0x0800d2c4                RCC_GetSYSCLKSource
                0x0800d2d4                RCC_HCLKConfig
                0x0800d2e8                RCC_PCLK1Config
                0x0800d2fc                RCC_PCLK2Config
                0x0800d310                RCC_ITConfig
                0x0800d328                RCC_USBCLKConfig
                0x0800d334                RCC_ADCCLKConfig
                0x0800d348                RCC_LSEConfig
                0x0800d368                RCC_LSICmd
                0x0800d374                RCC_RTCCLKConfig
                0x0800d384                RCC_RTCCLKCmd
                0x0800d390                RCC_GetClocksFreq
                0x0800d428                RCC_AHBPeriphClockCmd
                0x0800d440                RCC_APB2PeriphClockCmd
                0x0800d458                RCC_APB1PeriphClockCmd
                0x0800d470                RCC_APB2PeriphResetCmd
                0x0800d488                RCC_APB1PeriphResetCmd
                0x0800d4a0                RCC_BackupResetCmd
                0x0800d4ac                RCC_ClockSecuritySystemCmd
                0x0800d4b8                RCC_MCOConfig
                0x0800d4c4                RCC_GetFlagStatus
                0x0800d4ec                RCC_WaitForHSEStartUp
                0x0800d518                RCC_ClearFlag
                0x0800d528                RCC_GetITStatus
                0x0800d53c                RCC_ClearITPendingBit
 .text          0x0800d548      0x164 lib/STM32F10x_StdPeriph_Driver/libstm32fw.a(stm32f10x_rtc.o)
                0x0800d548                RTC_ITConfig
                0x0800d560                RTC_EnterConfigMode
                0x0800d574                RTC_ExitConfigMode
                0x0800d588                RTC_GetCounter
                0x0800d59c                RTC_SetCounter
                0x0800d5bc                RTC_SetPrescaler
                0x0800d5dc                RTC_SetAlarm
                0x0800d5fc                RTC_GetDivider
                0x0800d614                RTC_WaitForLastTask
                0x0800d628                RTC_WaitForSynchro
                0x0800d64c                RTC_GetFlagStatus
                0x0800d660                RTC_ClearFlag
                0x0800d674                RTC_GetITStatus
                0x0800d698                RTC_ClearITPendingBit
 .text          0x0800d6ac      0x2c8 lib/STM32F10x_StdPeriph_Driver/libstm32fw.a(stm32f10x_spi.o)
                0x0800d6ac                SPI_I2S_DeInit
                0x0800d710                SPI_Init
                0x0800d74e                I2S_Init
                0x0800d7f2                SPI_StructInit
                0x0800d80a                I2S_StructInit
                0x0800d81c                SPI_Cmd
                0x0800d834                I2S_Cmd
                0x0800d84c                SPI_I2S_ITConfig
                0x0800d86c                SPI_I2S_DMACmd
                0x0800d87e                SPI_I2S_SendData
                0x0800d882                SPI_I2S_ReceiveData
                0x0800d888                SPI_NSSInternalSoftwareConfig
                0x0800d8a6                SPI_SSOutputCmd
                0x0800d8be                SPI_DataSizeConfig
                0x0800d8d4                SPI_TransmitCRC
                0x0800d8e0                SPI_CalculateCRC
                0x0800d8f8                SPI_GetCRC
                0x0800d904                SPI_GetCRCPolynomial
                0x0800d90a                SPI_BiDirectionalLineConfig
                0x0800d926                SPI_I2S_GetFlagStatus
                0x0800d932                SPI_I2S_ClearFlag
                0x0800d93a                SPI_I2S_GetITStatus
                0x0800d962                SPI_I2S_ClearITPendingBit
 .text          0x0800d974      0x34c lib/STM32F10x_StdPeriph_Driver/libstm32fw.a(stm32f10x_usart.o)
                0x0800d974                USART_DeInit
                0x0800da0c                USART_Init
                0x0800da94                USART_StructInit
                0x0800daaa                USART_ClockInit
                0x0800daca                USART_ClockStructInit
                0x0800dad6                USART_Cmd
                0x0800daee                USART_ITConfig
                0x0800db22                USART_DMACmd
                0x0800db34                USART_SetAddress
                0x0800db4a                USART_WakeUpConfig
                0x0800db60                USART_ReceiverWakeUpCmd
                0x0800db78                USART_LINBreakDetectLengthConfig
                0x0800db8e                USART_LINCmd
                0x0800dba6                USART_SendData
                0x0800dbae                USART_ReceiveData
                0x0800dbb6                USART_SendBreak
                0x0800dbc2                USART_SetGuardTime
                0x0800dbd4                USART_SetPrescaler
                0x0800dbe6                USART_SmartCardCmd
                0x0800dbfe                USART_SmartCardNACKCmd
                0x0800dc16                USART_HalfDuplexCmd
                0x0800dc2e                USART_IrDAConfig
                0x0800dc44                USART_IrDACmd
                0x0800dc5c                USART_GetFlagStatus
                0x0800dc68                USART_ClearFlag
                0x0800dc70                USART_GetITStatus
                0x0800dcb0                USART_ClearITPendingBit
 .text          0x0800dcc0      0x9a8 lib/STM32_USB-FS-Device_Driver/libstm32usb.a(usb_core.o)
                0x0800dcc0                Standard_GetConfiguration
                0x0800dce8                Standard_GetInterface
                0x0800dd10                Standard_GetStatus
                0x0800de64                Standard_SetConfiguration
                0x0800dea0                Standard_SetInterface
                0x0800def0                Standard_ClearFeature
                0x0800dfd8                Standard_SetEndPointFeature
                0x0800e070                Standard_SetDeviceFeature
                0x0800e098                Standard_GetDescriptorData
                0x0800e0b4                Post0_Process
                0x0800e0f8                Out0_Process
                0x0800e1dc                Setup0_Process
                0x0800e55c                SetDeviceAddress
                0x0800e604                In0_Process
                0x0800e664                NOP_Process
 .text          0x0800e668       0x44 lib/STM32_USB-FS-Device_Driver/libstm32usb.a(usb_init.o)
                0x0800e668                USB_Init
 .text          0x0800e6ac      0x24c lib/STM32_USB-FS-Device_Driver/libstm32usb.a(usb_int.o)
                0x0800e6ac                CTR_LP
                0x0800e86c                CTR_HP
 .text          0x0800e8f8       0xc4 lib/STM32_USB-FS-Device_Driver/libstm32usb.a(usb_mem.o)
                0x0800e8f8                UserToPMABufferCopy
                0x0800e970                PMAToUserBufferCopy
 .text          0x0800e9bc      0x880 lib/STM32_USB-FS-Device_Driver/libstm32usb.a(usb_regs.o)
                0x0800e9bc                SetCNTR
                0x0800e9c8                GetCNTR
                0x0800e9d8                SetISTR
                0x0800e9e4                GetISTR
                0x0800e9f4                GetFNR
                0x0800ea04                SetDADDR
                0x0800ea10                GetDADDR
                0x0800ea20                SetBTABLE
                0x0800ea34                GetBTABLE
                0x0800ea44                SetENDPOINT
                0x0800ea54                GetENDPOINT
                0x0800ea64                SetEPType
                0x0800ea7c                GetEPType
                0x0800ea90                SetEPTxStatus
                0x0800ead0                SetEPRxStatus
                0x0800eb10                SetDouBleBuffEPStall
                0x0800eb3c                GetEPTxStatus
                0x0800eb50                GetEPRxStatus
                0x0800eb64                SetEPTxValid
                0x0800eb88                SetEPRxValid
                0x0800ebac                SetEP_KIND
                0x0800ebcc                ClearEP_KIND
                0x0800ebec                Clear_Status_Out
                0x0800ec0c                Set_Status_Out
                0x0800ec2c                SetEPDoubleBuff
                0x0800ec4c                ClearEPDoubleBuff
                0x0800ec6c                GetTxStallStatus
                0x0800ec88                GetRxStallStatus
                0x0800eca4                ClearEP_CTR_RX
                0x0800ecbc                ClearEP_CTR_TX
                0x0800ecd4                ToggleDTOG_RX
                0x0800ecf4                ToggleDTOG_TX
                0x0800ed14                ClearDTOG_RX
                0x0800ed38                ClearDTOG_TX
                0x0800ed5c                SetEPAddress
                0x0800ed7c                GetEPAddress
                0x0800ed90                SetEPTxAddr
                0x0800edb4                SetEPRxAddr
                0x0800eddc                GetEPTxAddr
                0x0800edfc                GetEPRxAddr
                0x0800ee1c                SetEPTxCount
                0x0800ee3c                SetEPCountRxReg
                0x0800ee64                SetEPRxCount
                0x0800eea8                GetEPTxCount
                0x0800eecc                GetEPRxCount
                0x0800eef0                SetEPDblBuffAddr
                0x0800ef34                SetEPDblBuf0Addr
                0x0800ef58                SetEPDblBuf1Addr
                0x0800ef80                GetEPDblBuf0Addr
                0x0800efa0                GetEPDblBuf1Addr
                0x0800efc0                SetEPDblBuffCount
                0x0800f074                SetEPDblBuf0Count
                0x0800f0e0                SetEPDblBuf1Count
                0x0800f14c                GetEPDblBuf0Count
                0x0800f170                GetEPDblBuf1Count
                0x0800f194                GetEPDblBufDir
                0x0800f1e0                FreeUserBuffer
                0x0800f228                ToWord
                0x0800f230                ByteSwap
 .text          0x0800f23c       0x78 lib/STM32_USB-FS-Device_Driver/libstm32usb.a(usb_sil.o)
                0x0800f23c                USB_SIL_Init
                0x0800f268                USB_SIL_Write
                0x0800f290                USB_SIL_Read
 .text          0x0800f2b4      0x370 /home/laurence/ARM-GCC/gcc-arm-none-eabi-4_7-2013q3/bin/../lib/gcc/arm-none-eabi/4.7.4/armv7-m/libgcc.a(_arm_addsubdf3.o)
                0x0800f2b4                __aeabi_drsub
                0x0800f2bc                __aeabi_dsub
                0x0800f2bc                __subdf3
                0x0800f2c0                __adddf3
                0x0800f2c0                __aeabi_dadd
                0x0800f538                __aeabi_ui2d
                0x0800f538                __floatunsidf
                0x0800f558                __floatsidf
                0x0800f558                __aeabi_i2d
                0x0800f57c                __extendsfdf2
                0x0800f57c                __aeabi_f2d
                0x0800f5b8                __aeabi_ul2d
                0x0800f5b8                __floatundidf
                0x0800f5c8                __floatdidf
                0x0800f5c8                __aeabi_l2d
 .text          0x0800f624      0x424 /home/laurence/ARM-GCC/gcc-arm-none-eabi-4_7-2013q3/bin/../lib/gcc/arm-none-eabi/4.7.4/armv7-m/libgcc.a(_arm_muldivdf3.o)
                0x0800f624                __aeabi_dmul
                0x0800f624                __muldf3
                0x0800f878                __aeabi_ddiv
                0x0800f878                __divdf3
 .text          0x0800fa48      0x110 /home/laurence/ARM-GCC/gcc-arm-none-eabi-4_7-2013q3/bin/../lib/gcc/arm-none-eabi/4.7.4/armv7-m/libgcc.a(_arm_cmpdf2.o)
                0x0800fa48                __gtdf2
                0x0800fa48                __gedf2
                0x0800fa50                __ltdf2
                0x0800fa50                __ledf2
                0x0800fa58                __cmpdf2
                0x0800fa58                __eqdf2
                0x0800fa58                __nedf2
                0x0800fad4                __aeabi_cdrcmple
                0x0800fae4                __aeabi_cdcmple
                0x0800fae4                __aeabi_cdcmpeq
                0x0800faf4                __aeabi_dcmpeq
                0x0800fb08                __aeabi_dcmplt
                0x0800fb1c                __aeabi_dcmple
                0x0800fb30                __aeabi_dcmpge
                0x0800fb44                __aeabi_dcmpgt
 .text          0x0800fb58       0xa0 /home/laurence/ARM-GCC/gcc-arm-none-eabi-4_7-2013q3/bin/../lib/gcc/arm-none-eabi/4.7.4/armv7-m/libgcc.a(_arm_truncdfsf2.o)
                0x0800fb58                __aeabi_d2f
                0x0800fb58                __truncdfsf2
 .text          0x0800fbf8      0x21c /home/laurence/ARM-GCC/gcc-arm-none-eabi-4_7-2013q3/bin/../lib/gcc/arm-none-eabi/4.7.4/armv7-m/libgcc.a(_arm_addsubsf3.o)
                0x0800fbf8                __aeabi_frsub
                0x0800fc00                __subsf3
                0x0800fc00                __aeabi_fsub
                0x0800fc04                __aeabi_fadd
                0x0800fc04                __addsf3
                0x0800fd64                __aeabi_ui2f
                0x0800fd64                __floatunsisf
                0x0800fd6c                __aeabi_i2f
                0x0800fd6c                __floatsisf
                0x0800fd88                __floatundisf
                0x0800fd88                __aeabi_ul2f
                0x0800fd98                __floatdisf
                0x0800fd98                __aeabi_l2f
 .text          0x0800fe14      0x2a0 /home/laurence/ARM-GCC/gcc-arm-none-eabi-4_7-2013q3/bin/../lib/gcc/arm-none-eabi/4.7.4/armv7-m/libgcc.a(_arm_muldivsf3.o)
                0x0800fe14                __mulsf3
                0x0800fe14                __aeabi_fmul
                0x0800ff7c                __divsf3
                0x0800ff7c                __aeabi_fdiv
 .text          0x080100b4       0xec /home/laurence/ARM-GCC/gcc-arm-none-eabi-4_7-2013q3/bin/../lib/gcc/arm-none-eabi/4.7.4/armv7-m/libgcc.a(_arm_cmpsf2.o)
                0x080100b4                __gtsf2
                0x080100b4                __gesf2
                0x080100bc                __lesf2
                0x080100bc                __ltsf2
                0x080100c4                __nesf2
                0x080100c4                __eqsf2
                0x080100c4                __cmpsf2
                0x08010124                __aeabi_cfrcmple
                0x0801012c                __aeabi_cfcmple
                0x0801012c                __aeabi_cfcmpeq
                0x0801013c                __aeabi_fcmpeq
                0x08010150                __aeabi_fcmplt
                0x08010164                __aeabi_fcmple
                0x08010178                __aeabi_fcmpge
                0x0801018c                __aeabi_fcmpgt
 .text          0x080101a0       0x4c /home/laurence/ARM-GCC/gcc-arm-none-eabi-4_7-2013q3/bin/../lib/gcc/arm-none-eabi/4.7.4/armv7-m/libgcc.a(_arm_fixsfsi.o)
                0x080101a0                __fixsfsi
                0x080101a0                __aeabi_f2iz
 .text          0x080101ec       0x40 /home/laurence/ARM-GCC/gcc-arm-none-eabi-4_7-2013q3/bin/../lib/gcc/arm-none-eabi/4.7.4/armv7-m/libgcc.a(_arm_fixunssfsi.o)
                0x080101ec                __aeabi_f2uiz
                0x080101ec                __fixunssfsi
 .text.__register_exitproc
                0x0801022c       0xac /home/laurence/ARM-GCC/gcc-arm-none-eabi-4_7-2013q3/bin/../lib/gcc/arm-none-eabi/4.7.4/../../../../arm-none-eabi/lib/armv7-m/libc.a(lib_a-__atexit.o)
                0x0801022c                __register_exitproc
 .text.__libc_fini_array
                0x080102d8       0x50 /home/laurence/ARM-GCC/gcc-arm-none-eabi-4_7-2013q3/bin/../lib/gcc/arm-none-eabi/4.7.4/../../../../arm-none-eabi/lib/armv7-m/libc.a(lib_a-fini.o)
                0x080102d8                __libc_fini_array
 .text.malloc   0x08010328       0x10 /home/laurence/ARM-GCC/gcc-arm-none-eabi-4_7-2013q3/bin/../lib/gcc/arm-none-eabi/4.7.4/../../../../arm-none-eabi/lib/armv7-m/libc.a(lib_a-malloc.o)
                0x08010328                malloc
 .text._malloc_r
                0x08010338      0x530 /home/laurence/ARM-GCC/gcc-arm-none-eabi-4_7-2013q3/bin/../lib/gcc/arm-none-eabi/4.7.4/../../../../arm-none-eabi/lib/armv7-m/libc.a(lib_a-mallocr.o)
                0x08010338                _malloc_r
 .text.memcmp   0x08010868       0xb8 /home/laurence/ARM-GCC/gcc-arm-none-eabi-4_7-2013q3/bin/../lib/gcc/arm-none-eabi/4.7.4/../../../../arm-none-eabi/lib/armv7-m/libc.a(lib_a-memcmp.o)
                0x08010868                memcmp
 .text.__malloc_lock
                0x08010920        0x4 /home/laurence/ARM-GCC/gcc-arm-none-eabi-4_7-2013q3/bin/../lib/gcc/arm-none-eabi/4.7.4/../../../../arm-none-eabi/lib/armv7-m/libc.a(lib_a-mlock.o)
                0x08010920                __malloc_lock
 .text.__malloc_unlock
                0x08010924        0x4 /home/laurence/ARM-GCC/gcc-arm-none-eabi-4_7-2013q3/bin/../lib/gcc/arm-none-eabi/4.7.4/../../../../arm-none-eabi/lib/armv7-m/libc.a(lib_a-mlock.o)
                0x08010924                __malloc_unlock
 .text._sbrk_r  0x08010928       0x24 /home/laurence/ARM-GCC/gcc-arm-none-eabi-4_7-2013q3/bin/../lib/gcc/arm-none-eabi/4.7.4/../../../../arm-none-eabi/lib/armv7-m/libc.a(lib_a-sbrkr.o)
                0x08010928                _sbrk_r
 .text.strlen   0x0801094c       0x60 /home/laurence/ARM-GCC/gcc-arm-none-eabi-4_7-2013q3/bin/../lib/gcc/arm-none-eabi/4.7.4/../../../../arm-none-eabi/lib/armv7-m/libc.a(lib_a-strlen.o)
                0x0801094c                strlen
 .text.strncpy  0x080109ac      0x10c /home/laurence/ARM-GCC/gcc-arm-none-eabi-4_7-2013q3/bin/../lib/gcc/arm-none-eabi/4.7.4/../../../../arm-none-eabi/lib/armv7-m/libc.a(lib_a-strncpy.o)
                0x080109ac                strncpy
 .text.startup.register_fini
                0x08010ab8       0x14 /home/laurence/ARM-GCC/gcc-arm-none-eabi-4_7-2013q3/bin/../lib/gcc/arm-none-eabi/4.7.4/../../../../arm-none-eabi/lib/armv7-m/libc.a(lib_a-__call_atexit.o)
 .text.atexit   0x08010acc        0xc /home/laurence/ARM-GCC/gcc-arm-none-eabi-4_7-2013q3/bin/../lib/gcc/arm-none-eabi/4.7.4/../../../../arm-none-eabi/lib/armv7-m/libc.a(lib_a-atexit.o)
                0x08010acc                atexit
 .text._malloc_trim_r
                0x08010ad8       0x98 /home/laurence/ARM-GCC/gcc-arm-none-eabi-4_7-2013q3/bin/../lib/gcc/arm-none-eabi/4.7.4/../../../../arm-none-eabi/lib/armv7-m/libc.a(lib_a-freer.o)
                0x08010ad8                _malloc_trim_r
 .text._free_r  0x08010b70      0x194 /home/laurence/ARM-GCC/gcc-arm-none-eabi-4_7-2013q3/bin/../lib/gcc/arm-none-eabi/4.7.4/../../../../arm-none-eabi/lib/armv7-m/libc.a(lib_a-freer.o)
                0x08010b70                _free_r
 *(.init)
 .init          0x08010d04        0x4 /home/laurence/ARM-GCC/gcc-arm-none-eabi-4_7-2013q3/bin/../lib/gcc/arm-none-eabi/4.7.4/armv7-m/crti.o
                0x08010d04                _init
 .init          0x08010d08        0x8 /home/laurence/ARM-GCC/gcc-arm-none-eabi-4_7-2013q3/bin/../lib/gcc/arm-none-eabi/4.7.4/armv7-m/crtn.o
 *(.fini)
 .fini          0x08010d10        0x4 /home/laurence/ARM-GCC/gcc-arm-none-eabi-4_7-2013q3/bin/../lib/gcc/arm-none-eabi/4.7.4/armv7-m/crti.o
                0x08010d10                _fini
 .fini          0x08010d14        0x8 /home/laurence/ARM-GCC/gcc-arm-none-eabi-4_7-2013q3/bin/../lib/gcc/arm-none-eabi/4.7.4/armv7-m/crtn.o
 *crtbegin.o(.ctors)
 *crtbegin?.o(.ctors)
 *(EXCLUDE_FILE(*crtend.o *crtend?.o) .ctors)
 *(SORT(.ctors.*))
 *(.ctors)
 *crtbegin.o(.dtors)
 *crtbegin?.o(.dtors)
 *(EXCLUDE_FILE(*crtend.o *crtend?.o) .dtors)
 *(SORT(.dtors.*))
 *(.dtors)
 *(.rodata*)
 .rodata        0x08010d1c       0x20 Sensors/amb_sensors.o
                0x08010d1c                ITG3200_config
                0x08010d20                HMC_config
                0x08010d24                ADXL_config
                0x08010d2c                LSM_330_GYRO_config
                0x08010d30                LSM_330_ACCEL_FIFO_config
                0x08010d34                LSM_330_ACCEL_config
 .rodata        0x08010d3c       0xac Util/USB/usb_desc.o
                0x08010d3c                MASS_StringInterface
                0x08010d4c                MASS_StringProduct
                0x08010d7c                MASS_StringVendor
                0x08010db0                MASS_StringLangID
                0x08010db4                MASS_ConfigDescriptor
                0x08010dd4                MASS_DeviceDescriptor
 .rodata        0x08010de8      0x4c0 Util/fat_fs/option/ccsbcs.o
 .rodata        0x080112a8       0x80 Util/fat_fs/src/ff.o
 .rodata.str1.4
                0x08011328       0x13 Util/fat_fs/src/ff.o
                                 0x14 (size before relaxing)
 *fill*         0x0801133b        0x1 00
 .rodata        0x0801133c        0xc Util/fat_fs/src/rtc.o
 .rodata        0x08011348       0xf4 Util/filter_1200.o
 .rodata        0x0801143c       0x14 Util/rprintf.o
 .rodata.str1.4
                0x08011450        0x6 Util/rprintf.o
                                  0x8 (size before relaxing)
 *fill*         0x08011456        0x2 00
 .rodata        0x08011458       0x14 lib/CMSIS_CM3/system_stm32f10x.o
                0x08011458                SystemFrequency_APB2Clk
                0x0801145c                SystemFrequency_APB1Clk
                0x08011460                SystemFrequency_AHBClk
                0x08011464                SystemFrequency_SysClk
                0x08011468                SystemFrequency
 .rodata.str1.4
                0x0801146c      0x1e3 main.o
                                0x1e8 (size before relaxing)
 *fill*         0x0801164f        0x1 00
 .rodata.str1.4
                0x08011650       0x40 pwr.o
 .rodata.str1.4
                0x08011690        0x4 /home/laurence/ARM-GCC/gcc-arm-none-eabi-4_7-2013q3/bin/../lib/gcc/arm-none-eabi/4.7.4/../../../../arm-none-eabi/lib/armv7-m/libc.a(lib_a-impure.o)
 .rodata._global_impure_ptr
                0x08011694        0x4 /home/laurence/ARM-GCC/gcc-arm-none-eabi-4_7-2013q3/bin/../lib/gcc/arm-none-eabi/4.7.4/../../../../arm-none-eabi/lib/armv7-m/libc.a(lib_a-impure.o)
                0x08011694                _global_impure_ptr
 *(.eh_frame*)
 .eh_frame      0x08011698        0x0 /home/laurence/ARM-GCC/gcc-arm-none-eabi-4_7-2013q3/bin/../lib/gcc/arm-none-eabi/4.7.4/armv7-m/crtbegin.o
 .eh_frame      0x08011698        0x4 /home/laurence/ARM-GCC/gcc-arm-none-eabi-4_7-2013q3/bin/../lib/gcc/arm-none-eabi/4.7.4/armv7-m/crtend.o

.glue_7         0x0801169c        0x0
 .glue_7        0x00000000        0x0 linker stubs

.glue_7t        0x0801169c        0x0
 .glue_7t       0x00000000        0x0 linker stubs

.vfp11_veneer   0x0801169c        0x0
 .vfp11_veneer  0x00000000        0x0 linker stubs

.v4_bx          0x0801169c        0x0
 .v4_bx         0x00000000        0x0 linker stubs

.iplt           0x0801169c        0x0
 .iplt          0x00000000        0x0 /home/laurence/ARM-GCC/gcc-arm-none-eabi-4_7-2013q3/bin/../lib/gcc/arm-none-eabi/4.7.4/armv7-m/crtbegin.o

.rel.dyn        0x0801169c        0x0
 .rel.iplt      0x00000000        0x0 /home/laurence/ARM-GCC/gcc-arm-none-eabi-4_7-2013q3/bin/../lib/gcc/arm-none-eabi/4.7.4/armv7-m/crtbegin.o

.ARM.extab
 *(.ARM.extab* .gnu.linkonce.armextab.*)
                0x0801169c                __exidx_start = .

.ARM.exidx
 *(.ARM.exidx* .gnu.linkonce.armexidx.*)
                0x0801169c                __exidx_end = .
                0x0801169c                __etext = .

.data           0x20000000      0xa44 load address 0x0801169c
                0x20000000                __data_start__ = .
 *(vtable)
 *(.data*)
 .data          0x20000000       0x80 Sensors/amb_sensors.o
                0x20000000                I2C_jobs
 .data          0x20000080       0x74 Util/USB/scsi_data.o
                0x20000080                ReadFormatCapacity_Data
                0x2000008c                Scsi_Sense_Data
                0x200000a0                Mode_Sense10_data
                0x200000a8                Mode_Sense6_data
                0x200000ac                Standard_Inquiry_Data2
                0x200000d0                Standard_Inquiry_Data
 .data          0x200000f4       0x1c Util/USB/usb_desc.o
                0x200000f4                MASS_StringSerial
 .data          0x20000110       0x38 Util/USB/usb_istr.o
                0x20000110                pEpInt_OUT
                0x2000012c                pEpInt_IN
 .data          0x20000148       0x90 Util/USB/usb_prop.o
                0x20000148                String_Descriptor
                0x20000170                Config_Descriptor
                0x20000178                Device_Descriptor
                0x20000180                Device_Property
                0x200001b0                User_Standard_Requests
                0x200001d4                Device_Table
 .data          0x200001d8        0x1 Util/USB/usb_pwr.o
                0x200001d8                fSuspendEnabled
 *fill*         0x200001d9        0x3 00
 .data          0x200001dc        0x4 Util/fat_fs/src/sd_spi_stm32.o
 .data          0x200001e0       0x14 lib/STM32F10x_StdPeriph_Driver/libstm32fw.a(stm32f10x_rcc.o)
 *fill*         0x200001f4        0x4 00
 .data.impure_data
                0x200001f8      0x428 /home/laurence/ARM-GCC/gcc-arm-none-eabi-4_7-2013q3/bin/../lib/gcc/arm-none-eabi/4.7.4/../../../../arm-none-eabi/lib/armv7-m/libc.a(lib_a-impure.o)
 .data._impure_ptr
                0x20000620        0x4 /home/laurence/ARM-GCC/gcc-arm-none-eabi-4_7-2013q3/bin/../lib/gcc/arm-none-eabi/4.7.4/../../../../arm-none-eabi/lib/armv7-m/libc.a(lib_a-impure.o)
                0x20000620                _impure_ptr
 .data.__malloc_av_
                0x20000624      0x408 /home/laurence/ARM-GCC/gcc-arm-none-eabi-4_7-2013q3/bin/../lib/gcc/arm-none-eabi/4.7.4/../../../../arm-none-eabi/lib/armv7-m/libc.a(lib_a-mallocr.o)
                0x20000624                __malloc_av_
 .data.__malloc_trim_threshold
                0x20000a2c        0x4 /home/laurence/ARM-GCC/gcc-arm-none-eabi-4_7-2013q3/bin/../lib/gcc/arm-none-eabi/4.7.4/../../../../arm-none-eabi/lib/armv7-m/libc.a(lib_a-mallocr.o)
                0x20000a2c                __malloc_trim_threshold
 .data.__malloc_sbrk_base
                0x20000a30        0x4 /home/laurence/ARM-GCC/gcc-arm-none-eabi-4_7-2013q3/bin/../lib/gcc/arm-none-eabi/4.7.4/../../../../arm-none-eabi/lib/armv7-m/libc.a(lib_a-mallocr.o)
                0x20000a30                __malloc_sbrk_base
                0x20000a34                . = ALIGN (0x4)
                0x20000a34                PROVIDE (__preinit_array_start, .)
 *(.preinit_array)
                0x20000a34                PROVIDE (__preinit_array_end, .)
                0x20000a34                . = ALIGN (0x4)
                0x20000a34                PROVIDE (__init_array_start, .)
 *(SORT(.init_array.*))
 .init_array.00000
                0x20000a34        0x4 /home/laurence/ARM-GCC/gcc-arm-none-eabi-4_7-2013q3/bin/../lib/gcc/arm-none-eabi/4.7.4/../../../../arm-none-eabi/lib/armv7-m/libc.a(lib_a-__call_atexit.o)
 *(.init_array)
 .init_array    0x20000a38        0x4 /home/laurence/ARM-GCC/gcc-arm-none-eabi-4_7-2013q3/bin/../lib/gcc/arm-none-eabi/4.7.4/armv7-m/crtbegin.o
                0x20000a3c                PROVIDE (__init_array_end, .)
                0x20000a3c                . = ALIGN (0x4)
                0x20000a3c                PROVIDE (__fini_array_start, .)
 *(SORT(.fini_array.*))
 *(.fini_array)
 .fini_array    0x20000a3c        0x4 /home/laurence/ARM-GCC/gcc-arm-none-eabi-4_7-2013q3/bin/../lib/gcc/arm-none-eabi/4.7.4/armv7-m/crtbegin.o
                0x20000a40                PROVIDE (__fini_array_end, .)
 *(.jcr*)
 .jcr           0x20000a40        0x0 /home/laurence/ARM-GCC/gcc-arm-none-eabi-4_7-2013q3/bin/../lib/gcc/arm-none-eabi/4.7.4/armv7-m/crtbegin.o
 .jcr           0x20000a40        0x4 /home/laurence/ARM-GCC/gcc-arm-none-eabi-4_7-2013q3/bin/../lib/gcc/arm-none-eabi/4.7.4/armv7-m/crtend.o
                0x20000a44                . = ALIGN (0x4)
                0x20000a44                __data_end__ = .

.igot.plt       0x20000a44        0x0 load address 0x080120e0
 .igot.plt      0x00000000        0x0 /home/laurence/ARM-GCC/gcc-arm-none-eabi-4_7-2013q3/bin/../lib/gcc/arm-none-eabi/4.7.4/armv7-m/crtbegin.o

.bss            0x20000a44     0x139c load address 0x080120e0
                0x20000a44                . = ALIGN (0x4)
                0x20000a44                __bss_start__ = .
 *(.bss*)
 .bss           0x20000a44       0x1c /home/laurence/ARM-GCC/gcc-arm-none-eabi-4_7-2013q3/bin/../lib/gcc/arm-none-eabi/4.7.4/armv7-m/crtbegin.o
 .bss           0x20000a60        0x4 Util/USB/mass_mal.o
                0x20000a60                Status
 .bss           0x20000a64       0x1c Util/USB/memory.o
                0x20000a64                TransferState
                0x20000a70                Counter
                0x20000a7c                Block_Read_count
 .bss           0x20000a80       0x10 Util/USB/scsi_data.o
                0x20000a80                ReadCapacity10_Data
                0x20000a88                Page00_Inquiry_Data
 .bss           0x20000a90        0x1 Util/USB/usb_istr.o
                0x20000a90                bIntPackSOF
 *fill*         0x20000a91        0x3 00
 .bss           0x20000a94        0x4 Util/USB/usb_prop.o
                0x20000a94                Max_Lun
 .bss           0x20000a98        0x4 Util/USB/usb_pwr.o
                0x20000a98                bDeviceState
 .bss           0x20000a9c        0xc Util/fat_fs/src/ff.o
 .bss           0x20000aa8       0x10 Util/fat_fs/src/sd_spi_stm32.o
 .bss           0x20000ab8       0x84 Util/rprintf.o
 .bss           0x20000b3c        0x3 i2c_int.o
 *fill*         0x20000b3f        0x1 00
 .bss           0x20000b40        0x8 interrupts.o
 .bss           0x20000b48      0x238 main.o
                0x20000d7c                file_opened
 .bss           0x20000d80        0x4 syscalls.o
 .bss           0x20000d84        0x1 lib/STM32_USB-FS-Device_Driver/libstm32usb.a(usb_core.o)
                0x20000d84                Data_Mul_MaxPacketSize
 *fill*         0x20000d85        0x3 00
 .bss.__malloc_max_total_mem
                0x20000d88        0x4 /home/laurence/ARM-GCC/gcc-arm-none-eabi-4_7-2013q3/bin/../lib/gcc/arm-none-eabi/4.7.4/../../../../arm-none-eabi/lib/armv7-m/libc.a(lib_a-mallocr.o)
                0x20000d88                __malloc_max_total_mem
 .bss.__malloc_max_sbrked_mem
                0x20000d8c        0x4 /home/laurence/ARM-GCC/gcc-arm-none-eabi-4_7-2013q3/bin/../lib/gcc/arm-none-eabi/4.7.4/../../../../arm-none-eabi/lib/armv7-m/libc.a(lib_a-mallocr.o)
                0x20000d8c                __malloc_max_sbrked_mem
 .bss.__malloc_top_pad
                0x20000d90        0x4 /home/laurence/ARM-GCC/gcc-arm-none-eabi-4_7-2013q3/bin/../lib/gcc/arm-none-eabi/4.7.4/../../../../arm-none-eabi/lib/armv7-m/libc.a(lib_a-mallocr.o)
                0x20000d90                __malloc_top_pad
 .bss.__malloc_current_mallinfo
                0x20000d94       0x28 /home/laurence/ARM-GCC/gcc-arm-none-eabi-4_7-2013q3/bin/../lib/gcc/arm-none-eabi/4.7.4/../../../../arm-none-eabi/lib/armv7-m/libc.a(lib_a-mallocr.o)
                0x20000d94                __malloc_current_mallinfo
 *(COMMON)
 COMMON         0x20000dbc      0x637 Sensors/amb_sensors.o
                0x20000dbc                LSM330_Gyro_Filter
                0x200010a4                LSM330_Accel_Filter
                0x2000138c                Rawdata
                0x200013cc                LastFifo
                0x200013d4                RawFifo
                0x200013f2                I2C_Transactions_State
 *fill*         0x200013f3        0x1 00
 COMMON         0x200013f4       0x1c Util/USB/mass_mal.o
                0x200013f4                Mass_Memory_Size
                0x200013fc                Mass_Block_Size
                0x20001404                Mass_Block_Count
                0x2000140c                Data_Buffer
 COMMON         0x20001410        0x8 Util/USB/memory.o
                0x20001410                Block_offset
                0x20001414                Idx
 COMMON         0x20001418       0x7c Util/USB/usb_bot.o
                0x20001418                CBW
                0x20001438                Data_Len
                0x2000143a                Bot_State
                0x2000143c                SCSI_LBA
                0x20001440                CSW
                0x20001450                SCSI_BlkLen
                0x20001454                Bulk_Data_Buff
 COMMON         0x20001494        0x2 Util/USB/usb_istr.o
                0x20001494                wIstr
 *fill*         0x20001496        0x2 00
 COMMON         0x20001498        0x2 Util/USB/usb_pwr.o
                0x20001498                ResumeS
 COMMON         0x2000149a        0x1 Util/fat_fs/src/sd_spi_stm32.o
                0x2000149a                Sd_Spi_Called_From_USB_MSC
 COMMON         0x2000149b        0x1 gpio.o
                0x2000149b                bootsource
 COMMON         0x2000149c        0xd i2c_int.o
                0x2000149c                I2C1error
                0x200014a0                Jobs
                0x200014a4                Completed_Jobs
                0x200014a8                job
 *fill*         0x200014a9        0x3 00
 COMMON         0x200014ac        0x8 interrupts.o
                0x200014ac                Button_hold_tim
                0x200014b0                Battery_Voltage
 COMMON         0x200014b4      0x8e9 main.o
                0x200014b4                Sensor_Cable
                0x200014b8                battery_voltage
                0x200014bc                FATFS_wavfile_accel
                0x200016e0                forehead_buffer
                0x20001734                f_err_code
                0x20001735                System_state_Global
                0x20001738                Millis
                0x2000173c                sfe_sensor_buffers
                0x2000182c                Sensors
                0x20001830                FATFS_info
                0x20001850                FATFS_wavfile_gyro
                0x20001a74                print_string
                0x20001b74                a
                0x20001b78                FATFS_logfile
                0x20001d9c                Shutdown_System
 *fill*         0x20001d9d        0x3 00
 COMMON         0x20001da0        0x2 lib/STM32_USB-FS-Device_Driver/libstm32usb.a(usb_core.o)
                0x20001da0                StatusInfo
 *fill*         0x20001da2        0x2 00
 COMMON         0x20001da4       0x32 lib/STM32_USB-FS-Device_Driver/libstm32usb.a(usb_init.o)
                0x20001da4                SaveState
                0x20001da8                pProperty
                0x20001dac                EPindex
                0x20001db0                Device_Info
                0x20001dcc                pUser_Standard_Requests
                0x20001dd0                pInformation
                0x20001dd4                wInterrupt_Mask
 COMMON         0x20001dd6        0x4 lib/STM32_USB-FS-Device_Driver/libstm32usb.a(usb_int.o)
                0x20001dd6                SaveRState
                0x20001dd8                SaveTState
 *fill*         0x20001dda        0x2 00
 COMMON         0x20001ddc        0x4 /home/laurence/ARM-GCC/gcc-arm-none-eabi-4_7-2013q3/bin/../lib/gcc/arm-none-eabi/4.7.4/../../../../arm-none-eabi/lib/armv7-m/libc.a(lib_a-reent.o)
                0x20001ddc                errno
                0x20001de0                . = ALIGN (0x4)
                0x20001de0                __bss_end__ = .

.heap           0x20001de0        0x0
                0x20001de0                __end__ = .
                0x20001de0                end = __end__
 *(.heap*)
                0x20001de0                __HeapLimit = .

.stack_dummy    0x20001de0        0x0
 *(.stack*)
                0x20005000                __StackTop = (ORIGIN (RAM) + 0x5000)
                0x20005000                __StackLimit = (__StackTop - SIZEOF (.stack_dummy))
                0x20005000                PROVIDE (__stack, __StackTop)
                0x00000001                ASSERT ((__StackLimit >= __HeapLimit), region RAM overflowed with stack)
                0x20000a44                PROVIDE (_edata, __data_end__)
                0x20000000                PROVIDE (_sdata, __data_start__)
                0x0801169c                PROVIDE (_sidata, __etext)
                0x20000a44                PROVIDE (_sbss, __bss_start__)
                0x20001de0                PROVIDE (_ebss, __bss_end__)
                0x20005000                PROVIDE (_estack, __StackTop)
OUTPUT(main.elf elf32-littlearm)

.ARM.attributes
                0x00000000       0x29
 .ARM.attributes
                0x00000000       0x1d /home/laurence/ARM-GCC/gcc-arm-none-eabi-4_7-2013q3/bin/../lib/gcc/arm-none-eabi/4.7.4/armv7-m/crti.o
 .ARM.attributes
                0x0000001d       0x2d /home/laurence/ARM-GCC/gcc-arm-none-eabi-4_7-2013q3/bin/../lib/gcc/arm-none-eabi/4.7.4/armv7-m/crtbegin.o
 .ARM.attributes
                0x0000004a       0x33 Sensors/amb_sensors.o
 .ARM.attributes
                0x0000007d       0x33 Util/USB/hw_config.o
 .ARM.attributes
                0x000000b0       0x33 Util/USB/mass_mal.o
 .ARM.attributes
                0x000000e3       0x33 Util/USB/memory.o
 .ARM.attributes
                0x00000116       0x33 Util/USB/scsi_data.o
 .ARM.attributes
                0x00000149       0x33 Util/USB/usb_bot.o
 .ARM.attributes
                0x0000017c       0x33 Util/USB/usb_desc.o
 .ARM.attributes
                0x000001af       0x33 Util/USB/usb_endp.o
 .ARM.attributes
                0x000001e2       0x33 Util/USB/usb_istr.o
 .ARM.attributes
                0x00000215       0x33 Util/USB/usb_prop.o
 .ARM.attributes
                0x00000248       0x33 Util/USB/usb_pwr.o
 .ARM.attributes
                0x0000027b       0x33 Util/USB/usb_scsi.o
 .ARM.attributes
                0x000002ae       0x33 Util/buffer.o
 .ARM.attributes
                0x000002e1       0x33 Util/delay.o
 .ARM.attributes
                0x00000314       0x33 Util/fat_fs/option/ccsbcs.o
 .ARM.attributes
                0x00000347       0x33 Util/fat_fs/src/fattime.o
 .ARM.attributes
                0x0000037a       0x33 Util/fat_fs/src/ff.o
 .ARM.attributes
                0x000003ad       0x33 Util/fat_fs/src/rtc.o
 .ARM.attributes
                0x000003e0       0x33 Util/fat_fs/src/sd_spi_stm32.o
 .ARM.attributes
                0x00000413       0x33 Util/filter_1200.o
 .ARM.attributes
                0x00000446       0x33 Util/filter_190.o
 .ARM.attributes
                0x00000479       0x33 Util/rprintf.o
 .ARM.attributes
                0x000004ac       0x33 Util/wave.o
 .ARM.attributes
                0x000004df       0x33 adc.o
 .ARM.attributes
                0x00000512       0x33 gpio.o
 .ARM.attributes
                0x00000545       0x33 i2c_int.o
 .ARM.attributes
                0x00000578       0x33 interrupts.o
 .ARM.attributes
                0x000005ab       0x21 lib/CMSIS_CM3/startup/gcc/startup_stm32f10x_md.o
 .ARM.attributes
                0x000005cc       0x33 lib/CMSIS_CM3/system_stm32f10x.o
 .ARM.attributes
                0x000005ff       0x33 main.o
 .ARM.attributes
                0x00000632       0x33 pwr.o
 .ARM.attributes
                0x00000665       0x33 syscalls.o
 .ARM.attributes
                0x00000698       0x33 usart.o
 .ARM.attributes
                0x000006cb       0x33 watchdog.o
 .ARM.attributes
                0x000006fe       0x33 lib/STM32F10x_StdPeriph_Driver/libstm32fw.a(misc.o)
 .ARM.attributes
                0x00000731       0x33 lib/STM32F10x_StdPeriph_Driver/libstm32fw.a(stm32f10x_adc.o)
 .ARM.attributes
                0x00000764       0x33 lib/STM32F10x_StdPeriph_Driver/libstm32fw.a(stm32f10x_bkp.o)
 .ARM.attributes
                0x00000797       0x33 lib/STM32F10x_StdPeriph_Driver/libstm32fw.a(stm32f10x_dbgmcu.o)
 .ARM.attributes
                0x000007ca       0x33 lib/STM32F10x_StdPeriph_Driver/libstm32fw.a(stm32f10x_dma.o)
 .ARM.attributes
                0x000007fd       0x33 lib/STM32F10x_StdPeriph_Driver/libstm32fw.a(stm32f10x_exti.o)
 .ARM.attributes
                0x00000830       0x33 lib/STM32F10x_StdPeriph_Driver/libstm32fw.a(stm32f10x_gpio.o)
 .ARM.attributes
                0x00000863       0x33 lib/STM32F10x_StdPeriph_Driver/libstm32fw.a(stm32f10x_i2c.o)
 .ARM.attributes
                0x00000896       0x33 lib/STM32F10x_StdPeriph_Driver/libstm32fw.a(stm32f10x_iwdg.o)
 .ARM.attributes
                0x000008c9       0x33 lib/STM32F10x_StdPeriph_Driver/libstm32fw.a(stm32f10x_pwr.o)
 .ARM.attributes
                0x000008fc       0x33 lib/STM32F10x_StdPeriph_Driver/libstm32fw.a(stm32f10x_rcc.o)
 .ARM.attributes
                0x0000092f       0x33 lib/STM32F10x_StdPeriph_Driver/libstm32fw.a(stm32f10x_rtc.o)
 .ARM.attributes
                0x00000962       0x33 lib/STM32F10x_StdPeriph_Driver/libstm32fw.a(stm32f10x_spi.o)
 .ARM.attributes
                0x00000995       0x33 lib/STM32F10x_StdPeriph_Driver/libstm32fw.a(stm32f10x_usart.o)
 .ARM.attributes
                0x000009c8       0x33 lib/STM32_USB-FS-Device_Driver/libstm32usb.a(usb_core.o)
 .ARM.attributes
                0x000009fb       0x33 lib/STM32_USB-FS-Device_Driver/libstm32usb.a(usb_init.o)
 .ARM.attributes
                0x00000a2e       0x33 lib/STM32_USB-FS-Device_Driver/libstm32usb.a(usb_int.o)
 .ARM.attributes
                0x00000a61       0x33 lib/STM32_USB-FS-Device_Driver/libstm32usb.a(usb_mem.o)
 .ARM.attributes
                0x00000a94       0x33 lib/STM32_USB-FS-Device_Driver/libstm32usb.a(usb_regs.o)
 .ARM.attributes
                0x00000ac7       0x33 lib/STM32_USB-FS-Device_Driver/libstm32usb.a(usb_sil.o)
 .ARM.attributes
                0x00000afa       0x1d /home/laurence/ARM-GCC/gcc-arm-none-eabi-4_7-2013q3/bin/../lib/gcc/arm-none-eabi/4.7.4/armv7-m/libgcc.a(_arm_addsubdf3.o)
 .ARM.attributes
                0x00000b17       0x1d /home/laurence/ARM-GCC/gcc-arm-none-eabi-4_7-2013q3/bin/../lib/gcc/arm-none-eabi/4.7.4/armv7-m/libgcc.a(_arm_muldivdf3.o)
 .ARM.attributes
                0x00000b34       0x1d /home/laurence/ARM-GCC/gcc-arm-none-eabi-4_7-2013q3/bin/../lib/gcc/arm-none-eabi/4.7.4/armv7-m/libgcc.a(_arm_cmpdf2.o)
 .ARM.attributes
                0x00000b51       0x1d /home/laurence/ARM-GCC/gcc-arm-none-eabi-4_7-2013q3/bin/../lib/gcc/arm-none-eabi/4.7.4/armv7-m/libgcc.a(_arm_truncdfsf2.o)
 .ARM.attributes
                0x00000b6e       0x1d /home/laurence/ARM-GCC/gcc-arm-none-eabi-4_7-2013q3/bin/../lib/gcc/arm-none-eabi/4.7.4/armv7-m/libgcc.a(_arm_addsubsf3.o)
 .ARM.attributes
                0x00000b8b       0x1d /home/laurence/ARM-GCC/gcc-arm-none-eabi-4_7-2013q3/bin/../lib/gcc/arm-none-eabi/4.7.4/armv7-m/libgcc.a(_arm_muldivsf3.o)
 .ARM.attributes
                0x00000ba8       0x1d /home/laurence/ARM-GCC/gcc-arm-none-eabi-4_7-2013q3/bin/../lib/gcc/arm-none-eabi/4.7.4/armv7-m/libgcc.a(_arm_cmpsf2.o)
 .ARM.attributes
                0x00000bc5       0x1d /home/laurence/ARM-GCC/gcc-arm-none-eabi-4_7-2013q3/bin/../lib/gcc/arm-none-eabi/4.7.4/armv7-m/libgcc.a(_arm_fixsfsi.o)
 .ARM.attributes
                0x00000be2       0x1d /home/laurence/ARM-GCC/gcc-arm-none-eabi-4_7-2013q3/bin/../lib/gcc/arm-none-eabi/4.7.4/armv7-m/libgcc.a(_arm_fixunssfsi.o)
 .ARM.attributes
                0x00000bff       0x2d /home/laurence/ARM-GCC/gcc-arm-none-eabi-4_7-2013q3/bin/../lib/gcc/arm-none-eabi/4.7.4/../../../../arm-none-eabi/lib/armv7-m/libc.a(lib_a-__atexit.o)
 .ARM.attributes
                0x00000c2c       0x2d /home/laurence/ARM-GCC/gcc-arm-none-eabi-4_7-2013q3/bin/../lib/gcc/arm-none-eabi/4.7.4/../../../../arm-none-eabi/lib/armv7-m/libc.a(lib_a-fini.o)
 .ARM.attributes
                0x00000c59       0x2d /home/laurence/ARM-GCC/gcc-arm-none-eabi-4_7-2013q3/bin/../lib/gcc/arm-none-eabi/4.7.4/../../../../arm-none-eabi/lib/armv7-m/libc.a(lib_a-impure.o)
 .ARM.attributes
                0x00000c86       0x2d /home/laurence/ARM-GCC/gcc-arm-none-eabi-4_7-2013q3/bin/../lib/gcc/arm-none-eabi/4.7.4/../../../../arm-none-eabi/lib/armv7-m/libc.a(lib_a-malloc.o)
 .ARM.attributes
                0x00000cb3       0x2d /home/laurence/ARM-GCC/gcc-arm-none-eabi-4_7-2013q3/bin/../lib/gcc/arm-none-eabi/4.7.4/../../../../arm-none-eabi/lib/armv7-m/libc.a(lib_a-mallocr.o)
 .ARM.attributes
                0x00000ce0       0x2d /home/laurence/ARM-GCC/gcc-arm-none-eabi-4_7-2013q3/bin/../lib/gcc/arm-none-eabi/4.7.4/../../../../arm-none-eabi/lib/armv7-m/libc.a(lib_a-memcmp.o)
 .ARM.attributes
                0x00000d0d       0x2d /home/laurence/ARM-GCC/gcc-arm-none-eabi-4_7-2013q3/bin/../lib/gcc/arm-none-eabi/4.7.4/../../../../arm-none-eabi/lib/armv7-m/libc.a(lib_a-mlock.o)
 .ARM.attributes
                0x00000d3a       0x2d /home/laurence/ARM-GCC/gcc-arm-none-eabi-4_7-2013q3/bin/../lib/gcc/arm-none-eabi/4.7.4/../../../../arm-none-eabi/lib/armv7-m/libc.a(lib_a-reent.o)
 .ARM.attributes
                0x00000d67       0x2d /home/laurence/ARM-GCC/gcc-arm-none-eabi-4_7-2013q3/bin/../lib/gcc/arm-none-eabi/4.7.4/../../../../arm-none-eabi/lib/armv7-m/libc.a(lib_a-sbrkr.o)
 .ARM.attributes
                0x00000d94       0x2d /home/laurence/ARM-GCC/gcc-arm-none-eabi-4_7-2013q3/bin/../lib/gcc/arm-none-eabi/4.7.4/../../../../arm-none-eabi/lib/armv7-m/libc.a(lib_a-strlen.o)
 .ARM.attributes
                0x00000dc1       0x2d /home/laurence/ARM-GCC/gcc-arm-none-eabi-4_7-2013q3/bin/../lib/gcc/arm-none-eabi/4.7.4/../../../../arm-none-eabi/lib/armv7-m/libc.a(lib_a-strncpy.o)
 .ARM.attributes
                0x00000dee       0x2d /home/laurence/ARM-GCC/gcc-arm-none-eabi-4_7-2013q3/bin/../lib/gcc/arm-none-eabi/4.7.4/../../../../arm-none-eabi/lib/armv7-m/libc.a(lib_a-__call_atexit.o)
 .ARM.attributes
                0x00000e1b       0x2d /home/laurence/ARM-GCC/gcc-arm-none-eabi-4_7-2013q3/bin/../lib/gcc/arm-none-eabi/4.7.4/../../../../arm-none-eabi/lib/armv7-m/libc.a(lib_a-atexit.o)
 .ARM.attributes
                0x00000e48       0x2d /home/laurence/ARM-GCC/gcc-arm-none-eabi-4_7-2013q3/bin/../lib/gcc/arm-none-eabi/4.7.4/../../../../arm-none-eabi/lib/armv7-m/libc.a(lib_a-freer.o)
 .ARM.attributes
                0x00000e75       0x2d /home/laurence/ARM-GCC/gcc-arm-none-eabi-4_7-2013q3/bin/../lib/gcc/arm-none-eabi/4.7.4/armv7-m/crtend.o
 .ARM.attributes
                0x00000ea2       0x1d /home/laurence/ARM-GCC/gcc-arm-none-eabi-4_7-2013q3/bin/../lib/gcc/arm-none-eabi/4.7.4/armv7-m/crtn.o

.comment        0x00000000       0x70
 .comment       0x00000000       0x70 Sensors/amb_sensors.o
                                 0x71 (size before relaxing)
 .comment       0x00000000       0x71 Util/USB/hw_config.o
 .comment       0x00000000       0x71 Util/USB/mass_mal.o
 .comment       0x00000000       0x71 Util/USB/memory.o
 .comment       0x00000000       0x71 Util/USB/scsi_data.o
 .comment       0x00000000       0x71 Util/USB/usb_bot.o
 .comment       0x00000000       0x71 Util/USB/usb_desc.o
 .comment       0x00000000       0x71 Util/USB/usb_endp.o
 .comment       0x00000000       0x71 Util/USB/usb_istr.o
 .comment       0x00000000       0x71 Util/USB/usb_prop.o
 .comment       0x00000000       0x71 Util/USB/usb_pwr.o
 .comment       0x00000000       0x71 Util/USB/usb_scsi.o
 .comment       0x00000000       0x71 Util/buffer.o
 .comment       0x00000000       0x71 Util/delay.o
 .comment       0x00000000       0x71 Util/fat_fs/option/ccsbcs.o
 .comment       0x00000000       0x71 Util/fat_fs/src/fattime.o
 .comment       0x00000000       0x71 Util/fat_fs/src/ff.o
 .comment       0x00000000       0x71 Util/fat_fs/src/rtc.o
 .comment       0x00000000       0x71 Util/fat_fs/src/sd_spi_stm32.o
 .comment       0x00000000       0x71 Util/filter_1200.o
 .comment       0x00000000       0x71 Util/filter_190.o
 .comment       0x00000000       0x71 Util/rprintf.o
 .comment       0x00000000       0x71 Util/wave.o
 .comment       0x00000000       0x71 adc.o
 .comment       0x00000000       0x71 gpio.o
 .comment       0x00000000       0x71 i2c_int.o
 .comment       0x00000000       0x71 interrupts.o
 .comment       0x00000000       0x71 lib/CMSIS_CM3/system_stm32f10x.o
 .comment       0x00000000       0x71 main.o
 .comment       0x00000000       0x71 pwr.o
 .comment       0x00000000       0x71 syscalls.o
 .comment       0x00000000       0x71 usart.o
 .comment       0x00000000       0x71 watchdog.o
 .comment       0x00000000       0x71 lib/STM32F10x_StdPeriph_Driver/libstm32fw.a(misc.o)
 .comment       0x00000000       0x71 lib/STM32F10x_StdPeriph_Driver/libstm32fw.a(stm32f10x_adc.o)
 .comment       0x00000000       0x71 lib/STM32F10x_StdPeriph_Driver/libstm32fw.a(stm32f10x_bkp.o)
 .comment       0x00000000       0x71 lib/STM32F10x_StdPeriph_Driver/libstm32fw.a(stm32f10x_dbgmcu.o)
 .comment       0x00000000       0x71 lib/STM32F10x_StdPeriph_Driver/libstm32fw.a(stm32f10x_dma.o)
 .comment       0x00000000       0x71 lib/STM32F10x_StdPeriph_Driver/libstm32fw.a(stm32f10x_exti.o)
 .comment       0x00000000       0x71 lib/STM32F10x_StdPeriph_Driver/libstm32fw.a(stm32f10x_gpio.o)
 .comment       0x00000000       0x71 lib/STM32F10x_StdPeriph_Driver/libstm32fw.a(stm32f10x_i2c.o)
 .comment       0x00000000       0x71 lib/STM32F10x_StdPeriph_Driver/libstm32fw.a(stm32f10x_iwdg.o)
 .comment       0x00000000       0x71 lib/STM32F10x_StdPeriph_Driver/libstm32fw.a(stm32f10x_pwr.o)
 .comment       0x00000000       0x71 lib/STM32F10x_StdPeriph_Driver/libstm32fw.a(stm32f10x_rcc.o)
 .comment       0x00000000       0x71 lib/STM32F10x_StdPeriph_Driver/libstm32fw.a(stm32f10x_rtc.o)
 .comment       0x00000000       0x71 lib/STM32F10x_StdPeriph_Driver/libstm32fw.a(stm32f10x_spi.o)
 .comment       0x00000000       0x71 lib/STM32F10x_StdPeriph_Driver/libstm32fw.a(stm32f10x_usart.o)
 .comment       0x00000000       0x71 lib/STM32_USB-FS-Device_Driver/libstm32usb.a(usb_core.o)
 .comment       0x00000000       0x71 lib/STM32_USB-FS-Device_Driver/libstm32usb.a(usb_init.o)
 .comment       0x00000000       0x71 lib/STM32_USB-FS-Device_Driver/libstm32usb.a(usb_int.o)
 .comment       0x00000000       0x71 lib/STM32_USB-FS-Device_Driver/libstm32usb.a(usb_mem.o)
 .comment       0x00000000       0x71 lib/STM32_USB-FS-Device_Driver/libstm32usb.a(usb_regs.o)
 .comment       0x00000000       0x71 lib/STM32_USB-FS-Device_Driver/libstm32usb.a(usb_sil.o)

.debug_info     0x00000000    0x16955
 .debug_info    0x00000000      0xac9 Sensors/amb_sensors.o
 .debug_info    0x00000ac9      0x8f2 Util/USB/hw_config.o
 .debug_info    0x000013bb      0x544 Util/USB/mass_mal.o
 .debug_info    0x000018ff      0x5bf Util/USB/memory.o
 .debug_info    0x00001ebe      0x16a Util/USB/scsi_data.o
 .debug_info    0x00002028      0xa88 Util/USB/usb_bot.o
 .debug_info    0x00002ab0      0x186 Util/USB/usb_desc.o
 .debug_info    0x00002c36       0xd3 Util/USB/usb_endp.o
 .debug_info    0x00002d09      0x357 Util/USB/usb_istr.o
 .debug_info    0x00003060      0xda6 Util/USB/usb_prop.o
 .debug_info    0x00003e06      0x52f Util/USB/usb_pwr.o
 .debug_info    0x00004335      0xcdf Util/USB/usb_scsi.o
 .debug_info    0x00005014      0x1f1 Util/buffer.o
 .debug_info    0x00005205       0xc3 Util/delay.o
 .debug_info    0x000052c8      0x16f Util/fat_fs/option/ccsbcs.o
 .debug_info    0x00005437      0x198 Util/fat_fs/src/fattime.o
 .debug_info    0x000055cf     0x543b Util/fat_fs/src/ff.o
 .debug_info    0x0000aa0a      0x7c7 Util/fat_fs/src/rtc.o
 .debug_info    0x0000b1d1     0x24b8 Util/fat_fs/src/sd_spi_stm32.o
 .debug_info    0x0000d689      0x160 Util/filter_1200.o
 .debug_info    0x0000d7e9      0x159 Util/filter_190.o
 .debug_info    0x0000d942     0x13cb Util/rprintf.o
 .debug_info    0x0000ed0d      0x7ea Util/wave.o
 .debug_info    0x0000f4f7      0x863 adc.o
 .debug_info    0x0000fd5a      0x5ab gpio.o
 .debug_info    0x00010305     0x1119 i2c_int.o
 .debug_info    0x0001141e      0xf5d interrupts.o
 .debug_info    0x0001237b       0x80 lib/CMSIS_CM3/startup/gcc/startup_stm32f10x_md.o
 .debug_info    0x000123fb      0x2da lib/CMSIS_CM3/system_stm32f10x.o
 .debug_info    0x000126d5     0x2e39 main.o
 .debug_info    0x0001550e      0x6b0 pwr.o
 .debug_info    0x00015bbe      0x571 syscalls.o
 .debug_info    0x0001612f      0x643 usart.o
 .debug_info    0x00016772      0x1e3 watchdog.o

.debug_abbrev   0x00000000     0x3f53
 .debug_abbrev  0x00000000      0x163 Sensors/amb_sensors.o
 .debug_abbrev  0x00000163      0x34c Util/USB/hw_config.o
 .debug_abbrev  0x000004af      0x176 Util/USB/mass_mal.o
 .debug_abbrev  0x00000625      0x228 Util/USB/memory.o
 .debug_abbrev  0x0000084d       0x59 Util/USB/scsi_data.o
 .debug_abbrev  0x000008a6      0x26c Util/USB/usb_bot.o
 .debug_abbrev  0x00000b12       0x60 Util/USB/usb_desc.o
 .debug_abbrev  0x00000b72       0x66 Util/USB/usb_endp.o
 .debug_abbrev  0x00000bd8      0x16b Util/USB/usb_istr.o
 .debug_abbrev  0x00000d43      0x33f Util/USB/usb_prop.o
 .debug_abbrev  0x00001082      0x240 Util/USB/usb_pwr.o
 .debug_abbrev  0x000012c2      0x2f6 Util/USB/usb_scsi.o
 .debug_abbrev  0x000015b8      0x105 Util/buffer.o
 .debug_abbrev  0x000016bd       0x82 Util/delay.o
 .debug_abbrev  0x0000173f       0xc7 Util/fat_fs/option/ccsbcs.o
 .debug_abbrev  0x00001806       0xdb Util/fat_fs/src/fattime.o
 .debug_abbrev  0x000018e1      0x3a1 Util/fat_fs/src/ff.o
 .debug_abbrev  0x00001c82      0x308 Util/fat_fs/src/rtc.o
 .debug_abbrev  0x00001f8a      0x411 Util/fat_fs/src/sd_spi_stm32.o
 .debug_abbrev  0x0000239b      0x108 Util/filter_1200.o
 .debug_abbrev  0x000024a3      0x106 Util/filter_190.o
 .debug_abbrev  0x000025a9      0x333 Util/rprintf.o
 .debug_abbrev  0x000028dc      0x19f Util/wave.o
 .debug_abbrev  0x00002a7b      0x1be adc.o
 .debug_abbrev  0x00002c39      0x1e9 gpio.o
 .debug_abbrev  0x00002e22      0x2b5 i2c_int.o
 .debug_abbrev  0x000030d7      0x2c5 interrupts.o
 .debug_abbrev  0x0000339c       0x12 lib/CMSIS_CM3/startup/gcc/startup_stm32f10x_md.o
 .debug_abbrev  0x000033ae      0x116 lib/CMSIS_CM3/system_stm32f10x.o
 .debug_abbrev  0x000034c4      0x407 main.o
 .debug_abbrev  0x000038cb      0x209 pwr.o
 .debug_abbrev  0x00003ad4      0x156 syscalls.o
 .debug_abbrev  0x00003c2a      0x1fb usart.o
 .debug_abbrev  0x00003e25      0x12e watchdog.o

.debug_loc      0x00000000    0x116b4
 .debug_loc     0x00000000      0x202 Sensors/amb_sensors.o
 .debug_loc     0x00000202      0x275 Util/USB/hw_config.o
 .debug_loc     0x00000477      0x25f Util/USB/mass_mal.o
 .debug_loc     0x000006d6      0x1eb Util/USB/memory.o
 .debug_loc     0x000008c1      0x2fc Util/USB/usb_bot.o
 .debug_loc     0x00000bbd       0x20 Util/USB/usb_istr.o
 .debug_loc     0x00000bdd      0x20c Util/USB/usb_prop.o
 .debug_loc     0x00000de9      0x1eb Util/USB/usb_pwr.o
 .debug_loc     0x00000fd4      0xa3e Util/USB/usb_scsi.o
 .debug_loc     0x00001a12      0x10b Util/buffer.o
 .debug_loc     0x00001b1d       0x6d Util/delay.o
 .debug_loc     0x00001b8a      0x12d Util/fat_fs/option/ccsbcs.o
 .debug_loc     0x00001cb7       0x51 Util/fat_fs/src/fattime.o
 .debug_loc     0x00001d08     0xa1d0 Util/fat_fs/src/ff.o
 .debug_loc     0x0000bed8      0x53b Util/fat_fs/src/rtc.o
 .debug_loc     0x0000c413     0x11a8 Util/fat_fs/src/sd_spi_stm32.o
 .debug_loc     0x0000d5bb       0xb5 Util/filter_1200.o
 .debug_loc     0x0000d670      0x41f Util/filter_190.o
 .debug_loc     0x0000da8f     0x2279 Util/rprintf.o
 .debug_loc     0x0000fd08      0x274 Util/wave.o
 .debug_loc     0x0000ff7c       0xce adc.o
 .debug_loc     0x0001004a       0x60 gpio.o
 .debug_loc     0x000100aa      0x416 i2c_int.o
 .debug_loc     0x000104c0       0xd8 interrupts.o
 .debug_loc     0x00010598       0x6a lib/CMSIS_CM3/system_stm32f10x.o
 .debug_loc     0x00010602      0xce9 main.o
 .debug_loc     0x000112eb       0xe0 pwr.o
 .debug_loc     0x000113cb      0x168 syscalls.o
 .debug_loc     0x00011533      0x120 usart.o
 .debug_loc     0x00011653       0x61 watchdog.o

.debug_aranges  0x00000000      0x440
 .debug_aranges
                0x00000000       0x20 Sensors/amb_sensors.o
 .debug_aranges
                0x00000020       0x20 Util/USB/hw_config.o
 .debug_aranges
                0x00000040       0x20 Util/USB/mass_mal.o
 .debug_aranges
                0x00000060       0x20 Util/USB/memory.o
 .debug_aranges
                0x00000080       0x18 Util/USB/scsi_data.o
 .debug_aranges
                0x00000098       0x20 Util/USB/usb_bot.o
 .debug_aranges
                0x000000b8       0x18 Util/USB/usb_desc.o
 .debug_aranges
                0x000000d0       0x20 Util/USB/usb_endp.o
 .debug_aranges
                0x000000f0       0x20 Util/USB/usb_istr.o
 .debug_aranges
                0x00000110       0x20 Util/USB/usb_prop.o
 .debug_aranges
                0x00000130       0x20 Util/USB/usb_pwr.o
 .debug_aranges
                0x00000150       0x20 Util/USB/usb_scsi.o
 .debug_aranges
                0x00000170       0x20 Util/buffer.o
 .debug_aranges
                0x00000190       0x20 Util/delay.o
 .debug_aranges
                0x000001b0       0x20 Util/fat_fs/option/ccsbcs.o
 .debug_aranges
                0x000001d0       0x20 Util/fat_fs/src/fattime.o
 .debug_aranges
                0x000001f0       0x20 Util/fat_fs/src/ff.o
 .debug_aranges
                0x00000210       0x20 Util/fat_fs/src/rtc.o
 .debug_aranges
                0x00000230       0x20 Util/fat_fs/src/sd_spi_stm32.o
 .debug_aranges
                0x00000250       0x20 Util/filter_1200.o
 .debug_aranges
                0x00000270       0x20 Util/filter_190.o
 .debug_aranges
                0x00000290       0x20 Util/rprintf.o
 .debug_aranges
                0x000002b0       0x20 Util/wave.o
 .debug_aranges
                0x000002d0       0x20 adc.o
 .debug_aranges
                0x000002f0       0x20 gpio.o
 .debug_aranges
                0x00000310       0x20 i2c_int.o
 .debug_aranges
                0x00000330       0x20 interrupts.o
 .debug_aranges
                0x00000350       0x28 lib/CMSIS_CM3/startup/gcc/startup_stm32f10x_md.o
 .debug_aranges
                0x00000378       0x20 lib/CMSIS_CM3/system_stm32f10x.o
 .debug_aranges
                0x00000398       0x28 main.o
 .debug_aranges
                0x000003c0       0x20 pwr.o
 .debug_aranges
                0x000003e0       0x20 syscalls.o
 .debug_aranges
                0x00000400       0x20 usart.o
 .debug_aranges
                0x00000420       0x20 watchdog.o

.debug_ranges   0x00000000     0x2658
 .debug_ranges  0x00000000       0x88 Sensors/amb_sensors.o
 .debug_ranges  0x00000088       0xf8 Util/USB/hw_config.o
 .debug_ranges  0x00000180       0x60 Util/USB/usb_bot.o
 .debug_ranges  0x000001e0       0x18 Util/USB/usb_prop.o
 .debug_ranges  0x000001f8       0x30 Util/USB/usb_pwr.o
 .debug_ranges  0x00000228      0x1e8 Util/USB/usb_scsi.o
 .debug_ranges  0x00000410     0x12c0 Util/fat_fs/src/ff.o
 .debug_ranges  0x000016d0       0xe0 Util/fat_fs/src/rtc.o
 .debug_ranges  0x000017b0      0x338 Util/fat_fs/src/sd_spi_stm32.o
 .debug_ranges  0x00001ae8      0x778 Util/rprintf.o
 .debug_ranges  0x00002260       0xd0 i2c_int.o
 .debug_ranges  0x00002330       0x30 interrupts.o
 .debug_ranges  0x00002360       0x20 lib/CMSIS_CM3/startup/gcc/startup_stm32f10x_md.o
 .debug_ranges  0x00002380       0x60 lib/CMSIS_CM3/system_stm32f10x.o
 .debug_ranges  0x000023e0      0x240 main.o
 .debug_ranges  0x00002620       0x38 usart.o

.debug_macro    0x00000000    0x112fd
 .debug_macro   0x00000000      0x24c Sensors/amb_sensors.o
 .debug_macro   0x0000024c      0x820 Sensors/amb_sensors.o
 .debug_macro   0x00000a6c       0x46 Sensors/amb_sensors.o
 .debug_macro   0x00000ab2       0x22 Sensors/amb_sensors.o
 .debug_macro   0x00000ad4       0x3a Sensors/amb_sensors.o
 .debug_macro   0x00000b0e       0x10 Sensors/amb_sensors.o
 .debug_macro   0x00000b1e       0x2e Sensors/amb_sensors.o
 .debug_macro   0x00000b4c       0xa3 Sensors/amb_sensors.o
 .debug_macro   0x00000bef      0x20e Sensors/amb_sensors.o
 .debug_macro   0x00000dfd       0xb9 Sensors/amb_sensors.o
 .debug_macro   0x00000eb6     0x7bdb Sensors/amb_sensors.o
 .debug_macro   0x00008a91      0x2d0 Sensors/amb_sensors.o
 .debug_macro   0x00008d61      0x144 Sensors/amb_sensors.o
 .debug_macro   0x00008ea5       0x76 Sensors/amb_sensors.o
 .debug_macro   0x00008f1b      0x3ad Sensors/amb_sensors.o
 .debug_macro   0x000092c8       0x9a Sensors/amb_sensors.o
 .debug_macro   0x00009362      0x249 Sensors/amb_sensors.o
 .debug_macro   0x000095ab      0x295 Sensors/amb_sensors.o
 .debug_macro   0x00009840       0x64 Sensors/amb_sensors.o
 .debug_macro   0x000098a4       0x82 Sensors/amb_sensors.o
 .debug_macro   0x00009926      0x39c Sensors/amb_sensors.o
 .debug_macro   0x00009cc2       0x58 Sensors/amb_sensors.o
 .debug_macro   0x00009d1a      0x2bc Sensors/amb_sensors.o
 .debug_macro   0x00009fd6      0x654 Sensors/amb_sensors.o
 .debug_macro   0x0000a62a      0x21f Sensors/amb_sensors.o
 .debug_macro   0x0000a849       0x34 Sensors/amb_sensors.o
 .debug_macro   0x0000a87d       0x8a Sensors/amb_sensors.o
 .debug_macro   0x0000a907       0x35 Sensors/amb_sensors.o
 .debug_macro   0x0000a93c       0x10 Sensors/amb_sensors.o
 .debug_macro   0x0000a94c       0x89 Sensors/amb_sensors.o
 .debug_macro   0x0000a9d5       0x10 Sensors/amb_sensors.o
 .debug_macro   0x0000a9e5       0x3a Sensors/amb_sensors.o
 .debug_macro   0x0000aa1f       0x52 Sensors/amb_sensors.o
 .debug_macro   0x0000aa71       0x19 Sensors/amb_sensors.o
 .debug_macro   0x0000aa8a      0x16d Sensors/amb_sensors.o
 .debug_macro   0x0000abf7       0x10 Sensors/amb_sensors.o
 .debug_macro   0x0000ac07       0xf5 Sensors/amb_sensors.o
 .debug_macro   0x0000acfc       0x22 Sensors/amb_sensors.o
 .debug_macro   0x0000ad1e       0x91 Sensors/amb_sensors.o
 .debug_macro   0x0000adaf       0x16 Sensors/amb_sensors.o
 .debug_macro   0x0000adc5      0x16d Sensors/amb_sensors.o
 .debug_macro   0x0000af32       0x7c Sensors/amb_sensors.o
 .debug_macro   0x0000afae       0x1c Sensors/amb_sensors.o
 .debug_macro   0x0000afca       0x22 Sensors/amb_sensors.o
 .debug_macro   0x0000afec       0x16 Sensors/amb_sensors.o
 .debug_macro   0x0000b002       0x10 Sensors/amb_sensors.o
 .debug_macro   0x0000b012       0xf4 Sensors/amb_sensors.o
 .debug_macro   0x0000b106       0x91 Sensors/amb_sensors.o
 .debug_macro   0x0000b197       0xe7 Sensors/amb_sensors.o
 .debug_macro   0x0000b27e       0x28 Sensors/amb_sensors.o
 .debug_macro   0x0000b2a6      0x380 Util/USB/hw_config.o
 .debug_macro   0x0000b626       0x1c Util/USB/hw_config.o
 .debug_macro   0x0000b642       0x16 Util/USB/hw_config.o
 .debug_macro   0x0000b658       0xac Util/USB/hw_config.o
 .debug_macro   0x0000b704       0xee Util/USB/hw_config.o
 .debug_macro   0x0000b7f2       0x3a Util/USB/hw_config.o
 .debug_macro   0x0000b82c       0x7c Util/USB/hw_config.o
 .debug_macro   0x0000b8a8      0x44c Util/USB/hw_config.o
 .debug_macro   0x0000bcf4       0x28 Util/USB/hw_config.o
 .debug_macro   0x0000bd1c       0x5e Util/USB/hw_config.o
 .debug_macro   0x0000bd7a       0x10 Util/USB/hw_config.o
 .debug_macro   0x0000bd8a       0x35 Util/USB/hw_config.o
 .debug_macro   0x0000bdbf       0x1c Util/USB/hw_config.o
 .debug_macro   0x0000bddb       0x16 Util/USB/hw_config.o
 .debug_macro   0x0000bdf1       0x22 Util/USB/hw_config.o
 .debug_macro   0x0000be13       0x34 Util/USB/hw_config.o
 .debug_macro   0x0000be47      0x388 Util/USB/mass_mal.o
 .debug_macro   0x0000c1cf       0x10 Util/USB/mass_mal.o
 .debug_macro   0x0000c1df      0x100 Util/USB/mass_mal.o
 .debug_macro   0x0000c2df       0x16 Util/USB/mass_mal.o
 .debug_macro   0x0000c2f5       0x29 Util/USB/mass_mal.o
 .debug_macro   0x0000c31e      0x214 Util/USB/mass_mal.o
 .debug_macro   0x0000c532       0x16 Util/USB/mass_mal.o
 .debug_macro   0x0000c548       0x16 Util/USB/mass_mal.o
 .debug_macro   0x0000c55e       0x12 Util/USB/mass_mal.o
 .debug_macro   0x0000c570       0x85 Util/USB/mass_mal.o
 .debug_macro   0x0000c5f5      0x38f Util/USB/memory.o
 .debug_macro   0x0000c984       0x10 Util/USB/memory.o
 .debug_macro   0x0000c994      0x19c Util/USB/memory.o
 .debug_macro   0x0000cb30       0x76 Util/USB/memory.o
 .debug_macro   0x0000cba6       0x10 Util/USB/memory.o
 .debug_macro   0x0000cbb6      0x16d Util/USB/scsi_data.o
 .debug_macro   0x0000cd23       0x16 Util/USB/scsi_data.o
 .debug_macro   0x0000cd39      0x1dc Util/USB/usb_bot.o
 .debug_macro   0x0000cf15      0x14b Util/USB/usb_desc.o
 .debug_macro   0x0000d060       0x2e Util/USB/usb_desc.o
 .debug_macro   0x0000d08e      0x1b9 Util/USB/usb_endp.o
 .debug_macro   0x0000d247      0x1ce Util/USB/usb_istr.o
 .debug_macro   0x0000d415      0x388 Util/USB/usb_prop.o
 .debug_macro   0x0000d79d       0x40 Util/USB/usb_prop.o
 .debug_macro   0x0000d7dd      0x1ca Util/USB/usb_pwr.o
 .debug_macro   0x0000d9a7      0x395 Util/USB/usb_scsi.o
 .debug_macro   0x0000dd3c      0x1bc Util/buffer.o
 .debug_macro   0x0000def8      0x144 Util/delay.o
 .debug_macro   0x0000e03c       0x3a Util/fat_fs/option/ccsbcs.o
 .debug_macro   0x0000e076       0x8f Util/fat_fs/src/fattime.o
 .debug_macro   0x0000e105       0x22 Util/fat_fs/src/fattime.o
 .debug_macro   0x0000e127      0x3aa Util/fat_fs/src/ff.o
 .debug_macro   0x0000e4d1       0x58 Util/fat_fs/src/ff.o
 .debug_macro   0x0000e529      0x156 Util/fat_fs/src/rtc.o
 .debug_macro   0x0000e67f       0xd7 Util/fat_fs/src/rtc.o
 .debug_macro   0x0000e756      0x4b7 Util/fat_fs/src/sd_spi_stm32.o
 .debug_macro   0x0000ec0d       0x1a Util/filter_1200.o
 .debug_macro   0x0000ec27       0x1a Util/filter_190.o
 .debug_macro   0x0000ec41       0x16 Util/filter_190.o
 .debug_macro   0x0000ec57      0x277 Util/rprintf.o
 .debug_macro   0x0000eece       0x64 Util/rprintf.o