Archive member included because of file (symbol)

lib/STM32F10x_StdPeriph_Driver/libstm32fw.a(misc.o)
                              interrupts.o (NVIC_PriorityGroupConfig)
lib/STM32F10x_StdPeriph_Driver/libstm32fw.a(stm32f10x_adc.o)
                              adc.o (ADC_DeInit)
lib/STM32F10x_StdPeriph_Driver/libstm32fw.a(stm32f10x_bkp.o)
                              Util/fat_fs/src/rtc.o (BKP_DeInit)
lib/STM32F10x_StdPeriph_Driver/libstm32fw.a(stm32f10x_dbgmcu.o)
                              main.o (DBGMCU_Config)
lib/STM32F10x_StdPeriph_Driver/libstm32fw.a(stm32f10x_dma.o)
                              Util/fat_fs/src/sd_spi_stm32.o (DMA_DeInit)
lib/STM32F10x_StdPeriph_Driver/libstm32fw.a(stm32f10x_exti.o)
                              interrupts.o (EXTI_DeInit)
lib/STM32F10x_StdPeriph_Driver/libstm32fw.a(stm32f10x_gpio.o)
                              Util/fat_fs/src/sd_spi_stm32.o (GPIO_Init)
lib/STM32F10x_StdPeriph_Driver/libstm32fw.a(stm32f10x_i2c.o)
                              i2c_int.o (I2C_DeInit)
lib/STM32F10x_StdPeriph_Driver/libstm32fw.a(stm32f10x_iwdg.o)
                              watchdog.o (IWDG_WriteAccessCmd)
lib/STM32F10x_StdPeriph_Driver/libstm32fw.a(stm32f10x_pwr.o)
                              pwr.o (PWR_DeInit)
lib/STM32F10x_StdPeriph_Driver/libstm32fw.a(stm32f10x_rcc.o)
                              interrupts.o (RCC_HCLKConfig)
lib/STM32F10x_StdPeriph_Driver/libstm32fw.a(stm32f10x_rtc.o)
                              Util/fat_fs/src/rtc.o (RTC_GetCounter)
lib/STM32F10x_StdPeriph_Driver/libstm32fw.a(stm32f10x_spi.o)
                              Util/fat_fs/src/sd_spi_stm32.o (SPI_I2S_DeInit)
lib/STM32F10x_StdPeriph_Driver/libstm32fw.a(stm32f10x_usart.o)
                              usart.o (USART_Init)
lib/STM32_USB-FS-Device_Driver/libstm32usb.a(usb_core.o)
                              Util/USB/usb_prop.o (Standard_GetDescriptorData)
lib/STM32_USB-FS-Device_Driver/libstm32usb.a(usb_init.o)
                              main.o (USB_Init)
lib/STM32_USB-FS-Device_Driver/libstm32usb.a(usb_int.o)
                              Util/USB/usb_istr.o (CTR_LP)
lib/STM32_USB-FS-Device_Driver/libstm32usb.a(usb_mem.o)
                              lib/STM32_USB-FS-Device_Driver/libstm32usb.a(usb_core.o) (UserToPMABufferCopy)
lib/STM32_USB-FS-Device_Driver/libstm32usb.a(usb_regs.o)
                              Util/USB/usb_prop.o (SetBTABLE)
lib/STM32_USB-FS-Device_Driver/libstm32usb.a(usb_sil.o)
                              Util/USB/usb_prop.o (USB_SIL_Init)
/home/laurence/CodeSourcery/Sourcery_G++_Lite/bin/../lib/gcc/arm-none-eabi/4.5.2/thumb2/libgcc.a(_arm_addsubdf3.o)
                              interrupts.o (__aeabi_f2d)
/home/laurence/CodeSourcery/Sourcery_G++_Lite/bin/../lib/gcc/arm-none-eabi/4.5.2/thumb2/libgcc.a(_arm_muldivdf3.o)
                              interrupts.o (__aeabi_ddiv)
/home/laurence/CodeSourcery/Sourcery_G++_Lite/bin/../lib/gcc/arm-none-eabi/4.5.2/thumb2/libgcc.a(_arm_cmpdf2.o)
                              main.o (__aeabi_dcmpgt)
/home/laurence/CodeSourcery/Sourcery_G++_Lite/bin/../lib/gcc/arm-none-eabi/4.5.2/thumb2/libgcc.a(_arm_truncdfsf2.o)
                              Util/rprintf.o (__aeabi_d2f)
/home/laurence/CodeSourcery/Sourcery_G++_Lite/bin/../lib/gcc/arm-none-eabi/4.5.2/thumb2/libgcc.a(_arm_addsubsf3.o)
                              Sensors/temperature.o (__aeabi_fsub)
/home/laurence/CodeSourcery/Sourcery_G++_Lite/bin/../lib/gcc/arm-none-eabi/4.5.2/thumb2/libgcc.a(_arm_muldivsf3.o)
                              Sensors/temperature.o (__aeabi_fmul)
/home/laurence/CodeSourcery/Sourcery_G++_Lite/bin/../lib/gcc/arm-none-eabi/4.5.2/thumb2/libgcc.a(_arm_cmpsf2.o)
                              Util/rprintf.o (__aeabi_fcmpeq)
/home/laurence/CodeSourcery/Sourcery_G++_Lite/bin/../lib/gcc/arm-none-eabi/4.5.2/thumb2/libgcc.a(_arm_fixsfsi.o)
                              main.o (__aeabi_f2iz)
/home/laurence/CodeSourcery/Sourcery_G++_Lite/bin/../lib/gcc/arm-none-eabi/4.5.2/thumb2/libgcc.a(_arm_fixunssfsi.o)
                              Util/rprintf.o (__aeabi_f2uiz)
/home/laurence/CodeSourcery/Sourcery_G++_Lite/bin/../lib/gcc/arm-none-eabi/4.5.2/../../../../arm-none-eabi/lib/thumb2/libc.a(lib_a-malloc.o)
                              Util/USB/mass_mal.o (malloc)
/home/laurence/CodeSourcery/Sourcery_G++_Lite/bin/../lib/gcc/arm-none-eabi/4.5.2/../../../../arm-none-eabi/lib/thumb2/libc.a(lib_a-mallocr.o)
                              /home/laurence/CodeSourcery/Sourcery_G++_Lite/bin/../lib/gcc/arm-none-eabi/4.5.2/../../../../arm-none-eabi/lib/thumb2/libc.a(lib_a-malloc.o) (_malloc_r)
/home/laurence/CodeSourcery/Sourcery_G++_Lite/bin/../lib/gcc/arm-none-eabi/4.5.2/../../../../arm-none-eabi/lib/thumb2/libc.a(lib_a-memcmp.o)
                              main.o (memcmp)
/home/laurence/CodeSourcery/Sourcery_G++_Lite/bin/../lib/gcc/arm-none-eabi/4.5.2/../../../../arm-none-eabi/lib/thumb2/libc.a(lib_a-mlock.o)
[...]
Memory Configuration

Name             Origin             Length             Attributes
ram              0x20000000         0x00005000         xrw
rom              0x08000000         0x00020000         xr
*default*        0x00000000         0xffffffff

Linker script and memory map

LOAD /home/laurence/CodeSourcery/Sourcery_G++_Lite/bin/../lib/gcc/arm-none-eabi/4.5.2/thumb2/crti.o
LOAD /home/laurence/CodeSourcery/Sourcery_G++_Lite/bin/../lib/gcc/arm-none-eabi/4.5.2/thumb2/crtbegin.o
LOAD Sensors/amb_sensors.o
LOAD Sensors/temperature.o
LOAD Util/USB/hw_config.o
LOAD Util/USB/mass_mal.o
LOAD Util/USB/memory.o
LOAD Util/USB/scsi_data.o
LOAD Util/USB/usb_bot.o
LOAD Util/USB/usb_desc.o
LOAD Util/USB/usb_endp.o
LOAD Util/USB/usb_istr.o
LOAD Util/USB/usb_prop.o
LOAD Util/USB/usb_pwr.o
LOAD Util/USB/usb_scsi.o
LOAD Util/buffer.o
LOAD Util/delay.o
LOAD Util/fat_fs/option/cc932.o
LOAD Util/fat_fs/option/syscall.o
LOAD Util/fat_fs/src/fattime.o
LOAD Util/fat_fs/src/ff.o
LOAD Util/fat_fs/src/rtc.o
LOAD Util/fat_fs/src/sd_spi_stm32.o
LOAD Util/filter_1350.o
LOAD Util/filter_380.o
LOAD Util/rprintf.o
LOAD Util/stm32_eval_spi_sd.o
LOAD Util/wave.o
LOAD adc.o
LOAD gpio.o
LOAD i2c_int.o
LOAD interrupts.o
LOAD lib/CMSIS_CM3/core_cm3.o
LOAD lib/CMSIS_CM3/startup/gcc/startup_stm32f10x_md.o
LOAD lib/CMSIS_CM3/system_stm32f10x.o
LOAD main.o
LOAD pwr.o
LOAD usart.o
LOAD watchdog.o
LOAD lib/STM32F10x_StdPeriph_Driver/libstm32fw.a
LOAD lib/STM32_USB-FS-Device_Driver/libstm32usb.a
LOAD /home/laurence/CodeSourcery/Sourcery_G++_Lite/bin/../lib/gcc/arm-none-eabi/4.5.2/../../../../arm-none-eabi/lib/thumb2/libm.a
START GROUP
LOAD /home/laurence/CodeSourcery/Sourcery_G++_Lite/bin/../lib/gcc/arm-none-eabi/4.5.2/thumb2/libgcc.a
LOAD /home/laurence/CodeSourcery/Sourcery_G++_Lite/bin/../lib/gcc/arm-none-eabi/4.5.2/../../../../arm-none-eabi/lib/thumb2/libc.a
END GROUP
LOAD /home/laurence/CodeSourcery/Sourcery_G++_Lite/bin/../lib/gcc/arm-none-eabi/4.5.2/thumb2/crtend.o
LOAD /home/laurence/CodeSourcery/Sourcery_G++_Lite/bin/../lib/gcc/arm-none-eabi/4.5.2/thumb2/crtn.o
START GROUP
LOAD /home/laurence/CodeSourcery/Sourcery_G++_Lite/bin/../lib/gcc/arm-none-eabi/4.5.2/thumb2/libgcc.a
LOAD /home/laurence/CodeSourcery/Sourcery_G++_Lite/bin/../lib/gcc/arm-none-eabi/4.5.2/../../../../arm-none-eabi/lib/thumb2/libc.a
LOAD /home/laurence/CodeSourcery/Sourcery_G++_Lite/bin/../lib/gcc/arm-none-eabi/4.5.2/../../../../arm-none-eabi/lib/thumb2/libcs3.a
LOAD /home/laurence/CodeSourcery/Sourcery_G++_Lite/bin/../lib/gcc/arm-none-eabi/4.5.2/../../../../arm-none-eabi/lib/thumb2/libcs3unhosted.a
LOAD lib/libcs3-lanchon-stm32.a
END GROUP
                0x20005000                PROVIDE (__cs3_stack, (__cs3_region_start_ram + __cs3_region_size_ram))
                0x20001dc0                PROVIDE (__cs3_heap_start, _end)
                0x20005000                PROVIDE (__cs3_heap_end, (__cs3_region_start_ram + __cs3_region_size_ram))

.text           0x08000000    0x19fac
 CREATE_OBJECT_SYMBOLS
                0x08000000                __cs3_region_start_rom = .
 *(.cs3.region-head.rom)
                0x08000000                __cs3_interrupt_vector = __cs3_interrupt_vector_lanchon_stm32
 *(.cs3.interrupt_vector)
 .cs3.interrupt_vector
                0x08000000       0xec lib/libcs3-lanchon-stm32.a(lanchon-stm32-vector.o)
                0x08000000                __cs3_interrupt_vector_lanchon_stm32
                0x08000001                ASSERT ((. != __cs3_interrupt_vector_lanchon_stm32), No interrupt vector)
 *(.rom)
 *(.rom.b)
                0x08012298                PROVIDE (__cs3_reset_lanchon_stm32, _start)
                0x08012298                __cs3_reset = __cs3_reset_lanchon_stm32
 *(.cs3.reset)
 *(.text .text.* .gnu.linkonce.t.*)
 .text          0x080000ec       0x30 /home/laurence/CodeSourcery/Sourcery_G++_Lite/bin/../lib/gcc/arm-none-eabi/4.5.2/thumb2/crtbegin.o
 .text          0x0800011c      0x358 Sensors/amb_sensors.o
                0x0800011c                Allocate_Sensor_Buffers
                0x08000298                Configure_I2C_Driver
                0x08000310                Fill_Sample_Buffers
 .text          0x08000474      0x298 Util/USB/hw_config.o
                0x08000474                Set_System
                0x0800047c                Set_USBClock
                0x08000494                Enter_LowPowerMode
                0x080004a0                Leave_LowPowerMode
                0x080004c0                USB_Interrupts_Config
                0x080004fc                Led_RW_ON
                0x0800050c                Led_RW_OFF
                0x0800051c                USB_Configured_LED
                0x0800052c                USB_NotConfigured_LED
                0x0800053c                USB_Cable_Config
                0x08000540                Get_SerialNum
                0x08000704                MAL_Config
 .text          0x0800070c      0x10c Util/USB/mass_mal.o
                0x0800070c                MAL_Init
                0x08000758                MAL_Write
                0x0800078c                MAL_Read
                0x080007b4                MAL_GetStatus
 .text          0x08000818      0x230 Util/USB/memory.o
                0x08000818                Read_Memory
                0x08000948                Write_Memory
 .text          0x08000a48      0x628 Util/USB/usb_bot.o
                0x08000a48                Mass_Storage_In
                0x08000ad0                CBW_Decode
                0x08000f30                Mass_Storage_Out
                0x08000fc0                Transfer_Data_Request
                0x08000ff4                Set_CSW
                0x08001030                Bot_Abort
 .text          0x08001070        0x8 Util/USB/usb_endp.o
                0x08001070                EP1_IN_Callback
                0x08001074                EP2_OUT_Callback
 .text          0x08001078       0xf0 Util/USB/usb_istr.o
                0x08001078                USB_Istr
 .text          0x08001168      0x268 Util/USB/usb_prop.o
                0x08001168                Mass_Storage_SetDeviceAddress
                0x08001174                MASS_Status_In
                0x08001178                MASS_Status_Out
                0x0800117c                MASS_Get_Interface_Setting
                0x0800118c                Get_Max_Lun
                0x080011a4                MASS_Data_Setup
                0x080011e8                MASS_GetStringDescriptor
                0x08001208                MASS_GetConfigDescriptor
                0x08001214                MASS_GetDeviceDescriptor
                0x08001220                MASS_NoData_Setup
                0x08001270                Mass_Storage_SetConfiguration
                0x080012a0                Mass_Storage_ClearFeature
                0x080012bc                MASS_Reset
                0x080013ac                MASS_init
 .text          0x080013d0      0x1c4 Util/USB/usb_pwr.o
                0x080013d0                PowerOn
                0x08001400                PowerOff
                0x08001424                Suspend
                0x08001468                Resume_Init
                0x080014a8                Resume
 .text          0x08001594      0x44c Util/USB/usb_scsi.o
                0x08001594                SCSI_Inquiry_Cmd
                0x080015cc                SCSI_ReadFormatCapacity_Cmd
                0x08001640                SCSI_ReadCapacity10_Cmd
                0x080016bc                SCSI_ModeSense6_Cmd
                0x080016c8                SCSI_ModeSense10_Cmd
                0x080016d4                SCSI_RequestSense_Cmd
                0x080016ec                Set_Scsi_Sense_Data
                0x080016f8                SCSI_Start_Stop_Unit_Cmd
                0x08001700                SCSI_Read10_Cmd
                0x080017b0                SCSI_Write10_Cmd
                0x0800185c                SCSI_Verify10_Cmd
                0x0800189c                SCSI_Valid_Cmd
                0x080018d4                SCSI_TestUnitReady_Cmd
                0x08001908                SCSI_Format_Cmd
                0x08001920                SCSI_Invalid_Cmd
                0x0800195c                SCSI_Address_Management
 .text          0x080019e0       0x84 Util/buffer.o
                0x080019e0                Add_To_Buffer
                0x08001a18                Get_From_Buffer
                0x08001a50                init_buffer
 .text          0x08001a64       0x34 Util/delay.o
                0x08001a64                Delay
 .text          0x08001a98      0x25c Util/fat_fs/option/cc932.o
                0x08001a98                ff_convert
                0x08001cc4                ff_wtoupper
 .text          0x08001cf4       0x48 Util/fat_fs/src/fattime.o
                0x08001cf4                get_fattime
 .text          0x08001d3c     0x65c8 Util/fat_fs/src/ff.o
                0x0800262c                clust2sect
                0x08002648                get_fat
                0x08002bec                put_fat
                0x08004a5c                gen_numname
                0x080056e4                f_mount
                0x08005704                f_open
                0x08005b70                f_read
                0x08005f58                f_write
                0x0800638c                f_sync
                0x08006564                f_close
                0x08006574                f_chdrive
                0x08006588                f_chdir
                0x080065f4                f_lseek
                0x080067c0                f_opendir
                0x0800682c                f_readdir
                0x080068a0                f_stat
                0x080068e8                f_getfree
                0x08006b4c                f_truncate
                0x08006cbc                f_unlink
                0x08006de4                f_mkdir
                0x08007218                f_chmod
                0x0800727c                f_utime
                0x080072e8                f_rename
                0x080075c0                f_gets
                0x080076dc                f_putc
                0x08007700                f_puts
                0x0800773c                f_printf
 .text          0x08008304      0x484 Util/fat_fs/src/rtc.o
                0x08008304                rtc_gettime
                0x08008484                my_RTC_SetCounter
                0x080084a8                rtc_settime
                0x080086dc                rtc_init
 .text          0x08008788      0xe48 Util/fat_fs/src/sd_spi_stm32.o
                0x08008bb8                release_spi
                0x08008bec                wrapup_transaction
                0x08008c18                stop_cmd
                0x08008c20                rcvr_datablock
                0x08008cbc                disk_initialize
                0x08008e68                disk_status
                0x08008e78                disk_read
                0x08009018                disk_write
                0x080091b8                disk_ioctl
                0x08009594                disk_timerproc
 .text          0x080095d0      0x160 Util/filter_1350.o
                0x080095d0                SampleFilter_init_1350
                0x08009600                SampleFilter_put_1350
                0x0800961c                SampleFilter_get_1350
 .text          0x08009730      0x14c Util/filter_380.o
                0x08009730                SampleFilter_init_380
                0x08009758                SampleFilter_put_380
                0x0800976c                SampleFilter_get_380
 .text          0x0800987c     0x182c Util/rprintf.o
                0x0800987c                rprintfInit
                0x08009888                rprintfChar
                0x080098b0                rprintfStr
                0x080098e8                rprintfStrLen
                0x08009aac                rprintfCRLF
                0x08009ac4                rprintfu04
                0x08009af0                rprintfu08
                0x08009b38                rprintfu16
                0x08009bd4                rprintfu32
                0x08009d20                rprintfNum
                0x08009f90                rprintfFloat
                0x0800a254                rprintf2RamRom
                0x0800b050                Isdigit
                0x0800b060                atoiRamRom
                0x0800b098                rStrLen
 .text          0x0800b0a8      0x34c Util/wave.o
                0x0800b0a8                write_wave_header
                0x0800b1a0                write_wave_samples
                0x0800b36c                wave_terminate
 .text          0x0800b3f4      0x13c adc.o
                0x0800b3f4                ADC_Configuration
                0x0800b4b0                readADC2
                0x0800b4e8                setADC2
                0x0800b508                getADC2
 .text          0x0800b530      0x1e4 gpio.o
                0x0800b530                setup_gpio
                0x0800b688                switch_leds_on
                0x0800b6b0                switch_leds_off
                0x0800b6d8                red_flash
                0x0800b708                get_wkup
 .text          0x0800b714      0xb1c i2c_int.o
                0x0800b714                I2C1_EV_IRQHandler
                0x0800bee8                I2C1_Request_Job
                0x0800bf88                I2C1_Setup_Job
                0x0800bf9c                I2C_Config
                0x0800c134                I2C1_ER_IRQHandler
 .text          0x0800c230      0x3b8 interrupts.o
                0x0800c230                ISR_Config
                0x0800c290                EXTI_ONOFF_EN
                0x0800c2f0                SysTick_Configuration
                0x0800c328                EXTI0_IRQHandler
                0x0800c3c8                ADC1_2_IRQHandler
                0x0800c430                SysTickHandler
                0x0800c5e0                USB_HP_CAN_TX_IRQHandler
                0x0800c5e4                USB_LP_CAN_RX0_IRQHandler
 .text.Default_Handler
                0x0800c5e8        0x2 lib/CMSIS_CM3/startup/gcc/startup_stm32f10x_md.o
                0x0800c5e8                EXTI2_IRQHandler
                0x0800c5e8                DebugMon_Handler
                0x0800c5e8                TIM1_CC_IRQHandler
                0x0800c5e8                HardFault_Handler
                0x0800c5e8                SysTick_Handler
                0x0800c5e8                PVD_IRQHandler
                0x0800c5e8                PendSV_Handler
                0x0800c5e8                NMI_Handler
                0x0800c5e8                EXTI3_IRQHandler
                0x0800c5e8                I2C2_EV_IRQHandler
                0x0800c5e8                UsageFault_Handler
                0x0800c5e8                SPI1_IRQHandler
                0x0800c5e8                TAMPER_IRQHandler
                0x0800c5e8                DMA1_Channel4_IRQHandler
                0x0800c5e8                USART3_IRQHandler
                0x0800c5e8                RTC_IRQHandler
                0x0800c5e8                DMA1_Channel7_IRQHandler
                0x0800c5e8                CAN1_RX1_IRQHandler
                0x0800c5e8                TIM4_IRQHandler
                0x0800c5e8                DMA1_Channel6_IRQHandler
                0x0800c5e8                TIM3_IRQHandler
                0x0800c5e8                RCC_IRQHandler
                0x0800c5e8                TIM1_TRG_COM_IRQHandler
                0x0800c5e8                DMA1_Channel1_IRQHandler
                0x0800c5e8                Default_Handler
                0x0800c5e8                EXTI15_10_IRQHandler
                0x0800c5e8                EXTI9_5_IRQHandler
                0x0800c5e8                SPI2_IRQHandler
                0x0800c5e8                MemManage_Handler
                0x0800c5e8                SVC_Handler
                0x0800c5e8                DMA1_Channel5_IRQHandler
                0x0800c5e8                EXTI4_IRQHandler
                0x0800c5e8                USB_LP_CAN1_RX0_IRQHandler
                0x0800c5e8                USB_HP_CAN1_TX_IRQHandler
                0x0800c5e8                DMA1_Channel3_IRQHandler
                0x0800c5e8                TIM1_UP_IRQHandler
                0x0800c5e8                WWDG_IRQHandler
                0x0800c5e8                TIM2_IRQHandler
                0x0800c5e8                TIM1_BRK_IRQHandler
                0x0800c5e8                EXTI1_IRQHandler
                0x0800c5e8                RTCAlarm_IRQHandler
                0x0800c5e8                USART2_IRQHandler
                0x0800c5e8                I2C2_ER_IRQHandler
                0x0800c5e8                DMA1_Channel2_IRQHandler
                0x0800c5e8                CAN1_SCE_IRQHandler
                0x0800c5e8                FLASH_IRQHandler
                0x0800c5e8                BusFault_Handler
                0x0800c5e8                USART1_IRQHandler
                0x0800c5e8                USBWakeUp_IRQHandler
 *fill*         0x0800c5ea        0x2 00
 .text          0x0800c5ec       0xfc lib/CMSIS_CM3/system_stm32f10x.o
                0x0800c5ec                SystemInit
 .text          0x0800c6e8      0xf78 main.o
                0x0800c6e8                __str_print_char
                0x0800c714                __fat_print_char
                0x0800c734                file_preallocation_control
                0x0800c764                detect_sensors
                0x0800c884                main
 .text          0x0800d660       0xc0 pwr.o
                0x0800d660                setuppwr
                0x0800d674                shutdown
                0x0800d684                disable_pin
                0x0800d68c                shutdown_filesystem
 .text          0x0800d720      0x110 usart.o
                0x0800d720                Usarts_Init
                0x0800d7cc                Default_Usart_Config
                0x0800d7e8                Usart_Send_Str
                0x0800d814                __usart_send_char
 .text          0x0800d830       0x40 watchdog.o
                0x0800d830                Watchdog_Config
                0x0800d85c                Watchdog_Reset_Detect
 .text          0x0800d870       0xb8 lib/STM32F10x_StdPeriph_Driver/libstm32fw.a(misc.o)
                0x0800d870                NVIC_PriorityGroupConfig
                0x0800d884                NVIC_Init
                0x0800d8e4                NVIC_SetVectorTable
                0x0800d8f8                NVIC_SystemLPConfig
                0x0800d910                SysTick_CLKSourceConfig
 .text          0x0800d928      0x380 lib/STM32F10x_StdPeriph_Driver/libstm32fw.a(stm32f10x_adc.o)
                0x0800d928                ADC_DeInit
                0x0800d984                ADC_Init
                0x0800d9d0                ADC_StructInit
                0x0800d9e2                ADC_Cmd
                0x0800d9f6                ADC_DMACmd
                0x0800da0a                ADC_ITConfig
                0x0800da1e                ADC_ResetCalibration
                0x0800da28                ADC_GetResetCalibrationStatus
                0x0800da30                ADC_StartCalibration
                0x0800da3a                ADC_GetCalibrationStatus
                0x0800da42                ADC_SoftwareStartConvCmd
                0x0800da56                ADC_GetSoftwareStartConvStatus
                0x0800da5e                ADC_DiscModeChannelCountConfig
                0x0800da6e                ADC_DiscModeCmd
                0x0800da82                ADC_RegularChannelConfig
                0x0800db10                ADC_ExternalTrigConvCmd
                0x0800db24                ADC_GetConversionValue
                0x0800db2a                ADC_GetDualModeConversionValue
                0x0800db34                ADC_AutoInjectedConvCmd
                0x0800db48                ADC_InjectedDiscModeCmd
                0x0800db5c                ADC_ExternalTrigInjectedConvConfig
                0x0800db6a                ADC_ExternalTrigInjectedConvCmd
                0x0800db7e                ADC_SoftwareStartInjectedConvCmd
                0x0800db92                ADC_GetSoftwareStartInjectedConvCmdStatus
                0x0800db9a                ADC_InjectedChannelConfig
                0x0800dbf6                ADC_InjectedSequencerLengthConfig
                0x0800dc06                ADC_SetInjectedOffset
                0x0800dc1c                ADC_GetInjectedConversionValue
                0x0800dc36                ADC_AnalogWatchdogCmd
                0x0800dc48                ADC_AnalogWatchdogThresholdsConfig
                0x0800dc4e                ADC_AnalogWatchdogSingleChannelConfig
                0x0800dc5c                ADC_TempSensorVrefintCmd
                0x0800dc78                ADC_GetFlagStatus
                0x0800dc84                ADC_ClearFlag
                0x0800dc8a                ADC_GetITStatus
                0x0800dca0                ADC_ClearITPendingBit
 .text          0x0800dca8       0xe0 lib/STM32F10x_StdPeriph_Driver/libstm32fw.a(stm32f10x_bkp.o)
                0x0800dca8                BKP_DeInit
                0x0800dcba                BKP_TamperPinLevelConfig
                0x0800dcc4                BKP_TamperPinCmd
                0x0800dcd0                BKP_ITConfig
                0x0800dcdc                BKP_RTCOutputConfig
                0x0800dcf4                BKP_SetRTCCalibrationValue
                0x0800dd0c                BKP_WriteBackupRegister
                0x0800dd28                BKP_ReadBackupRegister
                0x0800dd48                BKP_GetFlagStatus
                0x0800dd54                BKP_ClearFlag
                0x0800dd68                BKP_GetITStatus
                0x0800dd74                BKP_ClearITPendingBit
 .text          0x0800dd88       0x34 lib/STM32F10x_StdPeriph_Driver/libstm32fw.a(stm32f10x_dbgmcu.o)
                0x0800dd88                DBGMCU_GetREVID
                0x0800dd94                DBGMCU_GetDEVID
                0x0800dda4                DBGMCU_Config
 .text          0x0800ddbc      0x1f0 lib/STM32F10x_StdPeriph_Driver/libstm32fw.a(stm32f10x_dma.o)
                0x0800ddbc                DMA_DeInit
                0x0800deb8                DMA_Init
                0x0800def8                DMA_StructInit
                0x0800df12                DMA_Cmd
                0x0800df26                DMA_ITConfig
                0x0800df38                DMA_GetCurrDataCounter
                0x0800df3e                DMA_GetFlagStatus
                0x0800df5c                DMA_ClearFlag
                0x0800df74                DMA_GetITStatus
                0x0800df94                DMA_ClearITPendingBit
 .text          0x0800dfac      0x108 lib/STM32F10x_StdPeriph_Driver/libstm32fw.a(stm32f10x_exti.o)
                0x0800dfac                EXTI_DeInit
                0x0800dfc8                EXTI_Init
                0x0800e04c                EXTI_StructInit
                0x0800e05a                EXTI_GenerateSWInterrupt
                0x0800e06c                EXTI_GetFlagStatus
                0x0800e080                EXTI_ClearFlag
                0x0800e08c                EXTI_GetITStatus
                0x0800e0a8                EXTI_ClearITPendingBit
 .text          0x0800e0b4      0x278 lib/STM32F10x_StdPeriph_Driver/libstm32fw.a(stm32f10x_gpio.o)
                0x0800e0b4                GPIO_DeInit
                0x0800e160                GPIO_AFIODeInit
                0x0800e176                GPIO_Init
                0x0800e20e                GPIO_StructInit
                0x0800e21e                GPIO_ReadInputDataBit
                0x0800e22a                GPIO_ReadInputData
                0x0800e230                GPIO_ReadOutputDataBit
                0x0800e23c                GPIO_ReadOutputData
                0x0800e242                GPIO_SetBits
                0x0800e246                GPIO_ResetBits
                0x0800e24a                GPIO_WriteBit
                0x0800e254                GPIO_Write
                0x0800e258                GPIO_PinLockConfig
                0x0800e268                GPIO_EventOutputConfig
                0x0800e288                GPIO_EventOutputCmd
                0x0800e294                GPIO_PinRemapConfig
                0x0800e2ec                GPIO_EXTILineConfig
                0x0800e320                GPIO_ETH_MediaInterfaceConfig
 .text          0x0800e32c      0x3b4 lib/STM32F10x_StdPeriph_Driver/libstm32fw.a(stm32f10x_i2c.o)
                0x0800e32c                I2C_DeInit
                0x0800e360                I2C_Init
                0x0800e430                I2C_StructInit
                0x0800e44c                I2C_Cmd
                0x0800e466                I2C_DMACmd
                0x0800e480                I2C_DMALastTransferCmd
                0x0800e49a                I2C_GenerateSTART
                0x0800e4b4                I2C_GenerateSTOP
                0x0800e4ce                I2C_AcknowledgeConfig
                0x0800e4e8                I2C_OwnAddress2Config
                0x0800e4fe                I2C_DualAddressCmd
                0x0800e518                I2C_GeneralCallCmd
                0x0800e532                I2C_ITConfig
                0x0800e548                I2C_SendData
                0x0800e54c                I2C_ReceiveData
                0x0800e552                I2C_Send7bitAddress
                0x0800e562                I2C_ReadRegister
                0x0800e57a                I2C_SoftwareResetCmd
                0x0800e592                I2C_SMBusAlertConfig
                0x0800e5b0                I2C_TransmitPEC
                0x0800e5ca                I2C_PECPositionConfig
                0x0800e5e8                I2C_CalculatePEC
                0x0800e602                I2C_GetPEC
                0x0800e60a                I2C_ARPCmd
                0x0800e624                I2C_StretchClockCmd
                0x0800e63e                I2C_FastModeDutyCycleConfig
                0x0800e65c                I2C_GetLastEvent
                0x0800e66c                I2C_CheckEvent
                0x0800e684                I2C_GetFlagStatus
                0x0800e6b8                I2C_ClearFlag
                0x0800e6be                I2C_GetITStatus
                0x0800e6da                I2C_ClearITPendingBit
 .text          0x0800e6e0       0x58 lib/STM32F10x_StdPeriph_Driver/libstm32fw.a(stm32f10x_iwdg.o)
                0x0800e6e0                IWDG_WriteAccessCmd
                0x0800e6ec                IWDG_SetPrescaler
                0x0800e6f8                IWDG_SetReload
                0x0800e704                IWDG_ReloadCounter
                0x0800e714                IWDG_Enable
                0x0800e724                IWDG_GetFlagStatus
 .text          0x0800e738       0xcc lib/STM32F10x_StdPeriph_Driver/libstm32fw.a(stm32f10x_pwr.o)
                0x0800e73c                PWR_DeInit
                0x0800e756                PWR_BackupAccessCmd
                0x0800e760                PWR_PVDCmd
                0x0800e76c                PWR_PVDLevelConfig
                0x0800e780                PWR_WakeUpPinCmd
                0x0800e78c                PWR_EnterSTOPMode
                0x0800e7b8                PWR_EnterSTANDBYMode
                0x0800e7e0                PWR_GetFlagStatus
                0x0800e7f4                PWR_ClearFlag
 .text          0x0800e804      0x360 lib/STM32F10x_StdPeriph_Driver/libstm32fw.a(stm32f10x_rcc.o)
                0x0800e804                RCC_DeInit
                0x0800e844                RCC_HSEConfig
                0x0800e87c                RCC_AdjustHSICalibrationValue
                0x0800e890                RCC_HSICmd
                0x0800e89c                RCC_PLLConfig
                0x0800e8b4                RCC_PLLCmd
                0x0800e8c0                RCC_SYSCLKConfig
                0x0800e8d4                RCC_GetSYSCLKSource
                0x0800e8e4                RCC_HCLKConfig
                0x0800e8f8                RCC_PCLK1Config
                0x0800e90c                RCC_PCLK2Config
                0x0800e920                RCC_ITConfig
                0x0800e938                RCC_USBCLKConfig
                0x0800e944                RCC_ADCCLKConfig
                0x0800e958                RCC_LSEConfig
                0x0800e978                RCC_LSICmd
                0x0800e984                RCC_RTCCLKConfig
                0x0800e994                RCC_RTCCLKCmd
                0x0800e9a0                RCC_GetClocksFreq
                0x0800ea44                RCC_AHBPeriphClockCmd
                0x0800ea5c                RCC_APB2PeriphClockCmd
                0x0800ea74                RCC_APB1PeriphClockCmd
                0x0800ea8c                RCC_APB2PeriphResetCmd
                0x0800eaa4                RCC_APB1PeriphResetCmd
                0x0800eabc                RCC_BackupResetCmd
                0x0800eac8                RCC_ClockSecuritySystemCmd
                0x0800ead4                RCC_MCOConfig
                0x0800eae0                RCC_GetFlagStatus
                0x0800eb08                RCC_WaitForHSEStartUp
                0x0800eb34                RCC_ClearFlag
                0x0800eb44                RCC_GetITStatus
                0x0800eb58                RCC_ClearITPendingBit
 .text          0x0800eb64      0x158 lib/STM32F10x_StdPeriph_Driver/libstm32fw.a(stm32f10x_rtc.o)
                0x0800eb64                RTC_ITConfig
                0x0800eb80                RTC_EnterConfigMode
                0x0800eb94                RTC_ExitConfigMode
                0x0800eba8                RTC_GetCounter
                0x0800ebbc                RTC_SetCounter
                0x0800ebd8                RTC_SetPrescaler
                0x0800ebf8                RTC_SetAlarm
                0x0800ec14                RTC_GetDivider
                0x0800ec2c                RTC_WaitForLastTask
                0x0800ec3c                RTC_WaitForSynchro
                0x0800ec5c                RTC_GetFlagStatus
                0x0800ec70                RTC_ClearFlag
                0x0800ec84                RTC_GetITStatus
                0x0800eca8                RTC_ClearITPendingBit
 .text          0x0800ecbc      0x2d4 lib/STM32F10x_StdPeriph_Driver/libstm32fw.a(stm32f10x_spi.o)
                0x0800ecbc                SPI_I2S_DeInit
                0x0800ed20                SPI_Init
                0x0800ed60                I2S_Init
                0x0800ee00                SPI_StructInit
                0x0800ee18                I2S_StructInit
                0x0800ee2a                SPI_Cmd
                0x0800ee44                I2S_Cmd
                0x0800ee5e                SPI_I2S_ITConfig
                0x0800ee7c                SPI_I2S_DMACmd
                0x0800ee92                SPI_I2S_SendData
                0x0800ee96                SPI_I2S_ReceiveData
                0x0800ee9c                SPI_NSSInternalSoftwareConfig
                0x0800eebc                SPI_SSOutputCmd
                0x0800eed6                SPI_DataSizeConfig
                0x0800eeee                SPI_TransmitCRC
                0x0800eefa                SPI_CalculateCRC
                0x0800ef14                SPI_GetCRC
                0x0800ef24                SPI_GetCRCPolynomial
                0x0800ef2a                SPI_BiDirectionalLineConfig
                0x0800ef48                SPI_I2S_GetFlagStatus
                0x0800ef54                SPI_I2S_ClearFlag
                0x0800ef5a                SPI_I2S_GetITStatus
                0x0800ef80                SPI_I2S_ClearITPendingBit
 .text          0x0800ef90      0x374 lib/STM32F10x_StdPeriph_Driver/libstm32fw.a(stm32f10x_usart.o)
                0x0800ef90                USART_DeInit
                0x0800f028                USART_Init
                0x0800f0b8                USART_StructInit
                0x0800f0ce                USART_ClockInit
                0x0800f0f4                USART_ClockStructInit
                0x0800f100                USART_Cmd
                0x0800f11a                USART_ITConfig
                0x0800f150                USART_DMACmd
                0x0800f166                USART_SetAddress
                0x0800f17e                USART_WakeUpConfig
                0x0800f196                USART_ReceiverWakeUpCmd
                0x0800f1b0                USART_LINBreakDetectLengthConfig
                0x0800f1c8                USART_LINCmd
                0x0800f1e2                USART_SendData
                0x0800f1ea                USART_ReceiveData
                0x0800f1f2                USART_SendBreak
                0x0800f1fe                USART_SetGuardTime
                0x0800f210                USART_SetPrescaler
                0x0800f224                USART_SmartCardCmd
                0x0800f23e                USART_SmartCardNACKCmd
                0x0800f258                USART_HalfDuplexCmd
                0x0800f272                USART_IrDAConfig
                0x0800f28a                USART_IrDACmd
                0x0800f2a4                USART_GetFlagStatus
                0x0800f2b0                USART_ClearFlag
                0x0800f2b6                USART_GetITStatus
                0x0800f2f6                USART_ClearITPendingBit
 .text          0x0800f304      0xa54 lib/STM32_USB-FS-Device_Driver/libstm32usb.a(usb_core.o)
                0x0800f304                Standard_GetConfiguration
                0x0800f32c                Standard_GetInterface
                0x0800f354                Standard_GetStatus
                0x0800f4c8                Standard_SetConfiguration
                0x0800f504                Standard_SetInterface
                0x0800f554                Standard_ClearFeature
                0x0800f650                Standard_SetEndPointFeature
                0x0800f704                Standard_SetDeviceFeature
                0x0800f728                Standard_GetDescriptorData
                0x0800f744                Post0_Process
                0x0800f78c                Out0_Process
                0x0800f868                Setup0_Process
                0x0800fc38                SetDeviceAddress
                0x0800fcf4                In0_Process
                0x0800fd54                NOP_Process
 .text          0x0800fd58       0x38 lib/STM32_USB-FS-Device_Driver/libstm32usb.a(usb_init.o)
                0x0800fd58                USB_Init
 .text          0x0800fd90      0x25c lib/STM32_USB-FS-Device_Driver/libstm32usb.a(usb_int.o)
                0x0800fd90                CTR_LP
                0x0800ff58                CTR_HP
 .text          0x0800ffec       0xb8 lib/STM32_USB-FS-Device_Driver/libstm32usb.a(usb_mem.o)
                0x0800ffec                UserToPMABufferCopy
                0x08010054                PMAToUserBufferCopy
 .text          0x080100a4      0x880 lib/STM32_USB-FS-Device_Driver/libstm32usb.a(usb_regs.o)
                0x080100a4                SetCNTR
                0x080100b0                GetCNTR
                0x080100bc                SetISTR
                0x080100c8                GetISTR
                0x080100d4                GetFNR
                0x080100e0                SetDADDR
                0x080100ec                GetDADDR
                0x080100f8                SetBTABLE
                0x0801010c                GetBTABLE
                0x08010118                SetENDPOINT
                0x08010128                GetENDPOINT
                0x08010138                SetEPType
                0x08010154                GetEPType
                0x08010168                SetEPTxStatus
                0x080101a8                SetEPRxStatus
                0x080101e8                SetDouBleBuffEPStall
                0x08010210                GetEPTxStatus
                0x08010224                GetEPRxStatus
                0x08010238                SetEPTxValid
                0x0801025c                SetEPRxValid
                0x08010280                SetEP_KIND
                0x080102a0                ClearEP_KIND
                0x080102c0                Clear_Status_Out
                0x080102e0                Set_Status_Out
                0x08010300                SetEPDoubleBuff
                0x08010320                ClearEPDoubleBuff
                0x08010340                GetTxStallStatus
                0x08010360                GetRxStallStatus
                0x08010380                ClearEP_CTR_RX
                0x08010398                ClearEP_CTR_TX
                0x080103b0                ToggleDTOG_RX
                0x080103d0                ToggleDTOG_TX
                0x080103f0                ClearDTOG_RX
                0x08010418                ClearDTOG_TX
                0x08010440                SetEPAddress
                0x08010464                GetEPAddress
                0x08010478                SetEPTxAddr
                0x0801049c                SetEPRxAddr
                0x080104c4                GetEPTxAddr
                0x080104e4                GetEPRxAddr
                0x08010504                SetEPTxCount
                0x08010524                SetEPCountRxReg
                0x08010550                SetEPRxCount
                0x08010598                GetEPTxCount
                0x080105bc                GetEPRxCount
                0x080105e0                SetEPDblBuffAddr
                0x08010628                SetEPDblBuf0Addr
                0x0801064c                SetEPDblBuf1Addr
                0x08010674                GetEPDblBuf0Addr
                0x08010694                GetEPDblBuf1Addr
                0x080106b4                SetEPDblBuffCount
                0x08010760                SetEPDblBuf0Count
                0x080107c8                SetEPDblBuf1Count
                0x08010830                GetEPDblBuf0Count
                0x08010854                GetEPDblBuf1Count
                0x08010878                GetEPDblBufDir
                0x080108c0                FreeUserBuffer
                0x08010910                ToWord
                0x08010918                ByteSwap
 .text          0x08010924       0x6c lib/STM32_USB-FS-Device_Driver/libstm32usb.a(usb_sil.o)
                0x08010924                USB_SIL_Init
                0x08010944                USB_SIL_Write
                0x0801096c                USB_SIL_Read
 .text          0x08010990      0x370 /home/laurence/CodeSourcery/Sourcery_G++_Lite/bin/../lib/gcc/arm-none-eabi/4.5.2/thumb2/libgcc.a(_arm_addsubdf3.o)
                0x08010990                __aeabi_drsub
                0x08010998                __aeabi_dsub
                0x08010998                __subdf3
                0x0801099c                __adddf3
                0x0801099c                __aeabi_dadd
                0x08010c14                __aeabi_ui2d
                0x08010c14                __floatunsidf
                0x08010c34                __floatsidf
                0x08010c34                __aeabi_i2d
                0x08010c58                __extendsfdf2
                0x08010c58                __aeabi_f2d
                0x08010c94                __aeabi_ul2d
                0x08010c94                __floatundidf
                0x08010ca4                __floatdidf
                0x08010ca4                __aeabi_l2d
 .text          0x08010d00      0x424 /home/laurence/CodeSourcery/Sourcery_G++_Lite/bin/../lib/gcc/arm-none-eabi/4.5.2/thumb2/libgcc.a(_arm_muldivdf3.o)
                0x08010d00                __aeabi_dmul
                0x08010d00                __muldf3
                0x08010f54                __aeabi_ddiv
                0x08010f54                __divdf3
 .text          0x08011124      0x110 /home/laurence/CodeSourcery/Sourcery_G++_Lite/bin/../lib/gcc/arm-none-eabi/4.5.2/thumb2/libgcc.a(_arm_cmpdf2.o)
                0x08011124                __gtdf2
                0x08011124                __gedf2
                0x0801112c                __ltdf2
                0x0801112c                __ledf2
                0x08011134                __cmpdf2
                0x08011134                __eqdf2
                0x08011134                __nedf2
                0x080111b0                __aeabi_cdrcmple
                0x080111c0                __aeabi_cdcmple
                0x080111c0                __aeabi_cdcmpeq
                0x080111d0                __aeabi_dcmpeq
                0x080111e4                __aeabi_dcmplt
                0x080111f8                __aeabi_dcmple
                0x0801120c                __aeabi_dcmpge
                0x08011220                __aeabi_dcmpgt
 .text          0x08011234       0xa0 /home/laurence/CodeSourcery/Sourcery_G++_Lite/bin/../lib/gcc/arm-none-eabi/4.5.2/thumb2/libgcc.a(_arm_truncdfsf2.o)
                0x08011234                __aeabi_d2f
                0x08011234                __truncdfsf2
 .text          0x080112d4      0x21c /home/laurence/CodeSourcery/Sourcery_G++_Lite/bin/../lib/gcc/arm-none-eabi/4.5.2/thumb2/libgcc.a(_arm_addsubsf3.o)
                0x080112d4                __aeabi_frsub
                0x080112dc                __subsf3
                0x080112dc                __aeabi_fsub
                0x080112e0                __aeabi_fadd
                0x080112e0                __addsf3
                0x08011440                __aeabi_ui2f
                0x08011440                __floatunsisf
                0x08011448                __aeabi_i2f
                0x08011448                __floatsisf
                0x08011464                __floatundisf
                0x08011464                __aeabi_ul2f
                0x08011474                __floatdisf
                0x08011474                __aeabi_l2f
 .text          0x080114f0      0x2a0 /home/laurence/CodeSourcery/Sourcery_G++_Lite/bin/../lib/gcc/arm-none-eabi/4.5.2/thumb2/libgcc.a(_arm_muldivsf3.o)
                0x080114f0                __mulsf3
                0x080114f0                __aeabi_fmul
                0x08011658                __divsf3
                0x08011658                __aeabi_fdiv
 .text          0x08011790       0xec /home/laurence/CodeSourcery/Sourcery_G++_Lite/bin/../lib/gcc/arm-none-eabi/4.5.2/thumb2/libgcc.a(_arm_cmpsf2.o)
                0x08011790                __gtsf2
                0x08011790                __gesf2
                0x08011798                __lesf2
                0x08011798                __ltsf2
                0x080117a0                __nesf2
                0x080117a0                __eqsf2
                0x080117a0                __cmpsf2
                0x08011800                __aeabi_cfrcmple
                0x08011808                __aeabi_cfcmple
                0x08011808                __aeabi_cfcmpeq
                0x08011818                __aeabi_fcmpeq
                0x0801182c                __aeabi_fcmplt
                0x08011840                __aeabi_fcmple
                0x08011854                __aeabi_fcmpge
                0x08011868                __aeabi_fcmpgt
 .text          0x0801187c       0x4c /home/laurence/CodeSourcery/Sourcery_G++_Lite/bin/../lib/gcc/arm-none-eabi/4.5.2/thumb2/libgcc.a(_arm_fixsfsi.o)
                0x0801187c                __fixsfsi
                0x0801187c                __aeabi_f2iz
 .text          0x080118c8       0x40 /home/laurence/CodeSourcery/Sourcery_G++_Lite/bin/../lib/gcc/arm-none-eabi/4.5.2/thumb2/libgcc.a(_arm_fixunssfsi.o)
                0x080118c8                __aeabi_f2uiz
                0x080118c8                __fixunssfsi
 .text          0x08011908       0x20 /home/laurence/CodeSourcery/Sourcery_G++_Lite/bin/../lib/gcc/arm-none-eabi/4.5.2/../../../../arm-none-eabi/lib/thumb2/libc.a(lib_a-malloc.o)
                0x08011908                malloc
                0x08011918                free
 .text          0x08011928      0x57c /home/laurence/CodeSourcery/Sourcery_G++_Lite/bin/../lib/gcc/arm-none-eabi/4.5.2/../../../../arm-none-eabi/lib/thumb2/libc.a(lib_a-mallocr.o)
                0x08011928                _malloc_r
 .text          0x08011ea4       0x64 /home/laurence/CodeSourcery/Sourcery_G++_Lite/bin/../lib/gcc/arm-none-eabi/4.5.2/../../../../arm-none-eabi/lib/thumb2/libc.a(lib_a-memcmp.o)
                0x08011ea4                memcmp
 .text          0x08011f08        0x8 /home/laurence/CodeSourcery/Sourcery_G++_Lite/bin/../lib/gcc/arm-none-eabi/4.5.2/../../../../arm-none-eabi/lib/thumb2/libc.a(lib_a-mlock.o)
                0x08011f08                __malloc_lock
                0x08011f0c                __malloc_unlock
 .text          0x08011f10       0x28 /home/laurence/CodeSourcery/Sourcery_G++_Lite/bin/../lib/gcc/arm-none-eabi/4.5.2/../../../../arm-none-eabi/lib/thumb2/libc.a(lib_a-sbrkr.o)
                0x08011f10                _sbrk_r
 .text          0x08011f38       0x60 /home/laurence/CodeSourcery/Sourcery_G++_Lite/bin/../lib/gcc/arm-none-eabi/4.5.2/../../../../arm-none-eabi/lib/thumb2/libc.a(lib_a-strlen.o)
                0x08011f38                strlen
 .text          0x08011f98      0x240 /home/laurence/CodeSourcery/Sourcery_G++_Lite/bin/../lib/gcc/arm-none-eabi/4.5.2/../../../../arm-none-eabi/lib/thumb2/libc.a(lib_a-freer.o)
                0x08011f98                _malloc_trim_r
                0x08012040                _free_r
 .text          0x080121d8       0x30 /home/laurence/CodeSourcery/Sourcery_G++_Lite/bin/../lib/gcc/arm-none-eabi/4.5.2/../../../../arm-none-eabi/lib/thumb2/libcs3.a(start_c.o)
                0x080121d8                __cs3_premain
 .text.cs3.init
                0x08012208       0x50 /home/laurence/CodeSourcery/Sourcery_G++_Lite/bin/../lib/gcc/arm-none-eabi/4.5.2/../../../../arm-none-eabi/lib/thumb2/libcs3.a(start_c.o)
                0x08012208                __cs3_start_c
 .text          0x08012258       0x40 /home/laurence/CodeSourcery/Sourcery_G++_Lite/bin/../lib/gcc/arm-none-eabi/4.5.2/../../../../arm-none-eabi/lib/thumb2/libcs3unhosted.a(unhosted-sbrk.o)
                0x08012258                _sbrk
 .text.cs3.init
                0x08012298       0x10 /home/laurence/CodeSourcery/Sourcery_G++_Lite/bin/../lib/gcc/arm-none-eabi/4.5.2/../../../../arm-none-eabi/lib/thumb2/libcs3unhosted.a(unhosted-start.o)
                0x08012298                _start
 .text          0x080122a8        0x2 lib/libcs3-lanchon-stm32.a(lanchon_stm32_isr_interrupt.o)
                0x080122a8                MemManageException
                0x080122a8                BusFaultException
                0x080122a8                DMAChannel7_IRQHandler
                0x080122a8                DebugMonitor
                0x080122a8                SVCHandler
                0x080122a8                HardFaultException
                0x080122a8                __STM32ReservedException8
                0x080122a8                __STM32DefaultExceptionHandler
                0x080122a8                DMAChannel1_IRQHandler
                0x080122a8                CAN_SCE_IRQHandler
                0x080122a8                __STM32ReservedException10
                0x080122a8                __STM32ReservedException13
                0x080122a8                NMIException
                0x080122a8                DMAChannel4_IRQHandler
                0x080122a8                PendSVC
                0x080122a8                CAN_RX1_IRQHandler
                0x080122a8                ADC_IRQHandler
                0x080122a8                DMAChannel5_IRQHandler
                0x080122a8                DMAChannel2_IRQHandler
                0x080122a8                __STM32ReservedException7
                0x080122a8                UsageFaultException
                0x080122a8                DMAChannel6_IRQHandler
                0x080122a8                DMAChannel3_IRQHandler
                0x080122a8                __STM32ReservedException9
 *fill*         0x080122aa        0x2 00
 .text          0x080122ac        0xc /home/laurence/CodeSourcery/Sourcery_G++_Lite/bin/../lib/gcc/arm-none-eabi/4.5.2/../../../../arm-none-eabi/lib/thumb2/libc.a(lib_a-errno.o)
                0x080122ac                __errno
 .text          0x080122b8       0x50 /home/laurence/CodeSourcery/Sourcery_G++_Lite/bin/../lib/gcc/arm-none-eabi/4.5.2/../../../../arm-none-eabi/lib/thumb2/libc.a(lib_a-init.o)
                0x080122b8                __libc_init_array
 *(.plt)
 *(.gnu.warning)
 *(.glue_7t)
 .glue_7t       0x00000000        0x0 linker stubs
 *(.glue_7)
 .glue_7        0x00000000        0x0 linker stubs
 *(.vfp11_veneer)
 .vfp11_veneer  0x00000000        0x0 linker stubs
 *(.rodata .rodata.* .gnu.linkonce.r.*)
 .rodata        0x08012308       0x28 Sensors/amb_sensors.o
                0x08012308                LSM_330_ACCEL_config
                0x08012310                LSM_330_ACCEL_FIFO_config
                0x08012314                LSM_330_GYRO_config
                0x0801231c                LSM_330_GYRO_FIFO_config
                0x08012320                ADXL_config
                0x08012328                HMC_config
                0x0801232c                ITG3200_config
 .rodata        0x08012330       0xac Util/USB/usb_desc.o
                0x08012330                MASS_DeviceDescriptor
                0x08012344                MASS_ConfigDescriptor
                0x08012364                MASS_StringLangID
                0x08012368                MASS_StringVendor
                0x0801239c                MASS_StringProduct
                0x080123cc                MASS_StringInterface
 .rodata        0x080123dc     0x7738 Util/fat_fs/option/cc932.o
 .rodata.str1.4
                0x08019b14       0x13 Util/fat_fs/src/ff.o
                                 0x14 (size before relaxing)
 *fill*         0x08019b27        0x1 00
 .rodata        0x08019b28        0xc Util/fat_fs/src/rtc.o
 .rodata        0x08019b34      0x17c Util/filter_1350.o
 .rodata        0x08019cb0       0x74 Util/filter_380.o
 .rodata        0x08019d24       0x14 Util/rprintf.o
 .rodata.str1.4
                0x08019d38       0x1a Util/rprintf.o
                                 0x1c (size before relaxing)
 *fill*         0x08019d52        0x2 00
 .rodata        0x08019d54       0x14 lib/CMSIS_CM3/system_stm32f10x.o
                0x08019d54                SystemFrequency
                0x08019d58                SystemFrequency_SysClk
                0x08019d5c                SystemFrequency_AHBClk
                0x08019d60                SystemFrequency_APB1Clk
                0x08019d64                SystemFrequency_APB2Clk
 .rodata.str1.4
                0x08019d68      0x1e3 main.o
                                0x1e8 (size before relaxing)
 *fill*         0x08019f4b        0x1 00
 .rodata.str1.4
                0x08019f4c       0x28 pwr.o
 .rodata.str1.4
                0x08019f74        0x4 /home/laurence/CodeSourcery/Sourcery_G++_Lite/bin/../lib/gcc/arm-none-eabi/4.5.2/../../../../arm-none-eabi/lib/thumb2/libc.a(lib_a-impure.o)
 *(.ARM.extab* .gnu.linkonce.armextab.*)
 *(.gcc_except_table)
 *(.eh_frame_hdr)
 *(.eh_frame)
                0x08019f78                . = ALIGN (0x4)
 *(.init)
 .init          0x08019f78        0x4 /home/laurence/CodeSourcery/Sourcery_G++_Lite/bin/../lib/gcc/arm-none-eabi/4.5.2/thumb2/crti.o
                0x08019f78                _init
 .init          0x08019f7c        0x8 /home/laurence/CodeSourcery/Sourcery_G++_Lite/bin/../lib/gcc/arm-none-eabi/4.5.2/thumb2/crtn.o
                0x08019f84                . = ALIGN (0x4)
                0x08019f84                _sidata = .
                0x08019f84                __preinit_array_start = .
 *(.preinit_array)
                0x08019f84                __preinit_array_end = .
                0x08019f84                . = ALIGN (0x4)
                0x08019f84                __init_array_start = .
 *(SORT(.init_array.*))
 *(.init_array)
 .init_array    0x08019f84        0x4 /home/laurence/CodeSourcery/Sourcery_G++_Lite/bin/../lib/gcc/arm-none-eabi/4.5.2/thumb2/crtbegin.o
                0x08019f88                __init_array_end = .
                0x08019f88                . = ALIGN (0x4)
 *crtbegin.o(.ctors)
 *(EXCLUDE_FILE(*crtend.o) .ctors)
 *(SORT(.ctors.*))
 *crtend.o(.ctors)
                0x08019f88                . = ALIGN (0x4)
 *(.fini)
 .fini          0x08019f88        0x4 /home/laurence/CodeSourcery/Sourcery_G++_Lite/bin/../lib/gcc/arm-none-eabi/4.5.2/thumb2/crti.o
                0x08019f88                _fini
 .fini          0x08019f8c        0x8 /home/laurence/CodeSourcery/Sourcery_G++_Lite/bin/../lib/gcc/arm-none-eabi/4.5.2/thumb2/crtn.o
                0x08019f94                . = ALIGN (0x4)
                0x08019f94                __fini_array_start = .
 *(.fini_array)
 .fini_array    0x08019f94        0x4 /home/laurence/CodeSourcery/Sourcery_G++_Lite/bin/../lib/gcc/arm-none-eabi/4.5.2/thumb2/crtbegin.o
 *(SORT(.fini_array.*))
                0x08019f98                __fini_array_end = .
 *crtbegin.o(.dtors)
 *(EXCLUDE_FILE(*crtend.o) .dtors)
 *(SORT(.dtors.*))
 *crtend.o(.dtors)
                0x08019f98                . = ALIGN (0x4)
                0x08019f98                __cs3_regions = .
                0x08019f98        0x4 LONG 0x0
                0x08019f9c        0x4 LONG 0x8019fb0 __cs3_region_init_ram
                0x08019fa0        0x4 LONG 0x20000000 __cs3_region_start_ram
                0x08019fa4        0x4 LONG 0x718 __cs3_region_init_size_ram
                0x08019fa8        0x4 LONG 0x16a8 __cs3_region_zero_size_ram
                0x08019fac                __exidx_start = .

.v4_bx          0x08019fac        0x0
 .v4_bx         0x00000000        0x0 linker stubs

.ARM.exidx
 *(.ARM.exidx* .gnu.linkonce.armexidx.*)
                0x08019fac                __exidx_end = .

.text.align     0x08019fac        0x4
                0x08019fb0                . = ALIGN (0x8)
 *fill*         0x08019fac        0x4 00
                0x08019fb0                _etext = .
                0x08020000                __cs3_region_end_rom = (__cs3_region_start_rom + 0x20000)
                0x00020000                __cs3_region_size_rom = 0x20000
                0x00000001                __cs3_region_num = 0x1

.data           0x20000000      0x718 load address 0x08019fb0
                0x20000000                __cs3_region_start_ram = .
                0x20000000                _sdata = .
 *(.cs3.region-head.ram)
 *(.jcr)
 .jcr           0x20000000        0x0 /home/laurence/CodeSourcery/Sourcery_G++_Lite/bin/../lib/gcc/arm-none-eabi/4.5.2/thumb2/crtbegin.o
 .jcr           0x20000000        0x4 /home/laurence/CodeSourcery/Sourcery_G++_Lite/bin/../lib/gcc/arm-none-eabi/4.5.2/thumb2/crtend.o
 *(.got.plt)
 *(.got)
 *(.shdata)
 *(.data .data.* .gnu.linkonce.d.*)
 .data          0x20000004       0x90 Sensors/amb_sensors.o
                0x20000004                I2C_jobs
 .data          0x20000094       0x74 Util/USB/scsi_data.o
                0x20000094                Standard_Inquiry_Data
                0x200000b8                Standard_Inquiry_Data2
                0x200000dc                Mode_Sense6_data
                0x200000e0                Mode_Sense10_data
                0x200000e8                Scsi_Sense_Data
                0x200000fc                ReadFormatCapacity_Data
 .data          0x20000108       0x1c Util/USB/usb_desc.o
                0x20000108                MASS_StringSerial
 .data          0x20000124       0x38 Util/USB/usb_istr.o
                0x20000124                pEpInt_IN
                0x20000140                pEpInt_OUT
 .data          0x2000015c       0x90 Util/USB/usb_prop.o
                0x2000015c                String_Descriptor
                0x20000184                Config_Descriptor
                0x2000018c                Device_Descriptor
                0x20000194                Device_Property
                0x200001c4                Device_Table
                0x200001c8                User_Standard_Requests
 .data          0x200001ec        0x1 Util/USB/usb_pwr.o
                0x200001ec                fSuspendEnabled
 *fill*         0x200001ed        0x3 00
 .data          0x200001f0        0x4 Util/fat_fs/src/sd_spi_stm32.o
 .data          0x200001f4       0x14 lib/STM32F10x_StdPeriph_Driver/libstm32fw.a(stm32f10x_rcc.o)
 .data          0x20000208      0x410 /home/laurence/CodeSourcery/Sourcery_G++_Lite/bin/../lib/gcc/arm-none-eabi/4.5.2/../../../../arm-none-eabi/lib/thumb2/libc.a(lib_a-mallocr.o)
                0x20000208                __malloc_av_
                0x20000610                __malloc_sbrk_base
                0x20000614                __malloc_trim_threshold
 .data          0x20000618       0xf4 /home/laurence/CodeSourcery/Sourcery_G++_Lite/bin/../lib/gcc/arm-none-eabi/4.5.2/../../../../arm-none-eabi/lib/thumb2/libc.a(lib_a-impure.o)
                0x20000618                _impure_ptr
 .data          0x2000070c        0x4 /home/laurence/CodeSourcery/Sourcery_G++_Lite/bin/../lib/gcc/arm-none-eabi/4.5.2/../../../../arm-none-eabi/lib/thumb2/libcs3unhosted.a(unhosted-sbrk.o)
 .data          0x20000710        0x4 /home/laurence/CodeSourcery/Sourcery_G++_Lite/bin/../lib/gcc/arm-none-eabi/4.5.2/../../../../arm-none-eabi/lib/thumb2/libcs3.a(heap.o)
                0x20000710                __cs3_heap_limit
 *(.ram)
                0x20000718                . = ALIGN (0x8)
 *fill*         0x20000714        0x4 00
                0x20000718                _edata = .

.bss            0x20000718     0x16a8 load address 0x0801a6c8
                0x20000718                _sbss = .
 *(.shbss)
 *(.bss .bss.* .gnu.linkonce.b.*)
 .bss           0x20000718        0x1 /home/laurence/CodeSourcery/Sourcery_G++_Lite/bin/../lib/gcc/arm-none-eabi/4.5.2/thumb2/crtbegin.o
 *fill*         0x20000719        0x3 00
 .bss           0x2000071c        0x4 Util/USB/mass_mal.o
                0x2000071c                Status
 .bss           0x20000720       0x1c Util/USB/memory.o
                0x20000720                TransferState
                0x2000072c                Counter
                0x20000738                Block_Read_count
 .bss           0x2000073c       0x10 Util/USB/scsi_data.o
                0x2000073c                Page00_Inquiry_Data
                0x20000744                ReadCapacity10_Data
 .bss           0x2000074c        0x1 Util/USB/usb_istr.o
                0x2000074c                bIntPackSOF
 *fill*         0x2000074d        0x3 00
 .bss           0x20000750        0x4 Util/USB/usb_prop.o
                0x20000750                Max_Lun
 .bss           0x20000754        0x4 Util/USB/usb_pwr.o
                0x20000754                bDeviceState
 .bss           0x20000758        0xc Util/fat_fs/src/ff.o
 .bss           0x20000764       0x10 Util/fat_fs/src/sd_spi_stm32.o
 .bss           0x20000774       0x84 Util/rprintf.o
 .bss           0x200007f8        0x3 i2c_int.o
 *fill*         0x200007fb        0x1 00
 .bss           0x200007fc        0xc interrupts.o
 .bss           0x20000808      0x238 main.o
                0x20000a3c                file_opened
 .bss           0x20000a40        0x1 lib/STM32_USB-FS-Device_Driver/libstm32usb.a(usb_core.o)
                0x20000a40                Data_Mul_MaxPacketSize
 *fill*         0x20000a41        0x3 00
 .bss           0x20000a44       0x34 /home/laurence/CodeSourcery/Sourcery_G++_Lite/bin/../lib/gcc/arm-none-eabi/4.5.2/../../../../arm-none-eabi/lib/thumb2/libc.a(lib_a-mallocr.o)
                0x20000a44                __malloc_top_pad
                0x20000a48                __malloc_current_mallinfo
                0x20000a70                __malloc_max_sbrked_mem
                0x20000a74                __malloc_max_total_mem
 *(COMMON)
 COMMON         0x20000a78      0x95d Sensors/amb_sensors.o
                0x20000a78                LSM330_Gyro_Filter
                0x20000ef8                LSM330_Accel_Filter
                0x20001378                LSM330_Accel_Reads
                0x2000137c                Rawdata
                0x200013d4                LSM330_Gyro_Reads
 *fill*         0x200013d5        0x3 00
 COMMON         0x200013d8       0x1c Util/USB/mass_mal.o
                0x200013d8                Mass_Memory_Size
                0x200013e0                Mass_Block_Size
                0x200013e8                Mass_Block_Count
                0x200013f0                Data_Buffer
 COMMON         0x200013f4        0x8 Util/USB/memory.o
                0x200013f4                Block_offset
                0x200013f8                Idx
 COMMON         0x200013fc       0x7c Util/USB/usb_bot.o
                0x200013fc                CBW
                0x2000141c                Data_Len
                0x2000141e                Bot_State
                0x20001420                SCSI_LBA
                0x20001424                CSW
                0x20001434                SCSI_BlkLen
                0x20001438                Bulk_Data_Buff
 COMMON         0x20001478        0x2 Util/USB/usb_istr.o
                0x20001478                wIstr
 *fill*         0x2000147a        0x2 00
 COMMON         0x2000147c        0x2 Util/USB/usb_pwr.o
                0x2000147c                ResumeS
 COMMON         0x2000147e        0x1 Util/fat_fs/src/sd_spi_stm32.o
                0x2000147e                Sd_Spi_Called_From_USB_MSC
 COMMON         0x2000147f        0x1 gpio.o
                0x2000147f                bootsource
 COMMON         0x20001480        0xd i2c_int.o
                0x20001480                I2C1error
                0x20001484                Jobs
                0x20001488                Completed_Jobs
                0x2000148c                job
 *fill*         0x2000148d        0x3 00
 COMMON         0x20001490        0x8 interrupts.o
                0x20001490                Button_hold_tim
                0x20001494                Battery_Voltage
 COMMON         0x20001498      0x8e8 main.o
                0x20001498                Sensor_Cable
                0x2000149c                battery_voltage
                0x200014a0                FATFS_wavfile_accel
                0x200016c4                forehead_buffer
                0x20001718                f_err_code
                0x20001719                System_state_Global
                0x2000171c                Millis
                0x20001720                sfe_sensor_buffers
                0x20001810                Sensors
                0x20001814                FATFS_info
                0x20001834                FATFS_wavfile_gyro
                0x20001a58                print_string
                0x20001b58                a
                0x20001b5c                FATFS_logfile
 COMMON         0x20001d80        0x2 lib/STM32_USB-FS-Device_Driver/libstm32usb.a(usb_core.o)
                0x20001d80                StatusInfo
 *fill*         0x20001d82        0x2 00
 COMMON         0x20001d84       0x32 lib/STM32_USB-FS-Device_Driver/libstm32usb.a(usb_init.o)
                0x20001d84                SaveState
                0x20001d88                pProperty
                0x20001d8c                EPindex
                0x20001d90                Device_Info
                0x20001dac                pUser_Standard_Requests
                0x20001db0                pInformation
                0x20001db4                wInterrupt_Mask
 COMMON         0x20001db6        0x4 lib/STM32_USB-FS-Device_Driver/libstm32usb.a(usb_int.o)
                0x20001db6                SaveRState
                0x20001db8                SaveTState
 *fill*         0x20001dba        0x2 00
 COMMON         0x20001dbc        0x4 /home/laurence/CodeSourcery/Sourcery_G++_Lite/bin/../lib/gcc/arm-none-eabi/4.5.2/../../../../arm-none-eabi/lib/thumb2/libc.a(lib_a-reent.o)
                0x20001dbc                errno
 *(.ram.b)
                0x20001dc0                . = ALIGN (0x8)
                0x20001dc0                _ebss = .

.noinit         0x20001dc0        0x0 load address 0x0801a6c8
 *(.noinit)
                0x20001dc0                . = ALIGN (0x8)
                0x20001dc0                _end = .
                0x20005000                __cs3_region_end_ram = (__cs3_region_start_ram + 0x5000)
                0x00005000                __cs3_region_size_ram = 0x5000
                0x08019fb0                __cs3_region_init_ram = LOADADDR (.data)
                0x00000718                __cs3_region_init_size_ram = (_edata - ADDR (.data))
                0x000016a8                __cs3_region_zero_size_ram = (_end - _edata)
                0x00000001                __cs3_region_num = 0x1

.stab
 *(.stab)

.stabstr
 *(.stabstr)

.debug
 *(.debug)

.line
 *(.line)

.debug_srcinfo
 *(.debug_srcinfo)

.debug_sfnames
 *(.debug_sfnames)

.comment        0x00000000       0x2a
 .comment       0x00000000       0x2a Sensors/amb_sensors.o
                                 0x2b (size before relaxing)
 .comment       0x00000000       0x2b Sensors/temperature.o
 .comment       0x00000000       0x2b Util/USB/hw_config.o
 .comment       0x00000000       0x2b Util/USB/mass_mal.o
 .comment       0x00000000       0x2b Util/USB/memory.o
 .comment       0x00000000       0x2b Util/USB/scsi_data.o
 .comment       0x00000000       0x2b Util/USB/usb_bot.o
 .comment       0x00000000       0x2b Util/USB/usb_desc.o
 .comment       0x00000000       0x2b Util/USB/usb_endp.o
 .comment       0x00000000       0x2b Util/USB/usb_istr.o
 .comment       0x00000000       0x2b Util/USB/usb_prop.o
 .comment       0x00000000       0x2b Util/USB/usb_pwr.o
 .comment       0x00000000       0x2b Util/USB/usb_scsi.o
 .comment       0x00000000       0x2b Util/buffer.o
 .comment       0x00000000       0x2b Util/delay.o
 .comment       0x00000000       0x2b Util/fat_fs/option/cc932.o
 .comment       0x00000000       0x2b Util/fat_fs/option/syscall.o
 .comment       0x00000000       0x2b Util/fat_fs/src/fattime.o
 .comment       0x00000000       0x2b Util/fat_fs/src/ff.o
 .comment       0x00000000       0x2b Util/fat_fs/src/rtc.o
 .comment       0x00000000       0x2b Util/fat_fs/src/sd_spi_stm32.o
 .comment       0x00000000       0x2b Util/filter_1350.o
 .comment       0x00000000       0x2b Util/filter_380.o
 .comment       0x00000000       0x2b Util/rprintf.o
 .comment       0x00000000       0x2b Util/stm32_eval_spi_sd.o
 .comment       0x00000000       0x2b Util/wave.o
 .comment       0x00000000       0x2b adc.o
 .comment       0x00000000       0x2b gpio.o
 .comment       0x00000000       0x2b i2c_int.o
 .comment       0x00000000       0x2b interrupts.o
 .comment       0x00000000       0x2b lib/CMSIS_CM3/core_cm3.o
 .comment       0x00000000       0x2b lib/CMSIS_CM3/system_stm32f10x.o
 .comment       0x00000000       0x2b main.o
 .comment       0x00000000       0x2b pwr.o
 .comment       0x00000000       0x2b usart.o
 .comment       0x00000000       0x2b watchdog.o
 .comment       0x00000000       0x2b lib/STM32F10x_StdPeriph_Driver/libstm32fw.a(misc.o)
 .comment       0x00000000       0x2b lib/STM32F10x_StdPeriph_Driver/libstm32fw.a(stm32f10x_adc.o)
 .comment       0x00000000       0x2b lib/STM32F10x_StdPeriph_Driver/libstm32fw.a(stm32f10x_bkp.o)
 .comment       0x00000000       0x2b lib/STM32F10x_StdPeriph_Driver/libstm32fw.a(stm32f10x_dbgmcu.o)
 .comment       0x00000000       0x2b lib/STM32F10x_StdPeriph_Driver/libstm32fw.a(stm32f10x_dma.o)
 .comment       0x00000000       0x2b lib/STM32F10x_StdPeriph_Driver/libstm32fw.a(stm32f10x_exti.o)
 .comment       0x00000000       0x2b lib/STM32F10x_StdPeriph_Driver/libstm32fw.a(stm32f10x_gpio.o)
 .comment       0x00000000       0x2b lib/STM32F10x_StdPeriph_Driver/libstm32fw.a(stm32f10x_i2c.o)
 .comment       0x00000000       0x2b lib/STM32F10x_StdPeriph_Driver/libstm32fw.a(stm32f10x_iwdg.o)
 .comment       0x00000000       0x2b lib/STM32F10x_StdPeriph_Driver/libstm32fw.a(stm32f10x_pwr.o)
 .comment       0x00000000       0x2b lib/STM32F10x_StdPeriph_Driver/libstm32fw.a(stm32f10x_rcc.o)
 .comment       0x00000000       0x2b lib/STM32F10x_StdPeriph_Driver/libstm32fw.a(stm32f10x_rtc.o)
 .comment       0x00000000       0x2b lib/STM32F10x_StdPeriph_Driver/libstm32fw.a(stm32f10x_spi.o)
 .comment       0x00000000       0x2b lib/STM32F10x_StdPeriph_Driver/libstm32fw.a(stm32f10x_usart.o)
 .comment       0x00000000       0x2b lib/STM32_USB-FS-Device_Driver/libstm32usb.a(usb_core.o)
 .comment       0x00000000       0x2b lib/STM32_USB-FS-Device_Driver/libstm32usb.a(usb_init.o)
 .comment       0x00000000       0x2b lib/STM32_USB-FS-Device_Driver/libstm32usb.a(usb_int.o)
 .comment       0x00000000       0x2b lib/STM32_USB-FS-Device_Driver/libstm32usb.a(usb_mem.o)
 .comment       0x00000000       0x2b lib/STM32_USB-FS-Device_Driver/libstm32usb.a(usb_regs.o)
 .comment       0x00000000       0x2b lib/STM32_USB-FS-Device_Driver/libstm32usb.a(usb_sil.o)

.debug_aranges  0x00000000      0x448
 *(.debug_aranges)
 .debug_aranges
                0x00000000       0x20 Sensors/amb_sensors.o
 .debug_aranges
                0x00000020       0x20 Sensors/temperature.o
 .debug_aranges
                0x00000040       0x20 Util/USB/hw_config.o
 .debug_aranges
                0x00000060       0x20 Util/USB/mass_mal.o
 .debug_aranges
                0x00000080       0x20 Util/USB/memory.o
 .debug_aranges
                0x000000a0       0x20 Util/USB/usb_bot.o
 .debug_aranges
                0x000000c0       0x20 Util/USB/usb_endp.o
 .debug_aranges
                0x000000e0       0x20 Util/USB/usb_istr.o
 .debug_aranges
                0x00000100       0x20 Util/USB/usb_prop.o
 .debug_aranges
                0x00000120       0x20 Util/USB/usb_pwr.o
 .debug_aranges
                0x00000140       0x20 Util/USB/usb_scsi.o
 .debug_aranges
                0x00000160       0x20 Util/buffer.o
 .debug_aranges
                0x00000180       0x20 Util/delay.o
 .debug_aranges
                0x000001a0       0x20 Util/fat_fs/option/cc932.o
 .debug_aranges
                0x000001c0       0x20 Util/fat_fs/src/fattime.o
 .debug_aranges
                0x000001e0       0x20 Util/fat_fs/src/ff.o
 .debug_aranges
                0x00000200       0x20 Util/fat_fs/src/rtc.o
 .debug_aranges
                0x00000220       0x20 Util/fat_fs/src/sd_spi_stm32.o
 .debug_aranges
                0x00000240       0x20 Util/filter_1350.o
 .debug_aranges
                0x00000260       0x20 Util/filter_380.o
 .debug_aranges
                0x00000280       0x20 Util/rprintf.o
 .debug_aranges
                0x000002a0       0x20 Util/stm32_eval_spi_sd.o
 .debug_aranges
                0x000002c0       0x20 Util/wave.o
 .debug_aranges
                0x000002e0       0x20 adc.o
 .debug_aranges
                0x00000300       0x20 gpio.o
 .debug_aranges
                0x00000320       0x20 i2c_int.o
 .debug_aranges
                0x00000340       0x20 interrupts.o
 .debug_aranges
                0x00000360       0x20 lib/CMSIS_CM3/core_cm3.o
 .debug_aranges
                0x00000380       0x28 lib/CMSIS_CM3/startup/gcc/startup_stm32f10x_md.o
 .debug_aranges
                0x000003a8       0x20 lib/CMSIS_CM3/system_stm32f10x.o
 .debug_aranges
                0x000003c8       0x20 main.o
 .debug_aranges
                0x000003e8       0x20 pwr.o
 .debug_aranges
                0x00000408       0x20 usart.o
 .debug_aranges
                0x00000428       0x20 watchdog.o

.debug_pubnames
                0x00000000     0x18d3
 *(.debug_pubnames)
 .debug_pubnames
                0x00000000      0x172 Sensors/amb_sensors.o
 .debug_pubnames
                0x00000172       0x8d Sensors/temperature.o
 .debug_pubnames
                0x000001ff      0x113 Util/USB/hw_config.o
 .debug_pubnames
                0x00000312       0xa5 Util/USB/mass_mal.o
 .debug_pubnames
                0x000003b7       0x7f Util/USB/memory.o
 .debug_pubnames
                0x00000436       0xd2 Util/USB/scsi_data.o
 .debug_pubnames
                0x00000508       0xd9 Util/USB/usb_bot.o
 .debug_pubnames
                0x000005e1       0xb8 Util/USB/usb_desc.o
 .debug_pubnames
                0x00000699       0x3b Util/USB/usb_endp.o
 .debug_pubnames
                0x000006d4       0x56 Util/USB/usb_istr.o
 .debug_pubnames
                0x0000072a      0x1f6 Util/USB/usb_prop.o
 .debug_pubnames
                0x00000920       0x83 Util/USB/usb_pwr.o
 .debug_pubnames
                0x000009a3      0x195 Util/USB/usb_scsi.o
 .debug_pubnames
                0x00000b38       0x48 Util/buffer.o
 .debug_pubnames
                0x00000b80       0x1c Util/delay.o
 .debug_pubnames
                0x00000b9c       0x31 Util/fat_fs/option/cc932.o
 .debug_pubnames
                0x00000bcd       0x22 Util/fat_fs/src/fattime.o
 .debug_pubnames
                0x00000bef      0x164 Util/fat_fs/src/ff.o
 .debug_pubnames
                0x00000d53       0x55 Util/fat_fs/src/rtc.o
 .debug_pubnames
                0x00000da8       0xdb Util/fat_fs/src/sd_spi_stm32.o
 .debug_pubnames
                0x00000e83       0x61 Util/filter_1350.o
 .debug_pubnames
                0x00000ee4       0x5e Util/filter_380.o
 .debug_pubnames
                0x00000f42       0xf9 Util/rprintf.o
 .debug_pubnames
                0x0000103b      0x167 Util/stm32_eval_spi_sd.o
 .debug_pubnames
                0x000011a2       0x52 Util/wave.o
 .debug_pubnames
                0x000011f4       0x66 adc.o
 .debug_pubnames
                0x0000125a       0x72 gpio.o
 .debug_pubnames
                0x000012cc       0xa9 i2c_int.o
 .debug_pubnames
                0x00001375       0xee interrupts.o
 .debug_pubnames
                0x00001463      0x159 lib/CMSIS_CM3/core_cm3.o
 .debug_pubnames
                0x000015bc       0xa3 lib/CMSIS_CM3/system_stm32f10x.o
 .debug_pubnames
                0x0000165f      0x17c main.o
 .debug_pubnames
                0x000017db       0x54 pwr.o
 .debug_pubnames
                0x0000182f       0x64 usart.o
 .debug_pubnames
                0x00001893       0x40 watchdog.o

.debug_info     0x00000000     0xf7f8
 *(.debug_info .gnu.linkonce.wi.*)
 .debug_info    0x00000000      0x5de Sensors/amb_sensors.o
 .debug_info    0x000005de      0x123 Sensors/temperature.o
 .debug_info    0x00000701      0x78a Util/USB/hw_config.o
 .debug_info    0x00000e8b      0x383 Util/USB/mass_mal.o
 .debug_info    0x0000120e      0x405 Util/USB/memory.o
 .debug_info    0x00001613      0x16b Util/USB/scsi_data.o
 .debug_info    0x0000177e      0x49d Util/USB/usb_bot.o
 .debug_info    0x00001c1b      0x187 Util/USB/usb_desc.o
 .debug_info    0x00001da2       0x98 Util/USB/usb_endp.o
 .debug_info    0x00001e3a      0x311 Util/USB/usb_istr.o
 .debug_info    0x0000214b      0xa0d Util/USB/usb_prop.o
 .debug_info    0x00002b58      0x3c3 Util/USB/usb_pwr.o
 .debug_info    0x00002f1b      0x885 Util/USB/usb_scsi.o
 .debug_info    0x000037a0      0x189 Util/buffer.o
 .debug_info    0x00003929       0xc8 Util/delay.o
 .debug_info    0x000039f1      0x1b9 Util/fat_fs/option/cc932.o
 .debug_info    0x00003baa       0x77 Util/fat_fs/option/syscall.o
 .debug_info    0x00003c21      0x15a Util/fat_fs/src/fattime.o
 .debug_info    0x00003d7b     0x332c Util/fat_fs/src/ff.o
 .debug_info    0x000070a7      0x532 Util/fat_fs/src/rtc.o
 .debug_info    0x000075d9     0x13a4 Util/fat_fs/src/sd_spi_stm32.o
 .debug_info    0x0000897d      0x158 Util/filter_1350.o
 .debug_info    0x00008ad5      0x156 Util/filter_380.o
 .debug_info    0x00008c2b      0xe6a Util/rprintf.o
 .debug_info    0x00009a95     0x1a18 Util/stm32_eval_spi_sd.o
 .debug_info    0x0000b4ad      0x60c Util/wave.o
 .debug_info    0x0000bab9      0x43c adc.o
 .debug_info    0x0000bef5      0x2f5 gpio.o
 .debug_info    0x0000c1ea      0x85d i2c_int.o
 .debug_info    0x0000ca47      0xb7a interrupts.o
 .debug_info    0x0000d5c1      0x547 lib/CMSIS_CM3/core_cm3.o
 .debug_info    0x0000db08       0x81 lib/CMSIS_CM3/startup/gcc/startup_stm32f10x_md.o
 .debug_info    0x0000db89      0x2d0 lib/CMSIS_CM3/system_stm32f10x.o
 .debug_info    0x0000de59     0x1080 main.o
 .debug_info    0x0000eed9      0x3f1 pwr.o
 .debug_info    0x0000f2ca      0x450 usart.o
 .debug_info    0x0000f71a       0xde watchdog.o

.debug_abbrev   0x00000000     0x3462
 *(.debug_abbrev)
 .debug_abbrev  0x00000000      0x111 Sensors/amb_sensors.o
 .debug_abbrev  0x00000111       0x79 Sensors/temperature.o
 .debug_abbrev  0x0000018a      0x2d3 Util/USB/hw_config.o
 .debug_abbrev  0x0000045d      0x111 Util/USB/mass_mal.o
 .debug_abbrev  0x0000056e      0x17d Util/USB/memory.o
 .debug_abbrev  0x000006eb       0x5c Util/USB/scsi_data.o
 .debug_abbrev  0x00000747      0x198 Util/USB/usb_bot.o
 .debug_abbrev  0x000008df       0x63 Util/USB/usb_desc.o
 .debug_abbrev  0x00000942       0x41 Util/USB/usb_endp.o
 .debug_abbrev  0x00000983      0x113 Util/USB/usb_istr.o
 .debug_abbrev  0x00000a96      0x1dd Util/USB/usb_prop.o
 .debug_abbrev  0x00000c73      0x1bd Util/USB/usb_pwr.o
 .debug_abbrev  0x00000e30      0x253 Util/USB/usb_scsi.o
 .debug_abbrev  0x00001083       0xc1 Util/buffer.o
 .debug_abbrev  0x00001144       0x7e Util/delay.o
 .debug_abbrev  0x000011c2       0xd2 Util/fat_fs/option/cc932.o
 .debug_abbrev  0x00001294       0x2c Util/fat_fs/option/syscall.o
 .debug_abbrev  0x000012c0       0x97 Util/fat_fs/src/fattime.o
 .debug_abbrev  0x00001357      0x2f7 Util/fat_fs/src/ff.o
 .debug_abbrev  0x0000164e      0x213 Util/fat_fs/src/rtc.o
 .debug_abbrev  0x00001861      0x37f Util/fat_fs/src/sd_spi_stm32.o
 .debug_abbrev  0x00001be0      0x118 Util/filter_1350.o
 .debug_abbrev  0x00001cf8      0x118 Util/filter_380.o
 .debug_abbrev  0x00001e10      0x2fa Util/rprintf.o
 .debug_abbrev  0x0000210a      0x2e8 Util/stm32_eval_spi_sd.o
 .debug_abbrev  0x000023f2      0x158 Util/wave.o
 .debug_abbrev  0x0000254a      0x14c adc.o
 .debug_abbrev  0x00002696      0x158 gpio.o
 .debug_abbrev  0x000027ee      0x22c i2c_int.o
 .debug_abbrev  0x00002a1a      0x23d interrupts.o
 .debug_abbrev  0x00002c57       0xc1 lib/CMSIS_CM3/core_cm3.o
 .debug_abbrev  0x00002d18       0x12 lib/CMSIS_CM3/startup/gcc/startup_stm32f10x_md.o
 .debug_abbrev  0x00002d2a      0x112 lib/CMSIS_CM3/system_stm32f10x.o
 .debug_abbrev  0x00002e3c      0x2c6 main.o
 .debug_abbrev  0x00003102      0x145 pwr.o
 .debug_abbrev  0x00003247      0x186 usart.o
 .debug_abbrev  0x000033cd       0x95 watchdog.o

.debug_line     0x00000000     0xe38c
 *(.debug_line)
 .debug_line    0x00000000      0x5d2 Sensors/amb_sensors.o
 .debug_line    0x000005d2      0x502 Sensors/temperature.o
 .debug_line    0x00000ad4      0x983 Util/USB/hw_config.o
 .debug_line    0x00001457      0x7f8 Util/USB/mass_mal.o
 .debug_line    0x00001c4f      0x832 Util/USB/memory.o
 .debug_line    0x00002481      0x339 Util/USB/scsi_data.o
 .debug_line    0x000027ba      0x55c Util/USB/usb_bot.o
 .debug_line    0x00002d16      0x2ed Util/USB/usb_desc.o
 .debug_line    0x00003003      0x3ba Util/USB/usb_endp.o
 .debug_line    0x000033bd      0x3f5 Util/USB/usb_istr.o
 .debug_line    0x000037b2      0x84c Util/USB/usb_prop.o
 .debug_line    0x00003ffe      0x452 Util/USB/usb_pwr.o
 .debug_line    0x00004450      0x9ea Util/USB/usb_scsi.o
 .debug_line    0x00004e3a      0x4b9 Util/buffer.o
 .debug_line    0x000052f3      0x2fd Util/delay.o
 .debug_line    0x000055f0       0xd8 Util/fat_fs/option/cc932.o
 .debug_line    0x000056c8      0x2fc Util/fat_fs/option/syscall.o
 .debug_line    0x000059c4      0x179 Util/fat_fs/src/fattime.o
 .debug_line    0x00005b3d     0x1f1e Util/fat_fs/src/ff.o
 .debug_line    0x00007a5b      0x47f Util/fat_fs/src/rtc.o
 .debug_line    0x00007eda      0xcd5 Util/fat_fs/src/sd_spi_stm32.o
 .debug_line    0x00008baf       0xac Util/filter_1350.o
 .debug_line    0x00008c5b       0xa7 Util/filter_380.o
 .debug_line    0x00008d02      0xd6b Util/rprintf.o
 .debug_line    0x00009a6d      0x9a5 Util/stm32_eval_spi_sd.o
 .debug_line    0x0000a412      0x204 Util/wave.o
 .debug_line    0x0000a616      0x715 adc.o
 .debug_line    0x0000ad2b      0x636 gpio.o
 .debug_line    0x0000b361      0x7c0 i2c_int.o
 .debug_line    0x0000bb21      0x7de interrupts.o
 .debug_line    0x0000c2ff      0x198 lib/CMSIS_CM3/core_cm3.o
 .debug_line    0x0000c497       0x84 lib/CMSIS_CM3/startup/gcc/startup_stm32f10x_md.o
 .debug_line    0x0000c51b      0x336 lib/CMSIS_CM3/system_stm32f10x.o
 .debug_line    0x0000c851      0xc7e main.o
 .debug_line    0x0000d4cf      0x5c8 pwr.o
 .debug_line    0x0000da97      0x5ed usart.o
 .debug_line    0x0000e084      0x308 watchdog.o

.debug_frame    0x00000000     0x1cf4
 *(.debug_frame)
 .debug_frame   0x00000000       0x64 Sensors/amb_sensors.o
 .debug_frame   0x00000064       0x40 Sensors/temperature.o
 .debug_frame   0x000000a4       0xec Util/USB/hw_config.o
 .debug_frame   0x00000190       0x7c Util/USB/mass_mal.o
 .debug_frame   0x0000020c       0x50 Util/USB/memory.o
 .debug_frame   0x0000025c       0xc0 Util/USB/usb_bot.o
 .debug_frame   0x0000031c       0x30 Util/USB/usb_endp.o
 .debug_frame   0x0000034c       0x2c Util/USB/usb_istr.o
 .debug_frame   0x00000378      0x11c Util/USB/usb_prop.o
 .debug_frame   0x00000494       0x94 Util/USB/usb_pwr.o
 .debug_frame   0x00000528      0x180 Util/USB/usb_scsi.o
 .debug_frame   0x000006a8       0x5c Util/buffer.o
 .debug_frame   0x00000704       0x24 Util/delay.o
 .debug_frame   0x00000728       0x3c Util/fat_fs/option/cc932.o
 .debug_frame   0x00000764       0x2c Util/fat_fs/src/fattime.o
 .debug_frame   0x00000790      0x590 Util/fat_fs/src/ff.o
 .debug_frame   0x00000d20       0x84 Util/fat_fs/src/rtc.o
 .debug_frame   0x00000da4      0x190 Util/fat_fs/src/sd_spi_stm32.o
 .debug_frame   0x00000f34       0x5c Util/filter_1350.o
 .debug_frame   0x00000f90       0x58 Util/filter_380.o
 .debug_frame   0x00000fe8      0x1d4 Util/rprintf.o
 .debug_frame   0x000011bc      0x25c Util/stm32_eval_spi_sd.o
 .debug_frame   0x00001418       0x8c Util/wave.o
 .debug_frame   0x000014a4       0x74 adc.o
 .debug_frame   0x00001518       0x78 gpio.o
 .debug_frame   0x00001590       0xa0 i2c_int.o
 .debug_frame   0x00001630       0xd4 interrupts.o
 .debug_frame   0x00001704      0x170 lib/CMSIS_CM3/core_cm3.o
 .debug_frame   0x00001874       0x24 lib/CMSIS_CM3/system_stm32f10x.o
 .debug_frame   0x00001898       0xb0 main.o
 .debug_frame   0x00001948       0x74 pwr.o
 .debug_frame   0x000019bc       0x78 usart.o
 .debug_frame   0x00001a34       0x40 watchdog.o
 .debug_frame   0x00001a74       0x30 /home/laurence/CodeSourcery/Sourcery_G++_Lite/bin/../lib/gcc/arm-none-eabi/4.5.2/../../../../arm-none-eabi/lib/thumb2/libc.a(lib_a-malloc.o)
 .debug_frame   0x00001aa4       0x3c /home/laurence/CodeSourcery/Sourcery_G++_Lite/bin/../lib/gcc/arm-none-eabi/4.5.2/../../../../arm-none-eabi/lib/thumb2/libc.a(lib_a-mallocr.o)
 .debug_frame   0x00001ae0       0x2c /home/laurence/CodeSourcery/Sourcery_G++_Lite/bin/../lib/gcc/arm-none-eabi/4.5.2/../../../../arm-none-eabi/lib/thumb2/libc.a(lib_a-memcmp.o)
 .debug_frame   0x00001b0c       0x30 /home/laurence/CodeSourcery/Sourcery_G++_Lite/bin/../lib/gcc/arm-none-eabi/4.5.2/../../../../arm-none-eabi/lib/thumb2/libc.a(lib_a-mlock.o)
 .debug_frame   0x00001b3c       0x2c /home/laurence/CodeSourcery/Sourcery_G++_Lite/bin/../lib/gcc/arm-none-eabi/4.5.2/../../../../arm-none-eabi/lib/thumb2/libc.a(lib_a-sbrkr.o)
 .debug_frame   0x00001b68       0x20 /home/laurence/CodeSourcery/Sourcery_G++_Lite/bin/../lib/gcc/arm-none-eabi/4.5.2/../../../../arm-none-eabi/lib/thumb2/libc.a(lib_a-strlen.o)
 .debug_frame   0x00001b88       0x50 /home/laurence/CodeSourcery/Sourcery_G++_Lite/bin/../lib/gcc/arm-none-eabi/4.5.2/../../../../arm-none-eabi/lib/thumb2/libc.a(lib_a-freer.o)
 .debug_frame   0x00001bd8       0x68 /home/laurence/CodeSourcery/Sourcery_G++_Lite/bin/../lib/gcc/arm-none-eabi/4.5.2/../../../../arm-none-eabi/lib/thumb2/libc.a(lib_a-reent.o)
 .debug_frame   0x00001c40       0x40 /home/laurence/CodeSourcery/Sourcery_G++_Lite/bin/../lib/gcc/arm-none-eabi/4.5.2/../../../../arm-none-eabi/lib/thumb2/libcs3.a(start_c.o)
 .debug_frame   0x00001c80       0x28 /home/laurence/CodeSourcery/Sourcery_G++_Lite/bin/../lib/gcc/arm-none-eabi/4.5.2/../../../../arm-none-eabi/lib/thumb2/libcs3unhosted.a(unhosted-sbrk.o)
 .debug_frame   0x00001ca8       0x20 /home/laurence/CodeSourcery/Sourcery_G++_Lite/bin/../lib/gcc/arm-none-eabi/4.5.2/../../../../arm-none-eabi/lib/thumb2/libc.a(lib_a-errno.o)
 .debug_frame   0x00001cc8       0x2c /home/laurence/CodeSourcery/Sourcery_G++_Lite/bin/../lib/gcc/arm-none-eabi/4.5.2/../../../../arm-none-eabi/lib/thumb2/libc.a(lib_a-init.o)

.debug_str      0x00000000     0x34ac
 *(.debug_str)
 .debug_str     0x00000000      0x31e Sensors/amb_sensors.o
                                0x391 (size before relaxing)
 .debug_str     0x0000031e       0x84 Sensors/temperature.o
                                0x153 (size before relaxing)
 .debug_str     0x000003a2      0x640 Util/USB/hw_config.o
                                0x7ed (size before relaxing)
 .debug_str     0x000009e2       0xc1 Util/USB/mass_mal.o
                                0x27c (size before relaxing)
 .debug_str     0x00000aa3       0xfd Util/USB/memory.o
                                0x2f1 (size before relaxing)
 .debug_str     0x00000ba0       0xa5 Util/USB/scsi_data.o
                                0x178 (size before relaxing)
 .debug_str     0x00000c45       0xd6 Util/USB/usb_bot.o
                                0x237 (size before relaxing)
 .debug_str     0x00000d1b       0x8c Util/USB/usb_desc.o
                                0x161 (size before relaxing)
 .debug_str     0x00000da7       0x35 Util/USB/usb_endp.o
                                 0xf0 (size before relaxing)
 .debug_str     0x00000ddc      0x1bf Util/USB/usb_istr.o
                                0x2e5 (size before relaxing)
 .debug_str     0x00000f9b      0x334 Util/USB/usb_prop.o
                                0x890 (size before relaxing)
 .debug_str     0x000012cf       0x6c Util/USB/usb_pwr.o
                                0x2ca (size before relaxing)
 .debug_str     0x0000133b      0x197 Util/USB/usb_scsi.o
                                0x3af (size before relaxing)
 .debug_str     0x000014d2       0x38 Util/buffer.o
                                0x133 (size before relaxing)
 .debug_str     0x0000150a       0x29 Util/delay.o
                                 0xed (size before relaxing)
 .debug_str     0x00001533       0x5a Util/fat_fs/option/cc932.o
                                 0xe9 (size before relaxing)
 .debug_str     0x0000158d       0x1d Util/fat_fs/option/syscall.o
                                 0xdd (size before relaxing)
 .debug_str     0x000015aa       0x47 Util/fat_fs/src/fattime.o
                                0x122 (size before relaxing)
 .debug_str     0x000015f1      0x4e4 Util/fat_fs/src/ff.o
                                0x61a (size before relaxing)
 .debug_str     0x00001ad5       0xa8 Util/fat_fs/src/rtc.o
                                0x1b2 (size before relaxing)
 .debug_str     0x00001b7d      0x508 Util/fat_fs/src/sd_spi_stm32.o
                                0x6d6 (size before relaxing)
 .debug_str     0x00002085       0x68 Util/filter_1350.o
                                 0xd8 (size before relaxing)
 .debug_str     0x000020ed       0x52 Util/filter_380.o
                                 0xd4 (size before relaxing)
 .debug_str     0x0000213f      0x134 Util/rprintf.o
                                0x2ce (size before relaxing)
 .debug_str     0x00002273      0x4ea Util/stm32_eval_spi_sd.o
                                0x854 (size before relaxing)
 .debug_str     0x0000275d      0x13f Util/wave.o
                                0x425 (size before relaxing)
 .debug_str     0x0000289c      0x12d adc.o
                                0x395 (size before relaxing)
 .debug_str     0x000029c9       0x4f gpio.o
                                0x318 (size before relaxing)
 .debug_str     0x00002a18      0x1f2 i2c_int.o
                                0x5e7 (size before relaxing)
 .debug_str     0x00002c0a      0x32d interrupts.o
                                0x919 (size before relaxing)
 .debug_str     0x00002f37      0x13d lib/CMSIS_CM3/core_cm3.o
                                0x237 (size before relaxing)
 .debug_str     0x00003074      0x11d lib/CMSIS_CM3/system_stm32f10x.o
                                0x212 (size before relaxing)
 .debug_str     0x00003191      0x1b7 main.o
                                0x904 (size before relaxing)
 .debug_str     0x00003348       0x44 pwr.o
                                0x241 (size before relaxing)
 .debug_str     0x0000338c       0xe4 usart.o
                                0x351 (size before relaxing)
 .debug_str     0x00003470       0x3c watchdog.o
                                0x10e (size before relaxing)

.debug_loc      0x00000000    0x109cf
 *(.debug_loc)
 .debug_loc     0x00000000      0x253 Sensors/amb_sensors.o
 .debug_loc     0x00000253       0x7c Sensors/temperature.o
 .debug_loc     0x000002cf      0x210 Util/USB/hw_config.o
 .debug_loc     0x000004df      0x1ac Util/USB/mass_mal.o
 .debug_loc     0x0000068b      0x12f Util/USB/memory.o
 .debug_loc     0x000007ba      0x263 Util/USB/usb_bot.o
 .debug_loc     0x00000a1d       0x20 Util/USB/usb_istr.o
 .debug_loc     0x00000a3d      0x16f Util/USB/usb_prop.o
 .debug_loc     0x00000bac      0x19a Util/USB/usb_pwr.o
 .debug_loc     0x00000d46      0x695 Util/USB/usb_scsi.o
 .debug_loc     0x000013db       0xd8 Util/buffer.o
 .debug_loc     0x000014b3       0x55 Util/delay.o
 .debug_loc     0x00001508      0x2bd Util/fat_fs/option/cc932.o
 .debug_loc     0x000017c5       0x2c Util/fat_fs/src/fattime.o
 .debug_loc     0x000017f1     0x922c Util/fat_fs/src/ff.o
 .debug_loc     0x0000aa1d      0x7a4 Util/fat_fs/src/rtc.o
 .debug_loc     0x0000b1c1      0xd1e Util/fat_fs/src/sd_spi_stm32.o
 .debug_loc     0x0000bedf       0xe7 Util/filter_1350.o
 .debug_loc     0x0000bfc6       0xed Util/filter_380.o
 .debug_loc     0x0000c0b3     0x2420 Util/rprintf.o
 .debug_loc     0x0000e4d3     0x117f Util/stm32_eval_spi_sd.o
 .debug_loc     0x0000f652      0x229 Util/wave.o
 .debug_loc     0x0000f87b       0xb2 adc.o
 .debug_loc     0x0000f92d       0x60 gpio.o
 .debug_loc     0x0000f98d      0x2f8 i2c_int.o
 .debug_loc     0x0000fc85       0xd8 interrupts.o
 .debug_loc     0x0000fd5d      0x270 lib/CMSIS_CM3/core_cm3.o
 .debug_loc     0x0000ffcd       0x20 lib/CMSIS_CM3/system_stm32f10x.o
 .debug_loc     0x0000ffed      0x7e8 main.o
 .debug_loc     0x000107d5       0xa8 pwr.o
 .debug_loc     0x0001087d       0xff usart.o
 .debug_loc     0x0001097c       0x53 watchdog.o

.debug_macinfo  0x00000000   0x837f47
 *(.debug_macinfo)
 .debug_macinfo
                0x00000000    0x4837a Sensors/amb_sensors.o
 .debug_macinfo
                0x0004837a    0x47048 Sensors/temperature.o
 .debug_macinfo
                0x0008f3c2    0x4b86d Util/USB/hw_config.o
 .debug_macinfo
                0x000dac2f    0x4b603 Util/USB/mass_mal.o
 .debug_macinfo
                0x00126232    0x4bd4a Util/USB/memory.o
 .debug_macinfo
                0x00171f7c    0x449f7 Util/USB/scsi_data.o
 .debug_macinfo
                0x001b6973    0x46e93 Util/USB/usb_bot.o
 .debug_macinfo
                0x001fd806    0x44122 Util/USB/usb_desc.o
 .debug_macinfo
                0x00241928    0x46735 Util/USB/usb_endp.o
 .debug_macinfo
                0x0028805d    0x465e5 Util/USB/usb_istr.o
 .debug_macinfo
                0x002ce642    0x4b86f Util/USB/usb_prop.o
 .debug_macinfo
                0x00319eb1    0x46896 Util/USB/usb_pwr.o
 .debug_macinfo
                0x00360747    0x4bdb5 Util/USB/usb_scsi.o
 .debug_macinfo
                0x003ac4fc    0x45fd4 Util/buffer.o
 .debug_macinfo
                0x003f24d0    0x44053 Util/delay.o
 .debug_macinfo
                0x00436523     0x27da Util/fat_fs/option/cc932.o
 .debug_macinfo
                0x00438cfd     0x47fe Util/fat_fs/option/syscall.o
 .debug_macinfo
                0x0043d4fb     0x2b6b Util/fat_fs/src/fattime.o
 .debug_macinfo
                0x00440066    0x45141 Util/fat_fs/src/ff.o
 .debug_macinfo
                0x004851a7    0x440cb Util/fat_fs/src/rtc.o
 .debug_macinfo
                0x004c9272    0x4bc5b Util/fat_fs/src/sd_spi_stm32.o
 .debug_macinfo
                0x00514ecd     0x2257 Util/filter_1350.o
 .debug_macinfo
                0x00517124     0x2255 Util/filter_380.o
 .debug_macinfo
                0x00519379    0x4869f Util/rprintf.o
 .debug_macinfo
                0x00561a18    0x44651 Util/stm32_eval_spi_sd.o
 .debug_macinfo
                0x005a6069     0x30a4 Util/wave.o
 .debug_macinfo
                0x005a910d    0x4b37b adc.o
 .debug_macinfo
                0x005f4488    0x488f1 gpio.o
 .debug_macinfo
                0x0063cd79    0x48618 i2c_int.o
 .debug_macinfo
                0x00685391    0x4b252 interrupts.o
 .debug_macinfo
                0x006d05e3     0x2b03 lib/CMSIS_CM3/core_cm3.o
 .debug_macinfo
                0x006d30e6    0x44068 lib/CMSIS_CM3/system_stm32f10x.o
 .debug_macinfo
                0x0071714e    0x4c203 main.o
 .debug_macinfo
                0x00763351    0x48653 pwr.o
 .debug_macinfo
                0x007ab9a4    0x4852c usart.o
 .debug_macinfo
                0x007f3ed0    0x44077 watchdog.o

.debug_weaknames
 *(.debug_weaknames)

.debug_funcnames
 *(.debug_funcnames)

.debug_typenames
 *(.debug_typenames)

.debug_varnames
 *(.debug_varnames)

.note.gnu.arm.ident
 *(.note.gnu.arm.ident)

.ARM.attributes
                0x00000000       0x25
 *(.ARM.attributes)
 .ARM.attributes