Archive member included because of file (symbol)

lib/STM32F10x_StdPeriph_Driver/libstm32fw.a(misc.o)
                              interrupts.o (NVIC_PriorityGroupConfig)
lib/STM32F10x_StdPeriph_Driver/libstm32fw.a(stm32f10x_adc.o)
                              adc.o (ADC_DeInit)
lib/STM32F10x_StdPeriph_Driver/libstm32fw.a(stm32f10x_bkp.o)
                              Util/fat_fs/src/rtc.o (BKP_DeInit)
lib/STM32F10x_StdPeriph_Driver/libstm32fw.a(stm32f10x_dbgmcu.o)
                              main.o (DBGMCU_Config)
lib/STM32F10x_StdPeriph_Driver/libstm32fw.a(stm32f10x_dma.o)
                              Util/fat_fs/src/sd_spi_stm32.o (DMA_DeInit)
lib/STM32F10x_StdPeriph_Driver/libstm32fw.a(stm32f10x_exti.o)
                              interrupts.o (EXTI_DeInit)
lib/STM32F10x_StdPeriph_Driver/libstm32fw.a(stm32f10x_gpio.o)
                              Util/fat_fs/src/sd_spi_stm32.o (GPIO_Init)
lib/STM32F10x_StdPeriph_Driver/libstm32fw.a(stm32f10x_i2c.o)
                              i2c_int.o (I2C_DeInit)
lib/STM32F10x_StdPeriph_Driver/libstm32fw.a(stm32f10x_iwdg.o)
                              watchdog.o (IWDG_WriteAccessCmd)
lib/STM32F10x_StdPeriph_Driver/libstm32fw.a(stm32f10x_pwr.o)
                              pwr.o (PWR_DeInit)
lib/STM32F10x_StdPeriph_Driver/libstm32fw.a(stm32f10x_rcc.o)
                              interrupts.o (RCC_HCLKConfig)
lib/STM32F10x_StdPeriph_Driver/libstm32fw.a(stm32f10x_rtc.o)
                              Util/fat_fs/src/rtc.o (RTC_GetCounter)
lib/STM32F10x_StdPeriph_Driver/libstm32fw.a(stm32f10x_spi.o)
                              Util/fat_fs/src/sd_spi_stm32.o (SPI_I2S_DeInit)
lib/STM32F10x_StdPeriph_Driver/libstm32fw.a(stm32f10x_usart.o)
                              usart.o (USART_Init)
lib/STM32_USB-FS-Device_Driver/libstm32usb.a(usb_core.o)
                              Util/USB/usb_prop.o (Standard_GetDescriptorData)
lib/STM32_USB-FS-Device_Driver/libstm32usb.a(usb_init.o)
                              main.o (USB_Init)
lib/STM32_USB-FS-Device_Driver/libstm32usb.a(usb_int.o)
                              Util/USB/usb_istr.o (CTR_LP)
lib/STM32_USB-FS-Device_Driver/libstm32usb.a(usb_mem.o)
                              lib/STM32_USB-FS-Device_Driver/libstm32usb.a(usb_core.o) (UserToPMABufferCopy)
lib/STM32_USB-FS-Device_Driver/libstm32usb.a(usb_regs.o)
                              Util/USB/usb_prop.o (SetBTABLE)
lib/STM32_USB-FS-Device_Driver/libstm32usb.a(usb_sil.o)
                              Util/USB/usb_prop.o (USB_SIL_Init)
/home/laurence/CodeSourcery/Sourcery_G++_Lite/bin/../lib/gcc/arm-none-eabi/4.5.2/thumb2/libgcc.a(_arm_addsubdf3.o)
                              interrupts.o (__aeabi_f2d)
/home/laurence/CodeSourcery/Sourcery_G++_Lite/bin/../lib/gcc/arm-none-eabi/4.5.2/thumb2/libgcc.a(_arm_muldivdf3.o)
                              interrupts.o (__aeabi_ddiv)
/home/laurence/CodeSourcery/Sourcery_G++_Lite/bin/../lib/gcc/arm-none-eabi/4.5.2/thumb2/libgcc.a(_arm_cmpdf2.o)
                              main.o (__aeabi_dcmpgt)
/home/laurence/CodeSourcery/Sourcery_G++_Lite/bin/../lib/gcc/arm-none-eabi/4.5.2/thumb2/libgcc.a(_arm_truncdfsf2.o)
                              Util/rprintf.o (__aeabi_d2f)
/home/laurence/CodeSourcery/Sourcery_G++_Lite/bin/../lib/gcc/arm-none-eabi/4.5.2/thumb2/libgcc.a(_arm_addsubsf3.o)
                              Sensors/temperature.o (__aeabi_fsub)
/home/laurence/CodeSourcery/Sourcery_G++_Lite/bin/../lib/gcc/arm-none-eabi/4.5.2/thumb2/libgcc.a(_arm_muldivsf3.o)
                              Sensors/temperature.o (__aeabi_fmul)
/home/laurence/CodeSourcery/Sourcery_G++_Lite/bin/../lib/gcc/arm-none-eabi/4.5.2/thumb2/libgcc.a(_arm_cmpsf2.o)
                              Util/rprintf.o (__aeabi_fcmpeq)
/home/laurence/CodeSourcery/Sourcery_G++_Lite/bin/../lib/gcc/arm-none-eabi/4.5.2/thumb2/libgcc.a(_arm_fixsfsi.o)
                              main.o (__aeabi_f2iz)
/home/laurence/CodeSourcery/Sourcery_G++_Lite/bin/../lib/gcc/arm-none-eabi/4.5.2/thumb2/libgcc.a(_arm_fixunssfsi.o)
                              Util/rprintf.o (__aeabi_f2uiz)
/home/laurence/CodeSourcery/Sourcery_G++_Lite/bin/../lib/gcc/arm-none-eabi/4.5.2/../../../../arm-none-eabi/lib/thumb2/libc.a(lib_a-malloc.o)
                              Util/USB/mass_mal.o (malloc)
/home/laurence/CodeSourcery/Sourcery_G++_Lite/bin/../lib/gcc/arm-none-eabi/4.5.2/../../../../arm-none-eabi/lib/thumb2/libc.a(lib_a-mallocr.o)
                              /home/laurence/CodeSourcery/Sourcery_G++_Lite/bin/../lib/gcc/arm-none-eabi/4.5.2/../../../../arm-none-eabi/lib/thumb2/libc.a(lib_a-malloc.o) (_malloc_r)
/home/laurence/CodeSourcery/Sourcery_G++_Lite/bin/../lib/gcc/arm-none-eabi/4.5.2/../../../../arm-none-eabi/lib/thumb2/libc.a(lib_a-memcmp.o)
                              main.o (memcmp)
/home/laurence/CodeSourcery/Sourcery_G++_Lite/bin/../lib/gcc/arm-none-eabi/4.5.2/../../../../arm-none-eabi/lib/thumb2/libc.a(lib_a-mlock.o)
[...]
Memory Configuration

Name             Origin             Length             Attributes
ram              0x20000000         0x00005000         xrw
rom              0x08000000         0x00020000         xr
*default*        0x00000000         0xffffffff

Linker script and memory map

LOAD /home/laurence/CodeSourcery/Sourcery_G++_Lite/bin/../lib/gcc/arm-none-eabi/4.5.2/thumb2/crti.o
LOAD /home/laurence/CodeSourcery/Sourcery_G++_Lite/bin/../lib/gcc/arm-none-eabi/4.5.2/thumb2/crtbegin.o
LOAD Sensors/amb_sensors.o
LOAD Sensors/temperature.o
LOAD Util/USB/hw_config.o
LOAD Util/USB/mass_mal.o
LOAD Util/USB/memory.o
LOAD Util/USB/scsi_data.o
LOAD Util/USB/usb_bot.o
LOAD Util/USB/usb_desc.o
LOAD Util/USB/usb_endp.o
LOAD Util/USB/usb_istr.o
LOAD Util/USB/usb_prop.o
LOAD Util/USB/usb_pwr.o
LOAD Util/USB/usb_scsi.o
LOAD Util/buffer.o
LOAD Util/delay.o
LOAD Util/fat_fs/option/cc932.o
LOAD Util/fat_fs/option/syscall.o
LOAD Util/fat_fs/src/fattime.o
LOAD Util/fat_fs/src/ff.o
LOAD Util/fat_fs/src/rtc.o
LOAD Util/fat_fs/src/sd_spi_stm32.o
LOAD Util/filter_1200.o
LOAD Util/filter_190.o
LOAD Util/rprintf.o
LOAD Util/stm32_eval_spi_sd.o
LOAD Util/wave.o
LOAD adc.o
LOAD gpio.o
LOAD i2c_int.o
LOAD interrupts.o
LOAD lib/CMSIS_CM3/core_cm3.o
LOAD lib/CMSIS_CM3/startup/gcc/startup_stm32f10x_md.o
LOAD lib/CMSIS_CM3/system_stm32f10x.o
LOAD main.o
LOAD pwr.o
LOAD usart.o
LOAD watchdog.o
LOAD lib/STM32F10x_StdPeriph_Driver/libstm32fw.a
LOAD lib/STM32_USB-FS-Device_Driver/libstm32usb.a
LOAD /home/laurence/CodeSourcery/Sourcery_G++_Lite/bin/../lib/gcc/arm-none-eabi/4.5.2/../../../../arm-none-eabi/lib/thumb2/libm.a
START GROUP
LOAD /home/laurence/CodeSourcery/Sourcery_G++_Lite/bin/../lib/gcc/arm-none-eabi/4.5.2/thumb2/libgcc.a
LOAD /home/laurence/CodeSourcery/Sourcery_G++_Lite/bin/../lib/gcc/arm-none-eabi/4.5.2/../../../../arm-none-eabi/lib/thumb2/libc.a
END GROUP
LOAD /home/laurence/CodeSourcery/Sourcery_G++_Lite/bin/../lib/gcc/arm-none-eabi/4.5.2/thumb2/crtend.o
LOAD /home/laurence/CodeSourcery/Sourcery_G++_Lite/bin/../lib/gcc/arm-none-eabi/4.5.2/thumb2/crtn.o
START GROUP
LOAD /home/laurence/CodeSourcery/Sourcery_G++_Lite/bin/../lib/gcc/arm-none-eabi/4.5.2/thumb2/libgcc.a
LOAD /home/laurence/CodeSourcery/Sourcery_G++_Lite/bin/../lib/gcc/arm-none-eabi/4.5.2/../../../../arm-none-eabi/lib/thumb2/libc.a
LOAD /home/laurence/CodeSourcery/Sourcery_G++_Lite/bin/../lib/gcc/arm-none-eabi/4.5.2/../../../../arm-none-eabi/lib/thumb2/libcs3.a
LOAD /home/laurence/CodeSourcery/Sourcery_G++_Lite/bin/../lib/gcc/arm-none-eabi/4.5.2/../../../../arm-none-eabi/lib/thumb2/libcs3unhosted.a
LOAD lib/libcs3-lanchon-stm32.a
END GROUP
                0x20005000                PROVIDE (__cs3_stack, (__cs3_region_start_ram + __cs3_region_size_ram))
                0x20001a88                PROVIDE (__cs3_heap_start, _end)
                0x20005000                PROVIDE (__cs3_heap_end, (__cs3_region_start_ram + __cs3_region_size_ram))

.text           0x08000000    0x1a110
 CREATE_OBJECT_SYMBOLS
                0x08000000                __cs3_region_start_rom = .
 *(.cs3.region-head.rom)
                0x08000000                __cs3_interrupt_vector = __cs3_interrupt_vector_lanchon_stm32
 *(.cs3.interrupt_vector)
 .cs3.interrupt_vector
                0x08000000       0xec lib/libcs3-lanchon-stm32.a(lanchon-stm32-vector.o)
                0x08000000                __cs3_interrupt_vector_lanchon_stm32
                0x08000001                ASSERT ((. != __cs3_interrupt_vector_lanchon_stm32), No interrupt vector)
 *(.rom)
 *(.rom.b)
                0x08012500                PROVIDE (__cs3_reset_lanchon_stm32, _start)
                0x08012500                __cs3_reset = __cs3_reset_lanchon_stm32
 *(.cs3.reset)
 *(.text .text.* .gnu.linkonce.t.*)
 .text          0x080000ec       0x30 /home/laurence/CodeSourcery/Sourcery_G++_Lite/bin/../lib/gcc/arm-none-eabi/4.5.2/thumb2/crtbegin.o
 .text          0x0800011c      0x308 Sensors/amb_sensors.o
                0x0800011c                Allocate_Sensor_Buffers
                0x08000284                Configure_I2C_Driver
                0x080002ec                Fill_Sample_Buffers
 .text          0x08000424      0x298 Util/USB/hw_config.o
                0x08000424                Set_System
                0x0800042c                Set_USBClock
                0x08000444                Enter_LowPowerMode
                0x08000450                Leave_LowPowerMode
                0x08000470                USB_Interrupts_Config
                0x080004ac                Led_RW_ON
                0x080004bc                Led_RW_OFF
                0x080004cc                USB_Configured_LED
                0x080004dc                USB_NotConfigured_LED
                0x080004ec                USB_Cable_Config
                0x080004f0                Get_SerialNum
                0x080006b4                MAL_Config
 .text          0x080006bc      0x10c Util/USB/mass_mal.o
                0x080006bc                MAL_Init
                0x08000708                MAL_Write
                0x0800073c                MAL_Read
                0x08000764                MAL_GetStatus
 .text          0x080007c8      0x230 Util/USB/memory.o
                0x080007c8                Read_Memory
                0x080008f8                Write_Memory
 .text          0x080009f8      0x628 Util/USB/usb_bot.o
                0x080009f8                Mass_Storage_In
                0x08000a80                CBW_Decode
                0x08000ee0                Mass_Storage_Out
                0x08000f70                Transfer_Data_Request
                0x08000fa4                Set_CSW
                0x08000fe0                Bot_Abort
 .text          0x08001020        0x8 Util/USB/usb_endp.o
                0x08001020                EP1_IN_Callback
                0x08001024                EP2_OUT_Callback
 .text          0x08001028       0xf0 Util/USB/usb_istr.o
                0x08001028                USB_Istr
 .text          0x08001118      0x268 Util/USB/usb_prop.o
                0x08001118                Mass_Storage_SetDeviceAddress
                0x08001124                MASS_Status_In
                0x08001128                MASS_Status_Out
                0x0800112c                MASS_Get_Interface_Setting
                0x0800113c                Get_Max_Lun
                0x08001154                MASS_Data_Setup
                0x08001198                MASS_GetStringDescriptor
                0x080011b8                MASS_GetConfigDescriptor
                0x080011c4                MASS_GetDeviceDescriptor
                0x080011d0                MASS_NoData_Setup
                0x08001220                Mass_Storage_SetConfiguration
                0x08001250                Mass_Storage_ClearFeature
                0x0800126c                MASS_Reset
                0x0800135c                MASS_init
 .text          0x08001380      0x1c4 Util/USB/usb_pwr.o
                0x08001380                PowerOn
                0x080013b0                PowerOff
                0x080013d4                Suspend
                0x08001418                Resume_Init
                0x08001458                Resume
 .text          0x08001544      0x44c Util/USB/usb_scsi.o
                0x08001544                SCSI_Inquiry_Cmd
                0x0800157c                SCSI_ReadFormatCapacity_Cmd
                0x080015f0                SCSI_ReadCapacity10_Cmd
                0x0800166c                SCSI_ModeSense6_Cmd
                0x08001678                SCSI_ModeSense10_Cmd
                0x08001684                SCSI_RequestSense_Cmd
                0x0800169c                Set_Scsi_Sense_Data
                0x080016a8                SCSI_Start_Stop_Unit_Cmd
                0x080016b0                SCSI_Read10_Cmd
                0x08001760                SCSI_Write10_Cmd
                0x0800180c                SCSI_Verify10_Cmd
                0x0800184c                SCSI_Valid_Cmd
                0x08001884                SCSI_TestUnitReady_Cmd
                0x080018b8                SCSI_Format_Cmd
                0x080018d0                SCSI_Invalid_Cmd
                0x0800190c                SCSI_Address_Management
 .text          0x08001990       0x8c Util/buffer.o
                0x08001990                Add_To_Buffer
                0x080019c8                Get_From_Buffer
                0x08001a00                Empty_Buffer
                0x08001a08                init_buffer
 .text          0x08001a1c       0x34 Util/delay.o
                0x08001a1c                Delay
 .text          0x08001a50      0x25c Util/fat_fs/option/cc932.o
                0x08001a50                ff_convert
                0x08001c7c                ff_wtoupper
 .text          0x08001cac       0x48 Util/fat_fs/src/fattime.o
                0x08001cac                get_fattime
 .text          0x08001cf4     0x65c8 Util/fat_fs/src/ff.o
                0x080025e4                clust2sect
                0x08002600                get_fat
                0x08002ba4                put_fat
                0x08004a14                gen_numname
                0x0800569c                f_mount
                0x080056bc                f_open
                0x08005b28                f_read
                0x08005f10                f_write
                0x08006344                f_sync
                0x0800651c                f_close
                0x0800652c                f_chdrive
                0x08006540                f_chdir
                0x080065ac                f_lseek
                0x08006778                f_opendir
                0x080067e4                f_readdir
                0x08006858                f_stat
                0x080068a0                f_getfree
                0x08006b04                f_truncate
                0x08006c74                f_unlink
                0x08006d9c                f_mkdir
                0x080071d0                f_chmod
                0x08007234                f_utime
                0x080072a0                f_rename
                0x08007578                f_gets
                0x08007694                f_putc
                0x080076b8                f_puts
                0x080076f4                f_printf
 .text          0x080082bc      0x484 Util/fat_fs/src/rtc.o
                0x080082bc                rtc_gettime
                0x0800843c                my_RTC_SetCounter
                0x08008460                rtc_settime
                0x08008694                rtc_init
 .text          0x08008740      0xe48 Util/fat_fs/src/sd_spi_stm32.o
                0x08008b70                release_spi
                0x08008ba4                wrapup_transaction
                0x08008bd0                stop_cmd
                0x08008bd8                rcvr_datablock
                0x08008c74                disk_initialize
                0x08008e20                disk_status
                0x08008e30                disk_read
                0x08008fd0                disk_write
                0x08009170                disk_ioctl
                0x0800954c                disk_timerproc
 .text          0x08009588      0x15c Util/filter_1200.o
                0x08009588                SampleFilter_init_1200
                0x080095b4                SampleFilter_put_1200
                0x080095d0                SampleFilter_get_1200
 .text          0x080096e4      0x368 Util/filter_190.o
                0x080096e4                SampleFilter_init_190
                0x0800970c                SampleFilter_put_190
                0x08009720                SampleFilter_get_190
 .text          0x08009a4c     0x182c Util/rprintf.o
                0x08009a4c                rprintfInit
                0x08009a58                rprintfChar
                0x08009a80                rprintfStr
                0x08009ab8                rprintfStrLen
                0x08009c7c                rprintfCRLF
                0x08009c94                rprintfu04
                0x08009cc0                rprintfu08
                0x08009d08                rprintfu16
                0x08009da4                rprintfu32
                0x08009ef0                rprintfNum
                0x0800a160                rprintfFloat
                0x0800a424                rprintf2RamRom
                0x0800b220                Isdigit
                0x0800b230                atoiRamRom
                0x0800b268                rStrLen
 .text          0x0800b278      0x34c Util/wave.o
                0x0800b278                write_wave_header
                0x0800b370                write_wave_samples
                0x0800b53c                wave_terminate
 .text          0x0800b5c4      0x13c adc.o
                0x0800b5c4                ADC_Configuration
                0x0800b680                readADC2
                0x0800b6b8                setADC2
                0x0800b6d8                getADC2
 .text          0x0800b700      0x1e4 gpio.o
                0x0800b700                setup_gpio
                0x0800b858                switch_leds_on
                0x0800b880                switch_leds_off
                0x0800b8a8                red_flash
                0x0800b8d8                get_wkup
 .text          0x0800b8e4      0xb2c i2c_int.o
                0x0800b8e4                I2C1_EV_IRQHandler
                0x0800c0c8                I2C1_Request_Job
                0x0800c168                I2C1_Setup_Job
                0x0800c17c                I2C_Config
                0x0800c314                I2C1_ER_IRQHandler
 .text          0x0800c410      0x380 interrupts.o
                0x0800c410                ISR_Config
                0x0800c470                EXTI_ONOFF_EN
                0x0800c4d0                SysTick_Configuration
                0x0800c504                EXTI0_IRQHandler
                0x0800c5a4                ADC1_2_IRQHandler
                0x0800c60c                SysTickHandler
                0x0800c788                USB_HP_CAN_TX_IRQHandler
                0x0800c78c                USB_LP_CAN_RX0_IRQHandler
 .text.Default_Handler
                0x0800c790        0x2 lib/CMSIS_CM3/startup/gcc/startup_stm32f10x_md.o
                0x0800c790                EXTI2_IRQHandler
                0x0800c790                DebugMon_Handler
                0x0800c790                TIM1_CC_IRQHandler
                0x0800c790                HardFault_Handler
                0x0800c790                SysTick_Handler
                0x0800c790                PVD_IRQHandler
                0x0800c790                PendSV_Handler
                0x0800c790                NMI_Handler
                0x0800c790                EXTI3_IRQHandler
                0x0800c790                I2C2_EV_IRQHandler
                0x0800c790                UsageFault_Handler
                0x0800c790                SPI1_IRQHandler
                0x0800c790                TAMPER_IRQHandler
                0x0800c790                DMA1_Channel4_IRQHandler
                0x0800c790                USART3_IRQHandler
                0x0800c790                RTC_IRQHandler
                0x0800c790                DMA1_Channel7_IRQHandler
                0x0800c790                CAN1_RX1_IRQHandler
                0x0800c790                TIM4_IRQHandler
                0x0800c790                DMA1_Channel6_IRQHandler
                0x0800c790                TIM3_IRQHandler
                0x0800c790                RCC_IRQHandler
                0x0800c790                TIM1_TRG_COM_IRQHandler
                0x0800c790                DMA1_Channel1_IRQHandler
                0x0800c790                Default_Handler
                0x0800c790                EXTI15_10_IRQHandler
                0x0800c790                EXTI9_5_IRQHandler
                0x0800c790                SPI2_IRQHandler
                0x0800c790                MemManage_Handler
                0x0800c790                SVC_Handler
                0x0800c790                DMA1_Channel5_IRQHandler
                0x0800c790                EXTI4_IRQHandler
                0x0800c790                USB_LP_CAN1_RX0_IRQHandler
                0x0800c790                USB_HP_CAN1_TX_IRQHandler
                0x0800c790                DMA1_Channel3_IRQHandler
                0x0800c790                TIM1_UP_IRQHandler
                0x0800c790                WWDG_IRQHandler
                0x0800c790                TIM2_IRQHandler
                0x0800c790                TIM1_BRK_IRQHandler
                0x0800c790                EXTI1_IRQHandler
                0x0800c790                RTCAlarm_IRQHandler
                0x0800c790                USART2_IRQHandler
                0x0800c790                I2C2_ER_IRQHandler
                0x0800c790                DMA1_Channel2_IRQHandler
                0x0800c790                CAN1_SCE_IRQHandler
                0x0800c790                FLASH_IRQHandler
                0x0800c790                BusFault_Handler
                0x0800c790                USART1_IRQHandler
                0x0800c790                USBWakeUp_IRQHandler
 *fill*         0x0800c792        0x2 00
 .text          0x0800c794       0xfc lib/CMSIS_CM3/system_stm32f10x.o
                0x0800c794                SystemInit
 .text          0x0800c890     0x1020 main.o
                0x0800c890                __str_print_char
                0x0800c8bc                __fat_print_char
                0x0800c8dc                file_preallocation_control
                0x0800c90c                detect_sensors
                0x0800ca40                main
 .text          0x0800d8b0       0xd8 pwr.o
                0x0800d8b0                setuppwr
                0x0800d8c4                shutdown
                0x0800d8d4                disable_pin
                0x0800d8dc                shutdown_filesystem
 .text          0x0800d988      0x110 usart.o
                0x0800d988                Usarts_Init
                0x0800da34                Default_Usart_Config
                0x0800da50                Usart_Send_Str
                0x0800da7c                __usart_send_char
 .text          0x0800da98       0x40 watchdog.o
                0x0800da98                Watchdog_Config
                0x0800dac4                Watchdog_Reset_Detect
 .text          0x0800dad8       0xb8 lib/STM32F10x_StdPeriph_Driver/libstm32fw.a(misc.o)
                0x0800dad8                NVIC_PriorityGroupConfig
                0x0800daec                NVIC_Init
                0x0800db4c                NVIC_SetVectorTable
                0x0800db60                NVIC_SystemLPConfig
                0x0800db78                SysTick_CLKSourceConfig
 .text          0x0800db90      0x380 lib/STM32F10x_StdPeriph_Driver/libstm32fw.a(stm32f10x_adc.o)
                0x0800db90                ADC_DeInit
                0x0800dbec                ADC_Init
                0x0800dc38                ADC_StructInit
                0x0800dc4a                ADC_Cmd
                0x0800dc5e                ADC_DMACmd
                0x0800dc72                ADC_ITConfig
                0x0800dc86                ADC_ResetCalibration
                0x0800dc90                ADC_GetResetCalibrationStatus
                0x0800dc98                ADC_StartCalibration
                0x0800dca2                ADC_GetCalibrationStatus
                0x0800dcaa                ADC_SoftwareStartConvCmd
                0x0800dcbe                ADC_GetSoftwareStartConvStatus
                0x0800dcc6                ADC_DiscModeChannelCountConfig
                0x0800dcd6                ADC_DiscModeCmd
                0x0800dcea                ADC_RegularChannelConfig
                0x0800dd78                ADC_ExternalTrigConvCmd
                0x0800dd8c                ADC_GetConversionValue
                0x0800dd92                ADC_GetDualModeConversionValue
                0x0800dd9c                ADC_AutoInjectedConvCmd
                0x0800ddb0                ADC_InjectedDiscModeCmd
                0x0800ddc4                ADC_ExternalTrigInjectedConvConfig
                0x0800ddd2                ADC_ExternalTrigInjectedConvCmd
                0x0800dde6                ADC_SoftwareStartInjectedConvCmd
                0x0800ddfa                ADC_GetSoftwareStartInjectedConvCmdStatus
                0x0800de02                ADC_InjectedChannelConfig
                0x0800de5e                ADC_InjectedSequencerLengthConfig
                0x0800de6e                ADC_SetInjectedOffset
                0x0800de84                ADC_GetInjectedConversionValue
                0x0800de9e                ADC_AnalogWatchdogCmd
                0x0800deb0                ADC_AnalogWatchdogThresholdsConfig
                0x0800deb6                ADC_AnalogWatchdogSingleChannelConfig
                0x0800dec4                ADC_TempSensorVrefintCmd
                0x0800dee0                ADC_GetFlagStatus
                0x0800deec                ADC_ClearFlag
                0x0800def2                ADC_GetITStatus
                0x0800df08                ADC_ClearITPendingBit
 .text          0x0800df10       0xe0 lib/STM32F10x_StdPeriph_Driver/libstm32fw.a(stm32f10x_bkp.o)
                0x0800df10                BKP_DeInit
                0x0800df22                BKP_TamperPinLevelConfig
                0x0800df2c                BKP_TamperPinCmd
                0x0800df38                BKP_ITConfig
                0x0800df44                BKP_RTCOutputConfig
                0x0800df5c                BKP_SetRTCCalibrationValue
                0x0800df74                BKP_WriteBackupRegister
                0x0800df90                BKP_ReadBackupRegister
                0x0800dfb0                BKP_GetFlagStatus
                0x0800dfbc                BKP_ClearFlag
                0x0800dfd0                BKP_GetITStatus
                0x0800dfdc                BKP_ClearITPendingBit
 .text          0x0800dff0       0x34 lib/STM32F10x_StdPeriph_Driver/libstm32fw.a(stm32f10x_dbgmcu.o)
                0x0800dff0                DBGMCU_GetREVID
                0x0800dffc                DBGMCU_GetDEVID
                0x0800e00c                DBGMCU_Config
 .text          0x0800e024      0x1f0 lib/STM32F10x_StdPeriph_Driver/libstm32fw.a(stm32f10x_dma.o)
                0x0800e024                DMA_DeInit
                0x0800e120                DMA_Init
                0x0800e160                DMA_StructInit
                0x0800e17a                DMA_Cmd
                0x0800e18e                DMA_ITConfig
                0x0800e1a0                DMA_GetCurrDataCounter
                0x0800e1a6                DMA_GetFlagStatus
                0x0800e1c4                DMA_ClearFlag
                0x0800e1dc                DMA_GetITStatus
                0x0800e1fc                DMA_ClearITPendingBit
 .text          0x0800e214      0x108 lib/STM32F10x_StdPeriph_Driver/libstm32fw.a(stm32f10x_exti.o)
                0x0800e214                EXTI_DeInit
                0x0800e230                EXTI_Init
                0x0800e2b4                EXTI_StructInit
                0x0800e2c2                EXTI_GenerateSWInterrupt
                0x0800e2d4                EXTI_GetFlagStatus
                0x0800e2e8                EXTI_ClearFlag
                0x0800e2f4                EXTI_GetITStatus
                0x0800e310                EXTI_ClearITPendingBit
 .text          0x0800e31c      0x278 lib/STM32F10x_StdPeriph_Driver/libstm32fw.a(stm32f10x_gpio.o)
                0x0800e31c                GPIO_DeInit
                0x0800e3c8                GPIO_AFIODeInit
                0x0800e3de                GPIO_Init
                0x0800e476                GPIO_StructInit
                0x0800e486                GPIO_ReadInputDataBit
                0x0800e492                GPIO_ReadInputData
                0x0800e498                GPIO_ReadOutputDataBit
                0x0800e4a4                GPIO_ReadOutputData
                0x0800e4aa                GPIO_SetBits
                0x0800e4ae                GPIO_ResetBits
                0x0800e4b2                GPIO_WriteBit
                0x0800e4bc                GPIO_Write
                0x0800e4c0                GPIO_PinLockConfig
                0x0800e4d0                GPIO_EventOutputConfig
                0x0800e4f0                GPIO_EventOutputCmd
                0x0800e4fc                GPIO_PinRemapConfig
                0x0800e554                GPIO_EXTILineConfig
                0x0800e588                GPIO_ETH_MediaInterfaceConfig
 .text          0x0800e594      0x3b4 lib/STM32F10x_StdPeriph_Driver/libstm32fw.a(stm32f10x_i2c.o)
                0x0800e594                I2C_DeInit
                0x0800e5c8                I2C_Init
                0x0800e698                I2C_StructInit
                0x0800e6b4                I2C_Cmd
                0x0800e6ce                I2C_DMACmd
                0x0800e6e8                I2C_DMALastTransferCmd
                0x0800e702                I2C_GenerateSTART
                0x0800e71c                I2C_GenerateSTOP
                0x0800e736                I2C_AcknowledgeConfig
                0x0800e750                I2C_OwnAddress2Config
                0x0800e766                I2C_DualAddressCmd
                0x0800e780                I2C_GeneralCallCmd
                0x0800e79a                I2C_ITConfig
                0x0800e7b0                I2C_SendData
                0x0800e7b4                I2C_ReceiveData
                0x0800e7ba                I2C_Send7bitAddress
                0x0800e7ca                I2C_ReadRegister
                0x0800e7e2                I2C_SoftwareResetCmd
                0x0800e7fa                I2C_SMBusAlertConfig
                0x0800e818                I2C_TransmitPEC
                0x0800e832                I2C_PECPositionConfig
                0x0800e850                I2C_CalculatePEC
                0x0800e86a                I2C_GetPEC
                0x0800e872                I2C_ARPCmd
                0x0800e88c                I2C_StretchClockCmd
                0x0800e8a6                I2C_FastModeDutyCycleConfig
                0x0800e8c4                I2C_GetLastEvent
                0x0800e8d4                I2C_CheckEvent
                0x0800e8ec                I2C_GetFlagStatus
                0x0800e920                I2C_ClearFlag
                0x0800e926                I2C_GetITStatus
                0x0800e942                I2C_ClearITPendingBit
 .text          0x0800e948       0x58 lib/STM32F10x_StdPeriph_Driver/libstm32fw.a(stm32f10x_iwdg.o)
                0x0800e948                IWDG_WriteAccessCmd
                0x0800e954                IWDG_SetPrescaler
                0x0800e960                IWDG_SetReload
                0x0800e96c                IWDG_ReloadCounter
                0x0800e97c                IWDG_Enable
                0x0800e98c                IWDG_GetFlagStatus
 .text          0x0800e9a0       0xcc lib/STM32F10x_StdPeriph_Driver/libstm32fw.a(stm32f10x_pwr.o)
                0x0800e9a4                PWR_DeInit
                0x0800e9be                PWR_BackupAccessCmd
                0x0800e9c8                PWR_PVDCmd
                0x0800e9d4                PWR_PVDLevelConfig
                0x0800e9e8                PWR_WakeUpPinCmd
                0x0800e9f4                PWR_EnterSTOPMode
                0x0800ea20                PWR_EnterSTANDBYMode
                0x0800ea48                PWR_GetFlagStatus
                0x0800ea5c                PWR_ClearFlag
 .text          0x0800ea6c      0x360 lib/STM32F10x_StdPeriph_Driver/libstm32fw.a(stm32f10x_rcc.o)
                0x0800ea6c                RCC_DeInit
                0x0800eaac                RCC_HSEConfig
                0x0800eae4                RCC_AdjustHSICalibrationValue
                0x0800eaf8                RCC_HSICmd
                0x0800eb04                RCC_PLLConfig
                0x0800eb1c                RCC_PLLCmd
                0x0800eb28                RCC_SYSCLKConfig
                0x0800eb3c                RCC_GetSYSCLKSource
                0x0800eb4c                RCC_HCLKConfig
                0x0800eb60                RCC_PCLK1Config
                0x0800eb74                RCC_PCLK2Config
                0x0800eb88                RCC_ITConfig
                0x0800eba0                RCC_USBCLKConfig
                0x0800ebac                RCC_ADCCLKConfig
                0x0800ebc0                RCC_LSEConfig
                0x0800ebe0                RCC_LSICmd
                0x0800ebec                RCC_RTCCLKConfig
                0x0800ebfc                RCC_RTCCLKCmd
                0x0800ec08                RCC_GetClocksFreq
                0x0800ecac                RCC_AHBPeriphClockCmd
                0x0800ecc4                RCC_APB2PeriphClockCmd
                0x0800ecdc                RCC_APB1PeriphClockCmd
                0x0800ecf4                RCC_APB2PeriphResetCmd
                0x0800ed0c                RCC_APB1PeriphResetCmd
                0x0800ed24                RCC_BackupResetCmd
                0x0800ed30                RCC_ClockSecuritySystemCmd
                0x0800ed3c                RCC_MCOConfig
                0x0800ed48                RCC_GetFlagStatus
                0x0800ed70                RCC_WaitForHSEStartUp
                0x0800ed9c                RCC_ClearFlag
                0x0800edac                RCC_GetITStatus
                0x0800edc0                RCC_ClearITPendingBit
 .text          0x0800edcc      0x158 lib/STM32F10x_StdPeriph_Driver/libstm32fw.a(stm32f10x_rtc.o)
                0x0800edcc                RTC_ITConfig
                0x0800ede8                RTC_EnterConfigMode
                0x0800edfc                RTC_ExitConfigMode
                0x0800ee10                RTC_GetCounter
                0x0800ee24                RTC_SetCounter
                0x0800ee40                RTC_SetPrescaler
                0x0800ee60                RTC_SetAlarm
                0x0800ee7c                RTC_GetDivider
                0x0800ee94                RTC_WaitForLastTask
                0x0800eea4                RTC_WaitForSynchro
                0x0800eec4                RTC_GetFlagStatus
                0x0800eed8                RTC_ClearFlag
                0x0800eeec                RTC_GetITStatus
                0x0800ef10                RTC_ClearITPendingBit
 .text          0x0800ef24      0x2d4 lib/STM32F10x_StdPeriph_Driver/libstm32fw.a(stm32f10x_spi.o)
                0x0800ef24                SPI_I2S_DeInit
                0x0800ef88                SPI_Init
                0x0800efc8                I2S_Init
                0x0800f068                SPI_StructInit
                0x0800f080                I2S_StructInit
                0x0800f092                SPI_Cmd
                0x0800f0ac                I2S_Cmd
                0x0800f0c6                SPI_I2S_ITConfig
                0x0800f0e4                SPI_I2S_DMACmd
                0x0800f0fa                SPI_I2S_SendData
                0x0800f0fe                SPI_I2S_ReceiveData
                0x0800f104                SPI_NSSInternalSoftwareConfig
                0x0800f124                SPI_SSOutputCmd
                0x0800f13e                SPI_DataSizeConfig
                0x0800f156                SPI_TransmitCRC
                0x0800f162                SPI_CalculateCRC
                0x0800f17c                SPI_GetCRC
                0x0800f18c                SPI_GetCRCPolynomial
                0x0800f192                SPI_BiDirectionalLineConfig
                0x0800f1b0                SPI_I2S_GetFlagStatus
                0x0800f1bc                SPI_I2S_ClearFlag
                0x0800f1c2                SPI_I2S_GetITStatus
                0x0800f1e8                SPI_I2S_ClearITPendingBit
 .text          0x0800f1f8      0x374 lib/STM32F10x_StdPeriph_Driver/libstm32fw.a(stm32f10x_usart.o)
                0x0800f1f8                USART_DeInit
                0x0800f290                USART_Init
                0x0800f320                USART_StructInit
                0x0800f336                USART_ClockInit
                0x0800f35c                USART_ClockStructInit
                0x0800f368                USART_Cmd
                0x0800f382                USART_ITConfig
                0x0800f3b8                USART_DMACmd
                0x0800f3ce                USART_SetAddress
                0x0800f3e6                USART_WakeUpConfig
                0x0800f3fe                USART_ReceiverWakeUpCmd
                0x0800f418                USART_LINBreakDetectLengthConfig
                0x0800f430                USART_LINCmd
                0x0800f44a                USART_SendData
                0x0800f452                USART_ReceiveData
                0x0800f45a                USART_SendBreak
                0x0800f466                USART_SetGuardTime
                0x0800f478                USART_SetPrescaler
                0x0800f48c                USART_SmartCardCmd
                0x0800f4a6                USART_SmartCardNACKCmd
                0x0800f4c0                USART_HalfDuplexCmd
                0x0800f4da                USART_IrDAConfig
                0x0800f4f2                USART_IrDACmd
                0x0800f50c                USART_GetFlagStatus
                0x0800f518                USART_ClearFlag
                0x0800f51e                USART_GetITStatus
                0x0800f55e                USART_ClearITPendingBit
 .text          0x0800f56c      0xa54 lib/STM32_USB-FS-Device_Driver/libstm32usb.a(usb_core.o)
                0x0800f56c                Standard_GetConfiguration
                0x0800f594                Standard_GetInterface
                0x0800f5bc                Standard_GetStatus
                0x0800f730                Standard_SetConfiguration
                0x0800f76c                Standard_SetInterface
                0x0800f7bc                Standard_ClearFeature
                0x0800f8b8                Standard_SetEndPointFeature
                0x0800f96c                Standard_SetDeviceFeature
                0x0800f990                Standard_GetDescriptorData
                0x0800f9ac                Post0_Process
                0x0800f9f4                Out0_Process
                0x0800fad0                Setup0_Process
                0x0800fea0                SetDeviceAddress
                0x0800ff5c                In0_Process
                0x0800ffbc                NOP_Process
 .text          0x0800ffc0       0x38 lib/STM32_USB-FS-Device_Driver/libstm32usb.a(usb_init.o)
                0x0800ffc0                USB_Init
 .text          0x0800fff8      0x25c lib/STM32_USB-FS-Device_Driver/libstm32usb.a(usb_int.o)
                0x0800fff8                CTR_LP
                0x080101c0                CTR_HP
 .text          0x08010254       0xb8 lib/STM32_USB-FS-Device_Driver/libstm32usb.a(usb_mem.o)
                0x08010254                UserToPMABufferCopy
                0x080102bc                PMAToUserBufferCopy
 .text          0x0801030c      0x880 lib/STM32_USB-FS-Device_Driver/libstm32usb.a(usb_regs.o)
                0x0801030c                SetCNTR
                0x08010318                GetCNTR
                0x08010324                SetISTR
                0x08010330                GetISTR
                0x0801033c                GetFNR
                0x08010348                SetDADDR
                0x08010354                GetDADDR
                0x08010360                SetBTABLE
                0x08010374                GetBTABLE
                0x08010380                SetENDPOINT
                0x08010390                GetENDPOINT
                0x080103a0                SetEPType
                0x080103bc                GetEPType
                0x080103d0                SetEPTxStatus
                0x08010410                SetEPRxStatus
                0x08010450                SetDouBleBuffEPStall
                0x08010478                GetEPTxStatus
                0x0801048c                GetEPRxStatus
                0x080104a0                SetEPTxValid
                0x080104c4                SetEPRxValid
                0x080104e8                SetEP_KIND
                0x08010508                ClearEP_KIND
                0x08010528                Clear_Status_Out
                0x08010548                Set_Status_Out
                0x08010568                SetEPDoubleBuff
                0x08010588                ClearEPDoubleBuff
                0x080105a8                GetTxStallStatus
                0x080105c8                GetRxStallStatus
                0x080105e8                ClearEP_CTR_RX
                0x08010600                ClearEP_CTR_TX
                0x08010618                ToggleDTOG_RX
                0x08010638                ToggleDTOG_TX
                0x08010658                ClearDTOG_RX
                0x08010680                ClearDTOG_TX
                0x080106a8                SetEPAddress
                0x080106cc                GetEPAddress
                0x080106e0                SetEPTxAddr
                0x08010704                SetEPRxAddr
                0x0801072c                GetEPTxAddr
                0x0801074c                GetEPRxAddr
                0x0801076c                SetEPTxCount
                0x0801078c                SetEPCountRxReg
                0x080107b8                SetEPRxCount
                0x08010800                GetEPTxCount
                0x08010824                GetEPRxCount
                0x08010848                SetEPDblBuffAddr
                0x08010890                SetEPDblBuf0Addr
                0x080108b4                SetEPDblBuf1Addr
                0x080108dc                GetEPDblBuf0Addr
                0x080108fc                GetEPDblBuf1Addr
                0x0801091c                SetEPDblBuffCount
                0x080109c8                SetEPDblBuf0Count
                0x08010a30                SetEPDblBuf1Count
                0x08010a98                GetEPDblBuf0Count
                0x08010abc                GetEPDblBuf1Count
                0x08010ae0                GetEPDblBufDir
                0x08010b28                FreeUserBuffer
                0x08010b78                ToWord
                0x08010b80                ByteSwap
 .text          0x08010b8c       0x6c lib/STM32_USB-FS-Device_Driver/libstm32usb.a(usb_sil.o)
                0x08010b8c                USB_SIL_Init
                0x08010bac                USB_SIL_Write
                0x08010bd4                USB_SIL_Read
 .text          0x08010bf8      0x370 /home/laurence/CodeSourcery/Sourcery_G++_Lite/bin/../lib/gcc/arm-none-eabi/4.5.2/thumb2/libgcc.a(_arm_addsubdf3.o)
                0x08010bf8                __aeabi_drsub
                0x08010c00                __aeabi_dsub
                0x08010c00                __subdf3
                0x08010c04                __adddf3
                0x08010c04                __aeabi_dadd
                0x08010e7c                __aeabi_ui2d
                0x08010e7c                __floatunsidf
                0x08010e9c                __floatsidf
                0x08010e9c                __aeabi_i2d
                0x08010ec0                __extendsfdf2
                0x08010ec0                __aeabi_f2d
                0x08010efc                __aeabi_ul2d
                0x08010efc                __floatundidf
                0x08010f0c                __floatdidf
                0x08010f0c                __aeabi_l2d
 .text          0x08010f68      0x424 /home/laurence/CodeSourcery/Sourcery_G++_Lite/bin/../lib/gcc/arm-none-eabi/4.5.2/thumb2/libgcc.a(_arm_muldivdf3.o)
                0x08010f68                __aeabi_dmul
                0x08010f68                __muldf3
                0x080111bc                __aeabi_ddiv
                0x080111bc                __divdf3
 .text          0x0801138c      0x110 /home/laurence/CodeSourcery/Sourcery_G++_Lite/bin/../lib/gcc/arm-none-eabi/4.5.2/thumb2/libgcc.a(_arm_cmpdf2.o)
                0x0801138c                __gtdf2
                0x0801138c                __gedf2
                0x08011394                __ltdf2
                0x08011394                __ledf2
                0x0801139c                __cmpdf2
                0x0801139c                __eqdf2
                0x0801139c                __nedf2
                0x08011418                __aeabi_cdrcmple
                0x08011428                __aeabi_cdcmple
                0x08011428                __aeabi_cdcmpeq
                0x08011438                __aeabi_dcmpeq
                0x0801144c                __aeabi_dcmplt
                0x08011460                __aeabi_dcmple
                0x08011474                __aeabi_dcmpge
                0x08011488                __aeabi_dcmpgt
 .text          0x0801149c       0xa0 /home/laurence/CodeSourcery/Sourcery_G++_Lite/bin/../lib/gcc/arm-none-eabi/4.5.2/thumb2/libgcc.a(_arm_truncdfsf2.o)
                0x0801149c                __aeabi_d2f
                0x0801149c                __truncdfsf2
 .text          0x0801153c      0x21c /home/laurence/CodeSourcery/Sourcery_G++_Lite/bin/../lib/gcc/arm-none-eabi/4.5.2/thumb2/libgcc.a(_arm_addsubsf3.o)
                0x0801153c                __aeabi_frsub
                0x08011544                __subsf3
                0x08011544                __aeabi_fsub
                0x08011548                __aeabi_fadd
                0x08011548                __addsf3
                0x080116a8                __aeabi_ui2f
                0x080116a8                __floatunsisf
                0x080116b0                __aeabi_i2f
                0x080116b0                __floatsisf
                0x080116cc                __floatundisf
                0x080116cc                __aeabi_ul2f
                0x080116dc                __floatdisf
                0x080116dc                __aeabi_l2f
 .text          0x08011758      0x2a0 /home/laurence/CodeSourcery/Sourcery_G++_Lite/bin/../lib/gcc/arm-none-eabi/4.5.2/thumb2/libgcc.a(_arm_muldivsf3.o)
                0x08011758                __mulsf3
                0x08011758                __aeabi_fmul
                0x080118c0                __divsf3
                0x080118c0                __aeabi_fdiv
 .text          0x080119f8       0xec /home/laurence/CodeSourcery/Sourcery_G++_Lite/bin/../lib/gcc/arm-none-eabi/4.5.2/thumb2/libgcc.a(_arm_cmpsf2.o)
                0x080119f8                __gtsf2
                0x080119f8                __gesf2
                0x08011a00                __lesf2
                0x08011a00                __ltsf2
                0x08011a08                __nesf2
                0x08011a08                __eqsf2
                0x08011a08                __cmpsf2
                0x08011a68                __aeabi_cfrcmple
                0x08011a70                __aeabi_cfcmple
                0x08011a70                __aeabi_cfcmpeq
                0x08011a80                __aeabi_fcmpeq
                0x08011a94                __aeabi_fcmplt
                0x08011aa8                __aeabi_fcmple
                0x08011abc                __aeabi_fcmpge
                0x08011ad0                __aeabi_fcmpgt
 .text          0x08011ae4       0x4c /home/laurence/CodeSourcery/Sourcery_G++_Lite/bin/../lib/gcc/arm-none-eabi/4.5.2/thumb2/libgcc.a(_arm_fixsfsi.o)
                0x08011ae4                __fixsfsi
                0x08011ae4                __aeabi_f2iz
 .text          0x08011b30       0x40 /home/laurence/CodeSourcery/Sourcery_G++_Lite/bin/../lib/gcc/arm-none-eabi/4.5.2/thumb2/libgcc.a(_arm_fixunssfsi.o)
                0x08011b30                __aeabi_f2uiz
                0x08011b30                __fixunssfsi
 .text          0x08011b70       0x20 /home/laurence/CodeSourcery/Sourcery_G++_Lite/bin/../lib/gcc/arm-none-eabi/4.5.2/../../../../arm-none-eabi/lib/thumb2/libc.a(lib_a-malloc.o)
                0x08011b70                malloc
                0x08011b80                free
 .text          0x08011b90      0x57c /home/laurence/CodeSourcery/Sourcery_G++_Lite/bin/../lib/gcc/arm-none-eabi/4.5.2/../../../../arm-none-eabi/lib/thumb2/libc.a(lib_a-mallocr.o)
                0x08011b90                _malloc_r
 .text          0x0801210c       0x64 /home/laurence/CodeSourcery/Sourcery_G++_Lite/bin/../lib/gcc/arm-none-eabi/4.5.2/../../../../arm-none-eabi/lib/thumb2/libc.a(lib_a-memcmp.o)
                0x0801210c                memcmp
 .text          0x08012170        0x8 /home/laurence/CodeSourcery/Sourcery_G++_Lite/bin/../lib/gcc/arm-none-eabi/4.5.2/../../../../arm-none-eabi/lib/thumb2/libc.a(lib_a-mlock.o)
                0x08012170                __malloc_lock
                0x08012174                __malloc_unlock
 .text          0x08012178       0x28 /home/laurence/CodeSourcery/Sourcery_G++_Lite/bin/../lib/gcc/arm-none-eabi/4.5.2/../../../../arm-none-eabi/lib/thumb2/libc.a(lib_a-sbrkr.o)
                0x08012178                _sbrk_r
 .text          0x080121a0       0x60 /home/laurence/CodeSourcery/Sourcery_G++_Lite/bin/../lib/gcc/arm-none-eabi/4.5.2/../../../../arm-none-eabi/lib/thumb2/libc.a(lib_a-strlen.o)
                0x080121a0                strlen
 .text          0x08012200      0x240 /home/laurence/CodeSourcery/Sourcery_G++_Lite/bin/../lib/gcc/arm-none-eabi/4.5.2/../../../../arm-none-eabi/lib/thumb2/libc.a(lib_a-freer.o)
                0x08012200                _malloc_trim_r
                0x080122a8                _free_r
 .text          0x08012440       0x30 /home/laurence/CodeSourcery/Sourcery_G++_Lite/bin/../lib/gcc/arm-none-eabi/4.5.2/../../../../arm-none-eabi/lib/thumb2/libcs3.a(start_c.o)
                0x08012440                __cs3_premain
 .text.cs3.init
                0x08012470       0x50 /home/laurence/CodeSourcery/Sourcery_G++_Lite/bin/../lib/gcc/arm-none-eabi/4.5.2/../../../../arm-none-eabi/lib/thumb2/libcs3.a(start_c.o)
                0x08012470                __cs3_start_c
 .text          0x080124c0       0x40 /home/laurence/CodeSourcery/Sourcery_G++_Lite/bin/../lib/gcc/arm-none-eabi/4.5.2/../../../../arm-none-eabi/lib/thumb2/libcs3unhosted.a(unhosted-sbrk.o)
                0x080124c0                _sbrk
 .text.cs3.init
                0x08012500       0x10 /home/laurence/CodeSourcery/Sourcery_G++_Lite/bin/../lib/gcc/arm-none-eabi/4.5.2/../../../../arm-none-eabi/lib/thumb2/libcs3unhosted.a(unhosted-start.o)
                0x08012500                _start
 .text          0x08012510        0x2 lib/libcs3-lanchon-stm32.a(lanchon_stm32_isr_interrupt.o)
                0x08012510                MemManageException
                0x08012510                BusFaultException
                0x08012510                DMAChannel7_IRQHandler
                0x08012510                DebugMonitor
                0x08012510                SVCHandler
                0x08012510                HardFaultException
                0x08012510                __STM32ReservedException8
                0x08012510                __STM32DefaultExceptionHandler
                0x08012510                DMAChannel1_IRQHandler
                0x08012510                CAN_SCE_IRQHandler
                0x08012510                __STM32ReservedException10
                0x08012510                __STM32ReservedException13
                0x08012510                NMIException
                0x08012510                DMAChannel4_IRQHandler
                0x08012510                PendSVC
                0x08012510                CAN_RX1_IRQHandler
                0x08012510                ADC_IRQHandler
                0x08012510                DMAChannel5_IRQHandler
                0x08012510                DMAChannel2_IRQHandler
                0x08012510                __STM32ReservedException7
                0x08012510                UsageFaultException
                0x08012510                DMAChannel6_IRQHandler
                0x08012510                DMAChannel3_IRQHandler
                0x08012510                __STM32ReservedException9
 *fill*         0x08012512        0x2 00
 .text          0x08012514        0xc /home/laurence/CodeSourcery/Sourcery_G++_Lite/bin/../lib/gcc/arm-none-eabi/4.5.2/../../../../arm-none-eabi/lib/thumb2/libc.a(lib_a-errno.o)
                0x08012514                __errno
 .text          0x08012520       0x50 /home/laurence/CodeSourcery/Sourcery_G++_Lite/bin/../lib/gcc/arm-none-eabi/4.5.2/../../../../arm-none-eabi/lib/thumb2/libc.a(lib_a-init.o)
                0x08012520                __libc_init_array
 *(.plt)
 *(.gnu.warning)
 *(.glue_7t)
 .glue_7t       0x00000000        0x0 linker stubs
 *(.glue_7)
 .glue_7        0x00000000        0x0 linker stubs
 *(.vfp11_veneer)
 .vfp11_veneer  0x00000000        0x0 linker stubs
 *(.rodata .rodata.* .gnu.linkonce.r.*)
 .rodata        0x08012570       0x20 Sensors/amb_sensors.o
                0x08012570                LSM_330_ACCEL_config
                0x08012578                LSM_330_ACCEL_FIFO_config
                0x0801257c                LSM_330_GYRO_config
                0x08012580                ADXL_config
                0x08012588                HMC_config
                0x0801258c                ITG3200_config
 .rodata        0x08012590       0xac Util/USB/usb_desc.o
                0x08012590                MASS_DeviceDescriptor
                0x080125a4                MASS_ConfigDescriptor
                0x080125c4                MASS_StringLangID
                0x080125c8                MASS_StringVendor
                0x080125fc                MASS_StringProduct
                0x0801262c                MASS_StringInterface
 .rodata        0x0801263c     0x7738 Util/fat_fs/option/cc932.o
 .rodata.str1.4
                0x08019d74       0x13 Util/fat_fs/src/ff.o
                                 0x14 (size before relaxing)
 *fill*         0x08019d87        0x1 00
 .rodata        0x08019d88        0xc Util/fat_fs/src/rtc.o
 .rodata        0x08019d94       0xf4 Util/filter_1200.o
 .rodata        0x08019e88       0x14 Util/rprintf.o
 .rodata.str1.4
                0x08019e9c       0x1a Util/rprintf.o
                                 0x1c (size before relaxing)
 *fill*         0x08019eb6        0x2 00
 .rodata        0x08019eb8       0x14 lib/CMSIS_CM3/system_stm32f10x.o
                0x08019eb8                SystemFrequency
                0x08019ebc                SystemFrequency_SysClk
                0x08019ec0                SystemFrequency_AHBClk
                0x08019ec4                SystemFrequency_APB1Clk
                0x08019ec8                SystemFrequency_APB2Clk
 .rodata.str1.4
                0x08019ecc      0x1e3 main.o
                                0x1e8 (size before relaxing)
 *fill*         0x0801a0af        0x1 00
 .rodata.str1.4
                0x0801a0b0       0x28 pwr.o
 .rodata.str1.4
                0x0801a0d8        0x4 /home/laurence/CodeSourcery/Sourcery_G++_Lite/bin/../lib/gcc/arm-none-eabi/4.5.2/../../../../arm-none-eabi/lib/thumb2/libc.a(lib_a-impure.o)
 *(.ARM.extab* .gnu.linkonce.armextab.*)
 *(.gcc_except_table)
 *(.eh_frame_hdr)
 *(.eh_frame)
                0x0801a0dc                . = ALIGN (0x4)
 *(.init)
 .init          0x0801a0dc        0x4 /home/laurence/CodeSourcery/Sourcery_G++_Lite/bin/../lib/gcc/arm-none-eabi/4.5.2/thumb2/crti.o
                0x0801a0dc                _init
 .init          0x0801a0e0        0x8 /home/laurence/CodeSourcery/Sourcery_G++_Lite/bin/../lib/gcc/arm-none-eabi/4.5.2/thumb2/crtn.o
                0x0801a0e8                . = ALIGN (0x4)
                0x0801a0e8                _sidata = .
                0x0801a0e8                __preinit_array_start = .
 *(.preinit_array)
                0x0801a0e8                __preinit_array_end = .
                0x0801a0e8                . = ALIGN (0x4)
                0x0801a0e8                __init_array_start = .
 *(SORT(.init_array.*))
 *(.init_array)
 .init_array    0x0801a0e8        0x4 /home/laurence/CodeSourcery/Sourcery_G++_Lite/bin/../lib/gcc/arm-none-eabi/4.5.2/thumb2/crtbegin.o
                0x0801a0ec                __init_array_end = .
                0x0801a0ec                . = ALIGN (0x4)
 *crtbegin.o(.ctors)
 *(EXCLUDE_FILE(*crtend.o) .ctors)
 *(SORT(.ctors.*))
 *crtend.o(.ctors)
                0x0801a0ec                . = ALIGN (0x4)
 *(.fini)
 .fini          0x0801a0ec        0x4 /home/laurence/CodeSourcery/Sourcery_G++_Lite/bin/../lib/gcc/arm-none-eabi/4.5.2/thumb2/crti.o
                0x0801a0ec                _fini
 .fini          0x0801a0f0        0x8 /home/laurence/CodeSourcery/Sourcery_G++_Lite/bin/../lib/gcc/arm-none-eabi/4.5.2/thumb2/crtn.o
                0x0801a0f8                . = ALIGN (0x4)
                0x0801a0f8                __fini_array_start = .
 *(.fini_array)
 .fini_array    0x0801a0f8        0x4 /home/laurence/CodeSourcery/Sourcery_G++_Lite/bin/../lib/gcc/arm-none-eabi/4.5.2/thumb2/crtbegin.o
 *(SORT(.fini_array.*))
                0x0801a0fc                __fini_array_end = .
 *crtbegin.o(.dtors)
 *(EXCLUDE_FILE(*crtend.o) .dtors)
 *(SORT(.dtors.*))
 *crtend.o(.dtors)
                0x0801a0fc                . = ALIGN (0x4)
                0x0801a0fc                __cs3_regions = .
                0x0801a0fc        0x4 LONG 0x0
                0x0801a100        0x4 LONG 0x801a110 __cs3_region_init_ram
                0x0801a104        0x4 LONG 0x20000000 __cs3_region_start_ram
                0x0801a108        0x4 LONG 0x708 __cs3_region_init_size_ram
                0x0801a10c        0x4 LONG 0x1380 __cs3_region_zero_size_ram
                0x0801a110                __exidx_start = .

.v4_bx          0x0801a110        0x0
 .v4_bx         0x00000000        0x0 linker stubs

.ARM.exidx
 *(.ARM.exidx* .gnu.linkonce.armexidx.*)
                0x0801a110                __exidx_end = .

.text.align     0x0801a110        0x0
                0x0801a110                . = ALIGN (0x8)
                0x0801a110                _etext = .
                0x08020000                __cs3_region_end_rom = (__cs3_region_start_rom + 0x20000)
                0x00020000                __cs3_region_size_rom = 0x20000
                0x00000001                __cs3_region_num = 0x1

.data           0x20000000      0x708 load address 0x0801a110
                0x20000000                __cs3_region_start_ram = .
                0x20000000                _sdata = .
 *(.cs3.region-head.ram)
 *(.jcr)
 .jcr           0x20000000        0x0 /home/laurence/CodeSourcery/Sourcery_G++_Lite/bin/../lib/gcc/arm-none-eabi/4.5.2/thumb2/crtbegin.o
 .jcr           0x20000000        0x4 /home/laurence/CodeSourcery/Sourcery_G++_Lite/bin/../lib/gcc/arm-none-eabi/4.5.2/thumb2/crtend.o
 *(.got.plt)
 *(.got)
 *(.shdata)
 *(.data .data.* .gnu.linkonce.d.*)
 .data          0x20000004       0x80 Sensors/amb_sensors.o
                0x20000004                I2C_jobs
 .data          0x20000084       0x74 Util/USB/scsi_data.o
                0x20000084                Standard_Inquiry_Data
                0x200000a8                Standard_Inquiry_Data2
                0x200000cc                Mode_Sense6_data
                0x200000d0                Mode_Sense10_data
                0x200000d8                Scsi_Sense_Data
                0x200000ec                ReadFormatCapacity_Data
 .data          0x200000f8       0x1c Util/USB/usb_desc.o
                0x200000f8                MASS_StringSerial
 .data          0x20000114       0x38 Util/USB/usb_istr.o
                0x20000114                pEpInt_IN
                0x20000130                pEpInt_OUT
 .data          0x2000014c       0x90 Util/USB/usb_prop.o
                0x2000014c                String_Descriptor
                0x20000174                Config_Descriptor
                0x2000017c                Device_Descriptor
                0x20000184                Device_Property
                0x200001b4                Device_Table
                0x200001b8                User_Standard_Requests
 .data          0x200001dc        0x1 Util/USB/usb_pwr.o
                0x200001dc                fSuspendEnabled
 *fill*         0x200001dd        0x3 00
 .data          0x200001e0        0x4 Util/fat_fs/src/sd_spi_stm32.o
 .data          0x200001e4       0x14 lib/STM32F10x_StdPeriph_Driver/libstm32fw.a(stm32f10x_rcc.o)
 .data          0x200001f8      0x410 /home/laurence/CodeSourcery/Sourcery_G++_Lite/bin/../lib/gcc/arm-none-eabi/4.5.2/../../../../arm-none-eabi/lib/thumb2/libc.a(lib_a-mallocr.o)
                0x200001f8                __malloc_av_
                0x20000600                __malloc_sbrk_base
                0x20000604                __malloc_trim_threshold
 .data          0x20000608       0xf4 /home/laurence/CodeSourcery/Sourcery_G++_Lite/bin/../lib/gcc/arm-none-eabi/4.5.2/../../../../arm-none-eabi/lib/thumb2/libc.a(lib_a-impure.o)
                0x20000608                _impure_ptr
 .data          0x200006fc        0x4 /home/laurence/CodeSourcery/Sourcery_G++_Lite/bin/../lib/gcc/arm-none-eabi/4.5.2/../../../../arm-none-eabi/lib/thumb2/libcs3unhosted.a(unhosted-sbrk.o)
 .data          0x20000700        0x4 /home/laurence/CodeSourcery/Sourcery_G++_Lite/bin/../lib/gcc/arm-none-eabi/4.5.2/../../../../arm-none-eabi/lib/thumb2/libcs3.a(heap.o)
                0x20000700                __cs3_heap_limit
 *(.ram)
                0x20000708                . = ALIGN (0x8)
 *fill*         0x20000704        0x4 00
                0x20000708                _edata = .

.bss            0x20000708     0x1380 load address 0x0801a818
                0x20000708                _sbss = .
 *(.shbss)
 *(.bss .bss.* .gnu.linkonce.b.*)
 .bss           0x20000708        0x1 /home/laurence/CodeSourcery/Sourcery_G++_Lite/bin/../lib/gcc/arm-none-eabi/4.5.2/thumb2/crtbegin.o
 *fill*         0x20000709        0x3 00
 .bss           0x2000070c        0x4 Util/USB/mass_mal.o
                0x2000070c                Status
 .bss           0x20000710       0x1c Util/USB/memory.o
                0x20000710                TransferState
                0x2000071c                Counter
                0x20000728                Block_Read_count
 .bss           0x2000072c       0x10 Util/USB/scsi_data.o
                0x2000072c                Page00_Inquiry_Data
                0x20000734                ReadCapacity10_Data
 .bss           0x2000073c        0x1 Util/USB/usb_istr.o
                0x2000073c                bIntPackSOF
 *fill*         0x2000073d        0x3 00
 .bss           0x20000740        0x4 Util/USB/usb_prop.o
                0x20000740                Max_Lun
 .bss           0x20000744        0x4 Util/USB/usb_pwr.o
                0x20000744                bDeviceState
 .bss           0x20000748        0xc Util/fat_fs/src/ff.o
 .bss           0x20000754       0x10 Util/fat_fs/src/sd_spi_stm32.o
 .bss           0x20000764       0x84 Util/rprintf.o
 .bss           0x200007e8        0x3 i2c_int.o
 *fill*         0x200007eb        0x1 00
 .bss           0x200007ec        0x8 interrupts.o
 .bss           0x200007f4      0x238 main.o
                0x20000a28                file_opened
 .bss           0x20000a2c        0x1 lib/STM32_USB-FS-Device_Driver/libstm32usb.a(usb_core.o)
                0x20000a2c                Data_Mul_MaxPacketSize
 *fill*         0x20000a2d        0x3 00
 .bss           0x20000a30       0x34 /home/laurence/CodeSourcery/Sourcery_G++_Lite/bin/../lib/gcc/arm-none-eabi/4.5.2/../../../../arm-none-eabi/lib/thumb2/libc.a(lib_a-mallocr.o)
                0x20000a30                __malloc_top_pad
                0x20000a34                __malloc_current_mallinfo
                0x20000a5c                __malloc_max_sbrked_mem
                0x20000a60                __malloc_max_total_mem
 *(COMMON)
 COMMON         0x20000a64      0x637 Sensors/amb_sensors.o
                0x20000a64                LSM330_Gyro_Filter
                0x20000d4c                LSM330_Accel_Filter
                0x20001034                Rawdata
                0x20001074                LastFifo
                0x2000107c                RawFifo
                0x2000109a                I2C_Transactions_State
 *fill*         0x2000109b        0x1 00
 COMMON         0x2000109c       0x1c Util/USB/mass_mal.o
                0x2000109c                Mass_Memory_Size
                0x200010a4                Mass_Block_Size
                0x200010ac                Mass_Block_Count
                0x200010b4                Data_Buffer
 COMMON         0x200010b8        0x8 Util/USB/memory.o
                0x200010b8                Block_offset
                0x200010bc                Idx
 COMMON         0x200010c0       0x7c Util/USB/usb_bot.o
                0x200010c0                CBW
                0x200010e0                Data_Len
                0x200010e2                Bot_State
                0x200010e4                SCSI_LBA
                0x200010e8                CSW
                0x200010f8                SCSI_BlkLen
                0x200010fc                Bulk_Data_Buff
 COMMON         0x2000113c        0x2 Util/USB/usb_istr.o
                0x2000113c                wIstr
 *fill*         0x2000113e        0x2 00
 COMMON         0x20001140        0x2 Util/USB/usb_pwr.o
                0x20001140                ResumeS
 COMMON         0x20001142        0x1 Util/fat_fs/src/sd_spi_stm32.o
                0x20001142                Sd_Spi_Called_From_USB_MSC
 COMMON         0x20001143        0x1 gpio.o
                0x20001143                bootsource
 COMMON         0x20001144        0xd i2c_int.o
                0x20001144                I2C1error
                0x20001148                Jobs
                0x2000114c                Completed_Jobs
                0x20001150                job
 *fill*         0x20001151        0x3 00
 COMMON         0x20001154        0x8 interrupts.o
                0x20001154                Button_hold_tim
                0x20001158                Battery_Voltage
 COMMON         0x2000115c      0x8e8 main.o
                0x2000115c                Sensor_Cable
                0x20001160                battery_voltage
                0x20001164                FATFS_wavfile_accel
                0x20001388                forehead_buffer
                0x200013dc                f_err_code
                0x200013dd                System_state_Global
                0x200013e0                Millis
                0x200013e4                sfe_sensor_buffers
                0x200014d4                Sensors
                0x200014d8                FATFS_info
                0x200014f8                FATFS_wavfile_gyro
                0x2000171c                print_string
                0x2000181c                a
                0x20001820                FATFS_logfile
 COMMON         0x20001a44        0x2 lib/STM32_USB-FS-Device_Driver/libstm32usb.a(usb_core.o)
                0x20001a44                StatusInfo
 *fill*         0x20001a46        0x2 00
 COMMON         0x20001a48       0x32 lib/STM32_USB-FS-Device_Driver/libstm32usb.a(usb_init.o)
                0x20001a48                SaveState
                0x20001a4c                pProperty
                0x20001a50                EPindex
                0x20001a54                Device_Info
                0x20001a70                pUser_Standard_Requests
                0x20001a74                pInformation
                0x20001a78                wInterrupt_Mask
 COMMON         0x20001a7a        0x4 lib/STM32_USB-FS-Device_Driver/libstm32usb.a(usb_int.o)
                0x20001a7a                SaveRState
                0x20001a7c                SaveTState
 *fill*         0x20001a7e        0x2 00
 COMMON         0x20001a80        0x4 /home/laurence/CodeSourcery/Sourcery_G++_Lite/bin/../lib/gcc/arm-none-eabi/4.5.2/../../../../arm-none-eabi/lib/thumb2/libc.a(lib_a-reent.o)
                0x20001a80                errno
 *(.ram.b)
                0x20001a88                . = ALIGN (0x8)
 *fill*         0x20001a84        0x4 00
                0x20001a88                _ebss = .

.noinit         0x20001a88        0x0 load address 0x0801a818
 *(.noinit)
                0x20001a88                . = ALIGN (0x8)
                0x20001a88                _end = .
                0x20005000                __cs3_region_end_ram = (__cs3_region_start_ram + 0x5000)
                0x00005000                __cs3_region_size_ram = 0x5000
                0x0801a110                __cs3_region_init_ram = LOADADDR (.data)
                0x00000708                __cs3_region_init_size_ram = (_edata - ADDR (.data))
                0x00001380                __cs3_region_zero_size_ram = (_end - _edata)
                0x00000001                __cs3_region_num = 0x1

.stab
 *(.stab)

.stabstr
 *(.stabstr)

.debug
 *(.debug)

.line
 *(.line)

.debug_srcinfo
 *(.debug_srcinfo)

.debug_sfnames
 *(.debug_sfnames)

.comment        0x00000000       0x2a
 .comment       0x00000000       0x2a Sensors/amb_sensors.o
                                 0x2b (size before relaxing)
 .comment       0x00000000       0x2b Sensors/temperature.o
 .comment       0x00000000       0x2b Util/USB/hw_config.o
 .comment       0x00000000       0x2b Util/USB/mass_mal.o
 .comment       0x00000000       0x2b Util/USB/memory.o
 .comment       0x00000000       0x2b Util/USB/scsi_data.o
 .comment       0x00000000       0x2b Util/USB/usb_bot.o
 .comment       0x00000000       0x2b Util/USB/usb_desc.o
 .comment       0x00000000       0x2b Util/USB/usb_endp.o
 .comment       0x00000000       0x2b Util/USB/usb_istr.o
 .comment       0x00000000       0x2b Util/USB/usb_prop.o
 .comment       0x00000000       0x2b Util/USB/usb_pwr.o
 .comment       0x00000000       0x2b Util/USB/usb_scsi.o
 .comment       0x00000000       0x2b Util/buffer.o
 .comment       0x00000000       0x2b Util/delay.o
 .comment       0x00000000       0x2b Util/fat_fs/option/cc932.o
 .comment       0x00000000       0x2b Util/fat_fs/option/syscall.o
 .comment       0x00000000       0x2b Util/fat_fs/src/fattime.o
 .comment       0x00000000       0x2b Util/fat_fs/src/ff.o
 .comment       0x00000000       0x2b Util/fat_fs/src/rtc.o
 .comment       0x00000000       0x2b Util/fat_fs/src/sd_spi_stm32.o
 .comment       0x00000000       0x2b Util/filter_1200.o
 .comment       0x00000000       0x2b Util/filter_190.o
 .comment       0x00000000       0x2b Util/rprintf.o
 .comment       0x00000000       0x2b Util/stm32_eval_spi_sd.o
 .comment       0x00000000       0x2b Util/wave.o
 .comment       0x00000000       0x2b adc.o
 .comment       0x00000000       0x2b gpio.o
 .comment       0x00000000       0x2b i2c_int.o
 .comment       0x00000000       0x2b interrupts.o
 .comment       0x00000000       0x2b lib/CMSIS_CM3/core_cm3.o
 .comment       0x00000000       0x2b lib/CMSIS_CM3/system_stm32f10x.o
 .comment       0x00000000       0x2b main.o
 .comment       0x00000000       0x2b pwr.o
 .comment       0x00000000       0x2b usart.o
 .comment       0x00000000       0x2b watchdog.o
 .comment       0x00000000       0x2b lib/STM32F10x_StdPeriph_Driver/libstm32fw.a(misc.o)
 .comment       0x00000000       0x2b lib/STM32F10x_StdPeriph_Driver/libstm32fw.a(stm32f10x_adc.o)
 .comment       0x00000000       0x2b lib/STM32F10x_StdPeriph_Driver/libstm32fw.a(stm32f10x_bkp.o)
 .comment       0x00000000       0x2b lib/STM32F10x_StdPeriph_Driver/libstm32fw.a(stm32f10x_dbgmcu.o)
 .comment       0x00000000       0x2b lib/STM32F10x_StdPeriph_Driver/libstm32fw.a(stm32f10x_dma.o)
 .comment       0x00000000       0x2b lib/STM32F10x_StdPeriph_Driver/libstm32fw.a(stm32f10x_exti.o)
 .comment       0x00000000       0x2b lib/STM32F10x_StdPeriph_Driver/libstm32fw.a(stm32f10x_gpio.o)
 .comment       0x00000000       0x2b lib/STM32F10x_StdPeriph_Driver/libstm32fw.a(stm32f10x_i2c.o)
 .comment       0x00000000       0x2b lib/STM32F10x_StdPeriph_Driver/libstm32fw.a(stm32f10x_iwdg.o)
 .comment       0x00000000       0x2b lib/STM32F10x_StdPeriph_Driver/libstm32fw.a(stm32f10x_pwr.o)
 .comment       0x00000000       0x2b lib/STM32F10x_StdPeriph_Driver/libstm32fw.a(stm32f10x_rcc.o)
 .comment       0x00000000       0x2b lib/STM32F10x_StdPeriph_Driver/libstm32fw.a(stm32f10x_rtc.o)
 .comment       0x00000000       0x2b lib/STM32F10x_StdPeriph_Driver/libstm32fw.a(stm32f10x_spi.o)
 .comment       0x00000000       0x2b lib/STM32F10x_StdPeriph_Driver/libstm32fw.a(stm32f10x_usart.o)
 .comment       0x00000000       0x2b lib/STM32_USB-FS-Device_Driver/libstm32usb.a(usb_core.o)
 .comment       0x00000000       0x2b lib/STM32_USB-FS-Device_Driver/libstm32usb.a(usb_init.o)
 .comment       0x00000000       0x2b lib/STM32_USB-FS-Device_Driver/libstm32usb.a(usb_int.o)
 .comment       0x00000000       0x2b lib/STM32_USB-FS-Device_Driver/libstm32usb.a(usb_mem.o)
 .comment       0x00000000       0x2b lib/STM32_USB-FS-Device_Driver/libstm32usb.a(usb_regs.o)
 .comment       0x00000000       0x2b lib/STM32_USB-FS-Device_Driver/libstm32usb.a(usb_sil.o)

.debug_aranges  0x00000000      0x448
 *(.debug_aranges)
 .debug_aranges
                0x00000000       0x20 Sensors/amb_sensors.o
 .debug_aranges
                0x00000020       0x20 Sensors/temperature.o
 .debug_aranges
                0x00000040       0x20 Util/USB/hw_config.o
 .debug_aranges
                0x00000060       0x20 Util/USB/mass_mal.o
 .debug_aranges
                0x00000080       0x20 Util/USB/memory.o
 .debug_aranges
                0x000000a0       0x20 Util/USB/usb_bot.o
 .debug_aranges
                0x000000c0       0x20 Util/USB/usb_endp.o
 .debug_aranges
                0x000000e0       0x20 Util/USB/usb_istr.o
 .debug_aranges
                0x00000100       0x20 Util/USB/usb_prop.o
 .debug_aranges
                0x00000120       0x20 Util/USB/usb_pwr.o
 .debug_aranges
                0x00000140       0x20 Util/USB/usb_scsi.o
 .debug_aranges
                0x00000160       0x20 Util/buffer.o
 .debug_aranges
                0x00000180       0x20 Util/delay.o
 .debug_aranges
                0x000001a0       0x20 Util/fat_fs/option/cc932.o
 .debug_aranges
                0x000001c0       0x20 Util/fat_fs/src/fattime.o
 .debug_aranges
                0x000001e0       0x20 Util/fat_fs/src/ff.o
 .debug_aranges
                0x00000200       0x20 Util/fat_fs/src/rtc.o
 .debug_aranges
                0x00000220       0x20 Util/fat_fs/src/sd_spi_stm32.o
 .debug_aranges
                0x00000240       0x20 Util/filter_1200.o
 .debug_aranges
                0x00000260       0x20 Util/filter_190.o
 .debug_aranges
                0x00000280       0x20 Util/rprintf.o
 .debug_aranges
                0x000002a0       0x20 Util/stm32_eval_spi_sd.o
 .debug_aranges
                0x000002c0       0x20 Util/wave.o
 .debug_aranges
                0x000002e0       0x20 adc.o
 .debug_aranges
                0x00000300       0x20 gpio.o
 .debug_aranges
                0x00000320       0x20 i2c_int.o
 .debug_aranges
                0x00000340       0x20 interrupts.o
 .debug_aranges
                0x00000360       0x20 lib/CMSIS_CM3/core_cm3.o
 .debug_aranges
                0x00000380       0x28 lib/CMSIS_CM3/startup/gcc/startup_stm32f10x_md.o
 .debug_aranges
                0x000003a8       0x20 lib/CMSIS_CM3/system_stm32f10x.o
 .debug_aranges
                0x000003c8       0x20 main.o
 .debug_aranges
                0x000003e8       0x20 pwr.o
 .debug_aranges
                0x00000408       0x20 usart.o
 .debug_aranges
                0x00000428       0x20 watchdog.o

.debug_pubnames
                0x00000000     0x18ce
 *(.debug_pubnames)
 .debug_pubnames
                0x00000000      0x15c Sensors/amb_sensors.o
 .debug_pubnames
                0x0000015c       0x8d Sensors/temperature.o
 .debug_pubnames
                0x000001e9      0x113 Util/USB/hw_config.o
 .debug_pubnames
                0x000002fc       0xa5 Util/USB/mass_mal.o
 .debug_pubnames
                0x000003a1       0x7f Util/USB/memory.o
 .debug_pubnames
                0x00000420       0xd2 Util/USB/scsi_data.o
 .debug_pubnames
                0x000004f2       0xd9 Util/USB/usb_bot.o
 .debug_pubnames
                0x000005cb       0xb8 Util/USB/usb_desc.o
 .debug_pubnames
                0x00000683       0x3b Util/USB/usb_endp.o
 .debug_pubnames
                0x000006be       0x56 Util/USB/usb_istr.o
 .debug_pubnames
                0x00000714      0x1f6 Util/USB/usb_prop.o
 .debug_pubnames
                0x0000090a       0x83 Util/USB/usb_pwr.o
 .debug_pubnames
                0x0000098d      0x195 Util/USB/usb_scsi.o
 .debug_pubnames
                0x00000b22       0x59 Util/buffer.o
 .debug_pubnames
                0x00000b7b       0x1c Util/delay.o
 .debug_pubnames
                0x00000b97       0x31 Util/fat_fs/option/cc932.o
 .debug_pubnames
                0x00000bc8       0x22 Util/fat_fs/src/fattime.o
 .debug_pubnames
                0x00000bea      0x164 Util/fat_fs/src/ff.o
 .debug_pubnames
                0x00000d4e       0x55 Util/fat_fs/src/rtc.o
 .debug_pubnames
                0x00000da3       0xdb Util/fat_fs/src/sd_spi_stm32.o
 .debug_pubnames
                0x00000e7e       0x61 Util/filter_1200.o
 .debug_pubnames
                0x00000edf       0x5e Util/filter_190.o
 .debug_pubnames
                0x00000f3d       0xf9 Util/rprintf.o
 .debug_pubnames
                0x00001036      0x167 Util/stm32_eval_spi_sd.o
 .debug_pubnames
                0x0000119d       0x52 Util/wave.o
 .debug_pubnames
                0x000011ef       0x66 adc.o
 .debug_pubnames
                0x00001255       0x72 gpio.o
 .debug_pubnames
                0x000012c7       0xa9 i2c_int.o
 .debug_pubnames
                0x00001370       0xee interrupts.o
 .debug_pubnames
                0x0000145e      0x159 lib/CMSIS_CM3/core_cm3.o
 .debug_pubnames
                0x000015b7       0xa3 lib/CMSIS_CM3/system_stm32f10x.o
 .debug_pubnames
                0x0000165a      0x17c main.o
 .debug_pubnames
                0x000017d6       0x54 pwr.o
 .debug_pubnames
                0x0000182a       0x64 usart.o
 .debug_pubnames
                0x0000188e       0x40 watchdog.o

.debug_info     0x00000000     0xf870
 *(.debug_info .gnu.linkonce.wi.*)
 .debug_info    0x00000000      0x5ef Sensors/amb_sensors.o
 .debug_info    0x000005ef      0x123 Sensors/temperature.o
 .debug_info    0x00000712      0x784 Util/USB/hw_config.o
 .debug_info    0x00000e96      0x37d Util/USB/mass_mal.o
 .debug_info    0x00001213      0x3ff Util/USB/memory.o
 .debug_info    0x00001612      0x16b Util/USB/scsi_data.o
 .debug_info    0x0000177d      0x49d Util/USB/usb_bot.o
 .debug_info    0x00001c1a      0x187 Util/USB/usb_desc.o
 .debug_info    0x00001da1       0x98 Util/USB/usb_endp.o
 .debug_info    0x00001e39      0x311 Util/USB/usb_istr.o
 .debug_info    0x0000214a      0xa07 Util/USB/usb_prop.o
 .debug_info    0x00002b51      0x3c3 Util/USB/usb_pwr.o
 .debug_info    0x00002f14      0x885 Util/USB/usb_scsi.o
 .debug_info    0x00003799      0x1af Util/buffer.o
 .debug_info    0x00003948       0xc8 Util/delay.o
 .debug_info    0x00003a10      0x1b9 Util/fat_fs/option/cc932.o
 .debug_info    0x00003bc9       0x77 Util/fat_fs/option/syscall.o
 .debug_info    0x00003c40      0x15a Util/fat_fs/src/fattime.o
 .debug_info    0x00003d9a     0x332c Util/fat_fs/src/ff.o
 .debug_info    0x000070c6      0x532 Util/fat_fs/src/rtc.o
 .debug_info    0x000075f8     0x13a4 Util/fat_fs/src/sd_spi_stm32.o
 .debug_info    0x0000899c      0x157 Util/filter_1200.o
 .debug_info    0x00008af3      0x14f Util/filter_190.o
 .debug_info    0x00008c42      0xe64 Util/rprintf.o
 .debug_info    0x00009aa6     0x1a18 Util/stm32_eval_spi_sd.o
 .debug_info    0x0000b4be      0x60c Util/wave.o
 .debug_info    0x0000baca      0x436 adc.o
 .debug_info    0x0000bf00      0x2ef gpio.o
 .debug_info    0x0000c1ef      0x8e3 i2c_int.o
 .debug_info    0x0000cad2      0xb44 interrupts.o
 .debug_info    0x0000d616      0x547 lib/CMSIS_CM3/core_cm3.o
 .debug_info    0x0000db5d       0x81 lib/CMSIS_CM3/startup/gcc/startup_stm32f10x_md.o
 .debug_info    0x0000dbde      0x2d0 lib/CMSIS_CM3/system_stm32f10x.o
 .debug_info    0x0000deae     0x10a3 main.o
 .debug_info    0x0000ef51      0x3f1 pwr.o
 .debug_info    0x0000f342      0x450 usart.o
 .debug_info    0x0000f792       0xde watchdog.o

.debug_abbrev   0x00000000     0x344e
 *(.debug_abbrev)
 .debug_abbrev  0x00000000       0xfb Sensors/amb_sensors.o
 .debug_abbrev  0x000000fb       0x79 Sensors/temperature.o
 .debug_abbrev  0x00000174      0x2d3 Util/USB/hw_config.o
 .debug_abbrev  0x00000447      0x111 Util/USB/mass_mal.o
 .debug_abbrev  0x00000558      0x17d Util/USB/memory.o
 .debug_abbrev  0x000006d5       0x5c Util/USB/scsi_data.o
 .debug_abbrev  0x00000731      0x198 Util/USB/usb_bot.o
 .debug_abbrev  0x000008c9       0x63 Util/USB/usb_desc.o
 .debug_abbrev  0x0000092c       0x41 Util/USB/usb_endp.o
 .debug_abbrev  0x0000096d      0x113 Util/USB/usb_istr.o
 .debug_abbrev  0x00000a80      0x1dd Util/USB/usb_prop.o
 .debug_abbrev  0x00000c5d      0x1bd Util/USB/usb_pwr.o
 .debug_abbrev  0x00000e1a      0x253 Util/USB/usb_scsi.o
 .debug_abbrev  0x0000106d       0xd8 Util/buffer.o
 .debug_abbrev  0x00001145       0x7e Util/delay.o
 .debug_abbrev  0x000011c3       0xd2 Util/fat_fs/option/cc932.o
 .debug_abbrev  0x00001295       0x2c Util/fat_fs/option/syscall.o
 .debug_abbrev  0x000012c1       0x97 Util/fat_fs/src/fattime.o
 .debug_abbrev  0x00001358      0x2f7 Util/fat_fs/src/ff.o
 .debug_abbrev  0x0000164f      0x213 Util/fat_fs/src/rtc.o
 .debug_abbrev  0x00001862      0x37f Util/fat_fs/src/sd_spi_stm32.o
 .debug_abbrev  0x00001be1      0x118 Util/filter_1200.o
 .debug_abbrev  0x00001cf9       0xff Util/filter_190.o
 .debug_abbrev  0x00001df8      0x2fa Util/rprintf.o
 .debug_abbrev  0x000020f2      0x2e8 Util/stm32_eval_spi_sd.o
 .debug_abbrev  0x000023da      0x158 Util/wave.o
 .debug_abbrev  0x00002532      0x14c adc.o
 .debug_abbrev  0x0000267e      0x158 gpio.o
 .debug_abbrev  0x000027d6      0x221 i2c_int.o
 .debug_abbrev  0x000029f7      0x24c interrupts.o
 .debug_abbrev  0x00002c43       0xc1 lib/CMSIS_CM3/core_cm3.o
 .debug_abbrev  0x00002d04       0x12 lib/CMSIS_CM3/startup/gcc/startup_stm32f10x_md.o
 .debug_abbrev  0x00002d16      0x112 lib/CMSIS_CM3/system_stm32f10x.o
 .debug_abbrev  0x00002e28      0x2c6 main.o
 .debug_abbrev  0x000030ee      0x145 pwr.o
 .debug_abbrev  0x00003233      0x186 usart.o
 .debug_abbrev  0x000033b9       0x95 watchdog.o

.debug_line     0x00000000     0xe3c0
 *(.debug_line)
 .debug_line    0x00000000      0x5e2 Sensors/amb_sensors.o
 .debug_line    0x000005e2      0x502 Sensors/temperature.o
 .debug_line    0x00000ae4      0x983 Util/USB/hw_config.o
 .debug_line    0x00001467      0x7f8 Util/USB/mass_mal.o
 .debug_line    0x00001c5f      0x832 Util/USB/memory.o
 .debug_line    0x00002491      0x339 Util/USB/scsi_data.o
 .debug_line    0x000027ca      0x55c Util/USB/usb_bot.o
 .debug_line    0x00002d26      0x2ed Util/USB/usb_desc.o
 .debug_line    0x00003013      0x3ba Util/USB/usb_endp.o
 .debug_line    0x000033cd      0x3f5 Util/USB/usb_istr.o
 .debug_line    0x000037c2      0x84c Util/USB/usb_prop.o
 .debug_line    0x0000400e      0x452 Util/USB/usb_pwr.o
 .debug_line    0x00004460      0x9ea Util/USB/usb_scsi.o
 .debug_line    0x00004e4a      0x4bc Util/buffer.o
 .debug_line    0x00005306      0x2fd Util/delay.o
 .debug_line    0x00005603       0xd8 Util/fat_fs/option/cc932.o
 .debug_line    0x000056db      0x2fc Util/fat_fs/option/syscall.o
 .debug_line    0x000059d7      0x179 Util/fat_fs/src/fattime.o
 .debug_line    0x00005b50     0x1f1e Util/fat_fs/src/ff.o
 .debug_line    0x00007a6e      0x47f Util/fat_fs/src/rtc.o
 .debug_line    0x00007eed      0xcd5 Util/fat_fs/src/sd_spi_stm32.o
 .debug_line    0x00008bc2       0xaa Util/filter_1200.o
 .debug_line    0x00008c6c       0xc2 Util/filter_190.o
 .debug_line    0x00008d2e      0xd6b Util/rprintf.o
 .debug_line    0x00009a99      0x9a5 Util/stm32_eval_spi_sd.o
 .debug_line    0x0000a43e      0x204 Util/wave.o
 .debug_line    0x0000a642      0x715 adc.o
 .debug_line    0x0000ad57      0x636 gpio.o
 .debug_line    0x0000b38d      0x7b8 i2c_int.o
 .debug_line    0x0000bb45      0x7c3 interrupts.o
 .debug_line    0x0000c308      0x198 lib/CMSIS_CM3/core_cm3.o
 .debug_line    0x0000c4a0       0x84 lib/CMSIS_CM3/startup/gcc/startup_stm32f10x_md.o
 .debug_line    0x0000c524      0x336 lib/CMSIS_CM3/system_stm32f10x.o
 .debug_line    0x0000c85a      0xca6 main.o
 .debug_line    0x0000d500      0x5cb pwr.o
 .debug_line    0x0000dacb      0x5ed usart.o
 .debug_line    0x0000e0b8      0x308 watchdog.o

.debug_frame    0x00000000     0x1d08
 *(.debug_frame)
 .debug_frame   0x00000000       0x74 Sensors/amb_sensors.o
 .debug_frame   0x00000074       0x40 Sensors/temperature.o
 .debug_frame   0x000000b4       0xec Util/USB/hw_config.o
 .debug_frame   0x000001a0       0x7c Util/USB/mass_mal.o
 .debug_frame   0x0000021c       0x50 Util/USB/memory.o
 .debug_frame   0x0000026c       0xc0 Util/USB/usb_bot.o
 .debug_frame   0x0000032c       0x30 Util/USB/usb_endp.o
 .debug_frame   0x0000035c       0x2c Util/USB/usb_istr.o
 .debug_frame   0x00000388      0x11c Util/USB/usb_prop.o
 .debug_frame   0x000004a4       0x94 Util/USB/usb_pwr.o
 .debug_frame   0x00000538      0x180 Util/USB/usb_scsi.o
 .debug_frame   0x000006b8       0x6c Util/buffer.o
 .debug_frame   0x00000724       0x24 Util/delay.o
 .debug_frame   0x00000748       0x3c Util/fat_fs/option/cc932.o
 .debug_frame   0x00000784       0x2c Util/fat_fs/src/fattime.o
 .debug_frame   0x000007b0      0x590 Util/fat_fs/src/ff.o
 .debug_frame   0x00000d40       0x84 Util/fat_fs/src/rtc.o
 .debug_frame   0x00000dc4      0x190 Util/fat_fs/src/sd_spi_stm32.o
 .debug_frame   0x00000f54       0x58 Util/filter_1200.o
 .debug_frame   0x00000fac       0x50 Util/filter_190.o
 .debug_frame   0x00000ffc      0x1d4 Util/rprintf.o
 .debug_frame   0x000011d0      0x25c Util/stm32_eval_spi_sd.o
 .debug_frame   0x0000142c       0x8c Util/wave.o
 .debug_frame   0x000014b8       0x74 adc.o
 .debug_frame   0x0000152c       0x78 gpio.o
 .debug_frame   0x000015a4       0xa0 i2c_int.o
 .debug_frame   0x00001644       0xd4 interrupts.o
 .debug_frame   0x00001718      0x170 lib/CMSIS_CM3/core_cm3.o
 .debug_frame   0x00001888       0x24 lib/CMSIS_CM3/system_stm32f10x.o
 .debug_frame   0x000018ac       0xb0 main.o
 .debug_frame   0x0000195c       0x74 pwr.o
 .debug_frame   0x000019d0       0x78 usart.o
 .debug_frame   0x00001a48       0x40 watchdog.o
 .debug_frame   0x00001a88       0x30 /home/laurence/CodeSourcery/Sourcery_G++_Lite/bin/../lib/gcc/arm-none-eabi/4.5.2/../../../../arm-none-eabi/lib/thumb2/libc.a(lib_a-malloc.o)
 .debug_frame   0x00001ab8       0x3c /home/laurence/CodeSourcery/Sourcery_G++_Lite/bin/../lib/gcc/arm-none-eabi/4.5.2/../../../../arm-none-eabi/lib/thumb2/libc.a(lib_a-mallocr.o)
 .debug_frame   0x00001af4       0x2c /home/laurence/CodeSourcery/Sourcery_G++_Lite/bin/../lib/gcc/arm-none-eabi/4.5.2/../../../../arm-none-eabi/lib/thumb2/libc.a(lib_a-memcmp.o)
 .debug_frame   0x00001b20       0x30 /home/laurence/CodeSourcery/Sourcery_G++_Lite/bin/../lib/gcc/arm-none-eabi/4.5.2/../../../../arm-none-eabi/lib/thumb2/libc.a(lib_a-mlock.o)
 .debug_frame   0x00001b50       0x2c /home/laurence/CodeSourcery/Sourcery_G++_Lite/bin/../lib/gcc/arm-none-eabi/4.5.2/../../../../arm-none-eabi/lib/thumb2/libc.a(lib_a-sbrkr.o)
 .debug_frame   0x00001b7c       0x20 /home/laurence/CodeSourcery/Sourcery_G++_Lite/bin/../lib/gcc/arm-none-eabi/4.5.2/../../../../arm-none-eabi/lib/thumb2/libc.a(lib_a-strlen.o)
 .debug_frame   0x00001b9c       0x50 /home/laurence/CodeSourcery/Sourcery_G++_Lite/bin/../lib/gcc/arm-none-eabi/4.5.2/../../../../arm-none-eabi/lib/thumb2/libc.a(lib_a-freer.o)
 .debug_frame   0x00001bec       0x68 /home/laurence/CodeSourcery/Sourcery_G++_Lite/bin/../lib/gcc/arm-none-eabi/4.5.2/../../../../arm-none-eabi/lib/thumb2/libc.a(lib_a-reent.o)
 .debug_frame   0x00001c54       0x40 /home/laurence/CodeSourcery/Sourcery_G++_Lite/bin/../lib/gcc/arm-none-eabi/4.5.2/../../../../arm-none-eabi/lib/thumb2/libcs3.a(start_c.o)
 .debug_frame   0x00001c94       0x28 /home/laurence/CodeSourcery/Sourcery_G++_Lite/bin/../lib/gcc/arm-none-eabi/4.5.2/../../../../arm-none-eabi/lib/thumb2/libcs3unhosted.a(unhosted-sbrk.o)
 .debug_frame   0x00001cbc       0x20 /home/laurence/CodeSourcery/Sourcery_G++_Lite/bin/../lib/gcc/arm-none-eabi/4.5.2/../../../../arm-none-eabi/lib/thumb2/libc.a(lib_a-errno.o)
 .debug_frame   0x00001cdc       0x2c /home/laurence/CodeSourcery/Sourcery_G++_Lite/bin/../lib/gcc/arm-none-eabi/4.5.2/../../../../arm-none-eabi/lib/thumb2/libc.a(lib_a-init.o)

.debug_str      0x00000000     0x3488
 *(.debug_str)
 .debug_str     0x00000000      0x2f5 Sensors/amb_sensors.o
                                0x36e (size before relaxing)
 .debug_str     0x000002f5       0x84 Sensors/temperature.o
                                0x153 (size before relaxing)
 .debug_str     0x00000379      0x640 Util/USB/hw_config.o
                                0x7da (size before relaxing)
 .debug_str     0x000009b9       0xc1 Util/USB/mass_mal.o
                                0x269 (size before relaxing)
 .debug_str     0x00000a7a       0xfd Util/USB/memory.o
                                0x2de (size before relaxing)
 .debug_str     0x00000b77       0xa5 Util/USB/scsi_data.o
                                0x178 (size before relaxing)
 .debug_str     0x00000c1c       0xd6 Util/USB/usb_bot.o
                                0x237 (size before relaxing)
 .debug_str     0x00000cf2       0x8c Util/USB/usb_desc.o
                                0x161 (size before relaxing)
 .debug_str     0x00000d7e       0x35 Util/USB/usb_endp.o
                                 0xf0 (size before relaxing)
 .debug_str     0x00000db3      0x1bf Util/USB/usb_istr.o
                                0x2e5 (size before relaxing)
 .debug_str     0x00000f72      0x334 Util/USB/usb_prop.o
                                0x87d (size before relaxing)
 .debug_str     0x000012a6       0x6c Util/USB/usb_pwr.o
                                0x2ca (size before relaxing)
 .debug_str     0x00001312      0x197 Util/USB/usb_scsi.o
                                0x3af (size before relaxing)
 .debug_str     0x000014a9       0x45 Util/buffer.o
                                0x140 (size before relaxing)
 .debug_str     0x000014ee       0x29 Util/delay.o
                                 0xed (size before relaxing)
 .debug_str     0x00001517       0x5a Util/fat_fs/option/cc932.o
                                 0xe9 (size before relaxing)
 .debug_str     0x00001571       0x1d Util/fat_fs/option/syscall.o
                                 0xdd (size before relaxing)
 .debug_str     0x0000158e       0x47 Util/fat_fs/src/fattime.o
                                0x122 (size before relaxing)
 .debug_str     0x000015d5      0x4e4 Util/fat_fs/src/ff.o
                                0x61a (size before relaxing)
 .debug_str     0x00001ab9       0xa8 Util/fat_fs/src/rtc.o
                                0x1b2 (size before relaxing)
 .debug_str     0x00001b61      0x508 Util/fat_fs/src/sd_spi_stm32.o
                                0x6d6 (size before relaxing)
 .debug_str     0x00002069       0x68 Util/filter_1200.o
                                 0xd8 (size before relaxing)
 .debug_str     0x000020d1       0x52 Util/filter_190.o
                                 0xd4 (size before relaxing)
 .debug_str     0x00002123      0x134 Util/rprintf.o
                                0x2bb (size before relaxing)
 .debug_str     0x00002257      0x4ea Util/stm32_eval_spi_sd.o
                                0x854 (size before relaxing)
 .debug_str     0x00002741      0x13f Util/wave.o
                                0x425 (size before relaxing)
 .debug_str     0x00002880      0x12d adc.o
                                0x382 (size before relaxing)
 .debug_str     0x000029ad       0x4f gpio.o
                                0x305 (size before relaxing)
 .debug_str     0x000029fc      0x1ea i2c_int.o
                                0x5df (size before relaxing)
 .debug_str     0x00002be6      0x32d interrupts.o
                                0x8f8 (size before relaxing)
 .debug_str     0x00002f13      0x13d lib/CMSIS_CM3/core_cm3.o
                                0x237 (size before relaxing)
 .debug_str     0x00003050      0x11d lib/CMSIS_CM3/system_stm32f10x.o
                                0x212 (size before relaxing)
 .debug_str     0x0000316d      0x1b7 main.o
                                0x8dc (size before relaxing)
 .debug_str     0x00003324       0x44 pwr.o
                                0x241 (size before relaxing)
 .debug_str     0x00003368       0xe4 usart.o
                                0x351 (size before relaxing)
 .debug_str     0x0000344c       0x3c watchdog.o
                                0x10e (size before relaxing)

.debug_loc      0x00000000    0x110a9
 *(.debug_loc)
 .debug_loc     0x00000000      0x1f2 Sensors/amb_sensors.o
 .debug_loc     0x000001f2       0x7c Sensors/temperature.o
 .debug_loc     0x0000026e      0x210 Util/USB/hw_config.o
 .debug_loc     0x0000047e      0x1ac Util/USB/mass_mal.o
 .debug_loc     0x0000062a      0x12f Util/USB/memory.o
 .debug_loc     0x00000759      0x263 Util/USB/usb_bot.o
 .debug_loc     0x000009bc       0x20 Util/USB/usb_istr.o
 .debug_loc     0x000009dc      0x16f Util/USB/usb_prop.o
 .debug_loc     0x00000b4b      0x19a Util/USB/usb_pwr.o
 .debug_loc     0x00000ce5      0x695 Util/USB/usb_scsi.o
 .debug_loc     0x0000137a       0xd8 Util/buffer.o
 .debug_loc     0x00001452       0x55 Util/delay.o
 .debug_loc     0x000014a7      0x2bd Util/fat_fs/option/cc932.o
 .debug_loc     0x00001764       0x2c Util/fat_fs/src/fattime.o
 .debug_loc     0x00001790     0x922c Util/fat_fs/src/ff.o
 .debug_loc     0x0000a9bc      0x7a4 Util/fat_fs/src/rtc.o
 .debug_loc     0x0000b160      0xd1e Util/fat_fs/src/sd_spi_stm32.o
 .debug_loc     0x0000be7e       0xed Util/filter_1200.o
 .debug_loc     0x0000bf6b      0x687 Util/filter_190.o
 .debug_loc     0x0000c5f2     0x2420 Util/rprintf.o
 .debug_loc     0x0000ea12     0x117f Util/stm32_eval_spi_sd.o
 .debug_loc     0x0000fb91      0x229 Util/wave.o
 .debug_loc     0x0000fdba       0xb2 adc.o
 .debug_loc     0x0000fe6c       0x60 gpio.o
 .debug_loc     0x0000fecc      0x448 i2c_int.o
 .debug_loc     0x00010314       0xd8 interrupts.o
 .debug_loc     0x000103ec      0x270 lib/CMSIS_CM3/core_cm3.o
 .debug_loc     0x0001065c       0x20 lib/CMSIS_CM3/system_stm32f10x.o
 .debug_loc     0x0001067c      0x833 main.o
 .debug_loc     0x00010eaf       0xa8 pwr.o
 .debug_loc     0x00010f57       0xff usart.o
 .debug_loc     0x00011056       0x53 watchdog.o

.debug_macinfo  0x00000000   0x8377b8
 *(.debug_macinfo)
 .debug_macinfo
                0x00000000    0x482f9 Sensors/amb_sensors.o
 .debug_macinfo
                0x000482f9    0x47048 Sensors/temperature.o
 .debug_macinfo
                0x0008f341    0x4b7ec Util/USB/hw_config.o
 .debug_macinfo
                0x000dab2d    0x4b582 Util/USB/mass_mal.o
 .debug_macinfo
                0x001260af    0x4bcc9 Util/USB/memory.o
 .debug_macinfo
                0x00171d78    0x449f7 Util/USB/scsi_data.o
 .debug_macinfo
                0x001b676f    0x46e93 Util/USB/usb_bot.o
 .debug_macinfo
                0x001fd602    0x44122 Util/USB/usb_desc.o
 .debug_macinfo
                0x00241724    0x46735 Util/USB/usb_endp.o
 .debug_macinfo
                0x00287e59    0x465e5 Util/USB/usb_istr.o
 .debug_macinfo
                0x002ce43e    0x4b7ee Util/USB/usb_prop.o
 .debug_macinfo
                0x00319c2c    0x46896 Util/USB/usb_pwr.o
 .debug_macinfo
                0x003604c2    0x4bd34 Util/USB/usb_scsi.o
 .debug_macinfo
                0x003ac1f6    0x45fd4 Util/buffer.o
 .debug_macinfo
                0x003f21ca    0x44053 Util/delay.o
 .debug_macinfo
                0x0043621d     0x27da Util/fat_fs/option/cc932.o
 .debug_macinfo
                0x004389f7     0x47fe Util/fat_fs/option/syscall.o
 .debug_macinfo
                0x0043d1f5     0x2b6b Util/fat_fs/src/fattime.o
 .debug_macinfo
                0x0043fd60    0x45141 Util/fat_fs/src/ff.o
 .debug_macinfo
                0x00484ea1    0x440cb Util/fat_fs/src/rtc.o
 .debug_macinfo
                0x004c8f6c    0x4bbda Util/fat_fs/src/sd_spi_stm32.o
 .debug_macinfo
                0x00514b46     0x2257 Util/filter_1200.o
 .debug_macinfo
                0x00516d9d     0x2255 Util/filter_190.o
 .debug_macinfo
                0x00518ff2    0x4861e Util/rprintf.o
 .debug_macinfo
                0x00561610    0x44651 Util/stm32_eval_spi_sd.o
 .debug_macinfo
                0x005a5c61     0x30a4 Util/wave.o
 .debug_macinfo
                0x005a8d05    0x4b2fa adc.o
 .debug_macinfo
                0x005f3fff    0x48870 gpio.o
 .debug_macinfo
                0x0063c86f    0x48597 i2c_int.o
 .debug_macinfo
                0x00684e06    0x4b1d1 interrupts.o
 .debug_macinfo
                0x006cffd7     0x2b03 lib/CMSIS_CM3/core_cm3.o
 .debug_macinfo
                0x006d2ada    0x44068 lib/CMSIS_CM3/system_stm32f10x.o
 .debug_macinfo
                0x00716b42    0x4c182 main.o
 .debug_macinfo
                0x00762cc4    0x485d2 pwr.o
 .debug_macinfo
                0x007ab296    0x484ab usart.o
 .debug_macinfo
                0x007f3741    0x44077 watchdog.o

.debug_weaknames
 *(.debug_weaknames)

.debug_funcnames
 *(.debug_funcnames)

.debug_typenames
 *(.debug_typenames)

.debug_varnames
 *(.debug_varnames)

.note.gnu.arm.ident
 *(.note.gnu.arm.ident)

.ARM.attributes
                0x00000000       0x25
 *(.ARM.attributes)
 .ARM.attributes