Archive member included because of file (symbol)

lib/STM32F10x_StdPeriph_Driver/libstm32fw.a(misc.o)
                              interrupts.o (NVIC_PriorityGroupConfig)
lib/STM32F10x_StdPeriph_Driver/libstm32fw.a(stm32f10x_adc.o)
                              adc.o (ADC_DeInit)
lib/STM32F10x_StdPeriph_Driver/libstm32fw.a(stm32f10x_bkp.o)
                              Util/fat_fs/src/rtc.o (BKP_DeInit)
lib/STM32F10x_StdPeriph_Driver/libstm32fw.a(stm32f10x_dbgmcu.o)
                              main.o (DBGMCU_Config)
lib/STM32F10x_StdPeriph_Driver/libstm32fw.a(stm32f10x_dma.o)
                              Util/fat_fs/src/sd_spi_stm32.o (DMA_DeInit)
lib/STM32F10x_StdPeriph_Driver/libstm32fw.a(stm32f10x_exti.o)
                              interrupts.o (EXTI_DeInit)
lib/STM32F10x_StdPeriph_Driver/libstm32fw.a(stm32f10x_gpio.o)
                              Util/fat_fs/src/sd_spi_stm32.o (GPIO_Init)
lib/STM32F10x_StdPeriph_Driver/libstm32fw.a(stm32f10x_i2c.o)
                              i2c_int.o (I2C_DeInit)
lib/STM32F10x_StdPeriph_Driver/libstm32fw.a(stm32f10x_iwdg.o)
                              watchdog.o (IWDG_WriteAccessCmd)
lib/STM32F10x_StdPeriph_Driver/libstm32fw.a(stm32f10x_pwr.o)
                              pwr.o (PWR_DeInit)
lib/STM32F10x_StdPeriph_Driver/libstm32fw.a(stm32f10x_rcc.o)
                              interrupts.o (RCC_HCLKConfig)
lib/STM32F10x_StdPeriph_Driver/libstm32fw.a(stm32f10x_rtc.o)
                              Util/fat_fs/src/rtc.o (RTC_GetCounter)
lib/STM32F10x_StdPeriph_Driver/libstm32fw.a(stm32f10x_spi.o)
                              Util/fat_fs/src/sd_spi_stm32.o (SPI_I2S_DeInit)
lib/STM32F10x_StdPeriph_Driver/libstm32fw.a(stm32f10x_usart.o)
                              usart.o (USART_Init)
lib/STM32_USB-FS-Device_Driver/libstm32usb.a(usb_core.o)
                              Util/USB/usb_prop.o (Standard_GetDescriptorData)
lib/STM32_USB-FS-Device_Driver/libstm32usb.a(usb_init.o)
                              main.o (USB_Init)
lib/STM32_USB-FS-Device_Driver/libstm32usb.a(usb_int.o)
                              Util/USB/usb_istr.o (CTR_LP)
lib/STM32_USB-FS-Device_Driver/libstm32usb.a(usb_mem.o)
                              lib/STM32_USB-FS-Device_Driver/libstm32usb.a(usb_core.o) (UserToPMABufferCopy)
lib/STM32_USB-FS-Device_Driver/libstm32usb.a(usb_regs.o)
                              Util/USB/usb_prop.o (SetBTABLE)
lib/STM32_USB-FS-Device_Driver/libstm32usb.a(usb_sil.o)
                              Util/USB/usb_prop.o (USB_SIL_Init)
/home/laurence/CodeSourcery/Sourcery_G++_Lite/bin/../lib/gcc/arm-none-eabi/4.5.2/thumb2/libgcc.a(_arm_addsubdf3.o)
                              interrupts.o (__aeabi_f2d)
/home/laurence/CodeSourcery/Sourcery_G++_Lite/bin/../lib/gcc/arm-none-eabi/4.5.2/thumb2/libgcc.a(_arm_muldivdf3.o)
                              interrupts.o (__aeabi_ddiv)
/home/laurence/CodeSourcery/Sourcery_G++_Lite/bin/../lib/gcc/arm-none-eabi/4.5.2/thumb2/libgcc.a(_arm_cmpdf2.o)
                              main.o (__aeabi_dcmpgt)
/home/laurence/CodeSourcery/Sourcery_G++_Lite/bin/../lib/gcc/arm-none-eabi/4.5.2/thumb2/libgcc.a(_arm_truncdfsf2.o)
                              Util/rprintf.o (__aeabi_d2f)
/home/laurence/CodeSourcery/Sourcery_G++_Lite/bin/../lib/gcc/arm-none-eabi/4.5.2/thumb2/libgcc.a(_arm_addsubsf3.o)
                              Sensors/temperature.o (__aeabi_fsub)
/home/laurence/CodeSourcery/Sourcery_G++_Lite/bin/../lib/gcc/arm-none-eabi/4.5.2/thumb2/libgcc.a(_arm_muldivsf3.o)
                              Sensors/temperature.o (__aeabi_fmul)
/home/laurence/CodeSourcery/Sourcery_G++_Lite/bin/../lib/gcc/arm-none-eabi/4.5.2/thumb2/libgcc.a(_arm_cmpsf2.o)
                              Util/rprintf.o (__aeabi_fcmpeq)
/home/laurence/CodeSourcery/Sourcery_G++_Lite/bin/../lib/gcc/arm-none-eabi/4.5.2/thumb2/libgcc.a(_arm_fixsfsi.o)
                              main.o (__aeabi_f2iz)
/home/laurence/CodeSourcery/Sourcery_G++_Lite/bin/../lib/gcc/arm-none-eabi/4.5.2/thumb2/libgcc.a(_arm_fixunssfsi.o)
                              Util/rprintf.o (__aeabi_f2uiz)
/home/laurence/CodeSourcery/Sourcery_G++_Lite/bin/../lib/gcc/arm-none-eabi/4.5.2/../../../../arm-none-eabi/lib/thumb2/libc.a(lib_a-malloc.o)
                              Util/USB/mass_mal.o (malloc)
/home/laurence/CodeSourcery/Sourcery_G++_Lite/bin/../lib/gcc/arm-none-eabi/4.5.2/../../../../arm-none-eabi/lib/thumb2/libc.a(lib_a-mallocr.o)
                              /home/laurence/CodeSourcery/Sourcery_G++_Lite/bin/../lib/gcc/arm-none-eabi/4.5.2/../../../../arm-none-eabi/lib/thumb2/libc.a(lib_a-malloc.o) (_malloc_r)
/home/laurence/CodeSourcery/Sourcery_G++_Lite/bin/../lib/gcc/arm-none-eabi/4.5.2/../../../../arm-none-eabi/lib/thumb2/libc.a(lib_a-memcmp.o)
                              main.o (memcmp)
/home/laurence/CodeSourcery/Sourcery_G++_Lite/bin/../lib/gcc/arm-none-eabi/4.5.2/../../../../arm-none-eabi/lib/thumb2/libc.a(lib_a-mlock.o)
[...]
Memory Configuration

Name             Origin             Length             Attributes
ram              0x20000000         0x00005000         xrw
rom              0x08000000         0x00020000         xr
*default*        0x00000000         0xffffffff

Linker script and memory map

LOAD /home/laurence/CodeSourcery/Sourcery_G++_Lite/bin/../lib/gcc/arm-none-eabi/4.5.2/thumb2/crti.o
LOAD /home/laurence/CodeSourcery/Sourcery_G++_Lite/bin/../lib/gcc/arm-none-eabi/4.5.2/thumb2/crtbegin.o
LOAD Sensors/amb_sensors.o
LOAD Sensors/temperature.o
LOAD Util/USB/hw_config.o
LOAD Util/USB/mass_mal.o
LOAD Util/USB/memory.o
LOAD Util/USB/scsi_data.o
LOAD Util/USB/usb_bot.o
LOAD Util/USB/usb_desc.o
LOAD Util/USB/usb_endp.o
LOAD Util/USB/usb_istr.o
LOAD Util/USB/usb_prop.o
LOAD Util/USB/usb_pwr.o
LOAD Util/USB/usb_scsi.o
LOAD Util/buffer.o
LOAD Util/delay.o
LOAD Util/fat_fs/option/cc932.o
LOAD Util/fat_fs/option/syscall.o
LOAD Util/fat_fs/src/fattime.o
LOAD Util/fat_fs/src/ff.o
LOAD Util/fat_fs/src/rtc.o
LOAD Util/fat_fs/src/sd_spi_stm32.o
LOAD Util/filter_1350.o
LOAD Util/filter_380.o
LOAD Util/rprintf.o
LOAD Util/stm32_eval_spi_sd.o
LOAD Util/wave.o
LOAD adc.o
LOAD gpio.o
LOAD i2c_int.o
LOAD interrupts.o
LOAD lib/CMSIS_CM3/core_cm3.o
LOAD lib/CMSIS_CM3/startup/gcc/startup_stm32f10x_md.o
LOAD lib/CMSIS_CM3/system_stm32f10x.o
LOAD main.o
LOAD pwr.o
LOAD usart.o
LOAD watchdog.o
LOAD lib/STM32F10x_StdPeriph_Driver/libstm32fw.a
LOAD lib/STM32_USB-FS-Device_Driver/libstm32usb.a
LOAD /home/laurence/CodeSourcery/Sourcery_G++_Lite/bin/../lib/gcc/arm-none-eabi/4.5.2/../../../../arm-none-eabi/lib/thumb2/libm.a
START GROUP
LOAD /home/laurence/CodeSourcery/Sourcery_G++_Lite/bin/../lib/gcc/arm-none-eabi/4.5.2/thumb2/libgcc.a
LOAD /home/laurence/CodeSourcery/Sourcery_G++_Lite/bin/../lib/gcc/arm-none-eabi/4.5.2/../../../../arm-none-eabi/lib/thumb2/libc.a
END GROUP
LOAD /home/laurence/CodeSourcery/Sourcery_G++_Lite/bin/../lib/gcc/arm-none-eabi/4.5.2/thumb2/crtend.o
LOAD /home/laurence/CodeSourcery/Sourcery_G++_Lite/bin/../lib/gcc/arm-none-eabi/4.5.2/thumb2/crtn.o
START GROUP
LOAD /home/laurence/CodeSourcery/Sourcery_G++_Lite/bin/../lib/gcc/arm-none-eabi/4.5.2/thumb2/libgcc.a
LOAD /home/laurence/CodeSourcery/Sourcery_G++_Lite/bin/../lib/gcc/arm-none-eabi/4.5.2/../../../../arm-none-eabi/lib/thumb2/libc.a
LOAD /home/laurence/CodeSourcery/Sourcery_G++_Lite/bin/../lib/gcc/arm-none-eabi/4.5.2/../../../../arm-none-eabi/lib/thumb2/libcs3.a
LOAD /home/laurence/CodeSourcery/Sourcery_G++_Lite/bin/../lib/gcc/arm-none-eabi/4.5.2/../../../../arm-none-eabi/lib/thumb2/libcs3unhosted.a
LOAD lib/libcs3-lanchon-stm32.a
END GROUP
                0x20005000                PROVIDE (__cs3_stack, (__cs3_region_start_ram + __cs3_region_size_ram))
                0x20001d90                PROVIDE (__cs3_heap_start, _end)
                0x20005000                PROVIDE (__cs3_heap_end, (__cs3_region_start_ram + __cs3_region_size_ram))

.text           0x08000000    0x19ed4
 CREATE_OBJECT_SYMBOLS
                0x08000000                __cs3_region_start_rom = .
 *(.cs3.region-head.rom)
                0x08000000                __cs3_interrupt_vector = __cs3_interrupt_vector_lanchon_stm32
 *(.cs3.interrupt_vector)
 .cs3.interrupt_vector
                0x08000000       0xec lib/libcs3-lanchon-stm32.a(lanchon-stm32-vector.o)
                0x08000000                __cs3_interrupt_vector_lanchon_stm32
                0x08000001                ASSERT ((. != __cs3_interrupt_vector_lanchon_stm32), No interrupt vector)
 *(.rom)
 *(.rom.b)
                0x080121c0                PROVIDE (__cs3_reset_lanchon_stm32, _start)
                0x080121c0                __cs3_reset = __cs3_reset_lanchon_stm32
 *(.cs3.reset)
 *(.text .text.* .gnu.linkonce.t.*)
 .text          0x080000ec       0x30 /home/laurence/CodeSourcery/Sourcery_G++_Lite/bin/../lib/gcc/arm-none-eabi/4.5.2/thumb2/crtbegin.o
 .text          0x0800011c      0x33c Sensors/amb_sensors.o
                0x0800011c                Allocate_Sensor_Buffers
                0x08000298                Configure_I2C_Driver
                0x080002f4                Fill_Sample_Buffers
 .text          0x08000458      0x298 Util/USB/hw_config.o
                0x08000458                Set_System
                0x08000460                Set_USBClock
                0x08000478                Enter_LowPowerMode
                0x08000484                Leave_LowPowerMode
                0x080004a4                USB_Interrupts_Config
                0x080004e0                Led_RW_ON
                0x080004f0                Led_RW_OFF
                0x08000500                USB_Configured_LED
                0x08000510                USB_NotConfigured_LED
                0x08000520                USB_Cable_Config
                0x08000524                Get_SerialNum
                0x080006e8                MAL_Config
 .text          0x080006f0      0x10c Util/USB/mass_mal.o
                0x080006f0                MAL_Init
                0x0800073c                MAL_Write
                0x08000770                MAL_Read
                0x08000798                MAL_GetStatus
 .text          0x080007fc      0x230 Util/USB/memory.o
                0x080007fc                Read_Memory
                0x0800092c                Write_Memory
 .text          0x08000a2c      0x628 Util/USB/usb_bot.o
                0x08000a2c                Mass_Storage_In
                0x08000ab4                CBW_Decode
                0x08000f14                Mass_Storage_Out
                0x08000fa4                Transfer_Data_Request
                0x08000fd8                Set_CSW
                0x08001014                Bot_Abort
 .text          0x08001054        0x8 Util/USB/usb_endp.o
                0x08001054                EP1_IN_Callback
                0x08001058                EP2_OUT_Callback
 .text          0x0800105c       0xf0 Util/USB/usb_istr.o
                0x0800105c                USB_Istr
 .text          0x0800114c      0x268 Util/USB/usb_prop.o
                0x0800114c                Mass_Storage_SetDeviceAddress
                0x08001158                MASS_Status_In
                0x0800115c                MASS_Status_Out
                0x08001160                MASS_Get_Interface_Setting
                0x08001170                Get_Max_Lun
                0x08001188                MASS_Data_Setup
                0x080011cc                MASS_GetStringDescriptor
                0x080011ec                MASS_GetConfigDescriptor
                0x080011f8                MASS_GetDeviceDescriptor
                0x08001204                MASS_NoData_Setup
                0x08001254                Mass_Storage_SetConfiguration
                0x08001284                Mass_Storage_ClearFeature
                0x080012a0                MASS_Reset
                0x08001390                MASS_init
 .text          0x080013b4      0x1c4 Util/USB/usb_pwr.o
                0x080013b4                PowerOn
                0x080013e4                PowerOff
                0x08001408                Suspend
                0x0800144c                Resume_Init
                0x0800148c                Resume
 .text          0x08001578      0x44c Util/USB/usb_scsi.o
                0x08001578                SCSI_Inquiry_Cmd
                0x080015b0                SCSI_ReadFormatCapacity_Cmd
                0x08001624                SCSI_ReadCapacity10_Cmd
                0x080016a0                SCSI_ModeSense6_Cmd
                0x080016ac                SCSI_ModeSense10_Cmd
                0x080016b8                SCSI_RequestSense_Cmd
                0x080016d0                Set_Scsi_Sense_Data
                0x080016dc                SCSI_Start_Stop_Unit_Cmd
                0x080016e4                SCSI_Read10_Cmd
                0x08001794                SCSI_Write10_Cmd
                0x08001840                SCSI_Verify10_Cmd
                0x08001880                SCSI_Valid_Cmd
                0x080018b8                SCSI_TestUnitReady_Cmd
                0x080018ec                SCSI_Format_Cmd
                0x08001904                SCSI_Invalid_Cmd
                0x08001940                SCSI_Address_Management
 .text          0x080019c4       0x84 Util/buffer.o
                0x080019c4                Add_To_Buffer
                0x080019fc                Get_From_Buffer
                0x08001a34                init_buffer
 .text          0x08001a48       0x34 Util/delay.o
                0x08001a48                Delay
 .text          0x08001a7c      0x25c Util/fat_fs/option/cc932.o
                0x08001a7c                ff_convert
                0x08001ca8                ff_wtoupper
 .text          0x08001cd8       0x48 Util/fat_fs/src/fattime.o
                0x08001cd8                get_fattime
 .text          0x08001d20     0x65c8 Util/fat_fs/src/ff.o
                0x08002610                clust2sect
                0x0800262c                get_fat
                0x08002bd0                put_fat
                0x08004a40                gen_numname
                0x080056c8                f_mount
                0x080056e8                f_open
                0x08005b54                f_read
                0x08005f3c                f_write
                0x08006370                f_sync
                0x08006548                f_close
                0x08006558                f_chdrive
                0x0800656c                f_chdir
                0x080065d8                f_lseek
                0x080067a4                f_opendir
                0x08006810                f_readdir
                0x08006884                f_stat
                0x080068cc                f_getfree
                0x08006b30                f_truncate
                0x08006ca0                f_unlink
                0x08006dc8                f_mkdir
                0x080071fc                f_chmod
                0x08007260                f_utime
                0x080072cc                f_rename
                0x080075a4                f_gets
                0x080076c0                f_putc
                0x080076e4                f_puts
                0x08007720                f_printf
 .text          0x080082e8      0x484 Util/fat_fs/src/rtc.o
                0x080082e8                rtc_gettime
                0x08008468                my_RTC_SetCounter
                0x0800848c                rtc_settime
                0x080086c0                rtc_init
 .text          0x0800876c      0xe48 Util/fat_fs/src/sd_spi_stm32.o
                0x08008b9c                release_spi
                0x08008bd0                wrapup_transaction
                0x08008bfc                stop_cmd
                0x08008c04                rcvr_datablock
                0x08008ca0                disk_initialize
                0x08008e4c                disk_status
                0x08008e5c                disk_read
                0x08008ffc                disk_write
                0x0800919c                disk_ioctl
                0x08009578                disk_timerproc
 .text          0x080095b4      0x160 Util/filter_1350.o
                0x080095b4                SampleFilter_init_1350
                0x080095e4                SampleFilter_put_1350
                0x08009600                SampleFilter_get_1350
 .text          0x08009714      0x14c Util/filter_380.o
                0x08009714                SampleFilter_init_380
                0x0800973c                SampleFilter_put_380
                0x08009750                SampleFilter_get_380
 .text          0x08009860     0x182c Util/rprintf.o
                0x08009860                rprintfInit
                0x0800986c                rprintfChar
                0x08009894                rprintfStr
                0x080098cc                rprintfStrLen
                0x08009a90                rprintfCRLF
                0x08009aa8                rprintfu04
                0x08009ad4                rprintfu08
                0x08009b1c                rprintfu16
                0x08009bb8                rprintfu32
                0x08009d04                rprintfNum
                0x08009f74                rprintfFloat
                0x0800a238                rprintf2RamRom
                0x0800b034                Isdigit
                0x0800b044                atoiRamRom
                0x0800b07c                rStrLen
 .text          0x0800b08c      0x2c4 Util/wave.o
                0x0800b08c                write_wave_header
                0x0800b184                write_wave_samples
 .text          0x0800b350      0x13c adc.o
                0x0800b350                ADC_Configuration
                0x0800b40c                readADC2
                0x0800b444                setADC2
                0x0800b464                getADC2
 .text          0x0800b48c      0x1e4 gpio.o
                0x0800b48c                setup_gpio
                0x0800b5e4                switch_leds_on
                0x0800b60c                switch_leds_off
                0x0800b634                red_flash
                0x0800b664                get_wkup
 .text          0x0800b670      0xac4 i2c_int.o
                0x0800b670                I2C1_EV_IRQHandler
                0x0800bdec                I2C1_Request_Job
                0x0800be8c                I2C1_Setup_Job
                0x0800bea0                I2C_Config
                0x0800c038                I2C1_ER_IRQHandler
 *fill*         0x0800c134        0x4 00
 .text          0x0800c138      0x3c0 interrupts.o
                0x0800c138                ISR_Config
                0x0800c198                EXTI_ONOFF_EN
                0x0800c1f8                SysTick_Configuration
                0x0800c230                EXTI0_IRQHandler
                0x0800c2d0                ADC1_2_IRQHandler
                0x0800c338                SysTickHandler
                0x0800c4f0                USB_HP_CAN_TX_IRQHandler
                0x0800c4f4                USB_LP_CAN_RX0_IRQHandler
 .text.Default_Handler
                0x0800c4f8        0x2 lib/CMSIS_CM3/startup/gcc/startup_stm32f10x_md.o
                0x0800c4f8                EXTI2_IRQHandler
                0x0800c4f8                DebugMon_Handler
                0x0800c4f8                TIM1_CC_IRQHandler
                0x0800c4f8                HardFault_Handler
                0x0800c4f8                SysTick_Handler
                0x0800c4f8                PVD_IRQHandler
                0x0800c4f8                PendSV_Handler
                0x0800c4f8                NMI_Handler
                0x0800c4f8                EXTI3_IRQHandler
                0x0800c4f8                I2C2_EV_IRQHandler
                0x0800c4f8                UsageFault_Handler
                0x0800c4f8                SPI1_IRQHandler
                0x0800c4f8                TAMPER_IRQHandler
                0x0800c4f8                DMA1_Channel4_IRQHandler
                0x0800c4f8                USART3_IRQHandler
                0x0800c4f8                RTC_IRQHandler
                0x0800c4f8                DMA1_Channel7_IRQHandler
                0x0800c4f8                CAN1_RX1_IRQHandler
                0x0800c4f8                TIM4_IRQHandler
                0x0800c4f8                DMA1_Channel6_IRQHandler
                0x0800c4f8                TIM3_IRQHandler
                0x0800c4f8                RCC_IRQHandler
                0x0800c4f8                TIM1_TRG_COM_IRQHandler
                0x0800c4f8                DMA1_Channel1_IRQHandler
                0x0800c4f8                Default_Handler
                0x0800c4f8                EXTI15_10_IRQHandler
                0x0800c4f8                EXTI9_5_IRQHandler
                0x0800c4f8                SPI2_IRQHandler
                0x0800c4f8                MemManage_Handler
                0x0800c4f8                SVC_Handler
                0x0800c4f8                DMA1_Channel5_IRQHandler
                0x0800c4f8                EXTI4_IRQHandler
                0x0800c4f8                USB_LP_CAN1_RX0_IRQHandler
                0x0800c4f8                USB_HP_CAN1_TX_IRQHandler
                0x0800c4f8                DMA1_Channel3_IRQHandler
                0x0800c4f8                TIM1_UP_IRQHandler
                0x0800c4f8                WWDG_IRQHandler
                0x0800c4f8                TIM2_IRQHandler
                0x0800c4f8                TIM1_BRK_IRQHandler
                0x0800c4f8                EXTI1_IRQHandler
                0x0800c4f8                RTCAlarm_IRQHandler
                0x0800c4f8                USART2_IRQHandler
                0x0800c4f8                I2C2_ER_IRQHandler
                0x0800c4f8                DMA1_Channel2_IRQHandler
                0x0800c4f8                CAN1_SCE_IRQHandler
                0x0800c4f8                FLASH_IRQHandler
                0x0800c4f8                BusFault_Handler
                0x0800c4f8                USART1_IRQHandler
                0x0800c4f8                USBWakeUp_IRQHandler
 *fill*         0x0800c4fa        0x2 00
 .text          0x0800c4fc       0xfc lib/CMSIS_CM3/system_stm32f10x.o
                0x0800c4fc                SystemInit
 .text          0x0800c5f8      0xf78 main.o
                0x0800c5f8                __str_print_char
                0x0800c624                __fat_print_char
                0x0800c644                file_preallocation_control
                0x0800c674                detect_sensors
                0x0800c794                main
 .text          0x0800d570       0xd8 pwr.o
                0x0800d570                setuppwr
                0x0800d584                shutdown
                0x0800d594                disable_pin
                0x0800d59c                shutdown_filesystem
 .text          0x0800d648      0x110 usart.o
                0x0800d648                Usarts_Init
                0x0800d6f4                Default_Usart_Config
                0x0800d710                Usart_Send_Str
                0x0800d73c                __usart_send_char
 .text          0x0800d758       0x40 watchdog.o
                0x0800d758                Watchdog_Config
                0x0800d784                Watchdog_Reset_Detect
 .text          0x0800d798       0xb8 lib/STM32F10x_StdPeriph_Driver/libstm32fw.a(misc.o)
                0x0800d798                NVIC_PriorityGroupConfig
                0x0800d7ac                NVIC_Init
                0x0800d80c                NVIC_SetVectorTable
                0x0800d820                NVIC_SystemLPConfig
                0x0800d838                SysTick_CLKSourceConfig
 .text          0x0800d850      0x380 lib/STM32F10x_StdPeriph_Driver/libstm32fw.a(stm32f10x_adc.o)
                0x0800d850                ADC_DeInit
                0x0800d8ac                ADC_Init
                0x0800d8f8                ADC_StructInit
                0x0800d90a                ADC_Cmd
                0x0800d91e                ADC_DMACmd
                0x0800d932                ADC_ITConfig
                0x0800d946                ADC_ResetCalibration
                0x0800d950                ADC_GetResetCalibrationStatus
                0x0800d958                ADC_StartCalibration
                0x0800d962                ADC_GetCalibrationStatus
                0x0800d96a                ADC_SoftwareStartConvCmd
                0x0800d97e                ADC_GetSoftwareStartConvStatus
                0x0800d986                ADC_DiscModeChannelCountConfig
                0x0800d996                ADC_DiscModeCmd
                0x0800d9aa                ADC_RegularChannelConfig
                0x0800da38                ADC_ExternalTrigConvCmd
                0x0800da4c                ADC_GetConversionValue
                0x0800da52                ADC_GetDualModeConversionValue
                0x0800da5c                ADC_AutoInjectedConvCmd
                0x0800da70                ADC_InjectedDiscModeCmd
                0x0800da84                ADC_ExternalTrigInjectedConvConfig
                0x0800da92                ADC_ExternalTrigInjectedConvCmd
                0x0800daa6                ADC_SoftwareStartInjectedConvCmd
                0x0800daba                ADC_GetSoftwareStartInjectedConvCmdStatus
                0x0800dac2                ADC_InjectedChannelConfig
                0x0800db1e                ADC_InjectedSequencerLengthConfig
                0x0800db2e                ADC_SetInjectedOffset
                0x0800db44                ADC_GetInjectedConversionValue
                0x0800db5e                ADC_AnalogWatchdogCmd
                0x0800db70                ADC_AnalogWatchdogThresholdsConfig
                0x0800db76                ADC_AnalogWatchdogSingleChannelConfig
                0x0800db84                ADC_TempSensorVrefintCmd
                0x0800dba0                ADC_GetFlagStatus
                0x0800dbac                ADC_ClearFlag
                0x0800dbb2                ADC_GetITStatus
                0x0800dbc8                ADC_ClearITPendingBit
 .text          0x0800dbd0       0xe0 lib/STM32F10x_StdPeriph_Driver/libstm32fw.a(stm32f10x_bkp.o)
                0x0800dbd0                BKP_DeInit
                0x0800dbe2                BKP_TamperPinLevelConfig
                0x0800dbec                BKP_TamperPinCmd
                0x0800dbf8                BKP_ITConfig
                0x0800dc04                BKP_RTCOutputConfig
                0x0800dc1c                BKP_SetRTCCalibrationValue
                0x0800dc34                BKP_WriteBackupRegister
                0x0800dc50                BKP_ReadBackupRegister
                0x0800dc70                BKP_GetFlagStatus
                0x0800dc7c                BKP_ClearFlag
                0x0800dc90                BKP_GetITStatus
                0x0800dc9c                BKP_ClearITPendingBit
 .text          0x0800dcb0       0x34 lib/STM32F10x_StdPeriph_Driver/libstm32fw.a(stm32f10x_dbgmcu.o)
                0x0800dcb0                DBGMCU_GetREVID
                0x0800dcbc                DBGMCU_GetDEVID
                0x0800dccc                DBGMCU_Config
 .text          0x0800dce4      0x1f0 lib/STM32F10x_StdPeriph_Driver/libstm32fw.a(stm32f10x_dma.o)
                0x0800dce4                DMA_DeInit
                0x0800dde0                DMA_Init
                0x0800de20                DMA_StructInit
                0x0800de3a                DMA_Cmd
                0x0800de4e                DMA_ITConfig
                0x0800de60                DMA_GetCurrDataCounter
                0x0800de66                DMA_GetFlagStatus
                0x0800de84                DMA_ClearFlag
                0x0800de9c                DMA_GetITStatus
                0x0800debc                DMA_ClearITPendingBit
 .text          0x0800ded4      0x108 lib/STM32F10x_StdPeriph_Driver/libstm32fw.a(stm32f10x_exti.o)
                0x0800ded4                EXTI_DeInit
                0x0800def0                EXTI_Init
                0x0800df74                EXTI_StructInit
                0x0800df82                EXTI_GenerateSWInterrupt
                0x0800df94                EXTI_GetFlagStatus
                0x0800dfa8                EXTI_ClearFlag
                0x0800dfb4                EXTI_GetITStatus
                0x0800dfd0                EXTI_ClearITPendingBit
 .text          0x0800dfdc      0x278 lib/STM32F10x_StdPeriph_Driver/libstm32fw.a(stm32f10x_gpio.o)
                0x0800dfdc                GPIO_DeInit
                0x0800e088                GPIO_AFIODeInit
                0x0800e09e                GPIO_Init
                0x0800e136                GPIO_StructInit
                0x0800e146                GPIO_ReadInputDataBit
                0x0800e152                GPIO_ReadInputData
                0x0800e158                GPIO_ReadOutputDataBit
                0x0800e164                GPIO_ReadOutputData
                0x0800e16a                GPIO_SetBits
                0x0800e16e                GPIO_ResetBits
                0x0800e172                GPIO_WriteBit
                0x0800e17c                GPIO_Write
                0x0800e180                GPIO_PinLockConfig
                0x0800e190                GPIO_EventOutputConfig
                0x0800e1b0                GPIO_EventOutputCmd
                0x0800e1bc                GPIO_PinRemapConfig
                0x0800e214                GPIO_EXTILineConfig
                0x0800e248                GPIO_ETH_MediaInterfaceConfig
 .text          0x0800e254      0x3b4 lib/STM32F10x_StdPeriph_Driver/libstm32fw.a(stm32f10x_i2c.o)
                0x0800e254                I2C_DeInit
                0x0800e288                I2C_Init
                0x0800e358                I2C_StructInit
                0x0800e374                I2C_Cmd
                0x0800e38e                I2C_DMACmd
                0x0800e3a8                I2C_DMALastTransferCmd
                0x0800e3c2                I2C_GenerateSTART
                0x0800e3dc                I2C_GenerateSTOP
                0x0800e3f6                I2C_AcknowledgeConfig
                0x0800e410                I2C_OwnAddress2Config
                0x0800e426                I2C_DualAddressCmd
                0x0800e440                I2C_GeneralCallCmd
                0x0800e45a                I2C_ITConfig
                0x0800e470                I2C_SendData
                0x0800e474                I2C_ReceiveData
                0x0800e47a                I2C_Send7bitAddress
                0x0800e48a                I2C_ReadRegister
                0x0800e4a2                I2C_SoftwareResetCmd
                0x0800e4ba                I2C_SMBusAlertConfig
                0x0800e4d8                I2C_TransmitPEC
                0x0800e4f2                I2C_PECPositionConfig
                0x0800e510                I2C_CalculatePEC
                0x0800e52a                I2C_GetPEC
                0x0800e532                I2C_ARPCmd
                0x0800e54c                I2C_StretchClockCmd
                0x0800e566                I2C_FastModeDutyCycleConfig
                0x0800e584                I2C_GetLastEvent
                0x0800e594                I2C_CheckEvent
                0x0800e5ac                I2C_GetFlagStatus
                0x0800e5e0                I2C_ClearFlag
                0x0800e5e6                I2C_GetITStatus
                0x0800e602                I2C_ClearITPendingBit
 .text          0x0800e608       0x58 lib/STM32F10x_StdPeriph_Driver/libstm32fw.a(stm32f10x_iwdg.o)
                0x0800e608                IWDG_WriteAccessCmd
                0x0800e614                IWDG_SetPrescaler
                0x0800e620                IWDG_SetReload
                0x0800e62c                IWDG_ReloadCounter
                0x0800e63c                IWDG_Enable
                0x0800e64c                IWDG_GetFlagStatus
 .text          0x0800e660       0xcc lib/STM32F10x_StdPeriph_Driver/libstm32fw.a(stm32f10x_pwr.o)
                0x0800e664                PWR_DeInit
                0x0800e67e                PWR_BackupAccessCmd
                0x0800e688                PWR_PVDCmd
                0x0800e694                PWR_PVDLevelConfig
                0x0800e6a8                PWR_WakeUpPinCmd
                0x0800e6b4                PWR_EnterSTOPMode
                0x0800e6e0                PWR_EnterSTANDBYMode
                0x0800e708                PWR_GetFlagStatus
                0x0800e71c                PWR_ClearFlag
 .text          0x0800e72c      0x360 lib/STM32F10x_StdPeriph_Driver/libstm32fw.a(stm32f10x_rcc.o)
                0x0800e72c                RCC_DeInit
                0x0800e76c                RCC_HSEConfig
                0x0800e7a4                RCC_AdjustHSICalibrationValue
                0x0800e7b8                RCC_HSICmd
                0x0800e7c4                RCC_PLLConfig
                0x0800e7dc                RCC_PLLCmd
                0x0800e7e8                RCC_SYSCLKConfig
                0x0800e7fc                RCC_GetSYSCLKSource
                0x0800e80c                RCC_HCLKConfig
                0x0800e820                RCC_PCLK1Config
                0x0800e834                RCC_PCLK2Config
                0x0800e848                RCC_ITConfig
                0x0800e860                RCC_USBCLKConfig
                0x0800e86c                RCC_ADCCLKConfig
                0x0800e880                RCC_LSEConfig
                0x0800e8a0                RCC_LSICmd
                0x0800e8ac                RCC_RTCCLKConfig
                0x0800e8bc                RCC_RTCCLKCmd
                0x0800e8c8                RCC_GetClocksFreq
                0x0800e96c                RCC_AHBPeriphClockCmd
                0x0800e984                RCC_APB2PeriphClockCmd
                0x0800e99c                RCC_APB1PeriphClockCmd
                0x0800e9b4                RCC_APB2PeriphResetCmd
                0x0800e9cc                RCC_APB1PeriphResetCmd
                0x0800e9e4                RCC_BackupResetCmd
                0x0800e9f0                RCC_ClockSecuritySystemCmd
                0x0800e9fc                RCC_MCOConfig
                0x0800ea08                RCC_GetFlagStatus
                0x0800ea30                RCC_WaitForHSEStartUp
                0x0800ea5c                RCC_ClearFlag
                0x0800ea6c                RCC_GetITStatus
                0x0800ea80                RCC_ClearITPendingBit
 .text          0x0800ea8c      0x158 lib/STM32F10x_StdPeriph_Driver/libstm32fw.a(stm32f10x_rtc.o)
                0x0800ea8c                RTC_ITConfig
                0x0800eaa8                RTC_EnterConfigMode
                0x0800eabc                RTC_ExitConfigMode
                0x0800ead0                RTC_GetCounter
                0x0800eae4                RTC_SetCounter
                0x0800eb00                RTC_SetPrescaler
                0x0800eb20                RTC_SetAlarm
                0x0800eb3c                RTC_GetDivider
                0x0800eb54                RTC_WaitForLastTask
                0x0800eb64                RTC_WaitForSynchro
                0x0800eb84                RTC_GetFlagStatus
                0x0800eb98                RTC_ClearFlag
                0x0800ebac                RTC_GetITStatus
                0x0800ebd0                RTC_ClearITPendingBit
 .text          0x0800ebe4      0x2d4 lib/STM32F10x_StdPeriph_Driver/libstm32fw.a(stm32f10x_spi.o)
                0x0800ebe4                SPI_I2S_DeInit
                0x0800ec48                SPI_Init
                0x0800ec88                I2S_Init
                0x0800ed28                SPI_StructInit
                0x0800ed40                I2S_StructInit
                0x0800ed52                SPI_Cmd
                0x0800ed6c                I2S_Cmd
                0x0800ed86                SPI_I2S_ITConfig
                0x0800eda4                SPI_I2S_DMACmd
                0x0800edba                SPI_I2S_SendData
                0x0800edbe                SPI_I2S_ReceiveData
                0x0800edc4                SPI_NSSInternalSoftwareConfig
                0x0800ede4                SPI_SSOutputCmd
                0x0800edfe                SPI_DataSizeConfig
                0x0800ee16                SPI_TransmitCRC
                0x0800ee22                SPI_CalculateCRC
                0x0800ee3c                SPI_GetCRC
                0x0800ee4c                SPI_GetCRCPolynomial
                0x0800ee52                SPI_BiDirectionalLineConfig
                0x0800ee70                SPI_I2S_GetFlagStatus
                0x0800ee7c                SPI_I2S_ClearFlag
                0x0800ee82                SPI_I2S_GetITStatus
                0x0800eea8                SPI_I2S_ClearITPendingBit
 .text          0x0800eeb8      0x374 lib/STM32F10x_StdPeriph_Driver/libstm32fw.a(stm32f10x_usart.o)
                0x0800eeb8                USART_DeInit
                0x0800ef50                USART_Init
                0x0800efe0                USART_StructInit
                0x0800eff6                USART_ClockInit
                0x0800f01c                USART_ClockStructInit
                0x0800f028                USART_Cmd
                0x0800f042                USART_ITConfig
                0x0800f078                USART_DMACmd
                0x0800f08e                USART_SetAddress
                0x0800f0a6                USART_WakeUpConfig
                0x0800f0be                USART_ReceiverWakeUpCmd
                0x0800f0d8                USART_LINBreakDetectLengthConfig
                0x0800f0f0                USART_LINCmd
                0x0800f10a                USART_SendData
                0x0800f112                USART_ReceiveData
                0x0800f11a                USART_SendBreak
                0x0800f126                USART_SetGuardTime
                0x0800f138                USART_SetPrescaler
                0x0800f14c                USART_SmartCardCmd
                0x0800f166                USART_SmartCardNACKCmd
                0x0800f180                USART_HalfDuplexCmd
                0x0800f19a                USART_IrDAConfig
                0x0800f1b2                USART_IrDACmd
                0x0800f1cc                USART_GetFlagStatus
                0x0800f1d8                USART_ClearFlag
                0x0800f1de                USART_GetITStatus
                0x0800f21e                USART_ClearITPendingBit
 .text          0x0800f22c      0xa54 lib/STM32_USB-FS-Device_Driver/libstm32usb.a(usb_core.o)
                0x0800f22c                Standard_GetConfiguration
                0x0800f254                Standard_GetInterface
                0x0800f27c                Standard_GetStatus
                0x0800f3f0                Standard_SetConfiguration
                0x0800f42c                Standard_SetInterface
                0x0800f47c                Standard_ClearFeature
                0x0800f578                Standard_SetEndPointFeature
                0x0800f62c                Standard_SetDeviceFeature
                0x0800f650                Standard_GetDescriptorData
                0x0800f66c                Post0_Process
                0x0800f6b4                Out0_Process
                0x0800f790                Setup0_Process
                0x0800fb60                SetDeviceAddress
                0x0800fc1c                In0_Process
                0x0800fc7c                NOP_Process
 .text          0x0800fc80       0x38 lib/STM32_USB-FS-Device_Driver/libstm32usb.a(usb_init.o)
                0x0800fc80                USB_Init
 .text          0x0800fcb8      0x25c lib/STM32_USB-FS-Device_Driver/libstm32usb.a(usb_int.o)
                0x0800fcb8                CTR_LP
                0x0800fe80                CTR_HP
 .text          0x0800ff14       0xb8 lib/STM32_USB-FS-Device_Driver/libstm32usb.a(usb_mem.o)
                0x0800ff14                UserToPMABufferCopy
                0x0800ff7c                PMAToUserBufferCopy
 .text          0x0800ffcc      0x880 lib/STM32_USB-FS-Device_Driver/libstm32usb.a(usb_regs.o)
                0x0800ffcc                SetCNTR
                0x0800ffd8                GetCNTR
                0x0800ffe4                SetISTR
                0x0800fff0                GetISTR
                0x0800fffc                GetFNR
                0x08010008                SetDADDR
                0x08010014                GetDADDR
                0x08010020                SetBTABLE
                0x08010034                GetBTABLE
                0x08010040                SetENDPOINT
                0x08010050                GetENDPOINT
                0x08010060                SetEPType
                0x0801007c                GetEPType
                0x08010090                SetEPTxStatus
                0x080100d0                SetEPRxStatus
                0x08010110                SetDouBleBuffEPStall
                0x08010138                GetEPTxStatus
                0x0801014c                GetEPRxStatus
                0x08010160                SetEPTxValid
                0x08010184                SetEPRxValid
                0x080101a8                SetEP_KIND
                0x080101c8                ClearEP_KIND
                0x080101e8                Clear_Status_Out
                0x08010208                Set_Status_Out
                0x08010228                SetEPDoubleBuff
                0x08010248                ClearEPDoubleBuff
                0x08010268                GetTxStallStatus
                0x08010288                GetRxStallStatus
                0x080102a8                ClearEP_CTR_RX
                0x080102c0                ClearEP_CTR_TX
                0x080102d8                ToggleDTOG_RX
                0x080102f8                ToggleDTOG_TX
                0x08010318                ClearDTOG_RX
                0x08010340                ClearDTOG_TX
                0x08010368                SetEPAddress
                0x0801038c                GetEPAddress
                0x080103a0                SetEPTxAddr
                0x080103c4                SetEPRxAddr
                0x080103ec                GetEPTxAddr
                0x0801040c                GetEPRxAddr
                0x0801042c                SetEPTxCount
                0x0801044c                SetEPCountRxReg
                0x08010478                SetEPRxCount
                0x080104c0                GetEPTxCount
                0x080104e4                GetEPRxCount
                0x08010508                SetEPDblBuffAddr
                0x08010550                SetEPDblBuf0Addr
                0x08010574                SetEPDblBuf1Addr
                0x0801059c                GetEPDblBuf0Addr
                0x080105bc                GetEPDblBuf1Addr
                0x080105dc                SetEPDblBuffCount
                0x08010688                SetEPDblBuf0Count
                0x080106f0                SetEPDblBuf1Count
                0x08010758                GetEPDblBuf0Count
                0x0801077c                GetEPDblBuf1Count
                0x080107a0                GetEPDblBufDir
                0x080107e8                FreeUserBuffer
                0x08010838                ToWord
                0x08010840                ByteSwap
 .text          0x0801084c       0x6c lib/STM32_USB-FS-Device_Driver/libstm32usb.a(usb_sil.o)
                0x0801084c                USB_SIL_Init
                0x0801086c                USB_SIL_Write
                0x08010894                USB_SIL_Read
 .text          0x080108b8      0x370 /home/laurence/CodeSourcery/Sourcery_G++_Lite/bin/../lib/gcc/arm-none-eabi/4.5.2/thumb2/libgcc.a(_arm_addsubdf3.o)
                0x080108b8                __aeabi_drsub
                0x080108c0                __aeabi_dsub
                0x080108c0                __subdf3
                0x080108c4                __adddf3
                0x080108c4                __aeabi_dadd
                0x08010b3c                __aeabi_ui2d
                0x08010b3c                __floatunsidf
                0x08010b5c                __floatsidf
                0x08010b5c                __aeabi_i2d
                0x08010b80                __extendsfdf2
                0x08010b80                __aeabi_f2d
                0x08010bbc                __aeabi_ul2d
                0x08010bbc                __floatundidf
                0x08010bcc                __floatdidf
                0x08010bcc                __aeabi_l2d
 .text          0x08010c28      0x424 /home/laurence/CodeSourcery/Sourcery_G++_Lite/bin/../lib/gcc/arm-none-eabi/4.5.2/thumb2/libgcc.a(_arm_muldivdf3.o)
                0x08010c28                __aeabi_dmul
                0x08010c28                __muldf3
                0x08010e7c                __aeabi_ddiv
                0x08010e7c                __divdf3
 .text          0x0801104c      0x110 /home/laurence/CodeSourcery/Sourcery_G++_Lite/bin/../lib/gcc/arm-none-eabi/4.5.2/thumb2/libgcc.a(_arm_cmpdf2.o)
                0x0801104c                __gtdf2
                0x0801104c                __gedf2
                0x08011054                __ltdf2
                0x08011054                __ledf2
                0x0801105c                __cmpdf2
                0x0801105c                __eqdf2
                0x0801105c                __nedf2
                0x080110d8                __aeabi_cdrcmple
                0x080110e8                __aeabi_cdcmple
                0x080110e8                __aeabi_cdcmpeq
                0x080110f8                __aeabi_dcmpeq
                0x0801110c                __aeabi_dcmplt
                0x08011120                __aeabi_dcmple
                0x08011134                __aeabi_dcmpge
                0x08011148                __aeabi_dcmpgt
 .text          0x0801115c       0xa0 /home/laurence/CodeSourcery/Sourcery_G++_Lite/bin/../lib/gcc/arm-none-eabi/4.5.2/thumb2/libgcc.a(_arm_truncdfsf2.o)
                0x0801115c                __aeabi_d2f
                0x0801115c                __truncdfsf2
 .text          0x080111fc      0x21c /home/laurence/CodeSourcery/Sourcery_G++_Lite/bin/../lib/gcc/arm-none-eabi/4.5.2/thumb2/libgcc.a(_arm_addsubsf3.o)
                0x080111fc                __aeabi_frsub
                0x08011204                __subsf3
                0x08011204                __aeabi_fsub
                0x08011208                __aeabi_fadd
                0x08011208                __addsf3
                0x08011368                __aeabi_ui2f
                0x08011368                __floatunsisf
                0x08011370                __aeabi_i2f
                0x08011370                __floatsisf
                0x0801138c                __floatundisf
                0x0801138c                __aeabi_ul2f
                0x0801139c                __floatdisf
                0x0801139c                __aeabi_l2f
 .text          0x08011418      0x2a0 /home/laurence/CodeSourcery/Sourcery_G++_Lite/bin/../lib/gcc/arm-none-eabi/4.5.2/thumb2/libgcc.a(_arm_muldivsf3.o)
                0x08011418                __mulsf3
                0x08011418                __aeabi_fmul
                0x08011580                __divsf3
                0x08011580                __aeabi_fdiv
 .text          0x080116b8       0xec /home/laurence/CodeSourcery/Sourcery_G++_Lite/bin/../lib/gcc/arm-none-eabi/4.5.2/thumb2/libgcc.a(_arm_cmpsf2.o)
                0x080116b8                __gtsf2
                0x080116b8                __gesf2
                0x080116c0                __lesf2
                0x080116c0                __ltsf2
                0x080116c8                __nesf2
                0x080116c8                __eqsf2
                0x080116c8                __cmpsf2
                0x08011728                __aeabi_cfrcmple
                0x08011730                __aeabi_cfcmple
                0x08011730                __aeabi_cfcmpeq
                0x08011740                __aeabi_fcmpeq
                0x08011754                __aeabi_fcmplt
                0x08011768                __aeabi_fcmple
                0x0801177c                __aeabi_fcmpge
                0x08011790                __aeabi_fcmpgt
 .text          0x080117a4       0x4c /home/laurence/CodeSourcery/Sourcery_G++_Lite/bin/../lib/gcc/arm-none-eabi/4.5.2/thumb2/libgcc.a(_arm_fixsfsi.o)
                0x080117a4                __fixsfsi
                0x080117a4                __aeabi_f2iz
 .text          0x080117f0       0x40 /home/laurence/CodeSourcery/Sourcery_G++_Lite/bin/../lib/gcc/arm-none-eabi/4.5.2/thumb2/libgcc.a(_arm_fixunssfsi.o)
                0x080117f0                __aeabi_f2uiz
                0x080117f0                __fixunssfsi
 .text          0x08011830       0x20 /home/laurence/CodeSourcery/Sourcery_G++_Lite/bin/../lib/gcc/arm-none-eabi/4.5.2/../../../../arm-none-eabi/lib/thumb2/libc.a(lib_a-malloc.o)
                0x08011830                malloc
                0x08011840                free
 .text          0x08011850      0x57c /home/laurence/CodeSourcery/Sourcery_G++_Lite/bin/../lib/gcc/arm-none-eabi/4.5.2/../../../../arm-none-eabi/lib/thumb2/libc.a(lib_a-mallocr.o)
                0x08011850                _malloc_r
 .text          0x08011dcc       0x64 /home/laurence/CodeSourcery/Sourcery_G++_Lite/bin/../lib/gcc/arm-none-eabi/4.5.2/../../../../arm-none-eabi/lib/thumb2/libc.a(lib_a-memcmp.o)
                0x08011dcc                memcmp
 .text          0x08011e30        0x8 /home/laurence/CodeSourcery/Sourcery_G++_Lite/bin/../lib/gcc/arm-none-eabi/4.5.2/../../../../arm-none-eabi/lib/thumb2/libc.a(lib_a-mlock.o)
                0x08011e30                __malloc_lock
                0x08011e34                __malloc_unlock
 .text          0x08011e38       0x28 /home/laurence/CodeSourcery/Sourcery_G++_Lite/bin/../lib/gcc/arm-none-eabi/4.5.2/../../../../arm-none-eabi/lib/thumb2/libc.a(lib_a-sbrkr.o)
                0x08011e38                _sbrk_r
 .text          0x08011e60       0x60 /home/laurence/CodeSourcery/Sourcery_G++_Lite/bin/../lib/gcc/arm-none-eabi/4.5.2/../../../../arm-none-eabi/lib/thumb2/libc.a(lib_a-strlen.o)
                0x08011e60                strlen
 .text          0x08011ec0      0x240 /home/laurence/CodeSourcery/Sourcery_G++_Lite/bin/../lib/gcc/arm-none-eabi/4.5.2/../../../../arm-none-eabi/lib/thumb2/libc.a(lib_a-freer.o)
                0x08011ec0                _malloc_trim_r
                0x08011f68                _free_r
 .text          0x08012100       0x30 /home/laurence/CodeSourcery/Sourcery_G++_Lite/bin/../lib/gcc/arm-none-eabi/4.5.2/../../../../arm-none-eabi/lib/thumb2/libcs3.a(start_c.o)
                0x08012100                __cs3_premain
 .text.cs3.init
                0x08012130       0x50 /home/laurence/CodeSourcery/Sourcery_G++_Lite/bin/../lib/gcc/arm-none-eabi/4.5.2/../../../../arm-none-eabi/lib/thumb2/libcs3.a(start_c.o)
                0x08012130                __cs3_start_c
 .text          0x08012180       0x40 /home/laurence/CodeSourcery/Sourcery_G++_Lite/bin/../lib/gcc/arm-none-eabi/4.5.2/../../../../arm-none-eabi/lib/thumb2/libcs3unhosted.a(unhosted-sbrk.o)
                0x08012180                _sbrk
 .text.cs3.init
                0x080121c0       0x10 /home/laurence/CodeSourcery/Sourcery_G++_Lite/bin/../lib/gcc/arm-none-eabi/4.5.2/../../../../arm-none-eabi/lib/thumb2/libcs3unhosted.a(unhosted-start.o)
                0x080121c0                _start
 .text          0x080121d0        0x2 lib/libcs3-lanchon-stm32.a(lanchon_stm32_isr_interrupt.o)
                0x080121d0                MemManageException
                0x080121d0                BusFaultException
                0x080121d0                DMAChannel7_IRQHandler
                0x080121d0                DebugMonitor
                0x080121d0                SVCHandler
                0x080121d0                HardFaultException
                0x080121d0                __STM32ReservedException8
                0x080121d0                __STM32DefaultExceptionHandler
                0x080121d0                DMAChannel1_IRQHandler
                0x080121d0                CAN_SCE_IRQHandler
                0x080121d0                __STM32ReservedException10
                0x080121d0                __STM32ReservedException13
                0x080121d0                NMIException
                0x080121d0                DMAChannel4_IRQHandler
                0x080121d0                PendSVC
                0x080121d0                CAN_RX1_IRQHandler
                0x080121d0                ADC_IRQHandler
                0x080121d0                DMAChannel5_IRQHandler
                0x080121d0                DMAChannel2_IRQHandler
                0x080121d0                __STM32ReservedException7
                0x080121d0                UsageFaultException
                0x080121d0                DMAChannel6_IRQHandler
                0x080121d0                DMAChannel3_IRQHandler
                0x080121d0                __STM32ReservedException9
 *fill*         0x080121d2        0x2 00
 .text          0x080121d4        0xc /home/laurence/CodeSourcery/Sourcery_G++_Lite/bin/../lib/gcc/arm-none-eabi/4.5.2/../../../../arm-none-eabi/lib/thumb2/libc.a(lib_a-errno.o)
                0x080121d4                __errno
 .text          0x080121e0       0x50 /home/laurence/CodeSourcery/Sourcery_G++_Lite/bin/../lib/gcc/arm-none-eabi/4.5.2/../../../../arm-none-eabi/lib/thumb2/libc.a(lib_a-init.o)
                0x080121e0                __libc_init_array
 *(.plt)
 *(.gnu.warning)
 *(.glue_7t)
 .glue_7t       0x00000000        0x0 linker stubs
 *(.glue_7)
 .glue_7        0x00000000        0x0 linker stubs
 *(.vfp11_veneer)
 .vfp11_veneer  0x00000000        0x0 linker stubs
 *(.rodata .rodata.* .gnu.linkonce.r.*)
 .rodata        0x08012230       0x28 Sensors/amb_sensors.o
                0x08012230                LSM_330_ACCEL_config
                0x08012238                LSM_330_ACCEL_FIFO_config
                0x0801223c                LSM_330_GYRO_config
                0x08012244                LSM_330_GYRO_FIFO_config
                0x08012248                ADXL_config
                0x08012250                HMC_config
                0x08012254                ITG3200_config
 .rodata        0x08012258       0xac Util/USB/usb_desc.o
                0x08012258                MASS_DeviceDescriptor
                0x0801226c                MASS_ConfigDescriptor
                0x0801228c                MASS_StringLangID
                0x08012290                MASS_StringVendor
                0x080122c4                MASS_StringProduct
                0x080122f4                MASS_StringInterface
 .rodata        0x08012304     0x7738 Util/fat_fs/option/cc932.o
 .rodata.str1.4
                0x08019a3c       0x13 Util/fat_fs/src/ff.o
                                 0x14 (size before relaxing)
 *fill*         0x08019a4f        0x1 00
 .rodata        0x08019a50        0xc Util/fat_fs/src/rtc.o
 .rodata        0x08019a5c      0x17c Util/filter_1350.o
 .rodata        0x08019bd8       0x74 Util/filter_380.o
 .rodata        0x08019c4c       0x14 Util/rprintf.o
 .rodata.str1.4
                0x08019c60       0x1a Util/rprintf.o
                                 0x1c (size before relaxing)
 *fill*         0x08019c7a        0x2 00
 .rodata        0x08019c7c       0x14 lib/CMSIS_CM3/system_stm32f10x.o
                0x08019c7c                SystemFrequency
                0x08019c80                SystemFrequency_SysClk
                0x08019c84                SystemFrequency_AHBClk
                0x08019c88                SystemFrequency_APB1Clk
                0x08019c8c                SystemFrequency_APB2Clk
 .rodata.str1.4
                0x08019c90      0x1e3 main.o
                                0x1e8 (size before relaxing)
 *fill*         0x08019e73        0x1 00
 .rodata.str1.4
                0x08019e74       0x28 pwr.o
 .rodata.str1.4
                0x08019e9c        0x4 /home/laurence/CodeSourcery/Sourcery_G++_Lite/bin/../lib/gcc/arm-none-eabi/4.5.2/../../../../arm-none-eabi/lib/thumb2/libc.a(lib_a-impure.o)
 *(.ARM.extab* .gnu.linkonce.armextab.*)
 *(.gcc_except_table)
 *(.eh_frame_hdr)
 *(.eh_frame)
                0x08019ea0                . = ALIGN (0x4)
 *(.init)
 .init          0x08019ea0        0x4 /home/laurence/CodeSourcery/Sourcery_G++_Lite/bin/../lib/gcc/arm-none-eabi/4.5.2/thumb2/crti.o
                0x08019ea0                _init
 .init          0x08019ea4        0x8 /home/laurence/CodeSourcery/Sourcery_G++_Lite/bin/../lib/gcc/arm-none-eabi/4.5.2/thumb2/crtn.o
                0x08019eac                . = ALIGN (0x4)
                0x08019eac                _sidata = .
                0x08019eac                __preinit_array_start = .
 *(.preinit_array)
                0x08019eac                __preinit_array_end = .
                0x08019eac                . = ALIGN (0x4)
                0x08019eac                __init_array_start = .
 *(SORT(.init_array.*))
 *(.init_array)
 .init_array    0x08019eac        0x4 /home/laurence/CodeSourcery/Sourcery_G++_Lite/bin/../lib/gcc/arm-none-eabi/4.5.2/thumb2/crtbegin.o
                0x08019eb0                __init_array_end = .
                0x08019eb0                . = ALIGN (0x4)
 *crtbegin.o(.ctors)
 *(EXCLUDE_FILE(*crtend.o) .ctors)
 *(SORT(.ctors.*))
 *crtend.o(.ctors)
                0x08019eb0                . = ALIGN (0x4)
 *(.fini)
 .fini          0x08019eb0        0x4 /home/laurence/CodeSourcery/Sourcery_G++_Lite/bin/../lib/gcc/arm-none-eabi/4.5.2/thumb2/crti.o
                0x08019eb0                _fini
 .fini          0x08019eb4        0x8 /home/laurence/CodeSourcery/Sourcery_G++_Lite/bin/../lib/gcc/arm-none-eabi/4.5.2/thumb2/crtn.o
                0x08019ebc                . = ALIGN (0x4)
                0x08019ebc                __fini_array_start = .
 *(.fini_array)
 .fini_array    0x08019ebc        0x4 /home/laurence/CodeSourcery/Sourcery_G++_Lite/bin/../lib/gcc/arm-none-eabi/4.5.2/thumb2/crtbegin.o
 *(SORT(.fini_array.*))
                0x08019ec0                __fini_array_end = .
 *crtbegin.o(.dtors)
 *(EXCLUDE_FILE(*crtend.o) .dtors)
 *(SORT(.dtors.*))
 *crtend.o(.dtors)
                0x08019ec0                . = ALIGN (0x4)
                0x08019ec0                __cs3_regions = .
                0x08019ec0        0x4 LONG 0x0
                0x08019ec4        0x4 LONG 0x8019ed8 __cs3_region_init_ram
                0x08019ec8        0x4 LONG 0x20000000 __cs3_region_start_ram
                0x08019ecc        0x4 LONG 0x700 __cs3_region_init_size_ram
                0x08019ed0        0x4 LONG 0x1690 __cs3_region_zero_size_ram
                0x08019ed4                __exidx_start = .

.v4_bx          0x08019ed4        0x0
 .v4_bx         0x00000000        0x0 linker stubs

.ARM.exidx
 *(.ARM.exidx* .gnu.linkonce.armexidx.*)
                0x08019ed4                __exidx_end = .

.text.align     0x08019ed4        0x4
                0x08019ed8                . = ALIGN (0x8)
 *fill*         0x08019ed4        0x4 00
                0x08019ed8                _etext = .
                0x08020000                __cs3_region_end_rom = (__cs3_region_start_rom + 0x20000)
                0x00020000                __cs3_region_size_rom = 0x20000
                0x00000001                __cs3_region_num = 0x1

.data           0x20000000      0x700 load address 0x08019ed8
                0x20000000                __cs3_region_start_ram = .
                0x20000000                _sdata = .
 *(.cs3.region-head.ram)
 *(.jcr)
 .jcr           0x20000000        0x0 /home/laurence/CodeSourcery/Sourcery_G++_Lite/bin/../lib/gcc/arm-none-eabi/4.5.2/thumb2/crtbegin.o
 .jcr           0x20000000        0x4 /home/laurence/CodeSourcery/Sourcery_G++_Lite/bin/../lib/gcc/arm-none-eabi/4.5.2/thumb2/crtend.o
 *(.got.plt)
 *(.got)
 *(.shdata)
 *(.data .data.* .gnu.linkonce.d.*)
 .data          0x20000004       0x78 Sensors/amb_sensors.o
                0x20000004                I2C_jobs
 .data          0x2000007c       0x74 Util/USB/scsi_data.o
                0x2000007c                Standard_Inquiry_Data
                0x200000a0                Standard_Inquiry_Data2
                0x200000c4                Mode_Sense6_data
                0x200000c8                Mode_Sense10_data
                0x200000d0                Scsi_Sense_Data
                0x200000e4                ReadFormatCapacity_Data
 .data          0x200000f0       0x1c Util/USB/usb_desc.o
                0x200000f0                MASS_StringSerial
 .data          0x2000010c       0x38 Util/USB/usb_istr.o
                0x2000010c                pEpInt_IN
                0x20000128                pEpInt_OUT
 .data          0x20000144       0x90 Util/USB/usb_prop.o
                0x20000144                String_Descriptor
                0x2000016c                Config_Descriptor
                0x20000174                Device_Descriptor
                0x2000017c                Device_Property
                0x200001ac                Device_Table
                0x200001b0                User_Standard_Requests
 .data          0x200001d4        0x1 Util/USB/usb_pwr.o
                0x200001d4                fSuspendEnabled
 *fill*         0x200001d5        0x3 00
 .data          0x200001d8        0x4 Util/fat_fs/src/sd_spi_stm32.o
 .data          0x200001dc       0x14 lib/STM32F10x_StdPeriph_Driver/libstm32fw.a(stm32f10x_rcc.o)
 .data          0x200001f0      0x410 /home/laurence/CodeSourcery/Sourcery_G++_Lite/bin/../lib/gcc/arm-none-eabi/4.5.2/../../../../arm-none-eabi/lib/thumb2/libc.a(lib_a-mallocr.o)
                0x200001f0                __malloc_av_
                0x200005f8                __malloc_sbrk_base
                0x200005fc                __malloc_trim_threshold
 .data          0x20000600       0xf4 /home/laurence/CodeSourcery/Sourcery_G++_Lite/bin/../lib/gcc/arm-none-eabi/4.5.2/../../../../arm-none-eabi/lib/thumb2/libc.a(lib_a-impure.o)
                0x20000600                _impure_ptr
 .data          0x200006f4        0x4 /home/laurence/CodeSourcery/Sourcery_G++_Lite/bin/../lib/gcc/arm-none-eabi/4.5.2/../../../../arm-none-eabi/lib/thumb2/libcs3unhosted.a(unhosted-sbrk.o)
 .data          0x200006f8        0x4 /home/laurence/CodeSourcery/Sourcery_G++_Lite/bin/../lib/gcc/arm-none-eabi/4.5.2/../../../../arm-none-eabi/lib/thumb2/libcs3.a(heap.o)
                0x200006f8                __cs3_heap_limit
 *(.ram)
                0x20000700                . = ALIGN (0x8)
 *fill*         0x200006fc        0x4 00
                0x20000700                _edata = .

.bss            0x20000700     0x1690 load address 0x0801a5d8
                0x20000700                _sbss = .
 *(.shbss)
 *(.bss .bss.* .gnu.linkonce.b.*)
 .bss           0x20000700        0x1 /home/laurence/CodeSourcery/Sourcery_G++_Lite/bin/../lib/gcc/arm-none-eabi/4.5.2/thumb2/crtbegin.o
 *fill*         0x20000701        0x3 00
 .bss           0x20000704        0x4 Util/USB/mass_mal.o
                0x20000704                Status
 .bss           0x20000708       0x1c Util/USB/memory.o
                0x20000708                TransferState
                0x20000714                Counter
                0x20000720                Block_Read_count
 .bss           0x20000724       0x10 Util/USB/scsi_data.o
                0x20000724                Page00_Inquiry_Data
                0x2000072c                ReadCapacity10_Data
 .bss           0x20000734        0x1 Util/USB/usb_istr.o
                0x20000734                bIntPackSOF
 *fill*         0x20000735        0x3 00
 .bss           0x20000738        0x4 Util/USB/usb_prop.o
                0x20000738                Max_Lun
 .bss           0x2000073c        0x4 Util/USB/usb_pwr.o
                0x2000073c                bDeviceState
 .bss           0x20000740        0xc Util/fat_fs/src/ff.o
 .bss           0x2000074c       0x10 Util/fat_fs/src/sd_spi_stm32.o
 .bss           0x2000075c       0x84 Util/rprintf.o
 .bss           0x200007e0        0x3 i2c_int.o
 *fill*         0x200007e3        0x1 00
 .bss           0x200007e4        0xc interrupts.o
 .bss           0x200007f0      0x238 main.o
                0x20000a24                file_opened
 .bss           0x20000a28        0x1 lib/STM32_USB-FS-Device_Driver/libstm32usb.a(usb_core.o)
                0x20000a28                Data_Mul_MaxPacketSize
 *fill*         0x20000a29        0x3 00
 .bss           0x20000a2c       0x34 /home/laurence/CodeSourcery/Sourcery_G++_Lite/bin/../lib/gcc/arm-none-eabi/4.5.2/../../../../arm-none-eabi/lib/thumb2/libc.a(lib_a-mallocr.o)
                0x20000a2c                __malloc_top_pad
                0x20000a30                __malloc_current_mallinfo
                0x20000a58                __malloc_max_sbrked_mem
                0x20000a5c                __malloc_max_total_mem
 *(COMMON)
 COMMON         0x20000a60      0x945 Sensors/amb_sensors.o
                0x20000a60                LSM330_Gyro_Filter
                0x20000ee0                LSM330_Accel_Filter
                0x20001360                LSM330_Accel_Reads
                0x20001364                Rawdata
                0x200013a4                LSM330_Gyro_Reads
 *fill*         0x200013a5        0x3 00
 COMMON         0x200013a8       0x1c Util/USB/mass_mal.o
                0x200013a8                Mass_Memory_Size
                0x200013b0                Mass_Block_Size
                0x200013b8                Mass_Block_Count
                0x200013c0                Data_Buffer
 COMMON         0x200013c4        0x8 Util/USB/memory.o
                0x200013c4                Block_offset
                0x200013c8                Idx
 COMMON         0x200013cc       0x7c Util/USB/usb_bot.o
                0x200013cc                CBW
                0x200013ec                Data_Len
                0x200013ee                Bot_State
                0x200013f0                SCSI_LBA
                0x200013f4                CSW
                0x20001404                SCSI_BlkLen
                0x20001408                Bulk_Data_Buff
 COMMON         0x20001448        0x2 Util/USB/usb_istr.o
                0x20001448                wIstr
 *fill*         0x2000144a        0x2 00
 COMMON         0x2000144c        0x2 Util/USB/usb_pwr.o
                0x2000144c                ResumeS
 COMMON         0x2000144e        0x1 Util/fat_fs/src/sd_spi_stm32.o
                0x2000144e                Sd_Spi_Called_From_USB_MSC
 COMMON         0x2000144f        0x1 gpio.o
                0x2000144f                bootsource
 COMMON         0x20001450        0xd i2c_int.o
                0x20001450                I2C1error
                0x20001454                Jobs
                0x20001458                Completed_Jobs
                0x2000145c                job
 *fill*         0x2000145d        0x3 00
 COMMON         0x20001460        0x8 interrupts.o
                0x20001460                Button_hold_tim
                0x20001464                Battery_Voltage
 COMMON         0x20001468      0x8e8 main.o
                0x20001468                Sensor_Cable
                0x2000146c                battery_voltage
                0x20001470                FATFS_wavfile_accel
                0x20001694                forehead_buffer
                0x200016e8                f_err_code
                0x200016e9                System_state_Global
                0x200016ec                Millis
                0x200016f0                sfe_sensor_buffers
                0x200017e0                Sensors
                0x200017e4                FATFS_info
                0x20001804                FATFS_wavfile_gyro
                0x20001a28                print_string
                0x20001b28                a
                0x20001b2c                FATFS_logfile
 COMMON         0x20001d50        0x2 lib/STM32_USB-FS-Device_Driver/libstm32usb.a(usb_core.o)
                0x20001d50                StatusInfo
 *fill*         0x20001d52        0x2 00
 COMMON         0x20001d54       0x32 lib/STM32_USB-FS-Device_Driver/libstm32usb.a(usb_init.o)
                0x20001d54                SaveState
                0x20001d58                pProperty
                0x20001d5c                EPindex
                0x20001d60                Device_Info
                0x20001d7c                pUser_Standard_Requests
                0x20001d80                pInformation
                0x20001d84                wInterrupt_Mask
 COMMON         0x20001d86        0x4 lib/STM32_USB-FS-Device_Driver/libstm32usb.a(usb_int.o)
                0x20001d86                SaveRState
                0x20001d88                SaveTState
 *fill*         0x20001d8a        0x2 00
 COMMON         0x20001d8c        0x4 /home/laurence/CodeSourcery/Sourcery_G++_Lite/bin/../lib/gcc/arm-none-eabi/4.5.2/../../../../arm-none-eabi/lib/thumb2/libc.a(lib_a-reent.o)
                0x20001d8c                errno
 *(.ram.b)
                0x20001d90                . = ALIGN (0x8)
                0x20001d90                _ebss = .

.noinit         0x20001d90        0x0 load address 0x0801a5d8
 *(.noinit)
                0x20001d90                . = ALIGN (0x8)
                0x20001d90                _end = .
                0x20005000                __cs3_region_end_ram = (__cs3_region_start_ram + 0x5000)
                0x00005000                __cs3_region_size_ram = 0x5000
                0x08019ed8                __cs3_region_init_ram = LOADADDR (.data)
                0x00000700                __cs3_region_init_size_ram = (_edata - ADDR (.data))
                0x00001690                __cs3_region_zero_size_ram = (_end - _edata)
                0x00000001                __cs3_region_num = 0x1

.stab
 *(.stab)

.stabstr
 *(.stabstr)

.debug
 *(.debug)

.line
 *(.line)

.debug_srcinfo
 *(.debug_srcinfo)

.debug_sfnames
 *(.debug_sfnames)

.comment        0x00000000       0x2a
 .comment       0x00000000       0x2a Sensors/amb_sensors.o
                                 0x2b (size before relaxing)
 .comment       0x00000000       0x2b Sensors/temperature.o
 .comment       0x00000000       0x2b Util/USB/hw_config.o
 .comment       0x00000000       0x2b Util/USB/mass_mal.o
 .comment       0x00000000       0x2b Util/USB/memory.o
 .comment       0x00000000       0x2b Util/USB/scsi_data.o
 .comment       0x00000000       0x2b Util/USB/usb_bot.o
 .comment       0x00000000       0x2b Util/USB/usb_desc.o
 .comment       0x00000000       0x2b Util/USB/usb_endp.o
 .comment       0x00000000       0x2b Util/USB/usb_istr.o
 .comment       0x00000000       0x2b Util/USB/usb_prop.o
 .comment       0x00000000       0x2b Util/USB/usb_pwr.o
 .comment       0x00000000       0x2b Util/USB/usb_scsi.o
 .comment       0x00000000       0x2b Util/buffer.o
 .comment       0x00000000       0x2b Util/delay.o
 .comment       0x00000000       0x2b Util/fat_fs/option/cc932.o
 .comment       0x00000000       0x2b Util/fat_fs/option/syscall.o
 .comment       0x00000000       0x2b Util/fat_fs/src/fattime.o
 .comment       0x00000000       0x2b Util/fat_fs/src/ff.o
 .comment       0x00000000       0x2b Util/fat_fs/src/rtc.o
 .comment       0x00000000       0x2b Util/fat_fs/src/sd_spi_stm32.o
 .comment       0x00000000       0x2b Util/filter_1350.o
 .comment       0x00000000       0x2b Util/filter_380.o
 .comment       0x00000000       0x2b Util/rprintf.o
 .comment       0x00000000       0x2b Util/stm32_eval_spi_sd.o
 .comment       0x00000000       0x2b Util/wave.o
 .comment       0x00000000       0x2b adc.o
 .comment       0x00000000       0x2b gpio.o
 .comment       0x00000000       0x2b i2c_int.o
 .comment       0x00000000       0x2b interrupts.o
 .comment       0x00000000       0x2b lib/CMSIS_CM3/core_cm3.o
 .comment       0x00000000       0x2b lib/CMSIS_CM3/system_stm32f10x.o
 .comment       0x00000000       0x2b main.o
 .comment       0x00000000       0x2b pwr.o
 .comment       0x00000000       0x2b usart.o
 .comment       0x00000000       0x2b watchdog.o
 .comment       0x00000000       0x2b lib/STM32F10x_StdPeriph_Driver/libstm32fw.a(misc.o)
 .comment       0x00000000       0x2b lib/STM32F10x_StdPeriph_Driver/libstm32fw.a(stm32f10x_adc.o)
 .comment       0x00000000       0x2b lib/STM32F10x_StdPeriph_Driver/libstm32fw.a(stm32f10x_bkp.o)
 .comment       0x00000000       0x2b lib/STM32F10x_StdPeriph_Driver/libstm32fw.a(stm32f10x_dbgmcu.o)
 .comment       0x00000000       0x2b lib/STM32F10x_StdPeriph_Driver/libstm32fw.a(stm32f10x_dma.o)
 .comment       0x00000000       0x2b lib/STM32F10x_StdPeriph_Driver/libstm32fw.a(stm32f10x_exti.o)
 .comment       0x00000000       0x2b lib/STM32F10x_StdPeriph_Driver/libstm32fw.a(stm32f10x_gpio.o)
 .comment       0x00000000       0x2b lib/STM32F10x_StdPeriph_Driver/libstm32fw.a(stm32f10x_i2c.o)
 .comment       0x00000000       0x2b lib/STM32F10x_StdPeriph_Driver/libstm32fw.a(stm32f10x_iwdg.o)
 .comment       0x00000000       0x2b lib/STM32F10x_StdPeriph_Driver/libstm32fw.a(stm32f10x_pwr.o)
 .comment       0x00000000       0x2b lib/STM32F10x_StdPeriph_Driver/libstm32fw.a(stm32f10x_rcc.o)
 .comment       0x00000000       0x2b lib/STM32F10x_StdPeriph_Driver/libstm32fw.a(stm32f10x_rtc.o)
 .comment       0x00000000       0x2b lib/STM32F10x_StdPeriph_Driver/libstm32fw.a(stm32f10x_spi.o)
 .comment       0x00000000       0x2b lib/STM32F10x_StdPeriph_Driver/libstm32fw.a(stm32f10x_usart.o)
 .comment       0x00000000       0x2b lib/STM32_USB-FS-Device_Driver/libstm32usb.a(usb_core.o)
 .comment       0x00000000       0x2b lib/STM32_USB-FS-Device_Driver/libstm32usb.a(usb_init.o)
 .comment       0x00000000       0x2b lib/STM32_USB-FS-Device_Driver/libstm32usb.a(usb_int.o)
 .comment       0x00000000       0x2b lib/STM32_USB-FS-Device_Driver/libstm32usb.a(usb_mem.o)
 .comment       0x00000000       0x2b lib/STM32_USB-FS-Device_Driver/libstm32usb.a(usb_regs.o)
 .comment       0x00000000       0x2b lib/STM32_USB-FS-Device_Driver/libstm32usb.a(usb_sil.o)

.debug_aranges  0x00000000      0x448
 *(.debug_aranges)
 .debug_aranges
                0x00000000       0x20 Sensors/amb_sensors.o
 .debug_aranges
                0x00000020       0x20 Sensors/temperature.o
 .debug_aranges
                0x00000040       0x20 Util/USB/hw_config.o
 .debug_aranges
                0x00000060       0x20 Util/USB/mass_mal.o
 .debug_aranges
                0x00000080       0x20 Util/USB/memory.o
 .debug_aranges
                0x000000a0       0x20 Util/USB/usb_bot.o
 .debug_aranges
                0x000000c0       0x20 Util/USB/usb_endp.o
 .debug_aranges
                0x000000e0       0x20 Util/USB/usb_istr.o
 .debug_aranges
                0x00000100       0x20 Util/USB/usb_prop.o
 .debug_aranges
                0x00000120       0x20 Util/USB/usb_pwr.o
 .debug_aranges
                0x00000140       0x20 Util/USB/usb_scsi.o
 .debug_aranges
                0x00000160       0x20 Util/buffer.o
 .debug_aranges
                0x00000180       0x20 Util/delay.o
 .debug_aranges
                0x000001a0       0x20 Util/fat_fs/option/cc932.o
 .debug_aranges
                0x000001c0       0x20 Util/fat_fs/src/fattime.o
 .debug_aranges
                0x000001e0       0x20 Util/fat_fs/src/ff.o
 .debug_aranges
                0x00000200       0x20 Util/fat_fs/src/rtc.o
 .debug_aranges
                0x00000220       0x20 Util/fat_fs/src/sd_spi_stm32.o
 .debug_aranges
                0x00000240       0x20 Util/filter_1350.o
 .debug_aranges
                0x00000260       0x20 Util/filter_380.o
 .debug_aranges
                0x00000280       0x20 Util/rprintf.o
 .debug_aranges
                0x000002a0       0x20 Util/stm32_eval_spi_sd.o
 .debug_aranges
                0x000002c0       0x20 Util/wave.o
 .debug_aranges
                0x000002e0       0x20 adc.o
 .debug_aranges
                0x00000300       0x20 gpio.o
 .debug_aranges
                0x00000320       0x20 i2c_int.o
 .debug_aranges
                0x00000340       0x20 interrupts.o
 .debug_aranges
                0x00000360       0x20 lib/CMSIS_CM3/core_cm3.o
 .debug_aranges
                0x00000380       0x28 lib/CMSIS_CM3/startup/gcc/startup_stm32f10x_md.o
 .debug_aranges
                0x000003a8       0x20 lib/CMSIS_CM3/system_stm32f10x.o
 .debug_aranges
                0x000003c8       0x20 main.o
 .debug_aranges
                0x000003e8       0x20 pwr.o
 .debug_aranges
                0x00000408       0x20 usart.o
 .debug_aranges
                0x00000428       0x20 watchdog.o

.debug_pubnames
                0x00000000     0x18c0
 *(.debug_pubnames)
 .debug_pubnames
                0x00000000      0x172 Sensors/amb_sensors.o
 .debug_pubnames
                0x00000172       0x8d Sensors/temperature.o
 .debug_pubnames
                0x000001ff      0x113 Util/USB/hw_config.o
 .debug_pubnames
                0x00000312       0xa5 Util/USB/mass_mal.o
 .debug_pubnames
                0x000003b7       0x7f Util/USB/memory.o
 .debug_pubnames
                0x00000436       0xd2 Util/USB/scsi_data.o
 .debug_pubnames
                0x00000508       0xd9 Util/USB/usb_bot.o
 .debug_pubnames
                0x000005e1       0xb8 Util/USB/usb_desc.o
 .debug_pubnames
                0x00000699       0x3b Util/USB/usb_endp.o
 .debug_pubnames
                0x000006d4       0x56 Util/USB/usb_istr.o
 .debug_pubnames
                0x0000072a      0x1f6 Util/USB/usb_prop.o
 .debug_pubnames
                0x00000920       0x83 Util/USB/usb_pwr.o
 .debug_pubnames
                0x000009a3      0x195 Util/USB/usb_scsi.o
 .debug_pubnames
                0x00000b38       0x48 Util/buffer.o
 .debug_pubnames
                0x00000b80       0x1c Util/delay.o
 .debug_pubnames
                0x00000b9c       0x31 Util/fat_fs/option/cc932.o
 .debug_pubnames
                0x00000bcd       0x22 Util/fat_fs/src/fattime.o
 .debug_pubnames
                0x00000bef      0x164 Util/fat_fs/src/ff.o
 .debug_pubnames
                0x00000d53       0x55 Util/fat_fs/src/rtc.o
 .debug_pubnames
                0x00000da8       0xdb Util/fat_fs/src/sd_spi_stm32.o
 .debug_pubnames
                0x00000e83       0x61 Util/filter_1350.o
 .debug_pubnames
                0x00000ee4       0x5e Util/filter_380.o
 .debug_pubnames
                0x00000f42       0xf9 Util/rprintf.o
 .debug_pubnames
                0x0000103b      0x167 Util/stm32_eval_spi_sd.o
 .debug_pubnames
                0x000011a2       0x3f Util/wave.o
 .debug_pubnames
                0x000011e1       0x66 adc.o
 .debug_pubnames
                0x00001247       0x72 gpio.o
 .debug_pubnames
                0x000012b9       0xa9 i2c_int.o
 .debug_pubnames
                0x00001362       0xee interrupts.o
 .debug_pubnames
                0x00001450      0x159 lib/CMSIS_CM3/core_cm3.o
 .debug_pubnames
                0x000015a9       0xa3 lib/CMSIS_CM3/system_stm32f10x.o
 .debug_pubnames
                0x0000164c      0x17c main.o
 .debug_pubnames
                0x000017c8       0x54 pwr.o
 .debug_pubnames
                0x0000181c       0x64 usart.o
 .debug_pubnames
                0x00001880       0x40 watchdog.o

.debug_info     0x00000000     0xf665
 *(.debug_info .gnu.linkonce.wi.*)
 .debug_info    0x00000000      0x5cc Sensors/amb_sensors.o
 .debug_info    0x000005cc      0x123 Sensors/temperature.o
 .debug_info    0x000006ef      0x778 Util/USB/hw_config.o
 .debug_info    0x00000e67      0x371 Util/USB/mass_mal.o
 .debug_info    0x000011d8      0x3f3 Util/USB/memory.o
 .debug_info    0x000015cb      0x16b Util/USB/scsi_data.o
 .debug_info    0x00001736      0x49d Util/USB/usb_bot.o
 .debug_info    0x00001bd3      0x187 Util/USB/usb_desc.o
 .debug_info    0x00001d5a       0x98 Util/USB/usb_endp.o
 .debug_info    0x00001df2      0x311 Util/USB/usb_istr.o
 .debug_info    0x00002103      0x9fb Util/USB/usb_prop.o
 .debug_info    0x00002afe      0x3c3 Util/USB/usb_pwr.o
 .debug_info    0x00002ec1      0x885 Util/USB/usb_scsi.o
 .debug_info    0x00003746      0x189 Util/buffer.o
 .debug_info    0x000038cf       0xc8 Util/delay.o
 .debug_info    0x00003997      0x1b9 Util/fat_fs/option/cc932.o
 .debug_info    0x00003b50       0x77 Util/fat_fs/option/syscall.o
 .debug_info    0x00003bc7      0x15a Util/fat_fs/src/fattime.o
 .debug_info    0x00003d21     0x332c Util/fat_fs/src/ff.o
 .debug_info    0x0000704d      0x532 Util/fat_fs/src/rtc.o
 .debug_info    0x0000757f     0x13a4 Util/fat_fs/src/sd_spi_stm32.o
 .debug_info    0x00008923      0x158 Util/filter_1350.o
 .debug_info    0x00008a7b      0x156 Util/filter_380.o
 .debug_info    0x00008bd1      0xe58 Util/rprintf.o
 .debug_info    0x00009a29     0x1a18 Util/stm32_eval_spi_sd.o
 .debug_info    0x0000b441      0x584 Util/wave.o
 .debug_info    0x0000b9c5      0x42a adc.o
 .debug_info    0x0000bdef      0x2e3 gpio.o
 .debug_info    0x0000c0d2      0x840 i2c_int.o
 .debug_info    0x0000c912      0xb68 interrupts.o
 .debug_info    0x0000d47a      0x547 lib/CMSIS_CM3/core_cm3.o
 .debug_info    0x0000d9c1       0x81 lib/CMSIS_CM3/startup/gcc/startup_stm32f10x_md.o
 .debug_info    0x0000da42      0x2d0 lib/CMSIS_CM3/system_stm32f10x.o
 .debug_info    0x0000dd12     0x106e main.o
 .debug_info    0x0000ed80      0x3b7 pwr.o
 .debug_info    0x0000f137      0x450 usart.o
 .debug_info    0x0000f587       0xde watchdog.o

.debug_abbrev   0x00000000     0x340a
 *(.debug_abbrev)
 .debug_abbrev  0x00000000      0x111 Sensors/amb_sensors.o
 .debug_abbrev  0x00000111       0x79 Sensors/temperature.o
 .debug_abbrev  0x0000018a      0x2d3 Util/USB/hw_config.o
 .debug_abbrev  0x0000045d      0x111 Util/USB/mass_mal.o
 .debug_abbrev  0x0000056e      0x17d Util/USB/memory.o
 .debug_abbrev  0x000006eb       0x5c Util/USB/scsi_data.o
 .debug_abbrev  0x00000747      0x198 Util/USB/usb_bot.o
 .debug_abbrev  0x000008df       0x63 Util/USB/usb_desc.o
 .debug_abbrev  0x00000942       0x41 Util/USB/usb_endp.o
 .debug_abbrev  0x00000983      0x113 Util/USB/usb_istr.o
 .debug_abbrev  0x00000a96      0x1dd Util/USB/usb_prop.o
 .debug_abbrev  0x00000c73      0x1bd Util/USB/usb_pwr.o
 .debug_abbrev  0x00000e30      0x253 Util/USB/usb_scsi.o
 .debug_abbrev  0x00001083       0xc1 Util/buffer.o
 .debug_abbrev  0x00001144       0x7e Util/delay.o
 .debug_abbrev  0x000011c2       0xd2 Util/fat_fs/option/cc932.o
 .debug_abbrev  0x00001294       0x2c Util/fat_fs/option/syscall.o
 .debug_abbrev  0x000012c0       0x97 Util/fat_fs/src/fattime.o
 .debug_abbrev  0x00001357      0x2f7 Util/fat_fs/src/ff.o
 .debug_abbrev  0x0000164e      0x213 Util/fat_fs/src/rtc.o
 .debug_abbrev  0x00001861      0x37f Util/fat_fs/src/sd_spi_stm32.o
 .debug_abbrev  0x00001be0      0x118 Util/filter_1350.o
 .debug_abbrev  0x00001cf8      0x118 Util/filter_380.o
 .debug_abbrev  0x00001e10      0x2fa Util/rprintf.o
 .debug_abbrev  0x0000210a      0x2e8 Util/stm32_eval_spi_sd.o
 .debug_abbrev  0x000023f2      0x12c Util/wave.o
 .debug_abbrev  0x0000251e      0x14c adc.o
 .debug_abbrev  0x0000266a      0x158 gpio.o
 .debug_abbrev  0x000027c2      0x221 i2c_int.o
 .debug_abbrev  0x000029e3      0x23d interrupts.o
 .debug_abbrev  0x00002c20       0xc1 lib/CMSIS_CM3/core_cm3.o
 .debug_abbrev  0x00002ce1       0x12 lib/CMSIS_CM3/startup/gcc/startup_stm32f10x_md.o
 .debug_abbrev  0x00002cf3      0x112 lib/CMSIS_CM3/system_stm32f10x.o
 .debug_abbrev  0x00002e05      0x2c6 main.o
 .debug_abbrev  0x000030cb      0x124 pwr.o
 .debug_abbrev  0x000031ef      0x186 usart.o
 .debug_abbrev  0x00003375       0x95 watchdog.o

.debug_line     0x00000000     0xe36f
 *(.debug_line)
 .debug_line    0x00000000      0x5d2 Sensors/amb_sensors.o
 .debug_line    0x000005d2      0x502 Sensors/temperature.o
 .debug_line    0x00000ad4      0x983 Util/USB/hw_config.o
 .debug_line    0x00001457      0x7f8 Util/USB/mass_mal.o
 .debug_line    0x00001c4f      0x832 Util/USB/memory.o
 .debug_line    0x00002481      0x339 Util/USB/scsi_data.o
 .debug_line    0x000027ba      0x55c Util/USB/usb_bot.o
 .debug_line    0x00002d16      0x2ed Util/USB/usb_desc.o
 .debug_line    0x00003003      0x3ba Util/USB/usb_endp.o
 .debug_line    0x000033bd      0x3f5 Util/USB/usb_istr.o
 .debug_line    0x000037b2      0x84c Util/USB/usb_prop.o
 .debug_line    0x00003ffe      0x452 Util/USB/usb_pwr.o
 .debug_line    0x00004450      0x9ea Util/USB/usb_scsi.o
 .debug_line    0x00004e3a      0x4b9 Util/buffer.o
 .debug_line    0x000052f3      0x2fd Util/delay.o
 .debug_line    0x000055f0       0xd8 Util/fat_fs/option/cc932.o
 .debug_line    0x000056c8      0x2fc Util/fat_fs/option/syscall.o
 .debug_line    0x000059c4      0x179 Util/fat_fs/src/fattime.o
 .debug_line    0x00005b3d     0x1f1e Util/fat_fs/src/ff.o
 .debug_line    0x00007a5b      0x47f Util/fat_fs/src/rtc.o
 .debug_line    0x00007eda      0xcd5 Util/fat_fs/src/sd_spi_stm32.o
 .debug_line    0x00008baf       0xac Util/filter_1350.o
 .debug_line    0x00008c5b       0xa7 Util/filter_380.o
 .debug_line    0x00008d02      0xd6b Util/rprintf.o
 .debug_line    0x00009a6d      0x9a5 Util/stm32_eval_spi_sd.o
 .debug_line    0x0000a412      0x1ea Util/wave.o
 .debug_line    0x0000a5fc      0x715 adc.o
 .debug_line    0x0000ad11      0x636 gpio.o
 .debug_line    0x0000b347      0x7b9 i2c_int.o
 .debug_line    0x0000bb00      0x7de interrupts.o
 .debug_line    0x0000c2de      0x198 lib/CMSIS_CM3/core_cm3.o
 .debug_line    0x0000c476       0x84 lib/CMSIS_CM3/startup/gcc/startup_stm32f10x_md.o
 .debug_line    0x0000c4fa      0x336 lib/CMSIS_CM3/system_stm32f10x.o
 .debug_line    0x0000c830      0xc7e main.o
 .debug_line    0x0000d4ae      0x5cc pwr.o
 .debug_line    0x0000da7a      0x5ed usart.o
 .debug_line    0x0000e067      0x308 watchdog.o

.debug_frame    0x00000000     0x1cd0
 *(.debug_frame)
 .debug_frame   0x00000000       0x64 Sensors/amb_sensors.o
 .debug_frame   0x00000064       0x40 Sensors/temperature.o
 .debug_frame   0x000000a4       0xec Util/USB/hw_config.o
 .debug_frame   0x00000190       0x7c Util/USB/mass_mal.o
 .debug_frame   0x0000020c       0x50 Util/USB/memory.o
 .debug_frame   0x0000025c       0xc0 Util/USB/usb_bot.o
 .debug_frame   0x0000031c       0x30 Util/USB/usb_endp.o
 .debug_frame   0x0000034c       0x2c Util/USB/usb_istr.o
 .debug_frame   0x00000378      0x11c Util/USB/usb_prop.o
 .debug_frame   0x00000494       0x94 Util/USB/usb_pwr.o
 .debug_frame   0x00000528      0x180 Util/USB/usb_scsi.o
 .debug_frame   0x000006a8       0x5c Util/buffer.o
 .debug_frame   0x00000704       0x24 Util/delay.o
 .debug_frame   0x00000728       0x3c Util/fat_fs/option/cc932.o
 .debug_frame   0x00000764       0x2c Util/fat_fs/src/fattime.o
 .debug_frame   0x00000790      0x590 Util/fat_fs/src/ff.o
 .debug_frame   0x00000d20       0x84 Util/fat_fs/src/rtc.o
 .debug_frame   0x00000da4      0x190 Util/fat_fs/src/sd_spi_stm32.o
 .debug_frame   0x00000f34       0x5c Util/filter_1350.o
 .debug_frame   0x00000f90       0x58 Util/filter_380.o
 .debug_frame   0x00000fe8      0x1d4 Util/rprintf.o
 .debug_frame   0x000011bc      0x25c Util/stm32_eval_spi_sd.o
 .debug_frame   0x00001418       0x68 Util/wave.o
 .debug_frame   0x00001480       0x74 adc.o
 .debug_frame   0x000014f4       0x78 gpio.o
 .debug_frame   0x0000156c       0xa0 i2c_int.o
 .debug_frame   0x0000160c       0xd4 interrupts.o
 .debug_frame   0x000016e0      0x170 lib/CMSIS_CM3/core_cm3.o
 .debug_frame   0x00001850       0x24 lib/CMSIS_CM3/system_stm32f10x.o
 .debug_frame   0x00001874       0xb0 main.o
 .debug_frame   0x00001924       0x74 pwr.o
 .debug_frame   0x00001998       0x78 usart.o
 .debug_frame   0x00001a10       0x40 watchdog.o
 .debug_frame   0x00001a50       0x30 /home/laurence/CodeSourcery/Sourcery_G++_Lite/bin/../lib/gcc/arm-none-eabi/4.5.2/../../../../arm-none-eabi/lib/thumb2/libc.a(lib_a-malloc.o)
 .debug_frame   0x00001a80       0x3c /home/laurence/CodeSourcery/Sourcery_G++_Lite/bin/../lib/gcc/arm-none-eabi/4.5.2/../../../../arm-none-eabi/lib/thumb2/libc.a(lib_a-mallocr.o)
 .debug_frame   0x00001abc       0x2c /home/laurence/CodeSourcery/Sourcery_G++_Lite/bin/../lib/gcc/arm-none-eabi/4.5.2/../../../../arm-none-eabi/lib/thumb2/libc.a(lib_a-memcmp.o)
 .debug_frame   0x00001ae8       0x30 /home/laurence/CodeSourcery/Sourcery_G++_Lite/bin/../lib/gcc/arm-none-eabi/4.5.2/../../../../arm-none-eabi/lib/thumb2/libc.a(lib_a-mlock.o)
 .debug_frame   0x00001b18       0x2c /home/laurence/CodeSourcery/Sourcery_G++_Lite/bin/../lib/gcc/arm-none-eabi/4.5.2/../../../../arm-none-eabi/lib/thumb2/libc.a(lib_a-sbrkr.o)
 .debug_frame   0x00001b44       0x20 /home/laurence/CodeSourcery/Sourcery_G++_Lite/bin/../lib/gcc/arm-none-eabi/4.5.2/../../../../arm-none-eabi/lib/thumb2/libc.a(lib_a-strlen.o)
 .debug_frame   0x00001b64       0x50 /home/laurence/CodeSourcery/Sourcery_G++_Lite/bin/../lib/gcc/arm-none-eabi/4.5.2/../../../../arm-none-eabi/lib/thumb2/libc.a(lib_a-freer.o)
 .debug_frame   0x00001bb4       0x68 /home/laurence/CodeSourcery/Sourcery_G++_Lite/bin/../lib/gcc/arm-none-eabi/4.5.2/../../../../arm-none-eabi/lib/thumb2/libc.a(lib_a-reent.o)
 .debug_frame   0x00001c1c       0x40 /home/laurence/CodeSourcery/Sourcery_G++_Lite/bin/../lib/gcc/arm-none-eabi/4.5.2/../../../../arm-none-eabi/lib/thumb2/libcs3.a(start_c.o)
 .debug_frame   0x00001c5c       0x28 /home/laurence/CodeSourcery/Sourcery_G++_Lite/bin/../lib/gcc/arm-none-eabi/4.5.2/../../../../arm-none-eabi/lib/thumb2/libcs3unhosted.a(unhosted-sbrk.o)
 .debug_frame   0x00001c84       0x20 /home/laurence/CodeSourcery/Sourcery_G++_Lite/bin/../lib/gcc/arm-none-eabi/4.5.2/../../../../arm-none-eabi/lib/thumb2/libc.a(lib_a-errno.o)
 .debug_frame   0x00001ca4       0x2c /home/laurence/CodeSourcery/Sourcery_G++_Lite/bin/../lib/gcc/arm-none-eabi/4.5.2/../../../../arm-none-eabi/lib/thumb2/libc.a(lib_a-init.o)

.debug_str      0x00000000     0x345f
 *(.debug_str)
 .debug_str     0x00000000      0x2e9 Sensors/amb_sensors.o
                                0x35c (size before relaxing)
 .debug_str     0x000002e9       0x84 Sensors/temperature.o
                                0x153 (size before relaxing)
 .debug_str     0x0000036d      0x640 Util/USB/hw_config.o
                                0x7b8 (size before relaxing)
 .debug_str     0x000009ad       0xc1 Util/USB/mass_mal.o
                                0x247 (size before relaxing)
 .debug_str     0x00000a6e       0xfd Util/USB/memory.o
                                0x2bc (size before relaxing)
 .debug_str     0x00000b6b       0xa5 Util/USB/scsi_data.o
                                0x178 (size before relaxing)
 .debug_str     0x00000c10       0xd6 Util/USB/usb_bot.o
                                0x237 (size before relaxing)
 .debug_str     0x00000ce6       0x8c Util/USB/usb_desc.o
                                0x161 (size before relaxing)
 .debug_str     0x00000d72       0x35 Util/USB/usb_endp.o
                                 0xf0 (size before relaxing)
 .debug_str     0x00000da7      0x1bf Util/USB/usb_istr.o
                                0x2e5 (size before relaxing)
 .debug_str     0x00000f66      0x334 Util/USB/usb_prop.o
                                0x85b (size before relaxing)
 .debug_str     0x0000129a       0x6c Util/USB/usb_pwr.o
                                0x2ca (size before relaxing)
 .debug_str     0x00001306      0x197 Util/USB/usb_scsi.o
                                0x3af (size before relaxing)
 .debug_str     0x0000149d       0x38 Util/buffer.o
                                0x133 (size before relaxing)
 .debug_str     0x000014d5       0x29 Util/delay.o
                                 0xed (size before relaxing)
 .debug_str     0x000014fe       0x5a Util/fat_fs/option/cc932.o
                                 0xe9 (size before relaxing)
 .debug_str     0x00001558       0x1d Util/fat_fs/option/syscall.o
                                 0xdd (size before relaxing)
 .debug_str     0x00001575       0x47 Util/fat_fs/src/fattime.o
                                0x122 (size before relaxing)
 .debug_str     0x000015bc      0x4e4 Util/fat_fs/src/ff.o
                                0x61a (size before relaxing)
 .debug_str     0x00001aa0       0xa8 Util/fat_fs/src/rtc.o
                                0x1b2 (size before relaxing)
 .debug_str     0x00001b48      0x508 Util/fat_fs/src/sd_spi_stm32.o
                                0x6d6 (size before relaxing)
 .debug_str     0x00002050       0x68 Util/filter_1350.o
                                 0xd8 (size before relaxing)
 .debug_str     0x000020b8       0x52 Util/filter_380.o
                                 0xd4 (size before relaxing)
 .debug_str     0x0000210a      0x134 Util/rprintf.o
                                0x299 (size before relaxing)
 .debug_str     0x0000223e      0x4ea Util/stm32_eval_spi_sd.o
                                0x854 (size before relaxing)
 .debug_str     0x00002728      0x127 Util/wave.o
                                0x402 (size before relaxing)
 .debug_str     0x0000284f      0x12d adc.o
                                0x360 (size before relaxing)
 .debug_str     0x0000297c       0x4f gpio.o
                                0x2e3 (size before relaxing)
 .debug_str     0x000029cb      0x1f2 i2c_int.o
                                0x5b2 (size before relaxing)
 .debug_str     0x00002bbd      0x32d interrupts.o
                                0x8e4 (size before relaxing)
 .debug_str     0x00002eea      0x13d lib/CMSIS_CM3/core_cm3.o
                                0x237 (size before relaxing)
 .debug_str     0x00003027      0x11d lib/CMSIS_CM3/system_stm32f10x.o
                                0x212 (size before relaxing)
 .debug_str     0x00003144      0x1b7 main.o
                                0x8cf (size before relaxing)
 .debug_str     0x000032fb       0x44 pwr.o
                                0x232 (size before relaxing)
 .debug_str     0x0000333f       0xe4 usart.o
                                0x351 (size before relaxing)
 .debug_str     0x00003423       0x3c watchdog.o
                                0x10e (size before relaxing)

.debug_loc      0x00000000    0x108b6
 *(.debug_loc)
 .debug_loc     0x00000000      0x22f Sensors/amb_sensors.o
 .debug_loc     0x0000022f       0x7c Sensors/temperature.o
 .debug_loc     0x000002ab      0x210 Util/USB/hw_config.o
 .debug_loc     0x000004bb      0x1ac Util/USB/mass_mal.o
 .debug_loc     0x00000667      0x12f Util/USB/memory.o
 .debug_loc     0x00000796      0x263 Util/USB/usb_bot.o
 .debug_loc     0x000009f9       0x20 Util/USB/usb_istr.o
 .debug_loc     0x00000a19      0x16f Util/USB/usb_prop.o
 .debug_loc     0x00000b88      0x19a Util/USB/usb_pwr.o
 .debug_loc     0x00000d22      0x695 Util/USB/usb_scsi.o
 .debug_loc     0x000013b7       0xd8 Util/buffer.o
 .debug_loc     0x0000148f       0x55 Util/delay.o
 .debug_loc     0x000014e4      0x2bd Util/fat_fs/option/cc932.o
 .debug_loc     0x000017a1       0x2c Util/fat_fs/src/fattime.o
 .debug_loc     0x000017cd     0x922c Util/fat_fs/src/ff.o
 .debug_loc     0x0000a9f9      0x7a4 Util/fat_fs/src/rtc.o
 .debug_loc     0x0000b19d      0xd13 Util/fat_fs/src/sd_spi_stm32.o
 .debug_loc     0x0000beb0       0xe7 Util/filter_1350.o
 .debug_loc     0x0000bf97       0xed Util/filter_380.o
 .debug_loc     0x0000c084     0x2420 Util/rprintf.o
 .debug_loc     0x0000e4a4     0x117f Util/stm32_eval_spi_sd.o
 .debug_loc     0x0000f623      0x133 Util/wave.o
 .debug_loc     0x0000f756       0xb2 adc.o
 .debug_loc     0x0000f808       0x60 gpio.o
 .debug_loc     0x0000f868      0x304 i2c_int.o
 .debug_loc     0x0000fb6c       0xd8 interrupts.o
 .debug_loc     0x0000fc44      0x270 lib/CMSIS_CM3/core_cm3.o
 .debug_loc     0x0000feb4       0x20 lib/CMSIS_CM3/system_stm32f10x.o
 .debug_loc     0x0000fed4      0x7e8 main.o
 .debug_loc     0x000106bc       0xa8 pwr.o
 .debug_loc     0x00010764       0xff usart.o
 .debug_loc     0x00010863       0x53 watchdog.o

.debug_macinfo  0x00000000   0x836b2e
 *(.debug_macinfo)
 .debug_macinfo
                0x00000000    0x48223 Sensors/amb_sensors.o
 .debug_macinfo
                0x00048223    0x47048 Sensors/temperature.o
 .debug_macinfo
                0x0008f26b    0x4b716 Util/USB/hw_config.o
 .debug_macinfo
                0x000da981    0x4b4ac Util/USB/mass_mal.o
 .debug_macinfo
                0x00125e2d    0x4bbf3 Util/USB/memory.o
 .debug_macinfo
                0x00171a20    0x449f7 Util/USB/scsi_data.o
 .debug_macinfo
                0x001b6417    0x46e93 Util/USB/usb_bot.o
 .debug_macinfo
                0x001fd2aa    0x44122 Util/USB/usb_desc.o
 .debug_macinfo
                0x002413cc    0x46735 Util/USB/usb_endp.o
 .debug_macinfo
                0x00287b01    0x465e5 Util/USB/usb_istr.o
 .debug_macinfo
                0x002ce0e6    0x4b718 Util/USB/usb_prop.o
 .debug_macinfo
                0x003197fe    0x46896 Util/USB/usb_pwr.o
 .debug_macinfo
                0x00360094    0x4bc5e Util/USB/usb_scsi.o
 .debug_macinfo
                0x003abcf2    0x45fd4 Util/buffer.o
 .debug_macinfo
                0x003f1cc6    0x44053 Util/delay.o
 .debug_macinfo
                0x00435d19     0x27da Util/fat_fs/option/cc932.o
 .debug_macinfo
                0x004384f3     0x47fe Util/fat_fs/option/syscall.o
 .debug_macinfo
                0x0043ccf1     0x2b6b Util/fat_fs/src/fattime.o
 .debug_macinfo
                0x0043f85c    0x45141 Util/fat_fs/src/ff.o
 .debug_macinfo
                0x0048499d    0x440cb Util/fat_fs/src/rtc.o
 .debug_macinfo
                0x004c8a68    0x4bb04 Util/fat_fs/src/sd_spi_stm32.o
 .debug_macinfo
                0x0051456c     0x2257 Util/filter_1350.o
 .debug_macinfo
                0x005167c3     0x2255 Util/filter_380.o
 .debug_macinfo
                0x00518a18    0x48548 Util/rprintf.o
 .debug_macinfo
                0x00560f60    0x44651 Util/stm32_eval_spi_sd.o
 .debug_macinfo
                0x005a55b1     0x30a4 Util/wave.o
 .debug_macinfo
                0x005a8655    0x4b224 adc.o
 .debug_macinfo
                0x005f3879    0x4879a gpio.o
 .debug_macinfo
                0x0063c013    0x484c1 i2c_int.o
 .debug_macinfo
                0x006844d4    0x4b0fb interrupts.o
 .debug_macinfo
                0x006cf5cf     0x2b03 lib/CMSIS_CM3/core_cm3.o
 .debug_macinfo
                0x006d20d2    0x44068 lib/CMSIS_CM3/system_stm32f10x.o
 .debug_macinfo
                0x0071613a    0x4c0ac main.o
 .debug_macinfo
                0x007621e6    0x484fc pwr.o
 .debug_macinfo
                0x007aa6e2    0x483d5 usart.o
 .debug_macinfo
                0x007f2ab7    0x44077 watchdog.o

.debug_weaknames
 *(.debug_weaknames)

.debug_funcnames
 *(.debug_funcnames)

.debug_typenames
 *(.debug_typenames)

.debug_varnames
 *(.debug_varnames)

.note.gnu.arm.ident
 *(.note.gnu.arm.ident)

.ARM.attributes
                0x00000000       0x25
 *(.ARM.attributes)
 .ARM.attributes