Archive member included because of file (symbol)

lib/STM32F10x_StdPeriph_Driver/libstm32fw.a(misc.o)
                              interrupts.o (NVIC_PriorityGroupConfig)
lib/STM32F10x_StdPeriph_Driver/libstm32fw.a(stm32f10x_adc.o)
                              adc.o (ADC_DeInit)
lib/STM32F10x_StdPeriph_Driver/libstm32fw.a(stm32f10x_bkp.o)
                              Util/fat_fs/src/rtc.o (BKP_DeInit)
lib/STM32F10x_StdPeriph_Driver/libstm32fw.a(stm32f10x_dbgmcu.o)
                              main.o (DBGMCU_Config)
lib/STM32F10x_StdPeriph_Driver/libstm32fw.a(stm32f10x_dma.o)
                              Util/fat_fs/src/sd_spi_stm32.o (DMA_DeInit)
lib/STM32F10x_StdPeriph_Driver/libstm32fw.a(stm32f10x_exti.o)
                              interrupts.o (EXTI_DeInit)
lib/STM32F10x_StdPeriph_Driver/libstm32fw.a(stm32f10x_gpio.o)
                              Util/fat_fs/src/sd_spi_stm32.o (GPIO_Init)
lib/STM32F10x_StdPeriph_Driver/libstm32fw.a(stm32f10x_i2c.o)
                              i2c_int.o (I2C_DeInit)
lib/STM32F10x_StdPeriph_Driver/libstm32fw.a(stm32f10x_iwdg.o)
                              watchdog.o (IWDG_WriteAccessCmd)
lib/STM32F10x_StdPeriph_Driver/libstm32fw.a(stm32f10x_pwr.o)
                              pwr.o (PWR_DeInit)
lib/STM32F10x_StdPeriph_Driver/libstm32fw.a(stm32f10x_rcc.o)
                              interrupts.o (RCC_HCLKConfig)
lib/STM32F10x_StdPeriph_Driver/libstm32fw.a(stm32f10x_rtc.o)
                              Util/fat_fs/src/rtc.o (RTC_GetCounter)
lib/STM32F10x_StdPeriph_Driver/libstm32fw.a(stm32f10x_spi.o)
                              Util/fat_fs/src/sd_spi_stm32.o (SPI_I2S_DeInit)
lib/STM32F10x_StdPeriph_Driver/libstm32fw.a(stm32f10x_usart.o)
                              usart.o (USART_Init)
lib/STM32_USB-FS-Device_Driver/libstm32usb.a(usb_core.o)
                              Util/USB/usb_prop.o (Standard_GetDescriptorData)
lib/STM32_USB-FS-Device_Driver/libstm32usb.a(usb_init.o)
                              main.o (USB_Init)
lib/STM32_USB-FS-Device_Driver/libstm32usb.a(usb_int.o)
                              Util/USB/usb_istr.o (CTR_LP)
lib/STM32_USB-FS-Device_Driver/libstm32usb.a(usb_mem.o)
                              lib/STM32_USB-FS-Device_Driver/libstm32usb.a(usb_core.o) (UserToPMABufferCopy)
lib/STM32_USB-FS-Device_Driver/libstm32usb.a(usb_regs.o)
                              Util/USB/usb_prop.o (SetBTABLE)
lib/STM32_USB-FS-Device_Driver/libstm32usb.a(usb_sil.o)
                              Util/USB/usb_prop.o (USB_SIL_Init)
/home/laurence/toolchain/lib/gcc/arm-none-eabi/4.7.2/thumb/armv7-m/libgcc.a(_arm_addsubdf3.o)
                              interrupts.o (__aeabi_f2d)
/home/laurence/toolchain/lib/gcc/arm-none-eabi/4.7.2/thumb/armv7-m/libgcc.a(_arm_muldivdf3.o)
                              interrupts.o (__aeabi_ddiv)
/home/laurence/toolchain/lib/gcc/arm-none-eabi/4.7.2/thumb/armv7-m/libgcc.a(_arm_cmpdf2.o)
                              main.o (__aeabi_dcmpgt)
/home/laurence/toolchain/lib/gcc/arm-none-eabi/4.7.2/thumb/armv7-m/libgcc.a(_arm_truncdfsf2.o)
                              Util/rprintf.o (__aeabi_d2f)
/home/laurence/toolchain/lib/gcc/arm-none-eabi/4.7.2/thumb/armv7-m/libgcc.a(_arm_addsubsf3.o)
                              Sensors/temperature.o (__aeabi_fsub)
/home/laurence/toolchain/lib/gcc/arm-none-eabi/4.7.2/thumb/armv7-m/libgcc.a(_arm_muldivsf3.o)
                              Sensors/temperature.o (__aeabi_fmul)
/home/laurence/toolchain/lib/gcc/arm-none-eabi/4.7.2/thumb/armv7-m/libgcc.a(_arm_cmpsf2.o)
                              Util/rprintf.o (__aeabi_fcmpeq)
/home/laurence/toolchain/lib/gcc/arm-none-eabi/4.7.2/thumb/armv7-m/libgcc.a(_arm_fixsfsi.o)
                              main.o (__aeabi_f2iz)
/home/laurence/toolchain/lib/gcc/arm-none-eabi/4.7.2/thumb/armv7-m/libgcc.a(_arm_fixunssfsi.o)
                              Util/rprintf.o (__aeabi_f2uiz)
/home/laurence/toolchain/lib/gcc/arm-none-eabi/4.7.2/../../../../arm-none-eabi/lib/thumb/armv7-m/libc.a(lib_a-__atexit2.o)
                              /home/laurence/toolchain/lib/gcc/arm-none-eabi/4.7.2/../../../../arm-none-eabi/lib/thumb/armv7-m/crt0.o (__register_exitproc)
/home/laurence/toolchain/lib/gcc/arm-none-eabi/4.7.2/../../../../arm-none-eabi/lib/thumb/armv7-m/libc.a(lib_a-exit.o)
                              /home/laurence/toolchain/lib/gcc/arm-none-eabi/4.7.2/../../../../arm-none-eabi/lib/thumb/armv7-m/crt0.o (exit)
/home/laurence/toolchain/lib/gcc/arm-none-eabi/4.7.2/../../../../arm-none-eabi/lib/thumb/armv7-m/libc.a(lib_a-fini.o)
                              /home/laurence/toolchain/lib/gcc/arm-none-eabi/4.7.2/../../../../arm-none-eabi/lib/thumb/armv7-m/crt0.o (__libc_fini_array)
/home/laurence/toolchain/lib/gcc/arm-none-eabi/4.7.2/../../../../arm-none-eabi/lib/thumb/armv7-m/libc.a(lib_a-impure.o)
[...]
Memory Configuration

Name             Origin             Length             Attributes
RAM              0x20000000         0x00005000         xrw
FLASH            0x08000000         0x00020000         xr
*default*        0x00000000         0xffffffff

Linker script and memory map

LOAD /home/laurence/toolchain/lib/gcc/arm-none-eabi/4.7.2/thumb/armv7-m/crti.o
LOAD /home/laurence/toolchain/lib/gcc/arm-none-eabi/4.7.2/thumb/armv7-m/crtbegin.o
LOAD /home/laurence/toolchain/lib/gcc/arm-none-eabi/4.7.2/../../../../arm-none-eabi/lib/thumb/armv7-m/crt0.o
LOAD Sensors/amb_sensors.o
LOAD Sensors/temperature.o
LOAD Util/USB/hw_config.o
LOAD Util/USB/mass_mal.o
LOAD Util/USB/memory.o
LOAD Util/USB/scsi_data.o
LOAD Util/USB/usb_bot.o
LOAD Util/USB/usb_desc.o
LOAD Util/USB/usb_endp.o
LOAD Util/USB/usb_istr.o
LOAD Util/USB/usb_prop.o
LOAD Util/USB/usb_pwr.o
LOAD Util/USB/usb_scsi.o
LOAD Util/buffer.o
LOAD Util/delay.o
LOAD Util/fat_fs/option/ccsbcs.o
LOAD Util/fat_fs/src/fattime.o
LOAD Util/fat_fs/src/ff.o
LOAD Util/fat_fs/src/rtc.o
LOAD Util/fat_fs/src/sd_spi_stm32.o
LOAD Util/filter_1200.o
LOAD Util/filter_190.o
LOAD Util/rprintf.o
LOAD Util/stm32_eval_spi_sd.o
LOAD Util/wave.o
LOAD adc.o
LOAD gpio.o
LOAD i2c_int.o
LOAD interrupts.o
LOAD lib/CMSIS_CM3/core_cm3.o
LOAD lib/CMSIS_CM3/startup/gcc/startup_stm32f10x_md.o
LOAD lib/CMSIS_CM3/system_stm32f10x.o
LOAD main.o
LOAD pwr.o
LOAD syscalls.o
LOAD usart.o
LOAD watchdog.o
LOAD lib/STM32F10x_StdPeriph_Driver/libstm32fw.a
LOAD lib/STM32_USB-FS-Device_Driver/libstm32usb.a
LOAD /home/laurence/toolchain/lib/gcc/arm-none-eabi/4.7.2/../../../../arm-none-eabi/lib/thumb/armv7-m/libm.a
START GROUP
LOAD /home/laurence/toolchain/lib/gcc/arm-none-eabi/4.7.2/thumb/armv7-m/libgcc.a
LOAD /home/laurence/toolchain/lib/gcc/arm-none-eabi/4.7.2/../../../../arm-none-eabi/lib/thumb/armv7-m/libc.a
END GROUP
LOAD /home/laurence/toolchain/lib/gcc/arm-none-eabi/4.7.2/thumb/armv7-m/crtend.o
LOAD /home/laurence/toolchain/lib/gcc/arm-none-eabi/4.7.2/thumb/armv7-m/crtn.o

.text           0x08000000     0xf6dc
 *(.isr_vector)
 .isr_vector    0x08000000      0x10c lib/CMSIS_CM3/startup/gcc/startup_stm32f10x_md.o
                0x08000000                g_pfnVectors
 *(.text*)
 .text.deregister_tm_clones
                0x0800010c       0x20 /home/laurence/toolchain/lib/gcc/arm-none-eabi/4.7.2/thumb/armv7-m/crtbegin.o
 .text.register_tm_clones
                0x0800012c       0x28 /home/laurence/toolchain/lib/gcc/arm-none-eabi/4.7.2/thumb/armv7-m/crtbegin.o
 .text.__do_global_dtors_aux
                0x08000154       0x2c /home/laurence/toolchain/lib/gcc/arm-none-eabi/4.7.2/thumb/armv7-m/crtbegin.o
 .text.frame_dummy
                0x08000180       0x38 /home/laurence/toolchain/lib/gcc/arm-none-eabi/4.7.2/thumb/armv7-m/crtbegin.o
 .text          0x080001b8      0x2f4 Sensors/amb_sensors.o
                0x080001b8                Allocate_Sensor_Buffers
                0x08000328                Configure_I2C_Driver
                0x08000394                Fill_Sample_Buffers
 .text          0x080004ac      0x200 Util/USB/hw_config.o
                0x080004ac                Set_System
                0x080004b4                Set_USBClock
                0x080004cc                Enter_LowPowerMode
                0x080004dc                Leave_LowPowerMode
                0x080004fc                USB_Interrupts_Config
                0x08000538                Led_RW_ON
                0x0800054c                Led_RW_OFF
                0x08000560                USB_Configured_LED
                0x08000574                USB_NotConfigured_LED
                0x08000588                USB_Cable_Config
                0x0800058c                Get_SerialNum
                0x080006a4                MAL_Config
 .text          0x080006ac      0x11c Util/USB/mass_mal.o
                0x080006ac                MAL_Init
                0x080006f8                MAL_Write
                0x08000730                MAL_Read
                0x08000758                MAL_GetStatus
 .text          0x080007c8      0x238 Util/USB/memory.o
                0x080007c8                Read_Memory
                0x08000908                Write_Memory
 .text          0x08000a00      0x574 Util/USB/usb_bot.o
                0x08000a2c                Mass_Storage_In
                0x08000ab8                CBW_Decode
                0x08000e28                Mass_Storage_Out
                0x08000ebc                Transfer_Data_Request
                0x08000ef4                Set_CSW
                0x08000f34                Bot_Abort
 .text          0x08000f74        0x8 Util/USB/usb_endp.o
                0x08000f74                EP1_IN_Callback
                0x08000f78                EP2_OUT_Callback
 .text          0x08000f7c      0x100 Util/USB/usb_istr.o
                0x08000f7c                USB_Istr
 .text          0x0800107c      0x26c Util/USB/usb_prop.o
                0x0800107c                Mass_Storage_SetDeviceAddress
                0x0800108c                MASS_Status_In
                0x08001090                MASS_Status_Out
                0x08001094                MASS_Get_Interface_Setting
                0x080010a0                Get_Max_Lun
                0x080010b8                MASS_GetStringDescriptor
                0x080010d8                MASS_GetConfigDescriptor
                0x080010e4                MASS_GetDeviceDescriptor
                0x080010f0                Mass_Storage_ClearFeature
                0x0800110c                MASS_Reset
                0x08001208                MASS_init
                0x08001230                MASS_NoData_Setup
                0x08001280                Mass_Storage_SetConfiguration
                0x080012b0                MASS_Data_Setup
 .text          0x080012e8      0x1f4 Util/USB/usb_pwr.o
                0x080012e8                PowerOn
                0x08001320                PowerOff
                0x08001348                Suspend
                0x0800138c                Resume_Init
                0x080013cc                Resume
 .text          0x080014dc      0x448 Util/USB/usb_scsi.o
                0x080014dc                SCSI_Inquiry_Cmd
                0x08001514                SCSI_ReadFormatCapacity_Cmd
                0x08001588                SCSI_ReadCapacity10_Cmd
                0x08001604                SCSI_ModeSense6_Cmd
                0x08001614                SCSI_ModeSense10_Cmd
                0x08001624                SCSI_RequestSense_Cmd
                0x08001640                Set_Scsi_Sense_Data
                0x08001650                SCSI_Start_Stop_Unit_Cmd
                0x08001658                SCSI_Read10_Cmd
                0x08001710                SCSI_Write10_Cmd
                0x080017b0                SCSI_Verify10_Cmd
                0x080017f4                SCSI_Valid_Cmd
                0x0800182c                SCSI_TestUnitReady_Cmd
                0x08001860                SCSI_Format_Cmd
                0x08001878                SCSI_Invalid_Cmd
                0x080018b4                SCSI_Address_Management
 .text          0x08001924       0x88 Util/buffer.o
                0x08001924                Add_To_Buffer
                0x08001958                Get_From_Buffer
                0x08001990                Empty_Buffer
                0x08001998                init_buffer
 .text          0x080019ac       0x38 Util/delay.o
                0x080019ac                Delay
 .text          0x080019e4       0x70 Util/fat_fs/option/ccsbcs.o
                0x080019e4                ff_convert
                0x08001a24                ff_wtoupper
 .text          0x08001a54       0x44 Util/fat_fs/src/fattime.o
                0x08001a54                get_fattime
 .text          0x08001a98     0x42f4 Util/fat_fs/src/ff.o
                0x0800408c                clust2sect
                0x080040a4                get_fat
                0x080040b8                put_fat
                0x080040d4                gen_numname
                0x080041a4                f_mount
                0x080041c4                f_open
                0x080043f4                f_read
                0x080046bc                f_write
                0x080049c0                f_sync
                0x08004af4                f_close
                0x08004b04                f_chdrive
                0x08004b18                f_chdir
                0x08004b7c                f_lseek
                0x08004d18                f_opendir
                0x08004d80                f_readdir
                0x08004df4                f_stat
                0x08004e3c                f_getfree
                0x08004fe8                f_truncate
                0x0800516c                f_unlink
                0x08005288                f_mkdir
                0x08005600                f_chmod
                0x08005660                f_utime
                0x080056c4                f_rename
                0x08005868                f_gets
                0x080058b0                f_putc
                0x080058d8                f_puts
                0x08005914                f_printf
 .text          0x08005d8c      0x350 Util/fat_fs/src/rtc.o
                0x08005e74                rtc_gettime
                0x08005ef8                my_RTC_SetCounter
                0x08005f1c                rtc_settime
                0x08006030                rtc_init
 .text          0x080060dc     0x109c Util/fat_fs/src/sd_spi_stm32.o
                0x08006604                release_spi
                0x08006648                wrapup_transaction
                0x08006678                stop_cmd
                0x08006680                rcvr_datablock
                0x0800674c                disk_initialize
                0x0800692c                disk_status
                0x08006940                disk_read
                0x08006a2c                disk_write
                0x08006cb4                disk_ioctl
                0x08007138                disk_timerproc
 .text          0x08007178       0x70 Util/filter_1200.o
                0x08007178                SampleFilter_init_1200
                0x0800718c                SampleFilter_put_1200
                0x080071a8                SampleFilter_get_1200
 .text          0x080071e8      0x258 Util/filter_190.o
                0x080071e8                SampleFilter_init_190
                0x08007210                SampleFilter_put_190
                0x08007224                SampleFilter_get_190
 .text          0x08007440      0xc5c Util/rprintf.o
                0x08007440                rprintfInit
                0x0800744c                rprintfChar
                0x0800746c                rprintfStr
                0x08007498                rprintfStrLen
                0x080074fc                rprintfCRLF
                0x08007514                rprintfu04
                0x08007538                rprintfu08
                0x08007578                rprintfu16
                0x080075f0                rprintfu32
                0x080076dc                rprintfNum
                0x080077d0                rprintfFloat
                0x08007b5c                rprintf2RamRom
                0x08008048                Isdigit
                0x08008054                atoiRamRom
                0x0800808c                rStrLen
 .text          0x0800809c      0x21c Util/wave.o
                0x0800809c                write_wave_header
                0x08008198                write_wave_samples
                0x08008238                wave_terminate
 .text          0x080082b8      0x1bc adc.o
                0x080082b8                ADC_Configuration
                0x080083c4                readADC2
                0x08008418                setADC2
                0x0800843c                getADC2
 .text          0x08008474      0x1f0 gpio.o
                0x08008474                setup_gpio
                0x080085d0                switch_leds_on
                0x080085f8                switch_leds_off
                0x08008620                red_flash
                0x08008654                get_wkup
 .text          0x08008664      0xafc i2c_int.o
                0x08008664                I2C1_EV_IRQHandler
                0x08008e3c                I2C1_Request_Job
                0x08008eb4                I2C1_Setup_Job
                0x08008ec8                I2C_Config
                0x08009054                I2C1_ER_IRQHandler
 .text          0x08009160      0x370 interrupts.o
                0x08009160                ISR_Config
                0x080091c0                EXTI_ONOFF_EN
                0x08009218                SysTick_Configuration
                0x08009250                EXTI0_IRQHandler
                0x080092cc                ADC1_2_IRQHandler
                0x08009340                SysTick_Handler
                0x080094c4                USB_HP_CAN1_TX_IRQHandler
                0x080094c8                USB_LP_CAN1_RX0_IRQHandler
 .text.Reset_Handler
                0x080094d0       0x48 lib/CMSIS_CM3/startup/gcc/startup_stm32f10x_md.o
                0x080094d0                Reset_Handler
 .text.Default_Handler
                0x08009518        0x4 lib/CMSIS_CM3/startup/gcc/startup_stm32f10x_md.o
                0x08009518                EXTI2_IRQHandler
                0x08009518                DebugMon_Handler
                0x08009518                TIM1_CC_IRQHandler
                0x08009518                HardFault_Handler
                0x08009518                PVD_IRQHandler
                0x08009518                PendSV_Handler
                0x08009518                NMI_Handler
                0x08009518                EXTI3_IRQHandler
                0x08009518                I2C2_EV_IRQHandler
                0x08009518                UsageFault_Handler
                0x08009518                SPI1_IRQHandler
                0x08009518                TAMPER_IRQHandler
                0x08009518                DMA1_Channel4_IRQHandler
                0x08009518                USART3_IRQHandler
                0x08009518                RTC_IRQHandler
                0x08009518                DMA1_Channel7_IRQHandler
                0x08009518                CAN1_RX1_IRQHandler
                0x08009518                TIM4_IRQHandler
                0x08009518                DMA1_Channel6_IRQHandler
                0x08009518                TIM3_IRQHandler
                0x08009518                RCC_IRQHandler
                0x08009518                TIM1_TRG_COM_IRQHandler
                0x08009518                DMA1_Channel1_IRQHandler
                0x08009518                Default_Handler
                0x08009518                EXTI15_10_IRQHandler
                0x08009518                EXTI9_5_IRQHandler
                0x08009518                SPI2_IRQHandler
                0x08009518                MemManage_Handler
                0x08009518                SVC_Handler
                0x08009518                DMA1_Channel5_IRQHandler
                0x08009518                EXTI4_IRQHandler
                0x08009518                DMA1_Channel3_IRQHandler
                0x08009518                TIM1_UP_IRQHandler
                0x08009518                WWDG_IRQHandler
                0x08009518                TIM2_IRQHandler
                0x08009518                TIM1_BRK_IRQHandler
                0x08009518                EXTI1_IRQHandler
                0x08009518                RTCAlarm_IRQHandler
                0x08009518                USART2_IRQHandler
                0x08009518                I2C2_ER_IRQHandler
                0x08009518                DMA1_Channel2_IRQHandler
                0x08009518                CAN1_SCE_IRQHandler
                0x08009518                FLASH_IRQHandler
                0x08009518                BusFault_Handler
                0x08009518                USART1_IRQHandler
                0x08009518                USBWakeUp_IRQHandler
 .text          0x0800951c      0x110 lib/CMSIS_CM3/system_stm32f10x.o
                0x0800951c                SystemInit
 .text          0x0800962c      0x1ec main.o
                0x0800962c                __str_print_char
                0x0800965c                __fat_print_char
                0x080097a0                file_preallocation_control
                0x080097dc                detect_sensors
 .text.startup  0x08009818     0x12e8 main.o
                0x08009818                main
 .text          0x0800ab00       0xc4 pwr.o
                0x0800ab00                setuppwr
                0x0800ab14                shutdown
                0x0800ab24                disable_pin
                0x0800ab2c                shutdown_filesystem
 .text          0x0800abc4       0x94 syscalls.o
                0x0800abc4                _sbrk
                0x0800abfc                _getpid
                0x0800ac00                _kill
                0x0800ac14                _exit
                0x0800ac18                _close
                0x0800ac20                _open
                0x0800ac28                _fstat
                0x0800ac34                _isatty
                0x0800ac38                _lseek
                0x0800ac3c                _read
                0x0800ac40                _write
                0x0800ac44                _gettimeofday
 .text          0x0800ac58      0x128 usart.o
                0x0800ac58                Usarts_Init
                0x0800ad0c                Default_Usart_Config
                0x0800ad28                Usart_Send_Str
                0x0800ad5c                __usart_send_char
 .text          0x0800ad80       0x40 watchdog.o
                0x0800ad80                Watchdog_Config
                0x0800adac                Watchdog_Reset_Detect
 .text          0x0800adc0       0xbc lib/STM32F10x_StdPeriph_Driver/libstm32fw.a(misc.o)
                0x0800adc0                NVIC_PriorityGroupConfig
                0x0800add4                NVIC_Init
                0x0800ae38                NVIC_SetVectorTable
                0x0800ae4c                NVIC_SystemLPConfig
                0x0800ae64                SysTick_CLKSourceConfig
 .text          0x0800ae7c      0x35c lib/STM32F10x_StdPeriph_Driver/libstm32fw.a(stm32f10x_adc.o)
                0x0800ae7c                ADC_DeInit
                0x0800aed8                ADC_Init
                0x0800af20                ADC_StructInit
                0x0800af32                ADC_Cmd
                0x0800af44                ADC_DMACmd
                0x0800af56                ADC_ITConfig
                0x0800af68                ADC_ResetCalibration
                0x0800af72                ADC_GetResetCalibrationStatus
                0x0800af7a                ADC_StartCalibration
                0x0800af84                ADC_GetCalibrationStatus
                0x0800af8c                ADC_SoftwareStartConvCmd
                0x0800af9e                ADC_GetSoftwareStartConvStatus
                0x0800afa6                ADC_DiscModeChannelCountConfig
                0x0800afb6                ADC_DiscModeCmd
                0x0800afc8                ADC_RegularChannelConfig
                0x0800b054                ADC_ExternalTrigConvCmd
                0x0800b066                ADC_GetConversionValue
                0x0800b06c                ADC_GetDualModeConversionValue
                0x0800b078                ADC_AutoInjectedConvCmd
                0x0800b08a                ADC_InjectedDiscModeCmd
                0x0800b09c                ADC_ExternalTrigInjectedConvConfig
                0x0800b0a8                ADC_ExternalTrigInjectedConvCmd
                0x0800b0ba                ADC_SoftwareStartInjectedConvCmd
                0x0800b0cc                ADC_GetSoftwareStartInjectedConvCmdStatus
                0x0800b0d4                ADC_InjectedChannelConfig
                0x0800b12e                ADC_InjectedSequencerLengthConfig
                0x0800b13e                ADC_SetInjectedOffset
                0x0800b154                ADC_GetInjectedConversionValue
                0x0800b16e                ADC_AnalogWatchdogCmd
                0x0800b17e                ADC_AnalogWatchdogThresholdsConfig
                0x0800b184                ADC_AnalogWatchdogSingleChannelConfig
                0x0800b190                ADC_TempSensorVrefintCmd
                0x0800b1a8                ADC_GetFlagStatus
                0x0800b1b4                ADC_ClearFlag
                0x0800b1ba                ADC_GetITStatus
                0x0800b1d0                ADC_ClearITPendingBit
 .text          0x0800b1d8       0xe0 lib/STM32F10x_StdPeriph_Driver/libstm32fw.a(stm32f10x_bkp.o)
                0x0800b1d8                BKP_DeInit
                0x0800b1ea                BKP_TamperPinLevelConfig
                0x0800b1f4                BKP_TamperPinCmd
                0x0800b200                BKP_ITConfig
                0x0800b20c                BKP_RTCOutputConfig
                0x0800b224                BKP_SetRTCCalibrationValue
                0x0800b23c                BKP_WriteBackupRegister
                0x0800b258                BKP_ReadBackupRegister
                0x0800b278                BKP_GetFlagStatus
                0x0800b284                BKP_ClearFlag
                0x0800b298                BKP_GetITStatus
                0x0800b2a4                BKP_ClearITPendingBit
 .text          0x0800b2b8       0x34 lib/STM32F10x_StdPeriph_Driver/libstm32fw.a(stm32f10x_dbgmcu.o)
                0x0800b2b8                DBGMCU_GetREVID
                0x0800b2c4                DBGMCU_GetDEVID
                0x0800b2d4                DBGMCU_Config
 .text          0x0800b2ec      0x1d8 lib/STM32F10x_StdPeriph_Driver/libstm32fw.a(stm32f10x_dma.o)
                0x0800b2ec                DMA_DeInit
                0x0800b3e4                DMA_Init
                0x0800b422                DMA_StructInit
                0x0800b43c                DMA_Cmd
                0x0800b44e                DMA_ITConfig
                0x0800b45e                DMA_GetCurrDataCounter
                0x0800b464                DMA_GetFlagStatus
                0x0800b480                DMA_ClearFlag
                0x0800b494                DMA_GetITStatus
                0x0800b4b0                DMA_ClearITPendingBit
 .text          0x0800b4c4      0x104 lib/STM32F10x_StdPeriph_Driver/libstm32fw.a(stm32f10x_exti.o)
                0x0800b4c4                EXTI_DeInit
                0x0800b4e0                EXTI_Init
                0x0800b564                EXTI_StructInit
                0x0800b572                EXTI_GenerateSWInterrupt
                0x0800b580                EXTI_GetFlagStatus
                0x0800b594                EXTI_ClearFlag
                0x0800b5a0                EXTI_GetITStatus
                0x0800b5bc                EXTI_ClearITPendingBit
 .text          0x0800b5c8      0x274 lib/STM32F10x_StdPeriph_Driver/libstm32fw.a(stm32f10x_gpio.o)
                0x0800b5c8                GPIO_DeInit
                0x0800b674                GPIO_AFIODeInit
                0x0800b68a                GPIO_Init
                0x0800b72a                GPIO_StructInit
                0x0800b73a                GPIO_ReadInputDataBit
                0x0800b746                GPIO_ReadInputData
                0x0800b74c                GPIO_ReadOutputDataBit
                0x0800b758                GPIO_ReadOutputData
                0x0800b75e                GPIO_SetBits
                0x0800b762                GPIO_ResetBits
                0x0800b766                GPIO_WriteBit
                0x0800b770                GPIO_Write
                0x0800b774                GPIO_PinLockConfig
                0x0800b784                GPIO_EventOutputConfig
                0x0800b7a0                GPIO_EventOutputCmd
                0x0800b7ac                GPIO_PinRemapConfig
                0x0800b800                GPIO_EXTILineConfig
                0x0800b830                GPIO_ETH_MediaInterfaceConfig
 .text          0x0800b83c      0x394 lib/STM32F10x_StdPeriph_Driver/libstm32fw.a(stm32f10x_i2c.o)
                0x0800b83c                I2C_DeInit
                0x0800b870                I2C_Init
                0x0800b944                I2C_StructInit
                0x0800b960                I2C_Cmd
                0x0800b978                I2C_DMACmd
                0x0800b990                I2C_DMALastTransferCmd
                0x0800b9a8                I2C_GenerateSTART
                0x0800b9c0                I2C_GenerateSTOP
                0x0800b9d8                I2C_AcknowledgeConfig
                0x0800b9f0                I2C_OwnAddress2Config
                0x0800ba02                I2C_DualAddressCmd
                0x0800ba1a                I2C_GeneralCallCmd
                0x0800ba32                I2C_ITConfig
                0x0800ba44                I2C_SendData
                0x0800ba48                I2C_ReceiveData
                0x0800ba4e                I2C_Send7bitAddress
                0x0800ba5e                I2C_ReadRegister
                0x0800ba76                I2C_SoftwareResetCmd
                0x0800ba8e                I2C_SMBusAlertConfig
                0x0800baaa                I2C_TransmitPEC
                0x0800bac2                I2C_PECPositionConfig
                0x0800bade                I2C_CalculatePEC
                0x0800baf6                I2C_GetPEC
                0x0800bafe                I2C_ARPCmd
                0x0800bb16                I2C_StretchClockCmd
                0x0800bb2e                I2C_FastModeDutyCycleConfig
                0x0800bb4a                I2C_GetLastEvent
                0x0800bb5a                I2C_CheckEvent
                0x0800bb70                I2C_GetFlagStatus
                0x0800bba4                I2C_ClearFlag
                0x0800bbac                I2C_GetITStatus
                0x0800bbc8                I2C_ClearITPendingBit
 .text          0x0800bbd0       0x58 lib/STM32F10x_StdPeriph_Driver/libstm32fw.a(stm32f10x_iwdg.o)
                0x0800bbd0                IWDG_WriteAccessCmd
                0x0800bbdc                IWDG_SetPrescaler
                0x0800bbe8                IWDG_SetReload
                0x0800bbf4                IWDG_ReloadCounter
                0x0800bc04                IWDG_Enable
                0x0800bc14                IWDG_GetFlagStatus
 .text          0x0800bc28       0xc8 lib/STM32F10x_StdPeriph_Driver/libstm32fw.a(stm32f10x_pwr.o)
                0x0800bc28                PWR_DeInit
                0x0800bc42                PWR_BackupAccessCmd
                0x0800bc4c                PWR_PVDCmd
                0x0800bc58                PWR_PVDLevelConfig
                0x0800bc6c                PWR_WakeUpPinCmd
                0x0800bc78                PWR_EnterSTOPMode
                0x0800bca4                PWR_EnterSTANDBYMode
                0x0800bccc                PWR_GetFlagStatus
                0x0800bce0                PWR_ClearFlag
 .text          0x0800bcf0      0x34c lib/STM32F10x_StdPeriph_Driver/libstm32fw.a(stm32f10x_rcc.o)
                0x0800bcf0                RCC_DeInit
                0x0800bd30                RCC_HSEConfig
                0x0800bd68                RCC_AdjustHSICalibrationValue
                0x0800bd7c                RCC_HSICmd
                0x0800bd88                RCC_PLLConfig
                0x0800bd9c                RCC_PLLCmd
                0x0800bda8                RCC_SYSCLKConfig
                0x0800bdbc                RCC_GetSYSCLKSource
                0x0800bdcc                RCC_HCLKConfig
                0x0800bde0                RCC_PCLK1Config
                0x0800bdf4                RCC_PCLK2Config
                0x0800be08                RCC_ITConfig
                0x0800be20                RCC_USBCLKConfig
                0x0800be2c                RCC_ADCCLKConfig
                0x0800be40                RCC_LSEConfig
                0x0800be60                RCC_LSICmd
                0x0800be6c                RCC_RTCCLKConfig
                0x0800be7c                RCC_RTCCLKCmd
                0x0800be88                RCC_GetClocksFreq
                0x0800bf1c                RCC_AHBPeriphClockCmd
                0x0800bf34                RCC_APB2PeriphClockCmd
                0x0800bf4c                RCC_APB1PeriphClockCmd
                0x0800bf64                RCC_APB2PeriphResetCmd
                0x0800bf7c                RCC_APB1PeriphResetCmd
                0x0800bf94                RCC_BackupResetCmd
                0x0800bfa0                RCC_ClockSecuritySystemCmd
                0x0800bfac                RCC_MCOConfig
                0x0800bfb8                RCC_GetFlagStatus
                0x0800bfe0                RCC_WaitForHSEStartUp
                0x0800c00c                RCC_ClearFlag
                0x0800c01c                RCC_GetITStatus
                0x0800c030                RCC_ClearITPendingBit
 .text          0x0800c03c      0x158 lib/STM32F10x_StdPeriph_Driver/libstm32fw.a(stm32f10x_rtc.o)
                0x0800c03c                RTC_ITConfig
                0x0800c054                RTC_EnterConfigMode
                0x0800c068                RTC_ExitConfigMode
                0x0800c07c                RTC_GetCounter
                0x0800c090                RTC_SetCounter
                0x0800c0b0                RTC_SetPrescaler
                0x0800c0d0                RTC_SetAlarm
                0x0800c0f0                RTC_GetDivider
                0x0800c108                RTC_WaitForLastTask
                0x0800c118                RTC_WaitForSynchro
                0x0800c134                RTC_GetFlagStatus
                0x0800c148                RTC_ClearFlag
                0x0800c15c                RTC_GetITStatus
                0x0800c180                RTC_ClearITPendingBit
 .text          0x0800c194      0x2c0 lib/STM32F10x_StdPeriph_Driver/libstm32fw.a(stm32f10x_spi.o)
                0x0800c194                SPI_I2S_DeInit
                0x0800c1f8                SPI_Init
                0x0800c236                I2S_Init
                0x0800c2d6                SPI_StructInit
                0x0800c2ee                I2S_StructInit
                0x0800c300                SPI_Cmd
                0x0800c318                I2S_Cmd
                0x0800c330                SPI_I2S_ITConfig
                0x0800c34e                SPI_I2S_DMACmd
                0x0800c360                SPI_I2S_SendData
                0x0800c364                SPI_I2S_ReceiveData
                0x0800c36a                SPI_NSSInternalSoftwareConfig
                0x0800c388                SPI_SSOutputCmd
                0x0800c3a0                SPI_DataSizeConfig
                0x0800c3b6                SPI_TransmitCRC
                0x0800c3c2                SPI_CalculateCRC
                0x0800c3da                SPI_GetCRC
                0x0800c3e6                SPI_GetCRCPolynomial
                0x0800c3ec                SPI_BiDirectionalLineConfig
                0x0800c408                SPI_I2S_GetFlagStatus
                0x0800c414                SPI_I2S_ClearFlag
                0x0800c41c                SPI_I2S_GetITStatus
                0x0800c442                SPI_I2S_ClearITPendingBit
 .text          0x0800c454      0x348 lib/STM32F10x_StdPeriph_Driver/libstm32fw.a(stm32f10x_usart.o)
                0x0800c454                USART_DeInit
                0x0800c4ec                USART_Init
                0x0800c574                USART_StructInit
                0x0800c58a                USART_ClockInit
                0x0800c5aa                USART_ClockStructInit
                0x0800c5b6                USART_Cmd
                0x0800c5ce                USART_ITConfig
                0x0800c5fe                USART_DMACmd
                0x0800c610                USART_SetAddress
                0x0800c626                USART_WakeUpConfig
                0x0800c63c                USART_ReceiverWakeUpCmd
                0x0800c654                USART_LINBreakDetectLengthConfig
                0x0800c66a                USART_LINCmd
                0x0800c682                USART_SendData
                0x0800c68a                USART_ReceiveData
                0x0800c692                USART_SendBreak
                0x0800c69e                USART_SetGuardTime
                0x0800c6b0                USART_SetPrescaler
                0x0800c6c2                USART_SmartCardCmd
                0x0800c6da                USART_SmartCardNACKCmd
                0x0800c6f2                USART_HalfDuplexCmd
                0x0800c70a                USART_IrDAConfig
                0x0800c720                USART_IrDACmd
                0x0800c738                USART_GetFlagStatus
                0x0800c744                USART_ClearFlag
                0x0800c74c                USART_GetITStatus
                0x0800c78c                USART_ClearITPendingBit
 .text          0x0800c79c      0x948 lib/STM32_USB-FS-Device_Driver/libstm32usb.a(usb_core.o)
                0x0800c79c                Standard_GetConfiguration
                0x0800c7c4                Standard_GetInterface
                0x0800c7ec                Standard_GetStatus
                0x0800c944                Standard_SetConfiguration
                0x0800c980                Standard_SetInterface
                0x0800c9d0                Standard_ClearFeature
                0x0800cab4                Standard_SetEndPointFeature
                0x0800cb40                Standard_SetDeviceFeature
                0x0800cb68                Standard_GetDescriptorData
                0x0800cb84                Post0_Process
                0x0800cbc8                Out0_Process
                0x0800ccb4                Setup0_Process
                0x0800d038                SetDeviceAddress
                0x0800d07c                In0_Process
                0x0800d0e0                NOP_Process
 .text          0x0800d0e4       0x44 lib/STM32_USB-FS-Device_Driver/libstm32usb.a(usb_init.o)
                0x0800d0e4                USB_Init
 .text          0x0800d128      0x234 lib/STM32_USB-FS-Device_Driver/libstm32usb.a(usb_int.o)
                0x0800d128                CTR_LP
                0x0800d2d0                CTR_HP
 .text          0x0800d35c       0x60 lib/STM32_USB-FS-Device_Driver/libstm32usb.a(usb_mem.o)
                0x0800d35c                UserToPMABufferCopy
                0x0800d394                PMAToUserBufferCopy
 .text          0x0800d3bc      0x870 lib/STM32_USB-FS-Device_Driver/libstm32usb.a(usb_regs.o)
                0x0800d3bc                SetCNTR
                0x0800d3c8                GetCNTR
                0x0800d3d8                SetISTR
                0x0800d3e4                GetISTR
                0x0800d3f4                GetFNR
                0x0800d404                SetDADDR
                0x0800d410                GetDADDR
                0x0800d420                SetBTABLE
                0x0800d434                GetBTABLE
                0x0800d444                SetENDPOINT
                0x0800d454                GetENDPOINT
                0x0800d464                SetEPType
                0x0800d47c                GetEPType
                0x0800d490                SetEPTxStatus
                0x0800d4c0                SetEPRxStatus
                0x0800d4f0                SetDouBleBuffEPStall
                0x0800d518                GetEPTxStatus
                0x0800d52c                GetEPRxStatus
                0x0800d540                SetEPTxValid
                0x0800d564                SetEPRxValid
                0x0800d588                SetEP_KIND
                0x0800d5a8                ClearEP_KIND
                0x0800d5c8                Clear_Status_Out
                0x0800d5e8                Set_Status_Out
                0x0800d608                SetEPDoubleBuff
                0x0800d628                ClearEPDoubleBuff
                0x0800d648                GetTxStallStatus
                0x0800d668                GetRxStallStatus
                0x0800d684                ClearEP_CTR_RX
                0x0800d69c                ClearEP_CTR_TX
                0x0800d6b4                ToggleDTOG_RX
                0x0800d6d4                ToggleDTOG_TX
                0x0800d6f4                ClearDTOG_RX
                0x0800d718                ClearDTOG_TX
                0x0800d73c                SetEPAddress
                0x0800d75c                GetEPAddress
                0x0800d770                SetEPTxAddr
                0x0800d794                SetEPRxAddr
                0x0800d7bc                GetEPTxAddr
                0x0800d7dc                GetEPRxAddr
                0x0800d7fc                SetEPTxCount
                0x0800d81c                SetEPCountRxReg
                0x0800d844                SetEPRxCount
                0x0800d88c                GetEPTxCount
                0x0800d8b0                GetEPRxCount
                0x0800d8d4                SetEPDblBuffAddr
                0x0800d918                SetEPDblBuf0Addr
                0x0800d93c                SetEPDblBuf1Addr
                0x0800d964                GetEPDblBuf0Addr
                0x0800d984                GetEPDblBuf1Addr
                0x0800d9a4                SetEPDblBuffCount
                0x0800da5c                SetEPDblBuf0Count
                0x0800dacc                SetEPDblBuf1Count
                0x0800db3c                GetEPDblBuf0Count
                0x0800db60                GetEPDblBuf1Count
                0x0800db84                GetEPDblBufDir
                0x0800dbd0                FreeUserBuffer
                0x0800dc18                ToWord
                0x0800dc20                ByteSwap
 .text          0x0800dc2c       0x78 lib/STM32_USB-FS-Device_Driver/libstm32usb.a(usb_sil.o)
                0x0800dc2c                USB_SIL_Init
                0x0800dc58                USB_SIL_Write
                0x0800dc80                USB_SIL_Read
 .text          0x0800dca4      0x370 /home/laurence/toolchain/lib/gcc/arm-none-eabi/4.7.2/thumb/armv7-m/libgcc.a(_arm_addsubdf3.o)
                0x0800dca4                __aeabi_drsub
                0x0800dcac                __aeabi_dsub
                0x0800dcac                __subdf3
                0x0800dcb0                __adddf3
                0x0800dcb0                __aeabi_dadd
                0x0800df28                __aeabi_ui2d
                0x0800df28                __floatunsidf
                0x0800df48                __floatsidf
                0x0800df48                __aeabi_i2d
                0x0800df6c                __extendsfdf2
                0x0800df6c                __aeabi_f2d
                0x0800dfa8                __aeabi_ul2d
                0x0800dfa8                __floatundidf
                0x0800dfb8                __floatdidf
                0x0800dfb8                __aeabi_l2d
 .text          0x0800e014      0x424 /home/laurence/toolchain/lib/gcc/arm-none-eabi/4.7.2/thumb/armv7-m/libgcc.a(_arm_muldivdf3.o)
                0x0800e014                __aeabi_dmul
                0x0800e014                __muldf3
                0x0800e268                __aeabi_ddiv
                0x0800e268                __divdf3
 .text          0x0800e438      0x110 /home/laurence/toolchain/lib/gcc/arm-none-eabi/4.7.2/thumb/armv7-m/libgcc.a(_arm_cmpdf2.o)
                0x0800e438                __gtdf2
                0x0800e438                __gedf2
                0x0800e440                __ltdf2
                0x0800e440                __ledf2
                0x0800e448                __cmpdf2
                0x0800e448                __eqdf2
                0x0800e448                __nedf2
                0x0800e4c4                __aeabi_cdrcmple
                0x0800e4d4                __aeabi_cdcmple
                0x0800e4d4                __aeabi_cdcmpeq
                0x0800e4e4                __aeabi_dcmpeq
                0x0800e4f8                __aeabi_dcmplt
                0x0800e50c                __aeabi_dcmple
                0x0800e520                __aeabi_dcmpge
                0x0800e534                __aeabi_dcmpgt
 .text          0x0800e548       0xa0 /home/laurence/toolchain/lib/gcc/arm-none-eabi/4.7.2/thumb/armv7-m/libgcc.a(_arm_truncdfsf2.o)
                0x0800e548                __aeabi_d2f
                0x0800e548                __truncdfsf2
 .text          0x0800e5e8      0x21c /home/laurence/toolchain/lib/gcc/arm-none-eabi/4.7.2/thumb/armv7-m/libgcc.a(_arm_addsubsf3.o)
                0x0800e5e8                __aeabi_frsub
                0x0800e5f0                __subsf3
                0x0800e5f0                __aeabi_fsub
                0x0800e5f4                __aeabi_fadd
                0x0800e5f4                __addsf3
                0x0800e754                __aeabi_ui2f
                0x0800e754                __floatunsisf
                0x0800e75c                __aeabi_i2f
                0x0800e75c                __floatsisf
                0x0800e778                __floatundisf
                0x0800e778                __aeabi_ul2f
                0x0800e788                __floatdisf
                0x0800e788                __aeabi_l2f
 .text          0x0800e804      0x2a0 /home/laurence/toolchain/lib/gcc/arm-none-eabi/4.7.2/thumb/armv7-m/libgcc.a(_arm_muldivsf3.o)
                0x0800e804                __mulsf3
                0x0800e804                __aeabi_fmul
                0x0800e96c                __divsf3
                0x0800e96c                __aeabi_fdiv
 .text          0x0800eaa4       0xec /home/laurence/toolchain/lib/gcc/arm-none-eabi/4.7.2/thumb/armv7-m/libgcc.a(_arm_cmpsf2.o)
                0x0800eaa4                __gtsf2
                0x0800eaa4                __gesf2
                0x0800eaac                __lesf2
                0x0800eaac                __ltsf2
                0x0800eab4                __nesf2
                0x0800eab4                __eqsf2
                0x0800eab4                __cmpsf2
                0x0800eb14                __aeabi_cfrcmple
                0x0800eb1c                __aeabi_cfcmple
                0x0800eb1c                __aeabi_cfcmpeq
                0x0800eb2c                __aeabi_fcmpeq
                0x0800eb40                __aeabi_fcmplt
                0x0800eb54                __aeabi_fcmple
                0x0800eb68                __aeabi_fcmpge
                0x0800eb7c                __aeabi_fcmpgt
 .text          0x0800eb90       0x4c /home/laurence/toolchain/lib/gcc/arm-none-eabi/4.7.2/thumb/armv7-m/libgcc.a(_arm_fixsfsi.o)
                0x0800eb90                __fixsfsi
                0x0800eb90                __aeabi_f2iz
 .text          0x0800ebdc       0x40 /home/laurence/toolchain/lib/gcc/arm-none-eabi/4.7.2/thumb/armv7-m/libgcc.a(_arm_fixunssfsi.o)
                0x0800ebdc                __aeabi_f2uiz
                0x0800ebdc                __fixunssfsi
 .text.malloc   0x0800ec1c       0x10 /home/laurence/toolchain/lib/gcc/arm-none-eabi/4.7.2/../../../../arm-none-eabi/lib/thumb/armv7-m/libc.a(lib_a-malloc.o)
                0x0800ec1c                malloc
 .text._malloc_r
                0x0800ec2c       0x9c /home/laurence/toolchain/lib/gcc/arm-none-eabi/4.7.2/../../../../arm-none-eabi/lib/thumb/armv7-m/libc.a(lib_a-mallocr.o)
                0x0800ec2c                _malloc_r
 .text.memcmp   0x0800ecc8       0x20 /home/laurence/toolchain/lib/gcc/arm-none-eabi/4.7.2/../../../../arm-none-eabi/lib/thumb/armv7-m/libc.a(lib_a-memcmp.o)
                0x0800ecc8                memcmp
 .text._sbrk_r  0x0800ece8       0x20 /home/laurence/toolchain/lib/gcc/arm-none-eabi/4.7.2/../../../../arm-none-eabi/lib/thumb/armv7-m/libc.a(lib_a-sbrkr.o)
                0x0800ece8                _sbrk_r
 .text.strlen   0x0800ed08       0x10 /home/laurence/toolchain/lib/gcc/arm-none-eabi/4.7.2/../../../../arm-none-eabi/lib/thumb/armv7-m/libc.a(lib_a-strlen.o)
                0x0800ed08                strlen
 .text.strncpy  0x0800ed18       0x2e /home/laurence/toolchain/lib/gcc/arm-none-eabi/4.7.2/../../../../arm-none-eabi/lib/thumb/armv7-m/libc.a(lib_a-strncpy.o)
                0x0800ed18                strncpy
 *(.init)
 *fill*         0x0800ed46        0x2 00
 .init          0x0800ed48        0x4 /home/laurence/toolchain/lib/gcc/arm-none-eabi/4.7.2/thumb/armv7-m/crti.o
                0x0800ed48                _init
 .init          0x0800ed4c        0x8 /home/laurence/toolchain/lib/gcc/arm-none-eabi/4.7.2/thumb/armv7-m/crtn.o
 *(.fini)
 .fini          0x0800ed54        0x4 /home/laurence/toolchain/lib/gcc/arm-none-eabi/4.7.2/thumb/armv7-m/crti.o
                0x0800ed54                _fini
 .fini          0x0800ed58        0x8 /home/laurence/toolchain/lib/gcc/arm-none-eabi/4.7.2/thumb/armv7-m/crtn.o
 *crtbegin.o(.ctors)
 *crtbegin?.o(.ctors)
 *(EXCLUDE_FILE(*crtend.o *crtend?.o) .ctors)
 *(SORT(.ctors.*))
 *(.ctors)
 *crtbegin.o(.dtors)
 *crtbegin?.o(.dtors)
 *(EXCLUDE_FILE(*crtend.o *crtend?.o) .dtors)
 *(SORT(.dtors.*))
 *(.dtors)
 *(.rodata*)
 .rodata        0x0800ed60       0x20 Sensors/amb_sensors.o
                0x0800ed60                ITG3200_config
                0x0800ed64                HMC_config
                0x0800ed68                ADXL_config
                0x0800ed70                LSM_330_GYRO_config
                0x0800ed74                LSM_330_ACCEL_FIFO_config
                0x0800ed78                LSM_330_ACCEL_config
 .rodata        0x0800ed80       0xac Util/USB/usb_desc.o
                0x0800ed80                MASS_StringInterface
                0x0800ed90                MASS_StringProduct
                0x0800edc0                MASS_StringVendor
                0x0800edf4                MASS_StringLangID
                0x0800edf8                MASS_ConfigDescriptor
                0x0800ee18                MASS_DeviceDescriptor
 .rodata        0x0800ee2c      0x4c0 Util/fat_fs/option/ccsbcs.o
 .rodata        0x0800f2ec       0x80 Util/fat_fs/src/ff.o
 .rodata.str1.4
                0x0800f36c       0x13 Util/fat_fs/src/ff.o
                                 0x14 (size before relaxing)
 *fill*         0x0800f37f        0x1 00
 .rodata        0x0800f380        0xc Util/fat_fs/src/rtc.o
 .rodata        0x0800f38c       0xf4 Util/filter_1200.o
 .rodata        0x0800f480       0x14 Util/rprintf.o
 .rodata.str1.4
                0x0800f494        0x6 Util/rprintf.o
                                  0x8 (size before relaxing)
 *fill*         0x0800f49a        0x2 00
 .rodata        0x0800f49c       0x14 lib/CMSIS_CM3/system_stm32f10x.o
                0x0800f49c                SystemFrequency_APB2Clk
                0x0800f4a0                SystemFrequency_APB1Clk
                0x0800f4a4                SystemFrequency_AHBClk
                0x0800f4a8                SystemFrequency_SysClk
                0x0800f4ac                SystemFrequency
 .rodata.str1.4
                0x0800f4b0      0x1e3 main.o
                                0x1e8 (size before relaxing)
 *fill*         0x0800f693        0x1 00
 .rodata.str1.4
                0x0800f694       0x40 pwr.o
 .rodata.str1.1
                0x0800f6d4        0x2 /home/laurence/toolchain/lib/gcc/arm-none-eabi/4.7.2/../../../../arm-none-eabi/lib/thumb/armv7-m/libc.a(lib_a-impure.o)
 *(.eh_frame*)
 *fill*         0x0800f6d6        0x2 00
 .eh_frame      0x0800f6d8        0x0 /home/laurence/toolchain/lib/gcc/arm-none-eabi/4.7.2/thumb/armv7-m/crtbegin.o
 .eh_frame      0x0800f6d8        0x4 /home/laurence/toolchain/lib/gcc/arm-none-eabi/4.7.2/thumb/armv7-m/crtend.o

.glue_7         0x0800f6dc        0x0
 .glue_7        0x00000000        0x0 linker stubs

.glue_7t        0x0800f6dc        0x0
 .glue_7t       0x00000000        0x0 linker stubs

.vfp11_veneer   0x0800f6dc        0x0
 .vfp11_veneer  0x00000000        0x0 linker stubs

.v4_bx          0x0800f6dc        0x0
 .v4_bx         0x00000000        0x0 linker stubs

.iplt           0x0800f6dc        0x0
 .iplt          0x00000000        0x0 /home/laurence/toolchain/lib/gcc/arm-none-eabi/4.7.2/thumb/armv7-m/crtbegin.o

.rel.dyn        0x0800f6dc        0x0
 .rel.iplt      0x00000000        0x0 /home/laurence/toolchain/lib/gcc/arm-none-eabi/4.7.2/thumb/armv7-m/crtbegin.o

.ARM.extab
 *(.ARM.extab* .gnu.linkonce.armextab.*)
                0x0800f6dc                __exidx_start = .

.ARM.exidx
 *(.ARM.exidx* .gnu.linkonce.armexidx.*)
                0x0800f6dc                __exidx_end = .
                0x0800f6dc                __etext = .

.data           0x20000000      0x268 load address 0x0800f6dc
                0x20000000                __data_start__ = .
 *(vtable)
 *(.data*)
 .data          0x20000000       0x80 Sensors/amb_sensors.o
                0x20000000                I2C_jobs
 .data          0x20000080       0x74 Util/USB/scsi_data.o
                0x20000080                ReadFormatCapacity_Data
                0x2000008c                Scsi_Sense_Data
                0x200000a0                Mode_Sense10_data
                0x200000a8                Mode_Sense6_data
                0x200000ac                Standard_Inquiry_Data2
                0x200000d0                Standard_Inquiry_Data
 .data          0x200000f4       0x1c Util/USB/usb_desc.o
                0x200000f4                MASS_StringSerial
 .data          0x20000110       0x38 Util/USB/usb_istr.o
                0x20000110                pEpInt_OUT
                0x2000012c                pEpInt_IN
 .data          0x20000148       0x90 Util/USB/usb_prop.o
                0x20000148                String_Descriptor
                0x20000170                Config_Descriptor
                0x20000178                Device_Descriptor
                0x20000180                Device_Property
                0x200001b0                User_Standard_Requests
                0x200001d4                Device_Table
 .data          0x200001d8        0x1 Util/USB/usb_pwr.o
                0x200001d8                fSuspendEnabled
 *fill*         0x200001d9        0x3 00
 .data          0x200001dc        0x4 Util/fat_fs/src/sd_spi_stm32.o
 .data          0x200001e0       0x14 lib/STM32F10x_StdPeriph_Driver/libstm32fw.a(stm32f10x_rcc.o)
 .data.impure_data
                0x200001f4       0x64 /home/laurence/toolchain/lib/gcc/arm-none-eabi/4.7.2/../../../../arm-none-eabi/lib/thumb/armv7-m/libc.a(lib_a-impure.o)
 .data._impure_ptr
                0x20000258        0x4 /home/laurence/toolchain/lib/gcc/arm-none-eabi/4.7.2/../../../../arm-none-eabi/lib/thumb/armv7-m/libc.a(lib_a-impure.o)
                0x20000258                _impure_ptr
                0x2000025c                . = ALIGN (0x4)
                0x2000025c                PROVIDE (__preinit_array_start, .)
 *(.preinit_array)
                0x2000025c                PROVIDE (__preinit_array_end, .)
                0x2000025c                . = ALIGN (0x4)
                0x2000025c                PROVIDE (__init_array_start, .)
 *(SORT(.init_array.*))
 *(.init_array)
 .init_array    0x2000025c        0x4 /home/laurence/toolchain/lib/gcc/arm-none-eabi/4.7.2/thumb/armv7-m/crtbegin.o
                0x20000260                PROVIDE (__init_array_end, .)
                0x20000260                . = ALIGN (0x4)
                0x20000260                PROVIDE (__fini_array_start, .)
 *(SORT(.fini_array.*))
 *(.fini_array)
 .fini_array    0x20000260        0x4 /home/laurence/toolchain/lib/gcc/arm-none-eabi/4.7.2/thumb/armv7-m/crtbegin.o
                0x20000264                PROVIDE (__fini_array_end, .)
 *(.jcr*)
 .jcr           0x20000264        0x0 /home/laurence/toolchain/lib/gcc/arm-none-eabi/4.7.2/thumb/armv7-m/crtbegin.o
 .jcr           0x20000264        0x4 /home/laurence/toolchain/lib/gcc/arm-none-eabi/4.7.2/thumb/armv7-m/crtend.o
                0x20000268                . = ALIGN (0x4)
                0x20000268                __data_end__ = .

.tm_clone_table
                0x20000268        0x0 load address 0x0800f944
 .tm_clone_table
                0x20000268        0x0 /home/laurence/toolchain/lib/gcc/arm-none-eabi/4.7.2/thumb/armv7-m/crtbegin.o
 .tm_clone_table
                0x20000268        0x0 /home/laurence/toolchain/lib/gcc/arm-none-eabi/4.7.2/thumb/armv7-m/crtend.o

.igot.plt       0x20000268        0x0 load address 0x0800f944
 .igot.plt      0x00000000        0x0 /home/laurence/toolchain/lib/gcc/arm-none-eabi/4.7.2/thumb/armv7-m/crtbegin.o

.bss            0x20000268     0x136c load address 0x0800f944
                0x20000268                . = ALIGN (0x4)
                0x20000268                __bss_start__ = .
 *(.bss*)
 .bss.completed.5900
                0x20000268        0x1 /home/laurence/toolchain/lib/gcc/arm-none-eabi/4.7.2/thumb/armv7-m/crtbegin.o
 *fill*         0x20000269        0x3 00
 .bss.object.5905
                0x2000026c       0x18 /home/laurence/toolchain/lib/gcc/arm-none-eabi/4.7.2/thumb/armv7-m/crtbegin.o
 .bss           0x20000284        0x4 Util/USB/mass_mal.o
                0x20000284                Status
 .bss           0x20000288       0x1c Util/USB/memory.o
                0x20000288                TransferState
                0x20000294                Counter
                0x200002a0                Block_Read_count
 .bss           0x200002a4       0x10 Util/USB/scsi_data.o
                0x200002a4                ReadCapacity10_Data
                0x200002ac                Page00_Inquiry_Data
 .bss           0x200002b4        0x1 Util/USB/usb_istr.o
                0x200002b4                bIntPackSOF
 *fill*         0x200002b5        0x3 00
 .bss           0x200002b8        0x4 Util/USB/usb_prop.o
                0x200002b8                Max_Lun
 .bss           0x200002bc        0x4 Util/USB/usb_pwr.o
                0x200002bc                bDeviceState
 .bss           0x200002c0        0xc Util/fat_fs/src/ff.o
 .bss           0x200002cc       0x10 Util/fat_fs/src/sd_spi_stm32.o
 .bss           0x200002dc       0x84 Util/rprintf.o
 .bss           0x20000360        0x3 i2c_int.o
 *fill*         0x20000363        0x1 00
 .bss           0x20000364        0x8 interrupts.o
 .bss           0x2000036c      0x238 main.o
                0x200005a0                file_opened
 .bss           0x200005a4        0x4 syscalls.o
 .bss           0x200005a8        0x1 lib/STM32_USB-FS-Device_Driver/libstm32usb.a(usb_core.o)
                0x200005a8                Data_Mul_MaxPacketSize
 *fill*         0x200005a9        0x3 00
 .bss.__malloc_free_list
                0x200005ac        0x4 /home/laurence/toolchain/lib/gcc/arm-none-eabi/4.7.2/../../../../arm-none-eabi/lib/thumb/armv7-m/libc.a(lib_a-mallocr.o)
                0x200005ac                __malloc_free_list
 *(COMMON)
 COMMON         0x200005b0      0x637 Sensors/amb_sensors.o
                0x200005b0                LSM330_Gyro_Filter
                0x20000898                LSM330_Accel_Filter
                0x20000b80                Rawdata
                0x20000bc0                LastFifo
                0x20000bc8                RawFifo
                0x20000be6                I2C_Transactions_State
 *fill*         0x20000be7        0x1 00
 COMMON         0x20000be8       0x1c Util/USB/mass_mal.o
                0x20000be8                Mass_Memory_Size
                0x20000bf0                Mass_Block_Size
                0x20000bf8                Mass_Block_Count
                0x20000c00                Data_Buffer
 COMMON         0x20000c04        0x8 Util/USB/memory.o
                0x20000c04                Block_offset
                0x20000c08                Idx
 COMMON         0x20000c0c       0x7c Util/USB/usb_bot.o
                0x20000c0c                CBW
                0x20000c2c                Data_Len
                0x20000c2e                Bot_State
                0x20000c30                SCSI_LBA
                0x20000c34                CSW
                0x20000c44                SCSI_BlkLen
                0x20000c48                Bulk_Data_Buff
 COMMON         0x20000c88        0x2 Util/USB/usb_istr.o
                0x20000c88                wIstr
 *fill*         0x20000c8a        0x2 00
 COMMON         0x20000c8c        0x2 Util/USB/usb_pwr.o
                0x20000c8c                ResumeS
 COMMON         0x20000c8e        0x1 Util/fat_fs/src/sd_spi_stm32.o
                0x20000c8e                Sd_Spi_Called_From_USB_MSC
 COMMON         0x20000c8f        0x1 gpio.o
                0x20000c8f                bootsource
 COMMON         0x20000c90        0xd i2c_int.o
                0x20000c90                I2C1error
                0x20000c94                Jobs
                0x20000c98                Completed_Jobs
                0x20000c9c                job
 *fill*         0x20000c9d        0x3 00
 COMMON         0x20000ca0        0x8 interrupts.o
                0x20000ca0                Button_hold_tim
                0x20000ca4                Battery_Voltage
 COMMON         0x20000ca8      0x8e9 main.o
                0x20000ca8                Sensor_Cable
                0x20000cac                battery_voltage
                0x20000cb0                FATFS_wavfile_accel
                0x20000ed4                forehead_buffer
                0x20000f28                f_err_code
                0x20000f29                System_state_Global
                0x20000f2c                Millis
                0x20000f30                sfe_sensor_buffers
                0x20001020                Sensors
                0x20001024                FATFS_info
                0x20001044                FATFS_wavfile_gyro
                0x20001268                print_string
                0x20001368                a
                0x2000136c                FATFS_logfile
                0x20001590                Shutdown_System
 *fill*         0x20001591        0x3 00
 COMMON         0x20001594        0x2 lib/STM32_USB-FS-Device_Driver/libstm32usb.a(usb_core.o)
                0x20001594                StatusInfo
 *fill*         0x20001596        0x2 00
 COMMON         0x20001598       0x32 lib/STM32_USB-FS-Device_Driver/libstm32usb.a(usb_init.o)
                0x20001598                SaveState
                0x2000159c                pProperty
                0x200015a0                EPindex
                0x200015a4                Device_Info
                0x200015c0                pUser_Standard_Requests
                0x200015c4                pInformation
                0x200015c8                wInterrupt_Mask
 COMMON         0x200015ca        0x4 lib/STM32_USB-FS-Device_Driver/libstm32usb.a(usb_int.o)
                0x200015ca                SaveRState
                0x200015cc                SaveTState
 *fill*         0x200015ce        0x2 00
 COMMON         0x200015d0        0x4 /home/laurence/toolchain/lib/gcc/arm-none-eabi/4.7.2/../../../../arm-none-eabi/lib/thumb/armv7-m/libc.a(lib_a-reent.o)
                0x200015d0                errno
                0x200015d4                . = ALIGN (0x4)
                0x200015d4                __bss_end__ = .

.heap           0x200015d4        0x0
                0x200015d4                __end__ = .
                0x200015d4                end = __end__
 *(.heap*)
                0x200015d4                __HeapLimit = .

.stack_dummy    0x200015d4        0x0
 *(.stack*)
                0x20005000                __StackTop = (ORIGIN (RAM) + 0x5000)
                0x20005000                __StackLimit = (__StackTop - SIZEOF (.stack_dummy))
                0x20005000                PROVIDE (__stack, __StackTop)
                0x00000001                ASSERT ((__StackLimit >= __HeapLimit), region RAM overflowed with stack)
                0x20000268                PROVIDE (_edata, __data_end__)
                0x20000000                PROVIDE (_sdata, __data_start__)
                0x0800f6dc                PROVIDE (_sidata, __etext)
                0x20000268                PROVIDE (_sbss, __bss_start__)
                0x200015d4                PROVIDE (_ebss, __bss_end__)
                0x20005000                PROVIDE (_estack, __StackTop)
OUTPUT(main.elf elf32-littlearm)

.ARM.attributes
                0x00000000       0x29
 .ARM.attributes
                0x00000000       0x1d /home/laurence/toolchain/lib/gcc/arm-none-eabi/4.7.2/thumb/armv7-m/crti.o
 .ARM.attributes
                0x0000001d       0x2d /home/laurence/toolchain/lib/gcc/arm-none-eabi/4.7.2/thumb/armv7-m/crtbegin.o
 .ARM.attributes
                0x0000004a       0x33 Sensors/amb_sensors.o
 .ARM.attributes
                0x0000007d       0x33 Util/USB/hw_config.o
 .ARM.attributes
                0x000000b0       0x33 Util/USB/mass_mal.o
 .ARM.attributes
                0x000000e3       0x33 Util/USB/memory.o
 .ARM.attributes
                0x00000116       0x33 Util/USB/scsi_data.o
 .ARM.attributes
                0x00000149       0x33 Util/USB/usb_bot.o
 .ARM.attributes
                0x0000017c       0x33 Util/USB/usb_desc.o
 .ARM.attributes
                0x000001af       0x33 Util/USB/usb_endp.o
 .ARM.attributes
                0x000001e2       0x33 Util/USB/usb_istr.o
 .ARM.attributes
                0x00000215       0x33 Util/USB/usb_prop.o
 .ARM.attributes
                0x00000248       0x33 Util/USB/usb_pwr.o
 .ARM.attributes
                0x0000027b       0x33 Util/USB/usb_scsi.o
 .ARM.attributes
                0x000002ae       0x33 Util/buffer.o
 .ARM.attributes
                0x000002e1       0x33 Util/delay.o
 .ARM.attributes
                0x00000314       0x33 Util/fat_fs/option/ccsbcs.o
 .ARM.attributes
                0x00000347       0x33 Util/fat_fs/src/fattime.o
 .ARM.attributes
                0x0000037a       0x33 Util/fat_fs/src/ff.o
 .ARM.attributes
                0x000003ad       0x33 Util/fat_fs/src/rtc.o
 .ARM.attributes
                0x000003e0       0x33 Util/fat_fs/src/sd_spi_stm32.o
 .ARM.attributes
                0x00000413       0x33 Util/filter_1200.o
 .ARM.attributes
                0x00000446       0x33 Util/filter_190.o
 .ARM.attributes
                0x00000479       0x33 Util/rprintf.o
 .ARM.attributes
                0x000004ac       0x33 Util/wave.o
 .ARM.attributes
                0x000004df       0x33 adc.o
 .ARM.attributes
                0x00000512       0x33 gpio.o
 .ARM.attributes
                0x00000545       0x33 i2c_int.o
 .ARM.attributes
                0x00000578       0x33 interrupts.o
 .ARM.attributes
                0x000005ab       0x21 lib/CMSIS_CM3/startup/gcc/startup_stm32f10x_md.o
 .ARM.attributes
                0x000005cc       0x33 lib/CMSIS_CM3/system_stm32f10x.o
 .ARM.attributes
                0x000005ff       0x33 main.o
 .ARM.attributes
                0x00000632       0x33 pwr.o
 .ARM.attributes
                0x00000665       0x33 syscalls.o
 .ARM.attributes
                0x00000698       0x33 usart.o
 .ARM.attributes
                0x000006cb       0x33 watchdog.o
 .ARM.attributes
                0x000006fe       0x33 lib/STM32F10x_StdPeriph_Driver/libstm32fw.a(misc.o)
 .ARM.attributes
                0x00000731       0x33 lib/STM32F10x_StdPeriph_Driver/libstm32fw.a(stm32f10x_adc.o)
 .ARM.attributes
                0x00000764       0x33 lib/STM32F10x_StdPeriph_Driver/libstm32fw.a(stm32f10x_bkp.o)
 .ARM.attributes
                0x00000797       0x33 lib/STM32F10x_StdPeriph_Driver/libstm32fw.a(stm32f10x_dbgmcu.o)
 .ARM.attributes
                0x000007ca       0x33 lib/STM32F10x_StdPeriph_Driver/libstm32fw.a(stm32f10x_dma.o)
 .ARM.attributes
                0x000007fd       0x33 lib/STM32F10x_StdPeriph_Driver/libstm32fw.a(stm32f10x_exti.o)
 .ARM.attributes
                0x00000830       0x33 lib/STM32F10x_StdPeriph_Driver/libstm32fw.a(stm32f10x_gpio.o)
 .ARM.attributes
                0x00000863       0x33 lib/STM32F10x_StdPeriph_Driver/libstm32fw.a(stm32f10x_i2c.o)
 .ARM.attributes
                0x00000896       0x33 lib/STM32F10x_StdPeriph_Driver/libstm32fw.a(stm32f10x_iwdg.o)
 .ARM.attributes
                0x000008c9       0x33 lib/STM32F10x_StdPeriph_Driver/libstm32fw.a(stm32f10x_pwr.o)
 .ARM.attributes
                0x000008fc       0x33 lib/STM32F10x_StdPeriph_Driver/libstm32fw.a(stm32f10x_rcc.o)
 .ARM.attributes
                0x0000092f       0x33 lib/STM32F10x_StdPeriph_Driver/libstm32fw.a(stm32f10x_rtc.o)
 .ARM.attributes
                0x00000962       0x33 lib/STM32F10x_StdPeriph_Driver/libstm32fw.a(stm32f10x_spi.o)
 .ARM.attributes
                0x00000995       0x33 lib/STM32F10x_StdPeriph_Driver/libstm32fw.a(stm32f10x_usart.o)
 .ARM.attributes
                0x000009c8       0x33 lib/STM32_USB-FS-Device_Driver/libstm32usb.a(usb_core.o)
 .ARM.attributes
                0x000009fb       0x33 lib/STM32_USB-FS-Device_Driver/libstm32usb.a(usb_init.o)
 .ARM.attributes
                0x00000a2e       0x33 lib/STM32_USB-FS-Device_Driver/libstm32usb.a(usb_int.o)
 .ARM.attributes
                0x00000a61       0x33 lib/STM32_USB-FS-Device_Driver/libstm32usb.a(usb_mem.o)
 .ARM.attributes
                0x00000a94       0x33 lib/STM32_USB-FS-Device_Driver/libstm32usb.a(usb_regs.o)
 .ARM.attributes
                0x00000ac7       0x33 lib/STM32_USB-FS-Device_Driver/libstm32usb.a(usb_sil.o)
 .ARM.attributes
                0x00000afa       0x1d /home/laurence/toolchain/lib/gcc/arm-none-eabi/4.7.2/thumb/armv7-m/libgcc.a(_arm_addsubdf3.o)
 .ARM.attributes
                0x00000b17       0x1d /home/laurence/toolchain/lib/gcc/arm-none-eabi/4.7.2/thumb/armv7-m/libgcc.a(_arm_muldivdf3.o)
 .ARM.attributes
                0x00000b34       0x1d /home/laurence/toolchain/lib/gcc/arm-none-eabi/4.7.2/thumb/armv7-m/libgcc.a(_arm_cmpdf2.o)
 .ARM.attributes
                0x00000b51       0x1d /home/laurence/toolchain/lib/gcc/arm-none-eabi/4.7.2/thumb/armv7-m/libgcc.a(_arm_truncdfsf2.o)
 .ARM.attributes
                0x00000b6e       0x1d /home/laurence/toolchain/lib/gcc/arm-none-eabi/4.7.2/thumb/armv7-m/libgcc.a(_arm_addsubsf3.o)
 .ARM.attributes
                0x00000b8b       0x1d /home/laurence/toolchain/lib/gcc/arm-none-eabi/4.7.2/thumb/armv7-m/libgcc.a(_arm_muldivsf3.o)
 .ARM.attributes
                0x00000ba8       0x1d /home/laurence/toolchain/lib/gcc/arm-none-eabi/4.7.2/thumb/armv7-m/libgcc.a(_arm_cmpsf2.o)
 .ARM.attributes
                0x00000bc5       0x1d /home/laurence/toolchain/lib/gcc/arm-none-eabi/4.7.2/thumb/armv7-m/libgcc.a(_arm_fixsfsi.o)
 .ARM.attributes
                0x00000be2       0x1d /home/laurence/toolchain/lib/gcc/arm-none-eabi/4.7.2/thumb/armv7-m/libgcc.a(_arm_fixunssfsi.o)
 .ARM.attributes
                0x00000bff       0x2d /home/laurence/toolchain/lib/gcc/arm-none-eabi/4.7.2/../../../../arm-none-eabi/lib/thumb/armv7-m/libc.a(lib_a-impure.o)
 .ARM.attributes
                0x00000c2c       0x2d /home/laurence/toolchain/lib/gcc/arm-none-eabi/4.7.2/../../../../arm-none-eabi/lib/thumb/armv7-m/libc.a(lib_a-malloc.o)
 .ARM.attributes
                0x00000c59       0x2d /home/laurence/toolchain/lib/gcc/arm-none-eabi/4.7.2/../../../../arm-none-eabi/lib/thumb/armv7-m/libc.a(lib_a-mallocr.o)
 .ARM.attributes
                0x00000c86       0x2d /home/laurence/toolchain/lib/gcc/arm-none-eabi/4.7.2/../../../../arm-none-eabi/lib/thumb/armv7-m/libc.a(lib_a-memcmp.o)
 .ARM.attributes
                0x00000cb3       0x2d /home/laurence/toolchain/lib/gcc/arm-none-eabi/4.7.2/../../../../arm-none-eabi/lib/thumb/armv7-m/libc.a(lib_a-reent.o)
 .ARM.attributes
                0x00000ce0       0x2d /home/laurence/toolchain/lib/gcc/arm-none-eabi/4.7.2/../../../../arm-none-eabi/lib/thumb/armv7-m/libc.a(lib_a-sbrkr.o)
 .ARM.attributes
                0x00000d0d       0x2d /home/laurence/toolchain/lib/gcc/arm-none-eabi/4.7.2/../../../../arm-none-eabi/lib/thumb/armv7-m/libc.a(lib_a-strlen.o)
 .ARM.attributes
                0x00000d3a       0x2d /home/laurence/toolchain/lib/gcc/arm-none-eabi/4.7.2/../../../../arm-none-eabi/lib/thumb/armv7-m/libc.a(lib_a-strncpy.o)
 .ARM.attributes
                0x00000d67       0x2d /home/laurence/toolchain/lib/gcc/arm-none-eabi/4.7.2/thumb/armv7-m/crtend.o
 .ARM.attributes
                0x00000d94       0x1d /home/laurence/toolchain/lib/gcc/arm-none-eabi/4.7.2/thumb/armv7-m/crtn.o

.comment        0x00000000       0x3a
 .comment       0x00000000       0x3a /home/laurence/toolchain/lib/gcc/arm-none-eabi/4.7.2/thumb/armv7-m/crtbegin.o
                                 0x3b (size before relaxing)
 .comment       0x00000000       0x3b Sensors/amb_sensors.o
 .comment       0x00000000       0x3b Util/USB/hw_config.o
 .comment       0x00000000       0x3b Util/USB/mass_mal.o
 .comment       0x00000000       0x3b Util/USB/memory.o
 .comment       0x00000000       0x3b Util/USB/scsi_data.o
 .comment       0x00000000       0x3b Util/USB/usb_bot.o
 .comment       0x00000000       0x3b Util/USB/usb_desc.o
 .comment       0x00000000       0x3b Util/USB/usb_endp.o
 .comment       0x00000000       0x3b Util/USB/usb_istr.o
 .comment       0x00000000       0x3b Util/USB/usb_prop.o
 .comment       0x00000000       0x3b Util/USB/usb_pwr.o
 .comment       0x00000000       0x3b Util/USB/usb_scsi.o
 .comment       0x00000000       0x3b Util/buffer.o
 .comment       0x00000000       0x3b Util/delay.o
 .comment       0x00000000       0x3b Util/fat_fs/option/ccsbcs.o
 .comment       0x00000000       0x3b Util/fat_fs/src/fattime.o
 .comment       0x00000000       0x3b Util/fat_fs/src/ff.o
 .comment       0x00000000       0x3b Util/fat_fs/src/rtc.o
 .comment       0x00000000       0x3b Util/fat_fs/src/sd_spi_stm32.o
 .comment       0x00000000       0x3b Util/filter_1200.o
 .comment       0x00000000       0x3b Util/filter_190.o
 .comment       0x00000000       0x3b Util/rprintf.o
 .comment       0x00000000       0x3b Util/wave.o
 .comment       0x00000000       0x3b adc.o
 .comment       0x00000000       0x3b gpio.o
 .comment       0x00000000       0x3b i2c_int.o
 .comment       0x00000000       0x3b interrupts.o
 .comment       0x00000000       0x3b lib/CMSIS_CM3/system_stm32f10x.o
 .comment       0x00000000       0x3b main.o
 .comment       0x00000000       0x3b pwr.o
 .comment       0x00000000       0x3b syscalls.o
 .comment       0x00000000       0x3b usart.o
 .comment       0x00000000       0x3b watchdog.o
 .comment       0x00000000       0x3b lib/STM32F10x_StdPeriph_Driver/libstm32fw.a(misc.o)
 .comment       0x00000000       0x3b lib/STM32F10x_StdPeriph_Driver/libstm32fw.a(stm32f10x_adc.o)
 .comment       0x00000000       0x3b lib/STM32F10x_StdPeriph_Driver/libstm32fw.a(stm32f10x_bkp.o)
 .comment       0x00000000       0x3b lib/STM32F10x_StdPeriph_Driver/libstm32fw.a(stm32f10x_dbgmcu.o)
 .comment       0x00000000       0x3b lib/STM32F10x_StdPeriph_Driver/libstm32fw.a(stm32f10x_dma.o)
 .comment       0x00000000       0x3b lib/STM32F10x_StdPeriph_Driver/libstm32fw.a(stm32f10x_exti.o)
 .comment       0x00000000       0x3b lib/STM32F10x_StdPeriph_Driver/libstm32fw.a(stm32f10x_gpio.o)
 .comment       0x00000000       0x3b lib/STM32F10x_StdPeriph_Driver/libstm32fw.a(stm32f10x_i2c.o)
 .comment       0x00000000       0x3b lib/STM32F10x_StdPeriph_Driver/libstm32fw.a(stm32f10x_iwdg.o)
 .comment       0x00000000       0x3b lib/STM32F10x_StdPeriph_Driver/libstm32fw.a(stm32f10x_pwr.o)
 .comment       0x00000000       0x3b lib/STM32F10x_StdPeriph_Driver/libstm32fw.a(stm32f10x_rcc.o)
 .comment       0x00000000       0x3b lib/STM32F10x_StdPeriph_Driver/libstm32fw.a(stm32f10x_rtc.o)
 .comment       0x00000000       0x3b lib/STM32F10x_StdPeriph_Driver/libstm32fw.a(stm32f10x_spi.o)
 .comment       0x00000000       0x3b lib/STM32F10x_StdPeriph_Driver/libstm32fw.a(stm32f10x_usart.o)
 .comment       0x00000000       0x3b lib/STM32_USB-FS-Device_Driver/libstm32usb.a(usb_core.o)
 .comment       0x00000000       0x3b lib/STM32_USB-FS-Device_Driver/libstm32usb.a(usb_init.o)
 .comment       0x00000000       0x3b lib/STM32_USB-FS-Device_Driver/libstm32usb.a(usb_int.o)
 .comment       0x00000000       0x3b lib/STM32_USB-FS-Device_Driver/libstm32usb.a(usb_mem.o)
 .comment       0x00000000       0x3b lib/STM32_USB-FS-Device_Driver/libstm32usb.a(usb_regs.o)
 .comment       0x00000000       0x3b lib/STM32_USB-FS-Device_Driver/libstm32usb.a(usb_sil.o)
 .comment       0x00000000       0x3b /home/laurence/toolchain/lib/gcc/arm-none-eabi/4.7.2/../../../../arm-none-eabi/lib/thumb/armv7-m/libc.a(lib_a-impure.o)
 .comment       0x00000000       0x3b /home/laurence/toolchain/lib/gcc/arm-none-eabi/4.7.2/../../../../arm-none-eabi/lib/thumb/armv7-m/libc.a(lib_a-malloc.o)
 .comment       0x00000000       0x3b /home/laurence/toolchain/lib/gcc/arm-none-eabi/4.7.2/../../../../arm-none-eabi/lib/thumb/armv7-m/libc.a(lib_a-mallocr.o)
 .comment       0x00000000       0x3b /home/laurence/toolchain/lib/gcc/arm-none-eabi/4.7.2/../../../../arm-none-eabi/lib/thumb/armv7-m/libc.a(lib_a-memcmp.o)
 .comment       0x00000000       0x3b /home/laurence/toolchain/lib/gcc/arm-none-eabi/4.7.2/../../../../arm-none-eabi/lib/thumb/armv7-m/libc.a(lib_a-reent.o)
 .comment       0x00000000       0x3b /home/laurence/toolchain/lib/gcc/arm-none-eabi/4.7.2/../../../../arm-none-eabi/lib/thumb/armv7-m/libc.a(lib_a-sbrkr.o)
 .comment       0x00000000       0x3b /home/laurence/toolchain/lib/gcc/arm-none-eabi/4.7.2/../../../../arm-none-eabi/lib/thumb/armv7-m/libc.a(lib_a-strlen.o)
 .comment       0x00000000       0x3b /home/laurence/toolchain/lib/gcc/arm-none-eabi/4.7.2/../../../../arm-none-eabi/lib/thumb/armv7-m/libc.a(lib_a-strncpy.o)
 .comment       0x00000000       0x3b /home/laurence/toolchain/lib/gcc/arm-none-eabi/4.7.2/thumb/armv7-m/crtend.o

.debug_info     0x00000000    0x1661f
 .debug_info    0x00000000      0xac2 Sensors/amb_sensors.o
 .debug_info    0x00000ac2      0x8f2 Util/USB/hw_config.o
 .debug_info    0x000013b4      0x544 Util/USB/mass_mal.o
 .debug_info    0x000018f8      0x5bf Util/USB/memory.o
 .debug_info    0x00001eb7      0x16a Util/USB/scsi_data.o
 .debug_info    0x00002021      0xa88 Util/USB/usb_bot.o
 .debug_info    0x00002aa9      0x186 Util/USB/usb_desc.o
 .debug_info    0x00002c2f       0xd3 Util/USB/usb_endp.o
 .debug_info    0x00002d02      0x357 Util/USB/usb_istr.o
 .debug_info    0x00003059      0xda2 Util/USB/usb_prop.o
 .debug_info    0x00003dfb      0x52f Util/USB/usb_pwr.o
 .debug_info    0x0000432a      0xc8b Util/USB/usb_scsi.o
 .debug_info    0x00004fb5      0x1f1 Util/buffer.o
 .debug_info    0x000051a6       0xc3 Util/delay.o
 .debug_info    0x00005269      0x16f Util/fat_fs/option/ccsbcs.o
 .debug_info    0x000053d8      0x198 Util/fat_fs/src/fattime.o
 .debug_info    0x00005570     0x4f19 Util/fat_fs/src/ff.o
 .debug_info    0x0000a489      0x7c7 Util/fat_fs/src/rtc.o
 .debug_info    0x0000ac50     0x249e Util/fat_fs/src/sd_spi_stm32.o
 .debug_info    0x0000d0ee      0x15e Util/filter_1200.o
 .debug_info    0x0000d24c      0x157 Util/filter_190.o
 .debug_info    0x0000d3a3     0x1113 Util/rprintf.o
 .debug_info    0x0000e4b6      0x7dd Util/wave.o
 .debug_info    0x0000ec93      0x863 adc.o
 .debug_info    0x0000f4f6      0x58f gpio.o
 .debug_info    0x0000fa85     0x10df i2c_int.o
 .debug_info    0x00010b64      0xf5d interrupts.o
 .debug_info    0x00011ac1       0x7e lib/CMSIS_CM3/startup/gcc/startup_stm32f10x_md.o
 .debug_info    0x00011b3f      0x2da lib/CMSIS_CM3/system_stm32f10x.o
 .debug_info    0x00011e19     0x2d31 main.o
 .debug_info    0x00014b4a      0x6b0 pwr.o
 .debug_info    0x000151fa      0x571 syscalls.o
 .debug_info    0x0001576b      0x63e usart.o
 .debug_info    0x00015da9      0x1e3 watchdog.o
 .debug_info    0x00015f8c       0xbb /home/laurence/toolchain/lib/gcc/arm-none-eabi/4.7.2/thumb/armv7-m/libgcc.a(_arm_addsubdf3.o)
 .debug_info    0x00016047       0xbb /home/laurence/toolchain/lib/gcc/arm-none-eabi/4.7.2/thumb/armv7-m/libgcc.a(_arm_muldivdf3.o)
 .debug_info    0x00016102       0xbb /home/laurence/toolchain/lib/gcc/arm-none-eabi/4.7.2/thumb/armv7-m/libgcc.a(_arm_cmpdf2.o)
 .debug_info    0x000161bd       0xbb /home/laurence/toolchain/lib/gcc/arm-none-eabi/4.7.2/thumb/armv7-m/libgcc.a(_arm_truncdfsf2.o)
 .debug_info    0x00016278       0xbb /home/laurence/toolchain/lib/gcc/arm-none-eabi/4.7.2/thumb/armv7-m/libgcc.a(_arm_addsubsf3.o)
 .debug_info    0x00016333       0xbb /home/laurence/toolchain/lib/gcc/arm-none-eabi/4.7.2/thumb/armv7-m/libgcc.a(_arm_muldivsf3.o)
 .debug_info    0x000163ee       0xbb /home/laurence/toolchain/lib/gcc/arm-none-eabi/4.7.2/thumb/armv7-m/libgcc.a(_arm_cmpsf2.o)
 .debug_info    0x000164a9       0xbb /home/laurence/toolchain/lib/gcc/arm-none-eabi/4.7.2/thumb/armv7-m/libgcc.a(_arm_fixsfsi.o)
 .debug_info    0x00016564       0xbb /home/laurence/toolchain/lib/gcc/arm-none-eabi/4.7.2/thumb/armv7-m/libgcc.a(_arm_fixunssfsi.o)

.debug_abbrev   0x00000000     0x3fc3
 .debug_abbrev  0x00000000      0x16e Sensors/amb_sensors.o
 .debug_abbrev  0x0000016e      0x34c Util/USB/hw_config.o
 .debug_abbrev  0x000004ba      0x176 Util/USB/mass_mal.o
 .debug_abbrev  0x00000630      0x228 Util/USB/memory.o
 .debug_abbrev  0x00000858       0x59 Util/USB/scsi_data.o
 .debug_abbrev  0x000008b1      0x26c Util/USB/usb_bot.o
 .debug_abbrev  0x00000b1d       0x60 Util/USB/usb_desc.o
 .debug_abbrev  0x00000b7d       0x66 Util/USB/usb_endp.o
 .debug_abbrev  0x00000be3      0x16b Util/USB/usb_istr.o
 .debug_abbrev  0x00000d4e      0x34c Util/USB/usb_prop.o
 .debug_abbrev  0x0000109a      0x240 Util/USB/usb_pwr.o
 .debug_abbrev  0x000012da      0x2dc Util/USB/usb_scsi.o
 .debug_abbrev  0x000015b6      0x105 Util/buffer.o
 .debug_abbrev  0x000016bb       0x82 Util/delay.o
 .debug_abbrev  0x0000173d       0xc7 Util/fat_fs/option/ccsbcs.o
 .debug_abbrev  0x00001804       0xdb Util/fat_fs/src/fattime.o
 .debug_abbrev  0x000018df      0x3a1 Util/fat_fs/src/ff.o
 .debug_abbrev  0x00001c80      0x308 Util/fat_fs/src/rtc.o
 .debug_abbrev  0x00001f88      0x411 Util/fat_fs/src/sd_spi_stm32.o
 .debug_abbrev  0x00002399      0x108 Util/filter_1200.o
 .debug_abbrev  0x000024a1      0x106 Util/filter_190.o
 .debug_abbrev  0x000025a7      0x30d Util/rprintf.o
 .debug_abbrev  0x000028b4      0x1a8 Util/wave.o
 .debug_abbrev  0x00002a5c      0x1be adc.o
 .debug_abbrev  0x00002c1a      0x1e9 gpio.o
 .debug_abbrev  0x00002e03      0x2b5 i2c_int.o
 .debug_abbrev  0x000030b8      0x2c5 interrupts.o
 .debug_abbrev  0x0000337d       0x12 lib/CMSIS_CM3/startup/gcc/startup_stm32f10x_md.o
 .debug_abbrev  0x0000338f      0x116 lib/CMSIS_CM3/system_stm32f10x.o
 .debug_abbrev  0x000034a5      0x3f4 main.o
 .debug_abbrev  0x00003899      0x209 pwr.o
 .debug_abbrev  0x00003aa2      0x156 syscalls.o
 .debug_abbrev  0x00003bf8      0x1e9 usart.o
 .debug_abbrev  0x00003de1      0x12e watchdog.o
 .debug_abbrev  0x00003f0f       0x14 /home/laurence/toolchain/lib/gcc/arm-none-eabi/4.7.2/thumb/armv7-m/libgcc.a(_arm_addsubdf3.o)
 .debug_abbrev  0x00003f23       0x14 /home/laurence/toolchain/lib/gcc/arm-none-eabi/4.7.2/thumb/armv7-m/libgcc.a(_arm_muldivdf3.o)
 .debug_abbrev  0x00003f37       0x14 /home/laurence/toolchain/lib/gcc/arm-none-eabi/4.7.2/thumb/armv7-m/libgcc.a(_arm_cmpdf2.o)
 .debug_abbrev  0x00003f4b       0x14 /home/laurence/toolchain/lib/gcc/arm-none-eabi/4.7.2/thumb/armv7-m/libgcc.a(_arm_truncdfsf2.o)
 .debug_abbrev  0x00003f5f       0x14 /home/laurence/toolchain/lib/gcc/arm-none-eabi/4.7.2/thumb/armv7-m/libgcc.a(_arm_addsubsf3.o)
 .debug_abbrev  0x00003f73       0x14 /home/laurence/toolchain/lib/gcc/arm-none-eabi/4.7.2/thumb/armv7-m/libgcc.a(_arm_muldivsf3.o)
 .debug_abbrev  0x00003f87       0x14 /home/laurence/toolchain/lib/gcc/arm-none-eabi/4.7.2/thumb/armv7-m/libgcc.a(_arm_cmpsf2.o)
 .debug_abbrev  0x00003f9b       0x14 /home/laurence/toolchain/lib/gcc/arm-none-eabi/4.7.2/thumb/armv7-m/libgcc.a(_arm_fixsfsi.o)
 .debug_abbrev  0x00003faf       0x14 /home/laurence/toolchain/lib/gcc/arm-none-eabi/4.7.2/thumb/armv7-m/libgcc.a(_arm_fixunssfsi.o)

.debug_loc      0x00000000    0x10765
 .debug_loc     0x00000000      0x202 Sensors/amb_sensors.o
 .debug_loc     0x00000202      0x198 Util/USB/hw_config.o
 .debug_loc     0x0000039a      0x246 Util/USB/mass_mal.o
 .debug_loc     0x000005e0      0x1d7 Util/USB/memory.o
 .debug_loc     0x000007b7      0x2fa Util/USB/usb_bot.o
 .debug_loc     0x00000ab1       0x20 Util/USB/usb_istr.o
 .debug_loc     0x00000ad1      0x1ec Util/USB/usb_prop.o
 .debug_loc     0x00000cbd      0x1b9 Util/USB/usb_pwr.o
 .debug_loc     0x00000e76      0xa33 Util/USB/usb_scsi.o
 .debug_loc     0x000018a9       0xf5 Util/buffer.o
 .debug_loc     0x0000199e       0x61 Util/delay.o
 .debug_loc     0x000019ff      0x122 Util/fat_fs/option/ccsbcs.o
 .debug_loc     0x00001b21       0x51 Util/fat_fs/src/fattime.o
 .debug_loc     0x00001b72     0x964b Util/fat_fs/src/ff.o
 .debug_loc     0x0000b1bd      0x4e2 Util/fat_fs/src/rtc.o
 .debug_loc     0x0000b69f      0xff7 Util/fat_fs/src/sd_spi_stm32.o
 .debug_loc     0x0000c696       0xa7 Util/filter_1200.o
 .debug_loc     0x0000c73d      0x45b Util/filter_190.o
 .debug_loc     0x0000cb98     0x2070 Util/rprintf.o
 .debug_loc     0x0000ec08      0x2d0 Util/wave.o
 .debug_loc     0x0000eed8       0xce adc.o
 .debug_loc     0x0000efa6       0x60 gpio.o
 .debug_loc     0x0000f006      0x3f6 i2c_int.o
 .debug_loc     0x0000f3fc       0xd8 interrupts.o
 .debug_loc     0x0000f4d4       0x82 lib/CMSIS_CM3/system_stm32f10x.o
 .debug_loc     0x0000f556      0xe26 main.o
 .debug_loc     0x0001037c       0xe0 pwr.o
 .debug_loc     0x0001045c      0x168 syscalls.o
 .debug_loc     0x000105c4      0x140 usart.o
 .debug_loc     0x00010704       0x61 watchdog.o

.debug_aranges  0x00000000      0x560
 .debug_aranges
                0x00000000       0x20 Sensors/amb_sensors.o
 .debug_aranges
                0x00000020       0x20 Util/USB/hw_config.o
 .debug_aranges
                0x00000040       0x20 Util/USB/mass_mal.o
 .debug_aranges
                0x00000060       0x20 Util/USB/memory.o
 .debug_aranges
                0x00000080       0x18 Util/USB/scsi_data.o
 .debug_aranges
                0x00000098       0x20 Util/USB/usb_bot.o
 .debug_aranges
                0x000000b8       0x18 Util/USB/usb_desc.o
 .debug_aranges
                0x000000d0       0x20 Util/USB/usb_endp.o
 .debug_aranges
                0x000000f0       0x20 Util/USB/usb_istr.o
 .debug_aranges
                0x00000110       0x20 Util/USB/usb_prop.o
 .debug_aranges
                0x00000130       0x20 Util/USB/usb_pwr.o
 .debug_aranges
                0x00000150       0x20 Util/USB/usb_scsi.o
 .debug_aranges
                0x00000170       0x20 Util/buffer.o
 .debug_aranges
                0x00000190       0x20 Util/delay.o
 .debug_aranges
                0x000001b0       0x20 Util/fat_fs/option/ccsbcs.o
 .debug_aranges
                0x000001d0       0x20 Util/fat_fs/src/fattime.o
 .debug_aranges
                0x000001f0       0x20 Util/fat_fs/src/ff.o
 .debug_aranges
                0x00000210       0x20 Util/fat_fs/src/rtc.o
 .debug_aranges
                0x00000230       0x20 Util/fat_fs/src/sd_spi_stm32.o
 .debug_aranges
                0x00000250       0x20 Util/filter_1200.o
 .debug_aranges
                0x00000270       0x20 Util/filter_190.o
 .debug_aranges
                0x00000290       0x20 Util/rprintf.o
 .debug_aranges
                0x000002b0       0x20 Util/wave.o
 .debug_aranges
                0x000002d0       0x20 adc.o
 .debug_aranges
                0x000002f0       0x20 gpio.o
 .debug_aranges
                0x00000310       0x20 i2c_int.o
 .debug_aranges
                0x00000330       0x20 interrupts.o
 .debug_aranges
                0x00000350       0x28 lib/CMSIS_CM3/startup/gcc/startup_stm32f10x_md.o
 .debug_aranges
                0x00000378       0x20 lib/CMSIS_CM3/system_stm32f10x.o
 .debug_aranges
                0x00000398       0x28 main.o
 .debug_aranges
                0x000003c0       0x20 pwr.o
 .debug_aranges
                0x000003e0       0x20 syscalls.o
 .debug_aranges
                0x00000400       0x20 usart.o
 .debug_aranges
                0x00000420       0x20 watchdog.o
 .debug_aranges
                0x00000440       0x20 /home/laurence/toolchain/lib/gcc/arm-none-eabi/4.7.2/thumb/armv7-m/libgcc.a(_arm_addsubdf3.o)
 .debug_aranges
                0x00000460       0x20 /home/laurence/toolchain/lib/gcc/arm-none-eabi/4.7.2/thumb/armv7-m/libgcc.a(_arm_muldivdf3.o)
 .debug_aranges
                0x00000480       0x20 /home/laurence/toolchain/lib/gcc/arm-none-eabi/4.7.2/thumb/armv7-m/libgcc.a(_arm_cmpdf2.o)
 .debug_aranges
                0x000004a0       0x20 /home/laurence/toolchain/lib/gcc/arm-none-eabi/4.7.2/thumb/armv7-m/libgcc.a(_arm_truncdfsf2.o)
 .debug_aranges
                0x000004c0       0x20 /home/laurence/toolchain/lib/gcc/arm-none-eabi/4.7.2/thumb/armv7-m/libgcc.a(_arm_addsubsf3.o)
 .debug_aranges
                0x000004e0       0x20 /home/laurence/toolchain/lib/gcc/arm-none-eabi/4.7.2/thumb/armv7-m/libgcc.a(_arm_muldivsf3.o)
 .debug_aranges
                0x00000500       0x20 /home/laurence/toolchain/lib/gcc/arm-none-eabi/4.7.2/thumb/armv7-m/libgcc.a(_arm_cmpsf2.o)
 .debug_aranges
                0x00000520       0x20 /home/laurence/toolchain/lib/gcc/arm-none-eabi/4.7.2/thumb/armv7-m/libgcc.a(_arm_fixsfsi.o)
 .debug_aranges
                0x00000540       0x20 /home/laurence/toolchain/lib/gcc/arm-none-eabi/4.7.2/thumb/armv7-m/libgcc.a(_arm_fixunssfsi.o)

.debug_ranges   0x00000000     0x21b8
 .debug_ranges  0x00000000       0x98 Sensors/amb_sensors.o
 .debug_ranges  0x00000098       0x98 Util/USB/hw_config.o
 .debug_ranges  0x00000130       0x70 Util/USB/usb_bot.o
 .debug_ranges  0x000001a0       0x18 Util/USB/usb_prop.o
 .debug_ranges  0x000001b8       0x30 Util/USB/usb_pwr.o
 .debug_ranges  0x000001e8      0x1e0 Util/USB/usb_scsi.o
 .debug_ranges  0x000003c8      0xf10 Util/fat_fs/src/ff.o
 .debug_ranges  0x000012d8       0xd0 Util/fat_fs/src/rtc.o
 .debug_ranges  0x000013a8      0x318 Util/fat_fs/src/sd_spi_stm32.o
 .debug_ranges  0x000016c0      0x700 Util/rprintf.o
 .debug_ranges  0x00001dc0       0x18 Util/wave.o
 .debug_ranges  0x00001dd8       0xc8 i2c_int.o
 .debug_ranges  0x00001ea0       0x38 interrupts.o
 .debug_ranges  0x00001ed8       0x20 lib/CMSIS_CM3/startup/gcc/startup_stm32f10x_md.o
 .debug_ranges  0x00001ef8       0x48 lib/CMSIS_CM3/system_stm32f10x.o
 .debug_ranges  0x00001f40      0x238 main.o
 .debug_ranges  0x00002178       0x40 usart.o

.debug_macro    0x00000000    0x10d6e
 .debug_macro   0x00000000      0x247 Sensors/amb_sensors.o
 .debug_macro   0x00000247      0x820 Sensors/amb_sensors.o
 .debug_macro   0x00000a67       0x46 Sensors/amb_sensors.o
 .debug_macro   0x00000aad       0x22 Sensors/amb_sensors.o
 .debug_macro   0x00000acf      0x214 Sensors/amb_sensors.o
 .debug_macro   0x00000ce3       0xb9 Sensors/amb_sensors.o
 .debug_macro   0x00000d9c     0x7bdb Sensors/amb_sensors.o
 .debug_macro   0x00008977      0x2d0 Sensors/amb_sensors.o
 .debug_macro   0x00008c47      0x144 Sensors/amb_sensors.o
 .debug_macro   0x00008d8b       0x76 Sensors/amb_sensors.o
 .debug_macro   0x00008e01      0x3ad Sensors/amb_sensors.o
 .debug_macro   0x000091ae       0x9a Sensors/amb_sensors.o
 .debug_macro   0x00009248      0x249 Sensors/amb_sensors.o
 .debug_macro   0x00009491      0x295 Sensors/amb_sensors.o
 .debug_macro   0x00009726       0x64 Sensors/amb_sensors.o
 .debug_macro   0x0000978a       0x82 Sensors/amb_sensors.o
 .debug_macro   0x0000980c      0x39c Sensors/amb_sensors.o
 .debug_macro   0x00009ba8       0x58 Sensors/amb_sensors.o
 .debug_macro   0x00009c00      0x2bc Sensors/amb_sensors.o
 .debug_macro   0x00009ebc      0x654 Sensors/amb_sensors.o
 .debug_macro   0x0000a510      0x21f Sensors/amb_sensors.o
 .debug_macro   0x0000a72f       0x34 Sensors/amb_sensors.o
 .debug_macro   0x0000a763       0x8a Sensors/amb_sensors.o
 .debug_macro   0x0000a7ed       0x35 Sensors/amb_sensors.o
 .debug_macro   0x0000a822       0x34 Sensors/amb_sensors.o
 .debug_macro   0x0000a856       0x35 Sensors/amb_sensors.o
 .debug_macro   0x0000a88b       0x95 Sensors/amb_sensors.o
 .debug_macro   0x0000a920       0x10 Sensors/amb_sensors.o
 .debug_macro   0x0000a930       0x89 Sensors/amb_sensors.o
 .debug_macro   0x0000a9b9       0x10 Sensors/amb_sensors.o
 .debug_macro   0x0000a9c9       0x3a Sensors/amb_sensors.o
 .debug_macro   0x0000aa03       0x52 Sensors/amb_sensors.o
 .debug_macro   0x0000aa55       0x19 Sensors/amb_sensors.o
 .debug_macro   0x0000aa6e      0x189 Sensors/amb_sensors.o
 .debug_macro   0x0000abf7       0x10 Sensors/amb_sensors.o
 .debug_macro   0x0000ac07       0xf5 Sensors/amb_sensors.o
 .debug_macro   0x0000acfc       0x22 Sensors/amb_sensors.o
 .debug_macro   0x0000ad1e       0x91 Sensors/amb_sensors.o
 .debug_macro   0x0000adaf       0x16 Sensors/amb_sensors.o
 .debug_macro   0x0000adc5      0x158 Sensors/amb_sensors.o
 .debug_macro   0x0000af1d       0x7c Sensors/amb_sensors.o
 .debug_macro   0x0000af99       0x1c Sensors/amb_sensors.o
 .debug_macro   0x0000afb5       0x22 Sensors/amb_sensors.o
 .debug_macro   0x0000afd7       0x16 Sensors/amb_sensors.o
 .debug_macro   0x0000afed       0x10 Sensors/amb_sensors.o
 .debug_macro   0x0000affd       0xf4 Sensors/amb_sensors.o
 .debug_macro   0x0000b0f1       0x91 Sensors/amb_sensors.o
 .debug_macro   0x0000b182       0xe7 Sensors/amb_sensors.o
 .debug_macro   0x0000b269       0x28 Sensors/amb_sensors.o
 .debug_macro   0x0000b291      0x37b Util/USB/hw_config.o
 .debug_macro   0x0000b60c       0x1c Util/USB/hw_config.o
 .debug_macro   0x0000b628       0x16 Util/USB/hw_config.o
 .debug_macro   0x0000b63e       0xac Util/USB/hw_config.o
 .debug_macro   0x0000b6ea       0xee Util/USB/hw_config.o
 .debug_macro   0x0000b7d8       0x3a Util/USB/hw_config.o
 .debug_macro   0x0000b812       0x7c Util/USB/hw_config.o
 .debug_macro   0x0000b88e      0x44c Util/USB/hw_config.o
 .debug_macro   0x0000bcda       0x28 Util/USB/hw_config.o
 .debug_macro   0x0000bd02       0x5e Util/USB/hw_config.o
 .debug_macro   0x0000bd60       0x10 Util/USB/hw_config.o
 .debug_macro   0x0000bd70       0x35 Util/USB/hw_config.o
 .debug_macro   0x0000bda5       0x1c Util/USB/hw_config.o
 .debug_macro   0x0000bdc1       0x16 Util/USB/hw_config.o
 .debug_macro   0x0000bdd7       0x22 Util/USB/hw_config.o
 .debug_macro   0x0000bdf9       0x34 Util/USB/hw_config.o
 .debug_macro   0x0000be2d      0x389 Util/USB/mass_mal.o
 .debug_macro   0x0000c1b6       0x10 Util/USB/mass_mal.o
 .debug_macro   0x0000c1c6      0x100 Util/USB/mass_mal.o
 .debug_macro   0x0000c2c6       0x16 Util/USB/mass_mal.o
 .debug_macro   0x0000c2dc       0x29 Util/USB/mass_mal.o
 .debug_macro   0x0000c305       0x16 Util/USB/mass_mal.o
 .debug_macro   0x0000c31b       0x16 Util/USB/mass_mal.o
 .debug_macro   0x0000c331       0x12 Util/USB/mass_mal.o
 .debug_macro   0x0000c343       0x85 Util/USB/mass_mal.o
 .debug_macro   0x0000c3c8      0x38a Util/USB/memory.o
 .debug_macro   0x0000c752       0x10 Util/USB/memory.o
 .debug_macro   0x0000c762      0x19c Util/USB/memory.o
 .debug_macro   0x0000c8fe       0x76 Util/USB/memory.o
 .debug_macro   0x0000c974       0x10 Util/USB/memory.o
 .debug_macro   0x0000c984      0x12d Util/USB/scsi_data.o
 .debug_macro   0x0000cab1       0x16 Util/USB/scsi_data.o
 .debug_macro   0x0000cac7      0x19c Util/USB/usb_bot.o
 .debug_macro   0x0000cc63      0x10b Util/USB/usb_desc.o
 .debug_macro   0x0000cd6e       0x2e Util/USB/usb_desc.o
 .debug_macro   0x0000cd9c      0x179 Util/USB/usb_endp.o
 .debug_macro   0x0000cf15      0x18e Util/USB/usb_istr.o
 .debug_macro   0x0000d0a3      0x383 Util/USB/usb_prop.o
 .debug_macro   0x0000d426       0x40 Util/USB/usb_prop.o
 .debug_macro   0x0000d466      0x18a Util/USB/usb_pwr.o
 .debug_macro   0x0000d5f0      0x390 Util/USB/usb_scsi.o
 .debug_macro   0x0000d980      0x1bd Util/buffer.o
 .debug_macro   0x0000db3d      0x104 Util/delay.o
 .debug_macro   0x0000dc41       0x3a Util/fat_fs/option/ccsbcs.o
 .debug_macro   0x0000dc7b       0x4f Util/fat_fs/src/fattime.o
 .debug_macro   0x0000dcca       0x22 Util/fat_fs/src/fattime.o
 .debug_macro   0x0000dcec      0x36a Util/fat_fs/src/ff.o
 .debug_macro   0x0000e056       0x58 Util/fat_fs/src/ff.o
 .debug_macro   0x0000e0ae      0x116 Util/fat_fs/src/rtc.o
 .debug_macro   0x0000e1c4       0xd7 Util/fat_fs/src/rtc.o
 .debug_macro   0x0000e29b      0x4b2 Util/fat_fs/src/sd_spi_stm32.o
 .debug_macro   0x0000e74d       0x1a Util/filter_1200.o
 .debug_macro   0x0000e767       0x1a Util/filter_190.o
 .debug_macro   0x0000e781       0x16 Util/filter_190.o
 .debug_macro   0x0000e797      0x272 Util/rprintf.o
 .debug_macro   0x0000ea09       0x64 Util/rprintf.o
 .debug_macro   0x0000ea6d       0x4a Util/wave.o
 .debug_macro   0x0000eab7      0x358 adc.o
 .debug_macro   0x0000ee0f       0xbe adc.o
 .debug_macro   0x0000eecd      0x27d gpio.o
 .debug_macro   0x0000f14a       0x22 gpio.o
 .debug_macro   0x0000f16c      0x254 i2c_int.o
 .debug_macro   0x0000f3c0      0x34f interrupts.o
 .debug_macro   0x0000f70f      0x102 lib/CMSIS_CM3/system_stm32f10x.o
 .debug_macro   0x0000f811      0x3a5 main.o
 .debug_macro   0x0000fbb6      0x1da main.o
 .debug_macro   0x0000fd90       0x10 main.o
 .debug_macro   0x0000fda0      0x270 pwr.o
 .debug_macro   0x00010010      0x178 syscalls.o
 .debug_macro   0x00010188       0x10 syscalls.o
 .debug_macro   0x00010198      0x239 syscalls.o
 .debug_macro   0x000103d1       0x10 syscalls.o
 .debug_macro   0x000103e1       0x16 syscalls.o
 .debug_macro   0x000103f7       0x34 syscalls.o
 .debug_macro   0x0001042b      0x120 syscalls.o
 .debug_macro   0x0001054b       0x22 syscalls.o
 .debug_macro   0x0001056d       0x16 syscalls.o
 .debug_macro   0x00010583      0x495 syscalls.o
 .debug_macro   0x00010a18      0x250 usart.o