Archive member included because of file (symbol)

lib/STM32F10x_StdPeriph_Driver/libstm32fw.a(misc.o)
                              interrupts.o (NVIC_PriorityGroupConfig)
lib/STM32F10x_StdPeriph_Driver/libstm32fw.a(stm32f10x_adc.o)
                              adc.o (ADC_DeInit)
lib/STM32F10x_StdPeriph_Driver/libstm32fw.a(stm32f10x_bkp.o)
                              Util/fat_fs/src/rtc.o (BKP_DeInit)
lib/STM32F10x_StdPeriph_Driver/libstm32fw.a(stm32f10x_dbgmcu.o)
                              main.o (DBGMCU_Config)
lib/STM32F10x_StdPeriph_Driver/libstm32fw.a(stm32f10x_dma.o)
                              Util/fat_fs/src/sd_spi_stm32.o (DMA_DeInit)
lib/STM32F10x_StdPeriph_Driver/libstm32fw.a(stm32f10x_exti.o)
                              interrupts.o (EXTI_DeInit)
lib/STM32F10x_StdPeriph_Driver/libstm32fw.a(stm32f10x_gpio.o)
                              Util/fat_fs/src/sd_spi_stm32.o (GPIO_Init)
lib/STM32F10x_StdPeriph_Driver/libstm32fw.a(stm32f10x_i2c.o)
                              i2c_int.o (I2C_DeInit)
lib/STM32F10x_StdPeriph_Driver/libstm32fw.a(stm32f10x_iwdg.o)
                              watchdog.o (IWDG_WriteAccessCmd)
lib/STM32F10x_StdPeriph_Driver/libstm32fw.a(stm32f10x_pwr.o)
                              pwr.o (PWR_DeInit)
lib/STM32F10x_StdPeriph_Driver/libstm32fw.a(stm32f10x_rcc.o)
                              interrupts.o (RCC_HCLKConfig)
lib/STM32F10x_StdPeriph_Driver/libstm32fw.a(stm32f10x_rtc.o)
                              Util/fat_fs/src/rtc.o (RTC_GetCounter)
lib/STM32F10x_StdPeriph_Driver/libstm32fw.a(stm32f10x_spi.o)
                              Util/fat_fs/src/sd_spi_stm32.o (SPI_I2S_DeInit)
lib/STM32F10x_StdPeriph_Driver/libstm32fw.a(stm32f10x_usart.o)
                              usart.o (USART_Init)
lib/STM32_USB-FS-Device_Driver/libstm32usb.a(usb_core.o)
                              Util/USB/usb_prop.o (Standard_GetDescriptorData)
lib/STM32_USB-FS-Device_Driver/libstm32usb.a(usb_init.o)
                              main.o (USB_Init)
lib/STM32_USB-FS-Device_Driver/libstm32usb.a(usb_int.o)
                              Util/USB/usb_istr.o (CTR_LP)
lib/STM32_USB-FS-Device_Driver/libstm32usb.a(usb_mem.o)
                              lib/STM32_USB-FS-Device_Driver/libstm32usb.a(usb_core.o) (UserToPMABufferCopy)
lib/STM32_USB-FS-Device_Driver/libstm32usb.a(usb_regs.o)
                              Util/USB/usb_prop.o (SetBTABLE)
lib/STM32_USB-FS-Device_Driver/libstm32usb.a(usb_sil.o)
                              Util/USB/usb_prop.o (USB_SIL_Init)
/home/laurence/ARM-GCC/gcc-arm-none-eabi-4_7-2012q4/bin/../lib/gcc/arm-none-eabi/4.7.3/armv7-m/libgcc.a(_arm_addsubdf3.o)
                              interrupts.o (__aeabi_f2d)
/home/laurence/ARM-GCC/gcc-arm-none-eabi-4_7-2012q4/bin/../lib/gcc/arm-none-eabi/4.7.3/armv7-m/libgcc.a(_arm_muldivdf3.o)
                              interrupts.o (__aeabi_ddiv)
/home/laurence/ARM-GCC/gcc-arm-none-eabi-4_7-2012q4/bin/../lib/gcc/arm-none-eabi/4.7.3/armv7-m/libgcc.a(_arm_cmpdf2.o)
                              main.o (__aeabi_dcmpgt)
/home/laurence/ARM-GCC/gcc-arm-none-eabi-4_7-2012q4/bin/../lib/gcc/arm-none-eabi/4.7.3/armv7-m/libgcc.a(_arm_truncdfsf2.o)
                              Util/rprintf.o (__aeabi_d2f)
/home/laurence/ARM-GCC/gcc-arm-none-eabi-4_7-2012q4/bin/../lib/gcc/arm-none-eabi/4.7.3/armv7-m/libgcc.a(_arm_addsubsf3.o)
                              Sensors/temperature.o (__aeabi_fsub)
/home/laurence/ARM-GCC/gcc-arm-none-eabi-4_7-2012q4/bin/../lib/gcc/arm-none-eabi/4.7.3/armv7-m/libgcc.a(_arm_muldivsf3.o)
                              Sensors/temperature.o (__aeabi_fmul)
/home/laurence/ARM-GCC/gcc-arm-none-eabi-4_7-2012q4/bin/../lib/gcc/arm-none-eabi/4.7.3/armv7-m/libgcc.a(_arm_cmpsf2.o)
                              Util/rprintf.o (__aeabi_fcmpeq)
/home/laurence/ARM-GCC/gcc-arm-none-eabi-4_7-2012q4/bin/../lib/gcc/arm-none-eabi/4.7.3/armv7-m/libgcc.a(_arm_fixsfsi.o)
                              main.o (__aeabi_f2iz)
/home/laurence/ARM-GCC/gcc-arm-none-eabi-4_7-2012q4/bin/../lib/gcc/arm-none-eabi/4.7.3/armv7-m/libgcc.a(_arm_fixunssfsi.o)
                              Util/rprintf.o (__aeabi_f2uiz)
/home/laurence/ARM-GCC/gcc-arm-none-eabi-4_7-2012q4/bin/../lib/gcc/arm-none-eabi/4.7.3/../../../../arm-none-eabi/lib/armv7-m/libc.a(lib_a-__atexit.o)
                              /home/laurence/ARM-GCC/gcc-arm-none-eabi-4_7-2012q4/bin/../lib/gcc/arm-none-eabi/4.7.3/../../../../arm-none-eabi/lib/armv7-m/crt0.o (__register_exitproc)
/home/laurence/ARM-GCC/gcc-arm-none-eabi-4_7-2012q4/bin/../lib/gcc/arm-none-eabi/4.7.3/../../../../arm-none-eabi/lib/armv7-m/libc.a(lib_a-exit.o)
                              /home/laurence/ARM-GCC/gcc-arm-none-eabi-4_7-2012q4/bin/../lib/gcc/arm-none-eabi/4.7.3/../../../../arm-none-eabi/lib/armv7-m/crt0.o (exit)
/home/laurence/ARM-GCC/gcc-arm-none-eabi-4_7-2012q4/bin/../lib/gcc/arm-none-eabi/4.7.3/../../../../arm-none-eabi/lib/armv7-m/libc.a(lib_a-fini.o)
[...]
Memory Configuration

Name             Origin             Length             Attributes
RAM              0x20000000         0x00005000         xrw
FLASH            0x08000000         0x00020000         xr
*default*        0x00000000         0xffffffff

Linker script and memory map

LOAD /home/laurence/ARM-GCC/gcc-arm-none-eabi-4_7-2012q4/bin/../lib/gcc/arm-none-eabi/4.7.3/armv7-m/crti.o
LOAD /home/laurence/ARM-GCC/gcc-arm-none-eabi-4_7-2012q4/bin/../lib/gcc/arm-none-eabi/4.7.3/armv7-m/crtbegin.o
LOAD /home/laurence/ARM-GCC/gcc-arm-none-eabi-4_7-2012q4/bin/../lib/gcc/arm-none-eabi/4.7.3/../../../../arm-none-eabi/lib/armv7-m/crt0.o
LOAD Sensors/amb_sensors.o
LOAD Sensors/temperature.o
LOAD Util/USB/hw_config.o
LOAD Util/USB/mass_mal.o
LOAD Util/USB/memory.o
LOAD Util/USB/scsi_data.o
LOAD Util/USB/usb_bot.o
LOAD Util/USB/usb_desc.o
LOAD Util/USB/usb_endp.o
LOAD Util/USB/usb_istr.o
LOAD Util/USB/usb_prop.o
LOAD Util/USB/usb_pwr.o
LOAD Util/USB/usb_scsi.o
LOAD Util/buffer.o
LOAD Util/delay.o
LOAD Util/fat_fs/option/ccsbcs.o
LOAD Util/fat_fs/src/fattime.o
LOAD Util/fat_fs/src/ff.o
LOAD Util/fat_fs/src/rtc.o
LOAD Util/fat_fs/src/sd_spi_stm32.o
LOAD Util/filter_1200.o
LOAD Util/filter_190.o
LOAD Util/rprintf.o
LOAD Util/stm32_eval_spi_sd.o
LOAD Util/wave.o
LOAD adc.o
LOAD gpio.o
LOAD i2c_int.o
LOAD interrupts.o
LOAD lib/CMSIS_CM3/core_cm3.o
LOAD lib/CMSIS_CM3/startup/gcc/startup_stm32f10x_md.o
LOAD lib/CMSIS_CM3/system_stm32f10x.o
LOAD main.o
LOAD pwr.o
LOAD syscalls.o
LOAD usart.o
LOAD watchdog.o
LOAD lib/STM32F10x_StdPeriph_Driver/libstm32fw.a
LOAD lib/STM32_USB-FS-Device_Driver/libstm32usb.a
LOAD /home/laurence/ARM-GCC/gcc-arm-none-eabi-4_7-2012q4/bin/../lib/gcc/arm-none-eabi/4.7.3/../../../../arm-none-eabi/lib/armv7-m/libm.a
START GROUP
LOAD /home/laurence/ARM-GCC/gcc-arm-none-eabi-4_7-2012q4/bin/../lib/gcc/arm-none-eabi/4.7.3/armv7-m/libgcc.a
LOAD /home/laurence/ARM-GCC/gcc-arm-none-eabi-4_7-2012q4/bin/../lib/gcc/arm-none-eabi/4.7.3/../../../../arm-none-eabi/lib/armv7-m/libc.a
END GROUP
LOAD /home/laurence/ARM-GCC/gcc-arm-none-eabi-4_7-2012q4/bin/../lib/gcc/arm-none-eabi/4.7.3/armv7-m/crtend.o
LOAD /home/laurence/ARM-GCC/gcc-arm-none-eabi-4_7-2012q4/bin/../lib/gcc/arm-none-eabi/4.7.3/armv7-m/crtn.o

.text           0x08000000    0x114fc
 *(.isr_vector)
 .isr_vector    0x08000000      0x10c lib/CMSIS_CM3/startup/gcc/startup_stm32f10x_md.o
                0x08000000                g_pfnVectors
 *(.text*)
 .text          0x0800010c       0x54 /home/laurence/ARM-GCC/gcc-arm-none-eabi-4_7-2012q4/bin/../lib/gcc/arm-none-eabi/4.7.3/armv7-m/crtbegin.o
 .text          0x08000160      0x2f4 Sensors/amb_sensors.o
                0x08000160                Allocate_Sensor_Buffers
                0x080002d0                Configure_I2C_Driver
                0x0800033c                Fill_Sample_Buffers
 .text          0x08000454      0x2b4 Util/USB/hw_config.o
                0x08000454                Set_System
                0x0800045c                Set_USBClock
                0x08000474                Enter_LowPowerMode
                0x08000484                Leave_LowPowerMode
                0x080004a4                USB_Interrupts_Config
                0x080004e0                Led_RW_ON
                0x080004f4                Led_RW_OFF
                0x08000508                USB_Configured_LED
                0x0800051c                USB_NotConfigured_LED
                0x08000530                USB_Cable_Config
                0x08000534                Get_SerialNum
                0x08000700                MAL_Config
 .text          0x08000708      0x114 Util/USB/mass_mal.o
                0x08000708                MAL_Init
                0x08000754                MAL_Write
                0x08000788                MAL_Read
                0x080007b0                MAL_GetStatus
 .text          0x0800081c      0x22c Util/USB/memory.o
                0x0800081c                Read_Memory
                0x08000950                Write_Memory
 .text          0x08000a48      0x5a0 Util/USB/usb_bot.o
                0x08000a74                Mass_Storage_In
                0x08000b00                CBW_Decode
                0x08000e9c                Mass_Storage_Out
                0x08000f30                Transfer_Data_Request
                0x08000f68                Set_CSW
                0x08000fa8                Bot_Abort
 .text          0x08000fe8        0x8 Util/USB/usb_endp.o
                0x08000fe8                EP1_IN_Callback
                0x08000fec                EP2_OUT_Callback
 .text          0x08000ff0      0x108 Util/USB/usb_istr.o
                0x08000ff0                USB_Istr
 .text          0x080010f8      0x26c Util/USB/usb_prop.o
                0x080010f8                Mass_Storage_SetDeviceAddress
                0x08001108                MASS_Status_In
                0x0800110c                MASS_Status_Out
                0x08001110                MASS_Get_Interface_Setting
                0x0800111c                Get_Max_Lun
                0x08001134                MASS_GetStringDescriptor
                0x08001154                MASS_GetConfigDescriptor
                0x08001160                MASS_GetDeviceDescriptor
                0x0800116c                Mass_Storage_ClearFeature
                0x08001188                MASS_Reset
                0x08001284                MASS_init
                0x080012ac                MASS_NoData_Setup
                0x080012fc                Mass_Storage_SetConfiguration
                0x0800132c                MASS_Data_Setup
 .text          0x08001364      0x1f4 Util/USB/usb_pwr.o
                0x08001364                PowerOn
                0x0800139c                PowerOff
                0x080013c4                Suspend
                0x08001408                Resume_Init
                0x08001448                Resume
 .text          0x08001558      0x45c Util/USB/usb_scsi.o
                0x08001558                SCSI_Inquiry_Cmd
                0x08001590                SCSI_ReadFormatCapacity_Cmd
                0x08001604                SCSI_ReadCapacity10_Cmd
                0x08001680                SCSI_ModeSense6_Cmd
                0x08001690                SCSI_ModeSense10_Cmd
                0x080016a0                SCSI_RequestSense_Cmd
                0x080016bc                Set_Scsi_Sense_Data
                0x080016cc                SCSI_Start_Stop_Unit_Cmd
                0x080016d4                SCSI_Read10_Cmd
                0x08001784                SCSI_Write10_Cmd
                0x08001830                SCSI_Verify10_Cmd
                0x08001870                SCSI_Valid_Cmd
                0x080018a8                SCSI_TestUnitReady_Cmd
                0x080018dc                SCSI_Format_Cmd
                0x080018f4                SCSI_Invalid_Cmd
                0x08001930                SCSI_Address_Management
 .text          0x080019b4       0x84 Util/buffer.o
                0x080019b4                Add_To_Buffer
                0x080019e8                Get_From_Buffer
                0x08001a1c                Empty_Buffer
                0x08001a24                init_buffer
 .text          0x08001a38       0x38 Util/delay.o
                0x08001a38                Delay
 .text          0x08001a70       0x80 Util/fat_fs/option/ccsbcs.o
                0x08001a70                ff_convert
                0x08001ac0                ff_wtoupper
 .text          0x08001af0       0x44 Util/fat_fs/src/fattime.o
                0x08001af0                get_fattime
 .text          0x08001b34     0x4f60 Util/fat_fs/src/ff.o
                0x0800457c                clust2sect
                0x08004594                get_fat
                0x080045a8                put_fat
                0x080045c4                gen_numname
                0x0800472c                f_mount
                0x0800474c                f_open
                0x080049b0                f_read
                0x08004cc8                f_write
                0x0800504c                f_sync
                0x080051a4                f_close
                0x080051b4                f_chdrive
                0x080051c8                f_chdir
                0x08005230                f_lseek
                0x080053ec                f_opendir
                0x08005458                f_readdir
                0x080054cc                f_stat
                0x08005514                f_getfree
                0x08005714                f_truncate
                0x080058a0                f_unlink
                0x080059c4                f_mkdir
                0x08005da8                f_chmod
                0x08005e0c                f_utime
                0x08005e74                f_rename
                0x08006070                f_gets
                0x08006104                f_putc
                0x0800612c                f_puts
                0x08006168                f_printf
 .text          0x08006a94      0x384 Util/fat_fs/src/rtc.o
                0x08006b84                rtc_gettime
                0x08006c0c                my_RTC_SetCounter
                0x08006c30                rtc_settime
                0x08006d6c                rtc_init
 .text          0x08006e18     0x10e8 Util/fat_fs/src/sd_spi_stm32.o
                0x08007340                release_spi
                0x08007384                wrapup_transaction
                0x080073b4                stop_cmd
                0x080073bc                rcvr_datablock
                0x08007488                disk_initialize
                0x0800766c                disk_status
                0x0800767c                disk_read
                0x080077e4                disk_write
                0x08007a44                disk_ioctl
                0x08007ec4                disk_timerproc
 .text          0x08007f00       0xb0 Util/filter_1200.o
                0x08007f00                SampleFilter_init_1200
                0x08007f1c                SampleFilter_put_1200
                0x08007f38                SampleFilter_get_1200
 .text          0x08007fb0      0x25c Util/filter_190.o
                0x08007fb0                SampleFilter_init_190
                0x08007fd8                SampleFilter_put_190
                0x08007ff0                SampleFilter_get_190
 .text          0x0800820c      0xffc Util/rprintf.o
                0x0800820c                rprintfInit
                0x08008218                rprintfChar
                0x08008238                rprintfStr
                0x08008264                rprintfStrLen
                0x08008364                rprintfCRLF
                0x0800837c                rprintfu04
                0x080083a0                rprintfu08
                0x080083e0                rprintfu16
                0x08008458                rprintfu32
                0x08008544                rprintfNum
                0x080086d4                rprintfFloat
                0x08008a68                rprintf2RamRom
                0x080091b8                Isdigit
                0x080091c4                atoiRamRom
                0x080091f8                rStrLen
 .text          0x08009208      0x294 Util/wave.o
                0x08009208                write_wave_header
                0x080092f0                write_wave_samples
                0x0800941c                wave_terminate
 .text          0x0800949c      0x1bc adc.o
                0x0800949c                ADC_Configuration
                0x080095a8                readADC2
                0x080095fc                setADC2
                0x08009620                getADC2
 .text          0x08009658      0x218 gpio.o
                0x08009658                setup_gpio
                0x080097dc                switch_leds_on
                0x08009804                switch_leds_off
                0x0800982c                red_flash
                0x08009860                get_wkup
 .text          0x08009870      0xba0 i2c_int.o
                0x08009870                I2C1_EV_IRQHandler
                0x0800a084                I2C1_Request_Job
                0x0800a120                I2C1_Setup_Job
                0x0800a134                I2C_Config
                0x0800a2e8                I2C1_ER_IRQHandler
 .text          0x0800a410      0x368 interrupts.o
                0x0800a410                ISR_Config
                0x0800a470                EXTI_ONOFF_EN
                0x0800a4c8                SysTick_Configuration
                0x0800a500                EXTI0_IRQHandler
                0x0800a57c                ADC1_2_IRQHandler
                0x0800a5f0                SysTick_Handler
                0x0800a76c                USB_HP_CAN1_TX_IRQHandler
                0x0800a770                USB_LP_CAN1_RX0_IRQHandler
 .text.Reset_Handler
                0x0800a778       0x48 lib/CMSIS_CM3/startup/gcc/startup_stm32f10x_md.o
                0x0800a778                Reset_Handler
 .text.Default_Handler
                0x0800a7c0        0x4 lib/CMSIS_CM3/startup/gcc/startup_stm32f10x_md.o
                0x0800a7c0                EXTI2_IRQHandler
                0x0800a7c0                DebugMon_Handler
                0x0800a7c0                TIM1_CC_IRQHandler
                0x0800a7c0                HardFault_Handler
                0x0800a7c0                PVD_IRQHandler
                0x0800a7c0                PendSV_Handler
                0x0800a7c0                NMI_Handler
                0x0800a7c0                EXTI3_IRQHandler
                0x0800a7c0                I2C2_EV_IRQHandler
                0x0800a7c0                UsageFault_Handler
                0x0800a7c0                SPI1_IRQHandler
                0x0800a7c0                TAMPER_IRQHandler
                0x0800a7c0                DMA1_Channel4_IRQHandler
                0x0800a7c0                USART3_IRQHandler
                0x0800a7c0                RTC_IRQHandler
                0x0800a7c0                DMA1_Channel7_IRQHandler
                0x0800a7c0                CAN1_RX1_IRQHandler
                0x0800a7c0                TIM4_IRQHandler
                0x0800a7c0                DMA1_Channel6_IRQHandler
                0x0800a7c0                TIM3_IRQHandler
                0x0800a7c0                RCC_IRQHandler
                0x0800a7c0                TIM1_TRG_COM_IRQHandler
                0x0800a7c0                DMA1_Channel1_IRQHandler
                0x0800a7c0                Default_Handler
                0x0800a7c0                EXTI15_10_IRQHandler
                0x0800a7c0                EXTI9_5_IRQHandler
                0x0800a7c0                SPI2_IRQHandler
                0x0800a7c0                MemManage_Handler
                0x0800a7c0                SVC_Handler
                0x0800a7c0                DMA1_Channel5_IRQHandler
                0x0800a7c0                EXTI4_IRQHandler
                0x0800a7c0                DMA1_Channel3_IRQHandler
                0x0800a7c0                TIM1_UP_IRQHandler
                0x0800a7c0                WWDG_IRQHandler
                0x0800a7c0                TIM2_IRQHandler
                0x0800a7c0                TIM1_BRK_IRQHandler
                0x0800a7c0                EXTI1_IRQHandler
                0x0800a7c0                RTCAlarm_IRQHandler
                0x0800a7c0                USART2_IRQHandler
                0x0800a7c0                I2C2_ER_IRQHandler
                0x0800a7c0                DMA1_Channel2_IRQHandler
                0x0800a7c0                CAN1_SCE_IRQHandler
                0x0800a7c0                FLASH_IRQHandler
                0x0800a7c0                BusFault_Handler
                0x0800a7c0                USART1_IRQHandler
                0x0800a7c0                USBWakeUp_IRQHandler
 .text          0x0800a7c4      0x114 lib/CMSIS_CM3/system_stm32f10x.o
                0x0800a7c4                SystemInit
 .text          0x0800a8d8      0x1f4 main.o
                0x0800a8d8                __str_print_char
                0x0800a908                __fat_print_char
                0x0800aa54                file_preallocation_control
                0x0800aa90                detect_sensors
 *fill*         0x0800aacc        0x4 00
 .text.startup  0x0800aad0     0x1380 main.o
                0x0800aad0                main
 .text          0x0800be50       0xcc pwr.o
                0x0800be50                setuppwr
                0x0800be64                shutdown
                0x0800be74                disable_pin
                0x0800be7c                shutdown_filesystem
 .text          0x0800bf1c       0x94 syscalls.o
                0x0800bf1c                _sbrk
                0x0800bf54                _getpid
                0x0800bf58                _kill
                0x0800bf6c                _exit
                0x0800bf70                _close
                0x0800bf78                _open
                0x0800bf80                _fstat
                0x0800bf8c                _isatty
                0x0800bf90                _lseek
                0x0800bf94                _read
                0x0800bf98                _write
                0x0800bf9c                _gettimeofday
 .text          0x0800bfb0      0x124 usart.o
                0x0800bfb0                Usarts_Init
                0x0800c064                Default_Usart_Config
                0x0800c07c                Usart_Send_Str
                0x0800c0b0                __usart_send_char
 .text          0x0800c0d4       0x40 watchdog.o
                0x0800c0d4                Watchdog_Config
                0x0800c100                Watchdog_Reset_Detect
 .text          0x0800c114       0xc0 lib/STM32F10x_StdPeriph_Driver/libstm32fw.a(misc.o)
                0x0800c114                NVIC_PriorityGroupConfig
                0x0800c128                NVIC_Init
                0x0800c190                NVIC_SetVectorTable
                0x0800c1a4                NVIC_SystemLPConfig
                0x0800c1bc                SysTick_CLKSourceConfig
 .text          0x0800c1d4      0x370 lib/STM32F10x_StdPeriph_Driver/libstm32fw.a(stm32f10x_adc.o)
                0x0800c1d4                ADC_DeInit
                0x0800c230                ADC_Init
                0x0800c278                ADC_StructInit
                0x0800c28a                ADC_Cmd
                0x0800c29c                ADC_DMACmd
                0x0800c2ae                ADC_ITConfig
                0x0800c2c0                ADC_ResetCalibration
                0x0800c2ca                ADC_GetResetCalibrationStatus
                0x0800c2d2                ADC_StartCalibration
                0x0800c2dc                ADC_GetCalibrationStatus
                0x0800c2e4                ADC_SoftwareStartConvCmd
                0x0800c2f6                ADC_GetSoftwareStartConvStatus
                0x0800c2fe                ADC_DiscModeChannelCountConfig
                0x0800c30e                ADC_DiscModeCmd
                0x0800c320                ADC_RegularChannelConfig
                0x0800c3ba                ADC_ExternalTrigConvCmd
                0x0800c3cc                ADC_GetConversionValue
                0x0800c3d2                ADC_GetDualModeConversionValue
                0x0800c3dc                ADC_AutoInjectedConvCmd
                0x0800c3ee                ADC_InjectedDiscModeCmd
                0x0800c400                ADC_ExternalTrigInjectedConvConfig
                0x0800c40c                ADC_ExternalTrigInjectedConvCmd
                0x0800c41e                ADC_SoftwareStartInjectedConvCmd
                0x0800c430                ADC_GetSoftwareStartInjectedConvCmdStatus
                0x0800c438                ADC_InjectedChannelConfig
                0x0800c498                ADC_InjectedSequencerLengthConfig
                0x0800c4a8                ADC_SetInjectedOffset
                0x0800c4be                ADC_GetInjectedConversionValue
                0x0800c4d8                ADC_AnalogWatchdogCmd
                0x0800c4e8                ADC_AnalogWatchdogThresholdsConfig
                0x0800c4ee                ADC_AnalogWatchdogSingleChannelConfig
                0x0800c4fa                ADC_TempSensorVrefintCmd
                0x0800c514                ADC_GetFlagStatus
                0x0800c520                ADC_ClearFlag
                0x0800c526                ADC_GetITStatus
                0x0800c53c                ADC_ClearITPendingBit
 .text          0x0800c544       0xe0 lib/STM32F10x_StdPeriph_Driver/libstm32fw.a(stm32f10x_bkp.o)
                0x0800c544                BKP_DeInit
                0x0800c556                BKP_TamperPinLevelConfig
                0x0800c560                BKP_TamperPinCmd
                0x0800c56c                BKP_ITConfig
                0x0800c578                BKP_RTCOutputConfig
                0x0800c590                BKP_SetRTCCalibrationValue
                0x0800c5a8                BKP_WriteBackupRegister
                0x0800c5c4                BKP_ReadBackupRegister
                0x0800c5e4                BKP_GetFlagStatus
                0x0800c5f0                BKP_ClearFlag
                0x0800c604                BKP_GetITStatus
                0x0800c610                BKP_ClearITPendingBit
 .text          0x0800c624       0x34 lib/STM32F10x_StdPeriph_Driver/libstm32fw.a(stm32f10x_dbgmcu.o)
                0x0800c624                DBGMCU_GetREVID
                0x0800c630                DBGMCU_GetDEVID
                0x0800c640                DBGMCU_Config
 .text          0x0800c658      0x1d0 lib/STM32F10x_StdPeriph_Driver/libstm32fw.a(stm32f10x_dma.o)
                0x0800c658                DMA_DeInit
                0x0800c744                DMA_Init
                0x0800c784                DMA_StructInit
                0x0800c79e                DMA_Cmd
                0x0800c7b0                DMA_ITConfig
                0x0800c7c0                DMA_GetCurrDataCounter
                0x0800c7c6                DMA_GetFlagStatus
                0x0800c7e4                DMA_ClearFlag
                0x0800c7f8                DMA_GetITStatus
                0x0800c814                DMA_ClearITPendingBit
 .text          0x0800c828      0x10c lib/STM32F10x_StdPeriph_Driver/libstm32fw.a(stm32f10x_exti.o)
                0x0800c828                EXTI_DeInit
                0x0800c844                EXTI_Init
                0x0800c8cc                EXTI_StructInit
                0x0800c8da                EXTI_GenerateSWInterrupt
                0x0800c8e8                EXTI_GetFlagStatus
                0x0800c8fc                EXTI_ClearFlag
                0x0800c908                EXTI_GetITStatus
                0x0800c928                EXTI_ClearITPendingBit
 .text          0x0800c934      0x278 lib/STM32F10x_StdPeriph_Driver/libstm32fw.a(stm32f10x_gpio.o)
                0x0800c934                GPIO_DeInit
                0x0800c9e0                GPIO_AFIODeInit
                0x0800c9f6                GPIO_Init
                0x0800ca90                GPIO_StructInit
                0x0800caa0                GPIO_ReadInputDataBit
                0x0800caac                GPIO_ReadInputData
                0x0800cab2                GPIO_ReadOutputDataBit
                0x0800cabe                GPIO_ReadOutputData
                0x0800cac4                GPIO_SetBits
                0x0800cac8                GPIO_ResetBits
                0x0800cacc                GPIO_WriteBit
                0x0800cad6                GPIO_Write
                0x0800cada                GPIO_PinLockConfig
                0x0800caea                GPIO_EventOutputConfig
                0x0800cb08                GPIO_EventOutputCmd
                0x0800cb14                GPIO_PinRemapConfig
                0x0800cb6c                GPIO_EXTILineConfig
                0x0800cba0                GPIO_ETH_MediaInterfaceConfig
 .text          0x0800cbac      0x398 lib/STM32F10x_StdPeriph_Driver/libstm32fw.a(stm32f10x_i2c.o)
                0x0800cbac                I2C_DeInit
                0x0800cbe0                I2C_Init
                0x0800ccb4                I2C_StructInit
                0x0800ccd0                I2C_Cmd
                0x0800cce8                I2C_DMACmd
                0x0800cd00                I2C_DMALastTransferCmd
                0x0800cd18                I2C_GenerateSTART
                0x0800cd30                I2C_GenerateSTOP
                0x0800cd48                I2C_AcknowledgeConfig
                0x0800cd60                I2C_OwnAddress2Config
                0x0800cd74                I2C_DualAddressCmd
                0x0800cd8c                I2C_GeneralCallCmd
                0x0800cda4                I2C_ITConfig
                0x0800cdb6                I2C_SendData
                0x0800cdba                I2C_ReceiveData
                0x0800cdc0                I2C_Send7bitAddress
                0x0800cdd0                I2C_ReadRegister
                0x0800cde8                I2C_SoftwareResetCmd
                0x0800ce00                I2C_SMBusAlertConfig
                0x0800ce1c                I2C_TransmitPEC
                0x0800ce34                I2C_PECPositionConfig
                0x0800ce50                I2C_CalculatePEC
                0x0800ce68                I2C_GetPEC
                0x0800ce70                I2C_ARPCmd
                0x0800ce88                I2C_StretchClockCmd
                0x0800cea0                I2C_FastModeDutyCycleConfig
                0x0800cebc                I2C_GetLastEvent
                0x0800cecc                I2C_CheckEvent
                0x0800cee2                I2C_GetFlagStatus
                0x0800cf16                I2C_ClearFlag
                0x0800cf1e                I2C_GetITStatus
                0x0800cf3c                I2C_ClearITPendingBit
 .text          0x0800cf44       0x58 lib/STM32F10x_StdPeriph_Driver/libstm32fw.a(stm32f10x_iwdg.o)
                0x0800cf44                IWDG_WriteAccessCmd
                0x0800cf50                IWDG_SetPrescaler
                0x0800cf5c                IWDG_SetReload
                0x0800cf68                IWDG_ReloadCounter
                0x0800cf78                IWDG_Enable
                0x0800cf88                IWDG_GetFlagStatus
 .text          0x0800cf9c       0xc8 lib/STM32F10x_StdPeriph_Driver/libstm32fw.a(stm32f10x_pwr.o)
                0x0800cf9c                PWR_DeInit
                0x0800cfb6                PWR_BackupAccessCmd
                0x0800cfc0                PWR_PVDCmd
                0x0800cfcc                PWR_PVDLevelConfig
                0x0800cfe0                PWR_WakeUpPinCmd
                0x0800cfec                PWR_EnterSTOPMode
                0x0800d018                PWR_EnterSTANDBYMode
                0x0800d040                PWR_GetFlagStatus
                0x0800d054                PWR_ClearFlag
 .text          0x0800d064      0x34c lib/STM32F10x_StdPeriph_Driver/libstm32fw.a(stm32f10x_rcc.o)
                0x0800d064                RCC_DeInit
                0x0800d0a4                RCC_HSEConfig
                0x0800d0d8                RCC_AdjustHSICalibrationValue
                0x0800d0ec                RCC_HSICmd
                0x0800d0f8                RCC_PLLConfig
                0x0800d10c                RCC_PLLCmd
                0x0800d118                RCC_SYSCLKConfig
                0x0800d12c                RCC_GetSYSCLKSource
                0x0800d13c                RCC_HCLKConfig
                0x0800d150                RCC_PCLK1Config
                0x0800d164                RCC_PCLK2Config
                0x0800d178                RCC_ITConfig
                0x0800d190                RCC_USBCLKConfig
                0x0800d19c                RCC_ADCCLKConfig
                0x0800d1b0                RCC_LSEConfig
                0x0800d1d0                RCC_LSICmd
                0x0800d1dc                RCC_RTCCLKConfig
                0x0800d1ec                RCC_RTCCLKCmd
                0x0800d1f8                RCC_GetClocksFreq
                0x0800d290                RCC_AHBPeriphClockCmd
                0x0800d2a8                RCC_APB2PeriphClockCmd
                0x0800d2c0                RCC_APB1PeriphClockCmd
                0x0800d2d8                RCC_APB2PeriphResetCmd
                0x0800d2f0                RCC_APB1PeriphResetCmd
                0x0800d308                RCC_BackupResetCmd
                0x0800d314                RCC_ClockSecuritySystemCmd
                0x0800d320                RCC_MCOConfig
                0x0800d32c                RCC_GetFlagStatus
                0x0800d354                RCC_WaitForHSEStartUp
                0x0800d380                RCC_ClearFlag
                0x0800d390                RCC_GetITStatus
                0x0800d3a4                RCC_ClearITPendingBit
 .text          0x0800d3b0      0x164 lib/STM32F10x_StdPeriph_Driver/libstm32fw.a(stm32f10x_rtc.o)
                0x0800d3b0                RTC_ITConfig
                0x0800d3c8                RTC_EnterConfigMode
                0x0800d3dc                RTC_ExitConfigMode
                0x0800d3f0                RTC_GetCounter
                0x0800d404                RTC_SetCounter
                0x0800d424                RTC_SetPrescaler
                0x0800d444                RTC_SetAlarm
                0x0800d464                RTC_GetDivider
                0x0800d47c                RTC_WaitForLastTask
                0x0800d490                RTC_WaitForSynchro
                0x0800d4b4                RTC_GetFlagStatus
                0x0800d4c8                RTC_ClearFlag
                0x0800d4dc                RTC_GetITStatus
                0x0800d500                RTC_ClearITPendingBit
 .text          0x0800d514      0x2c8 lib/STM32F10x_StdPeriph_Driver/libstm32fw.a(stm32f10x_spi.o)
                0x0800d514                SPI_I2S_DeInit
                0x0800d578                SPI_Init
                0x0800d5b6                I2S_Init
                0x0800d65a                SPI_StructInit
                0x0800d672                I2S_StructInit
                0x0800d684                SPI_Cmd
                0x0800d69c                I2S_Cmd
                0x0800d6b4                SPI_I2S_ITConfig
                0x0800d6d4                SPI_I2S_DMACmd
                0x0800d6e6                SPI_I2S_SendData
                0x0800d6ea                SPI_I2S_ReceiveData
                0x0800d6f0                SPI_NSSInternalSoftwareConfig
                0x0800d70e                SPI_SSOutputCmd
                0x0800d726                SPI_DataSizeConfig
                0x0800d73c                SPI_TransmitCRC
                0x0800d748                SPI_CalculateCRC
                0x0800d760                SPI_GetCRC
                0x0800d76c                SPI_GetCRCPolynomial
                0x0800d772                SPI_BiDirectionalLineConfig
                0x0800d78e                SPI_I2S_GetFlagStatus
                0x0800d79a                SPI_I2S_ClearFlag
                0x0800d7a2                SPI_I2S_GetITStatus
                0x0800d7ca                SPI_I2S_ClearITPendingBit
 .text          0x0800d7dc      0x34c lib/STM32F10x_StdPeriph_Driver/libstm32fw.a(stm32f10x_usart.o)
                0x0800d7dc                USART_DeInit
                0x0800d874                USART_Init
                0x0800d8fc                USART_StructInit
                0x0800d912                USART_ClockInit
                0x0800d932                USART_ClockStructInit
                0x0800d93e                USART_Cmd
                0x0800d956                USART_ITConfig
                0x0800d98a                USART_DMACmd
                0x0800d99c                USART_SetAddress
                0x0800d9b2                USART_WakeUpConfig
                0x0800d9c8                USART_ReceiverWakeUpCmd
                0x0800d9e0                USART_LINBreakDetectLengthConfig
                0x0800d9f6                USART_LINCmd
                0x0800da0e                USART_SendData
                0x0800da16                USART_ReceiveData
                0x0800da1e                USART_SendBreak
                0x0800da2a                USART_SetGuardTime
                0x0800da3c                USART_SetPrescaler
                0x0800da4e                USART_SmartCardCmd
                0x0800da66                USART_SmartCardNACKCmd
                0x0800da7e                USART_HalfDuplexCmd
                0x0800da96                USART_IrDAConfig
                0x0800daac                USART_IrDACmd
                0x0800dac4                USART_GetFlagStatus
                0x0800dad0                USART_ClearFlag
                0x0800dad8                USART_GetITStatus
                0x0800db18                USART_ClearITPendingBit
 .text          0x0800db28      0x9a0 lib/STM32_USB-FS-Device_Driver/libstm32usb.a(usb_core.o)
                0x0800db28                Standard_GetConfiguration
                0x0800db50                Standard_GetInterface
                0x0800db78                Standard_GetStatus
                0x0800dcc4                Standard_SetConfiguration
                0x0800dd00                Standard_SetInterface
                0x0800dd50                Standard_ClearFeature
                0x0800de38                Standard_SetEndPointFeature
                0x0800ded0                Standard_SetDeviceFeature
                0x0800def8                Standard_GetDescriptorData
                0x0800df14                Post0_Process
                0x0800df58                Out0_Process
                0x0800e03c                Setup0_Process
                0x0800e3bc                SetDeviceAddress
                0x0800e464                In0_Process
                0x0800e4c4                NOP_Process
 .text          0x0800e4c8       0x44 lib/STM32_USB-FS-Device_Driver/libstm32usb.a(usb_init.o)
                0x0800e4c8                USB_Init
 .text          0x0800e50c      0x24c lib/STM32_USB-FS-Device_Driver/libstm32usb.a(usb_int.o)
                0x0800e50c                CTR_LP
                0x0800e6cc                CTR_HP
 .text          0x0800e758       0xc4 lib/STM32_USB-FS-Device_Driver/libstm32usb.a(usb_mem.o)
                0x0800e758                UserToPMABufferCopy
                0x0800e7d0                PMAToUserBufferCopy
 .text          0x0800e81c      0x880 lib/STM32_USB-FS-Device_Driver/libstm32usb.a(usb_regs.o)
                0x0800e81c                SetCNTR
                0x0800e828                GetCNTR
                0x0800e838                SetISTR
                0x0800e844                GetISTR
                0x0800e854                GetFNR
                0x0800e864                SetDADDR
                0x0800e870                GetDADDR
                0x0800e880                SetBTABLE
                0x0800e894                GetBTABLE
                0x0800e8a4                SetENDPOINT
                0x0800e8b4                GetENDPOINT
                0x0800e8c4                SetEPType
                0x0800e8dc                GetEPType
                0x0800e8f0                SetEPTxStatus
                0x0800e930                SetEPRxStatus
                0x0800e970                SetDouBleBuffEPStall
                0x0800e99c                GetEPTxStatus
                0x0800e9b0                GetEPRxStatus
                0x0800e9c4                SetEPTxValid
                0x0800e9e8                SetEPRxValid
                0x0800ea0c                SetEP_KIND
                0x0800ea2c                ClearEP_KIND
                0x0800ea4c                Clear_Status_Out
                0x0800ea6c                Set_Status_Out
                0x0800ea8c                SetEPDoubleBuff
                0x0800eaac                ClearEPDoubleBuff
                0x0800eacc                GetTxStallStatus
                0x0800eae8                GetRxStallStatus
                0x0800eb04                ClearEP_CTR_RX
                0x0800eb1c                ClearEP_CTR_TX
                0x0800eb34                ToggleDTOG_RX
                0x0800eb54                ToggleDTOG_TX
                0x0800eb74                ClearDTOG_RX
                0x0800eb98                ClearDTOG_TX
                0x0800ebbc                SetEPAddress
                0x0800ebdc                GetEPAddress
                0x0800ebf0                SetEPTxAddr
                0x0800ec14                SetEPRxAddr
                0x0800ec3c                GetEPTxAddr
                0x0800ec5c                GetEPRxAddr
                0x0800ec7c                SetEPTxCount
                0x0800ec9c                SetEPCountRxReg
                0x0800ecc4                SetEPRxCount
                0x0800ed08                GetEPTxCount
                0x0800ed2c                GetEPRxCount
                0x0800ed50                SetEPDblBuffAddr
                0x0800ed94                SetEPDblBuf0Addr
                0x0800edb8                SetEPDblBuf1Addr
                0x0800ede0                GetEPDblBuf0Addr
                0x0800ee00                GetEPDblBuf1Addr
                0x0800ee20                SetEPDblBuffCount
                0x0800eed4                SetEPDblBuf0Count
                0x0800ef40                SetEPDblBuf1Count
                0x0800efac                GetEPDblBuf0Count
                0x0800efd0                GetEPDblBuf1Count
                0x0800eff4                GetEPDblBufDir
                0x0800f040                FreeUserBuffer
                0x0800f088                ToWord
                0x0800f090                ByteSwap
 .text          0x0800f09c       0x78 lib/STM32_USB-FS-Device_Driver/libstm32usb.a(usb_sil.o)
                0x0800f09c                USB_SIL_Init
                0x0800f0c8                USB_SIL_Write
                0x0800f0f0                USB_SIL_Read
 .text          0x0800f114      0x370 /home/laurence/ARM-GCC/gcc-arm-none-eabi-4_7-2012q4/bin/../lib/gcc/arm-none-eabi/4.7.3/armv7-m/libgcc.a(_arm_addsubdf3.o)
                0x0800f114                __aeabi_drsub
                0x0800f11c                __aeabi_dsub
                0x0800f11c                __subdf3
                0x0800f120                __adddf3
                0x0800f120                __aeabi_dadd
                0x0800f398                __aeabi_ui2d
                0x0800f398                __floatunsidf
                0x0800f3b8                __floatsidf
                0x0800f3b8                __aeabi_i2d
                0x0800f3dc                __extendsfdf2
                0x0800f3dc                __aeabi_f2d
                0x0800f418                __aeabi_ul2d
                0x0800f418                __floatundidf
                0x0800f428                __floatdidf
                0x0800f428                __aeabi_l2d
 .text          0x0800f484      0x424 /home/laurence/ARM-GCC/gcc-arm-none-eabi-4_7-2012q4/bin/../lib/gcc/arm-none-eabi/4.7.3/armv7-m/libgcc.a(_arm_muldivdf3.o)
                0x0800f484                __aeabi_dmul
                0x0800f484                __muldf3
                0x0800f6d8                __aeabi_ddiv
                0x0800f6d8                __divdf3
 .text          0x0800f8a8      0x110 /home/laurence/ARM-GCC/gcc-arm-none-eabi-4_7-2012q4/bin/../lib/gcc/arm-none-eabi/4.7.3/armv7-m/libgcc.a(_arm_cmpdf2.o)
                0x0800f8a8                __gtdf2
                0x0800f8a8                __gedf2
                0x0800f8b0                __ltdf2
                0x0800f8b0                __ledf2
                0x0800f8b8                __cmpdf2
                0x0800f8b8                __eqdf2
                0x0800f8b8                __nedf2
                0x0800f934                __aeabi_cdrcmple
                0x0800f944                __aeabi_cdcmple
                0x0800f944                __aeabi_cdcmpeq
                0x0800f954                __aeabi_dcmpeq
                0x0800f968                __aeabi_dcmplt
                0x0800f97c                __aeabi_dcmple
                0x0800f990                __aeabi_dcmpge
                0x0800f9a4                __aeabi_dcmpgt
 .text          0x0800f9b8       0xa0 /home/laurence/ARM-GCC/gcc-arm-none-eabi-4_7-2012q4/bin/../lib/gcc/arm-none-eabi/4.7.3/armv7-m/libgcc.a(_arm_truncdfsf2.o)
                0x0800f9b8                __aeabi_d2f
                0x0800f9b8                __truncdfsf2
 .text          0x0800fa58      0x21c /home/laurence/ARM-GCC/gcc-arm-none-eabi-4_7-2012q4/bin/../lib/gcc/arm-none-eabi/4.7.3/armv7-m/libgcc.a(_arm_addsubsf3.o)
                0x0800fa58                __aeabi_frsub
                0x0800fa60                __subsf3
                0x0800fa60                __aeabi_fsub
                0x0800fa64                __aeabi_fadd
                0x0800fa64                __addsf3
                0x0800fbc4                __aeabi_ui2f
                0x0800fbc4                __floatunsisf
                0x0800fbcc                __aeabi_i2f
                0x0800fbcc                __floatsisf
                0x0800fbe8                __floatundisf
                0x0800fbe8                __aeabi_ul2f
                0x0800fbf8                __floatdisf
                0x0800fbf8                __aeabi_l2f
 .text          0x0800fc74      0x2a0 /home/laurence/ARM-GCC/gcc-arm-none-eabi-4_7-2012q4/bin/../lib/gcc/arm-none-eabi/4.7.3/armv7-m/libgcc.a(_arm_muldivsf3.o)
                0x0800fc74                __mulsf3
                0x0800fc74                __aeabi_fmul
                0x0800fddc                __divsf3
                0x0800fddc                __aeabi_fdiv
 .text          0x0800ff14       0xec /home/laurence/ARM-GCC/gcc-arm-none-eabi-4_7-2012q4/bin/../lib/gcc/arm-none-eabi/4.7.3/armv7-m/libgcc.a(_arm_cmpsf2.o)
                0x0800ff14                __gtsf2
                0x0800ff14                __gesf2
                0x0800ff1c                __lesf2
                0x0800ff1c                __ltsf2
                0x0800ff24                __nesf2
                0x0800ff24                __eqsf2
                0x0800ff24                __cmpsf2
                0x0800ff84                __aeabi_cfrcmple
                0x0800ff8c                __aeabi_cfcmple
                0x0800ff8c                __aeabi_cfcmpeq
                0x0800ff9c                __aeabi_fcmpeq
                0x0800ffb0                __aeabi_fcmplt
                0x0800ffc4                __aeabi_fcmple
                0x0800ffd8                __aeabi_fcmpge
                0x0800ffec                __aeabi_fcmpgt
 .text          0x08010000       0x4c /home/laurence/ARM-GCC/gcc-arm-none-eabi-4_7-2012q4/bin/../lib/gcc/arm-none-eabi/4.7.3/armv7-m/libgcc.a(_arm_fixsfsi.o)
                0x08010000                __fixsfsi
                0x08010000                __aeabi_f2iz
 .text          0x0801004c       0x40 /home/laurence/ARM-GCC/gcc-arm-none-eabi-4_7-2012q4/bin/../lib/gcc/arm-none-eabi/4.7.3/armv7-m/libgcc.a(_arm_fixunssfsi.o)
                0x0801004c                __aeabi_f2uiz
                0x0801004c                __fixunssfsi
 .text.__register_exitproc
                0x0801008c       0xac /home/laurence/ARM-GCC/gcc-arm-none-eabi-4_7-2012q4/bin/../lib/gcc/arm-none-eabi/4.7.3/../../../../arm-none-eabi/lib/armv7-m/libc.a(lib_a-__atexit.o)
                0x0801008c                __register_exitproc
 .text.__libc_fini_array
                0x08010138       0x50 /home/laurence/ARM-GCC/gcc-arm-none-eabi-4_7-2012q4/bin/../lib/gcc/arm-none-eabi/4.7.3/../../../../arm-none-eabi/lib/armv7-m/libc.a(lib_a-fini.o)
                0x08010138                __libc_fini_array
 .text.malloc   0x08010188       0x10 /home/laurence/ARM-GCC/gcc-arm-none-eabi-4_7-2012q4/bin/../lib/gcc/arm-none-eabi/4.7.3/../../../../arm-none-eabi/lib/armv7-m/libc.a(lib_a-malloc.o)
                0x08010188                malloc
 .text._malloc_r
                0x08010198      0x530 /home/laurence/ARM-GCC/gcc-arm-none-eabi-4_7-2012q4/bin/../lib/gcc/arm-none-eabi/4.7.3/../../../../arm-none-eabi/lib/armv7-m/libc.a(lib_a-mallocr.o)
                0x08010198                _malloc_r
 .text.memcmp   0x080106c8       0xb8 /home/laurence/ARM-GCC/gcc-arm-none-eabi-4_7-2012q4/bin/../lib/gcc/arm-none-eabi/4.7.3/../../../../arm-none-eabi/lib/armv7-m/libc.a(lib_a-memcmp.o)
                0x080106c8                memcmp
 .text.__malloc_lock
                0x08010780        0x4 /home/laurence/ARM-GCC/gcc-arm-none-eabi-4_7-2012q4/bin/../lib/gcc/arm-none-eabi/4.7.3/../../../../arm-none-eabi/lib/armv7-m/libc.a(lib_a-mlock.o)
                0x08010780                __malloc_lock
 .text.__malloc_unlock
                0x08010784        0x4 /home/laurence/ARM-GCC/gcc-arm-none-eabi-4_7-2012q4/bin/../lib/gcc/arm-none-eabi/4.7.3/../../../../arm-none-eabi/lib/armv7-m/libc.a(lib_a-mlock.o)
                0x08010784                __malloc_unlock
 .text._sbrk_r  0x08010788       0x24 /home/laurence/ARM-GCC/gcc-arm-none-eabi-4_7-2012q4/bin/../lib/gcc/arm-none-eabi/4.7.3/../../../../arm-none-eabi/lib/armv7-m/libc.a(lib_a-sbrkr.o)
                0x08010788                _sbrk_r
 .text.strlen   0x080107ac       0x60 /home/laurence/ARM-GCC/gcc-arm-none-eabi-4_7-2012q4/bin/../lib/gcc/arm-none-eabi/4.7.3/../../../../arm-none-eabi/lib/armv7-m/libc.a(lib_a-strlen.o)
                0x080107ac                strlen
 .text.strncpy  0x0801080c      0x10c /home/laurence/ARM-GCC/gcc-arm-none-eabi-4_7-2012q4/bin/../lib/gcc/arm-none-eabi/4.7.3/../../../../arm-none-eabi/lib/armv7-m/libc.a(lib_a-strncpy.o)
                0x0801080c                strncpy
 .text.startup.register_fini
                0x08010918       0x14 /home/laurence/ARM-GCC/gcc-arm-none-eabi-4_7-2012q4/bin/../lib/gcc/arm-none-eabi/4.7.3/../../../../arm-none-eabi/lib/armv7-m/libc.a(lib_a-__call_atexit.o)
 .text.atexit   0x0801092c        0xc /home/laurence/ARM-GCC/gcc-arm-none-eabi-4_7-2012q4/bin/../lib/gcc/arm-none-eabi/4.7.3/../../../../arm-none-eabi/lib/armv7-m/libc.a(lib_a-atexit.o)
                0x0801092c                atexit
 .text._malloc_trim_r
                0x08010938       0x98 /home/laurence/ARM-GCC/gcc-arm-none-eabi-4_7-2012q4/bin/../lib/gcc/arm-none-eabi/4.7.3/../../../../arm-none-eabi/lib/armv7-m/libc.a(lib_a-freer.o)
                0x08010938                _malloc_trim_r
 .text._free_r  0x080109d0      0x194 /home/laurence/ARM-GCC/gcc-arm-none-eabi-4_7-2012q4/bin/../lib/gcc/arm-none-eabi/4.7.3/../../../../arm-none-eabi/lib/armv7-m/libc.a(lib_a-freer.o)
                0x080109d0                _free_r
 *(.init)
 .init          0x08010b64        0x4 /home/laurence/ARM-GCC/gcc-arm-none-eabi-4_7-2012q4/bin/../lib/gcc/arm-none-eabi/4.7.3/armv7-m/crti.o
                0x08010b64                _init
 .init          0x08010b68        0x8 /home/laurence/ARM-GCC/gcc-arm-none-eabi-4_7-2012q4/bin/../lib/gcc/arm-none-eabi/4.7.3/armv7-m/crtn.o
 *(.fini)
 .fini          0x08010b70        0x4 /home/laurence/ARM-GCC/gcc-arm-none-eabi-4_7-2012q4/bin/../lib/gcc/arm-none-eabi/4.7.3/armv7-m/crti.o
                0x08010b70                _fini
 .fini          0x08010b74        0x8 /home/laurence/ARM-GCC/gcc-arm-none-eabi-4_7-2012q4/bin/../lib/gcc/arm-none-eabi/4.7.3/armv7-m/crtn.o
 *crtbegin.o(.ctors)
 *crtbegin?.o(.ctors)
 *(EXCLUDE_FILE(*crtend.o *crtend?.o) .ctors)
 *(SORT(.ctors.*))
 *(.ctors)
 *crtbegin.o(.dtors)
 *crtbegin?.o(.dtors)
 *(EXCLUDE_FILE(*crtend.o *crtend?.o) .dtors)
 *(SORT(.dtors.*))
 *(.dtors)
 *(.rodata*)
 .rodata        0x08010b7c       0x20 Sensors/amb_sensors.o
                0x08010b7c                ITG3200_config
                0x08010b80                HMC_config
                0x08010b84                ADXL_config
                0x08010b8c                LSM_330_GYRO_config
                0x08010b90                LSM_330_ACCEL_FIFO_config
                0x08010b94                LSM_330_ACCEL_config
 .rodata        0x08010b9c       0xac Util/USB/usb_desc.o
                0x08010b9c                MASS_StringInterface
                0x08010bac                MASS_StringProduct
                0x08010bdc                MASS_StringVendor
                0x08010c10                MASS_StringLangID
                0x08010c14                MASS_ConfigDescriptor
                0x08010c34                MASS_DeviceDescriptor
 .rodata        0x08010c48      0x4c0 Util/fat_fs/option/ccsbcs.o
 .rodata        0x08011108       0x80 Util/fat_fs/src/ff.o
 .rodata.str1.4
                0x08011188       0x13 Util/fat_fs/src/ff.o
                                 0x14 (size before relaxing)
 *fill*         0x0801119b        0x1 00
 .rodata        0x0801119c        0xc Util/fat_fs/src/rtc.o
 .rodata        0x080111a8       0xf4 Util/filter_1200.o
 .rodata        0x0801129c       0x14 Util/rprintf.o
 .rodata.str1.4
                0x080112b0        0x6 Util/rprintf.o
                                  0x8 (size before relaxing)
 *fill*         0x080112b6        0x2 00
 .rodata        0x080112b8       0x14 lib/CMSIS_CM3/system_stm32f10x.o
                0x080112b8                SystemFrequency_APB2Clk
                0x080112bc                SystemFrequency_APB1Clk
                0x080112c0                SystemFrequency_AHBClk
                0x080112c4                SystemFrequency_SysClk
                0x080112c8                SystemFrequency
 .rodata.str1.4
                0x080112cc      0x1e3 main.o
                                0x1e8 (size before relaxing)
 *fill*         0x080114af        0x1 00
 .rodata.str1.4
                0x080114b0       0x40 pwr.o
 .rodata.str1.4
                0x080114f0        0x4 /home/laurence/ARM-GCC/gcc-arm-none-eabi-4_7-2012q4/bin/../lib/gcc/arm-none-eabi/4.7.3/../../../../arm-none-eabi/lib/armv7-m/libc.a(lib_a-impure.o)
 .rodata._global_impure_ptr
                0x080114f4        0x4 /home/laurence/ARM-GCC/gcc-arm-none-eabi-4_7-2012q4/bin/../lib/gcc/arm-none-eabi/4.7.3/../../../../arm-none-eabi/lib/armv7-m/libc.a(lib_a-impure.o)
                0x080114f4                _global_impure_ptr
 *(.eh_frame*)
 .eh_frame      0x080114f8        0x0 /home/laurence/ARM-GCC/gcc-arm-none-eabi-4_7-2012q4/bin/../lib/gcc/arm-none-eabi/4.7.3/armv7-m/crtbegin.o
 .eh_frame      0x080114f8        0x4 /home/laurence/ARM-GCC/gcc-arm-none-eabi-4_7-2012q4/bin/../lib/gcc/arm-none-eabi/4.7.3/armv7-m/crtend.o

.glue_7         0x080114fc        0x0
 .glue_7        0x00000000        0x0 linker stubs

.glue_7t        0x080114fc        0x0
 .glue_7t       0x00000000        0x0 linker stubs

.vfp11_veneer   0x080114fc        0x0
 .vfp11_veneer  0x00000000        0x0 linker stubs

.v4_bx          0x080114fc        0x0
 .v4_bx         0x00000000        0x0 linker stubs

.iplt           0x080114fc        0x0
 .iplt          0x00000000        0x0 /home/laurence/ARM-GCC/gcc-arm-none-eabi-4_7-2012q4/bin/../lib/gcc/arm-none-eabi/4.7.3/armv7-m/crtbegin.o

.rel.dyn        0x080114fc        0x0
 .rel.iplt      0x00000000        0x0 /home/laurence/ARM-GCC/gcc-arm-none-eabi-4_7-2012q4/bin/../lib/gcc/arm-none-eabi/4.7.3/armv7-m/crtbegin.o

.ARM.extab
 *(.ARM.extab* .gnu.linkonce.armextab.*)
                0x080114fc                __exidx_start = .

.ARM.exidx
 *(.ARM.exidx* .gnu.linkonce.armexidx.*)
                0x080114fc                __exidx_end = .
                0x080114fc                __etext = .

.data           0x20000000      0xa44 load address 0x080114fc
                0x20000000                __data_start__ = .
 *(vtable)
 *(.data*)
 .data          0x20000000       0x80 Sensors/amb_sensors.o
                0x20000000                I2C_jobs
 .data          0x20000080       0x74 Util/USB/scsi_data.o
                0x20000080                ReadFormatCapacity_Data
                0x2000008c                Scsi_Sense_Data
                0x200000a0                Mode_Sense10_data
                0x200000a8                Mode_Sense6_data
                0x200000ac                Standard_Inquiry_Data2
                0x200000d0                Standard_Inquiry_Data
 .data          0x200000f4       0x1c Util/USB/usb_desc.o
                0x200000f4                MASS_StringSerial
 .data          0x20000110       0x38 Util/USB/usb_istr.o
                0x20000110                pEpInt_OUT
                0x2000012c                pEpInt_IN
 .data          0x20000148       0x90 Util/USB/usb_prop.o
                0x20000148                String_Descriptor
                0x20000170                Config_Descriptor
                0x20000178                Device_Descriptor
                0x20000180                Device_Property
                0x200001b0                User_Standard_Requests
                0x200001d4                Device_Table
 .data          0x200001d8        0x1 Util/USB/usb_pwr.o
                0x200001d8                fSuspendEnabled
 *fill*         0x200001d9        0x3 00
 .data          0x200001dc        0x4 Util/fat_fs/src/sd_spi_stm32.o
 .data          0x200001e0       0x14 lib/STM32F10x_StdPeriph_Driver/libstm32fw.a(stm32f10x_rcc.o)
 *fill*         0x200001f4        0x4 00
 .data.impure_data
                0x200001f8      0x428 /home/laurence/ARM-GCC/gcc-arm-none-eabi-4_7-2012q4/bin/../lib/gcc/arm-none-eabi/4.7.3/../../../../arm-none-eabi/lib/armv7-m/libc.a(lib_a-impure.o)
 .data._impure_ptr
                0x20000620        0x4 /home/laurence/ARM-GCC/gcc-arm-none-eabi-4_7-2012q4/bin/../lib/gcc/arm-none-eabi/4.7.3/../../../../arm-none-eabi/lib/armv7-m/libc.a(lib_a-impure.o)
                0x20000620                _impure_ptr
 .data.__malloc_av_
                0x20000624      0x408 /home/laurence/ARM-GCC/gcc-arm-none-eabi-4_7-2012q4/bin/../lib/gcc/arm-none-eabi/4.7.3/../../../../arm-none-eabi/lib/armv7-m/libc.a(lib_a-mallocr.o)
                0x20000624                __malloc_av_
 .data.__malloc_trim_threshold
                0x20000a2c        0x4 /home/laurence/ARM-GCC/gcc-arm-none-eabi-4_7-2012q4/bin/../lib/gcc/arm-none-eabi/4.7.3/../../../../arm-none-eabi/lib/armv7-m/libc.a(lib_a-mallocr.o)
                0x20000a2c                __malloc_trim_threshold
 .data.__malloc_sbrk_base
                0x20000a30        0x4 /home/laurence/ARM-GCC/gcc-arm-none-eabi-4_7-2012q4/bin/../lib/gcc/arm-none-eabi/4.7.3/../../../../arm-none-eabi/lib/armv7-m/libc.a(lib_a-mallocr.o)
                0x20000a30                __malloc_sbrk_base
                0x20000a34                . = ALIGN (0x4)
                0x20000a34                PROVIDE (__preinit_array_start, .)
 *(.preinit_array)
                0x20000a34                PROVIDE (__preinit_array_end, .)
                0x20000a34                . = ALIGN (0x4)
                0x20000a34                PROVIDE (__init_array_start, .)
 *(SORT(.init_array.*))
 .init_array.00000
                0x20000a34        0x4 /home/laurence/ARM-GCC/gcc-arm-none-eabi-4_7-2012q4/bin/../lib/gcc/arm-none-eabi/4.7.3/../../../../arm-none-eabi/lib/armv7-m/libc.a(lib_a-__call_atexit.o)
 *(.init_array)
 .init_array    0x20000a38        0x4 /home/laurence/ARM-GCC/gcc-arm-none-eabi-4_7-2012q4/bin/../lib/gcc/arm-none-eabi/4.7.3/armv7-m/crtbegin.o
                0x20000a3c                PROVIDE (__init_array_end, .)
                0x20000a3c                . = ALIGN (0x4)
                0x20000a3c                PROVIDE (__fini_array_start, .)
 *(SORT(.fini_array.*))
 *(.fini_array)
 .fini_array    0x20000a3c        0x4 /home/laurence/ARM-GCC/gcc-arm-none-eabi-4_7-2012q4/bin/../lib/gcc/arm-none-eabi/4.7.3/armv7-m/crtbegin.o
                0x20000a40                PROVIDE (__fini_array_end, .)
 *(.jcr*)
 .jcr           0x20000a40        0x0 /home/laurence/ARM-GCC/gcc-arm-none-eabi-4_7-2012q4/bin/../lib/gcc/arm-none-eabi/4.7.3/armv7-m/crtbegin.o
 .jcr           0x20000a40        0x4 /home/laurence/ARM-GCC/gcc-arm-none-eabi-4_7-2012q4/bin/../lib/gcc/arm-none-eabi/4.7.3/armv7-m/crtend.o
                0x20000a44                . = ALIGN (0x4)
                0x20000a44                __data_end__ = .

.igot.plt       0x20000a44        0x0 load address 0x08011f40
 .igot.plt      0x00000000        0x0 /home/laurence/ARM-GCC/gcc-arm-none-eabi-4_7-2012q4/bin/../lib/gcc/arm-none-eabi/4.7.3/armv7-m/crtbegin.o

.bss            0x20000a44     0x139c load address 0x08011f40
                0x20000a44                . = ALIGN (0x4)
                0x20000a44                __bss_start__ = .
 *(.bss*)
 .bss           0x20000a44       0x1c /home/laurence/ARM-GCC/gcc-arm-none-eabi-4_7-2012q4/bin/../lib/gcc/arm-none-eabi/4.7.3/armv7-m/crtbegin.o
 .bss           0x20000a60        0x4 Util/USB/mass_mal.o
                0x20000a60                Status
 .bss           0x20000a64       0x1c Util/USB/memory.o
                0x20000a64                TransferState
                0x20000a70                Counter
                0x20000a7c                Block_Read_count
 .bss           0x20000a80       0x10 Util/USB/scsi_data.o
                0x20000a80                ReadCapacity10_Data
                0x20000a88                Page00_Inquiry_Data
 .bss           0x20000a90        0x1 Util/USB/usb_istr.o
                0x20000a90                bIntPackSOF
 *fill*         0x20000a91        0x3 00
 .bss           0x20000a94        0x4 Util/USB/usb_prop.o
                0x20000a94                Max_Lun
 .bss           0x20000a98        0x4 Util/USB/usb_pwr.o
                0x20000a98                bDeviceState
 .bss           0x20000a9c        0xc Util/fat_fs/src/ff.o
 .bss           0x20000aa8       0x10 Util/fat_fs/src/sd_spi_stm32.o
 .bss           0x20000ab8       0x84 Util/rprintf.o
 .bss           0x20000b3c        0x3 i2c_int.o
 *fill*         0x20000b3f        0x1 00
 .bss           0x20000b40        0x8 interrupts.o
 .bss           0x20000b48      0x238 main.o
                0x20000d7c                file_opened
 .bss           0x20000d80        0x4 syscalls.o
 .bss           0x20000d84        0x1 lib/STM32_USB-FS-Device_Driver/libstm32usb.a(usb_core.o)
                0x20000d84                Data_Mul_MaxPacketSize
 *fill*         0x20000d85        0x3 00
 .bss.__malloc_max_total_mem
                0x20000d88        0x4 /home/laurence/ARM-GCC/gcc-arm-none-eabi-4_7-2012q4/bin/../lib/gcc/arm-none-eabi/4.7.3/../../../../arm-none-eabi/lib/armv7-m/libc.a(lib_a-mallocr.o)
                0x20000d88                __malloc_max_total_mem
 .bss.__malloc_max_sbrked_mem
                0x20000d8c        0x4 /home/laurence/ARM-GCC/gcc-arm-none-eabi-4_7-2012q4/bin/../lib/gcc/arm-none-eabi/4.7.3/../../../../arm-none-eabi/lib/armv7-m/libc.a(lib_a-mallocr.o)
                0x20000d8c                __malloc_max_sbrked_mem
 .bss.__malloc_top_pad
                0x20000d90        0x4 /home/laurence/ARM-GCC/gcc-arm-none-eabi-4_7-2012q4/bin/../lib/gcc/arm-none-eabi/4.7.3/../../../../arm-none-eabi/lib/armv7-m/libc.a(lib_a-mallocr.o)
                0x20000d90                __malloc_top_pad
 .bss.__malloc_current_mallinfo
                0x20000d94       0x28 /home/laurence/ARM-GCC/gcc-arm-none-eabi-4_7-2012q4/bin/../lib/gcc/arm-none-eabi/4.7.3/../../../../arm-none-eabi/lib/armv7-m/libc.a(lib_a-mallocr.o)
                0x20000d94                __malloc_current_mallinfo
 *(COMMON)
 COMMON         0x20000dbc      0x637 Sensors/amb_sensors.o
                0x20000dbc                LSM330_Gyro_Filter
                0x200010a4                LSM330_Accel_Filter
                0x2000138c                Rawdata
                0x200013cc                LastFifo
                0x200013d4                RawFifo
                0x200013f2                I2C_Transactions_State
 *fill*         0x200013f3        0x1 00
 COMMON         0x200013f4       0x1c Util/USB/mass_mal.o
                0x200013f4                Mass_Memory_Size
                0x200013fc                Mass_Block_Size
                0x20001404                Mass_Block_Count
                0x2000140c                Data_Buffer
 COMMON         0x20001410        0x8 Util/USB/memory.o
                0x20001410                Block_offset
                0x20001414                Idx
 COMMON         0x20001418       0x7c Util/USB/usb_bot.o
                0x20001418                CBW
                0x20001438                Data_Len
                0x2000143a                Bot_State
                0x2000143c                SCSI_LBA
                0x20001440                CSW
                0x20001450                SCSI_BlkLen
                0x20001454                Bulk_Data_Buff
 COMMON         0x20001494        0x2 Util/USB/usb_istr.o
                0x20001494                wIstr
 *fill*         0x20001496        0x2 00
 COMMON         0x20001498        0x2 Util/USB/usb_pwr.o
                0x20001498                ResumeS
 COMMON         0x2000149a        0x1 Util/fat_fs/src/sd_spi_stm32.o
                0x2000149a                Sd_Spi_Called_From_USB_MSC
 COMMON         0x2000149b        0x1 gpio.o
                0x2000149b                bootsource
 COMMON         0x2000149c        0xd i2c_int.o
                0x2000149c                I2C1error
                0x200014a0                Jobs
                0x200014a4                Completed_Jobs
                0x200014a8                job
 *fill*         0x200014a9        0x3 00
 COMMON         0x200014ac        0x8 interrupts.o
                0x200014ac                Button_hold_tim
                0x200014b0                Battery_Voltage
 COMMON         0x200014b4      0x8e9 main.o
                0x200014b4                Sensor_Cable
                0x200014b8                battery_voltage
                0x200014bc                FATFS_wavfile_accel
                0x200016e0                forehead_buffer
                0x20001734                f_err_code
                0x20001735                System_state_Global
                0x20001738                Millis
                0x2000173c                sfe_sensor_buffers
                0x2000182c                Sensors
                0x20001830                FATFS_info
                0x20001850                FATFS_wavfile_gyro
                0x20001a74                print_string
                0x20001b74                a
                0x20001b78                FATFS_logfile
                0x20001d9c                Shutdown_System
 *fill*         0x20001d9d        0x3 00
 COMMON         0x20001da0        0x2 lib/STM32_USB-FS-Device_Driver/libstm32usb.a(usb_core.o)
                0x20001da0                StatusInfo
 *fill*         0x20001da2        0x2 00
 COMMON         0x20001da4       0x32 lib/STM32_USB-FS-Device_Driver/libstm32usb.a(usb_init.o)
                0x20001da4                SaveState
                0x20001da8                pProperty
                0x20001dac                EPindex
                0x20001db0                Device_Info
                0x20001dcc                pUser_Standard_Requests
                0x20001dd0                pInformation
                0x20001dd4                wInterrupt_Mask
 COMMON         0x20001dd6        0x4 lib/STM32_USB-FS-Device_Driver/libstm32usb.a(usb_int.o)
                0x20001dd6                SaveRState
                0x20001dd8                SaveTState
 *fill*         0x20001dda        0x2 00
 COMMON         0x20001ddc        0x4 /home/laurence/ARM-GCC/gcc-arm-none-eabi-4_7-2012q4/bin/../lib/gcc/arm-none-eabi/4.7.3/../../../../arm-none-eabi/lib/armv7-m/libc.a(lib_a-reent.o)
                0x20001ddc                errno
                0x20001de0                . = ALIGN (0x4)
                0x20001de0                __bss_end__ = .

.heap           0x20001de0        0x0
                0x20001de0                __end__ = .
                0x20001de0                end = __end__
 *(.heap*)
                0x20001de0                __HeapLimit = .

.stack_dummy    0x20001de0        0x0
 *(.stack*)
                0x20005000                __StackTop = (ORIGIN (RAM) + 0x5000)
                0x20005000                __StackLimit = (__StackTop - SIZEOF (.stack_dummy))
                0x20005000                PROVIDE (__stack, __StackTop)
                0x00000001                ASSERT ((__StackLimit >= __HeapLimit), region RAM overflowed with stack)
                0x20000a44                PROVIDE (_edata, __data_end__)
                0x20000000                PROVIDE (_sdata, __data_start__)
                0x080114fc                PROVIDE (_sidata, __etext)
                0x20000a44                PROVIDE (_sbss, __bss_start__)
                0x20001de0                PROVIDE (_ebss, __bss_end__)
                0x20005000                PROVIDE (_estack, __StackTop)
OUTPUT(main.elf elf32-littlearm)

.ARM.attributes
                0x00000000       0x29
 .ARM.attributes
                0x00000000       0x1d /home/laurence/ARM-GCC/gcc-arm-none-eabi-4_7-2012q4/bin/../lib/gcc/arm-none-eabi/4.7.3/armv7-m/crti.o
 .ARM.attributes
                0x0000001d       0x2d /home/laurence/ARM-GCC/gcc-arm-none-eabi-4_7-2012q4/bin/../lib/gcc/arm-none-eabi/4.7.3/armv7-m/crtbegin.o
 .ARM.attributes
                0x0000004a       0x33 Sensors/amb_sensors.o
 .ARM.attributes
                0x0000007d       0x33 Util/USB/hw_config.o
 .ARM.attributes
                0x000000b0       0x33 Util/USB/mass_mal.o
 .ARM.attributes
                0x000000e3       0x33 Util/USB/memory.o
 .ARM.attributes
                0x00000116       0x33 Util/USB/scsi_data.o
 .ARM.attributes
                0x00000149       0x33 Util/USB/usb_bot.o
 .ARM.attributes
                0x0000017c       0x33 Util/USB/usb_desc.o
 .ARM.attributes
                0x000001af       0x33 Util/USB/usb_endp.o
 .ARM.attributes
                0x000001e2       0x33 Util/USB/usb_istr.o
 .ARM.attributes
                0x00000215       0x33 Util/USB/usb_prop.o
 .ARM.attributes
                0x00000248       0x33 Util/USB/usb_pwr.o
 .ARM.attributes
                0x0000027b       0x33 Util/USB/usb_scsi.o
 .ARM.attributes
                0x000002ae       0x33 Util/buffer.o
 .ARM.attributes
                0x000002e1       0x33 Util/delay.o
 .ARM.attributes
                0x00000314       0x33 Util/fat_fs/option/ccsbcs.o
 .ARM.attributes
                0x00000347       0x33 Util/fat_fs/src/fattime.o
 .ARM.attributes
                0x0000037a       0x33 Util/fat_fs/src/ff.o
 .ARM.attributes
                0x000003ad       0x33 Util/fat_fs/src/rtc.o
 .ARM.attributes
                0x000003e0       0x33 Util/fat_fs/src/sd_spi_stm32.o
 .ARM.attributes
                0x00000413       0x33 Util/filter_1200.o
 .ARM.attributes
                0x00000446       0x33 Util/filter_190.o
 .ARM.attributes
                0x00000479       0x33 Util/rprintf.o
 .ARM.attributes
                0x000004ac       0x33 Util/wave.o
 .ARM.attributes
                0x000004df       0x33 adc.o
 .ARM.attributes
                0x00000512       0x33 gpio.o
 .ARM.attributes
                0x00000545       0x33 i2c_int.o
 .ARM.attributes
                0x00000578       0x33 interrupts.o
 .ARM.attributes
                0x000005ab       0x21 lib/CMSIS_CM3/startup/gcc/startup_stm32f10x_md.o
 .ARM.attributes
                0x000005cc       0x33 lib/CMSIS_CM3/system_stm32f10x.o
 .ARM.attributes
                0x000005ff       0x33 main.o
 .ARM.attributes
                0x00000632       0x33 pwr.o
 .ARM.attributes
                0x00000665       0x33 syscalls.o
 .ARM.attributes
                0x00000698       0x33 usart.o
 .ARM.attributes
                0x000006cb       0x33 watchdog.o
 .ARM.attributes
                0x000006fe       0x33 lib/STM32F10x_StdPeriph_Driver/libstm32fw.a(misc.o)
 .ARM.attributes
                0x00000731       0x33 lib/STM32F10x_StdPeriph_Driver/libstm32fw.a(stm32f10x_adc.o)
 .ARM.attributes
                0x00000764       0x33 lib/STM32F10x_StdPeriph_Driver/libstm32fw.a(stm32f10x_bkp.o)
 .ARM.attributes
                0x00000797       0x33 lib/STM32F10x_StdPeriph_Driver/libstm32fw.a(stm32f10x_dbgmcu.o)
 .ARM.attributes
                0x000007ca       0x33 lib/STM32F10x_StdPeriph_Driver/libstm32fw.a(stm32f10x_dma.o)
 .ARM.attributes
                0x000007fd       0x33 lib/STM32F10x_StdPeriph_Driver/libstm32fw.a(stm32f10x_exti.o)
 .ARM.attributes
                0x00000830       0x33 lib/STM32F10x_StdPeriph_Driver/libstm32fw.a(stm32f10x_gpio.o)
 .ARM.attributes
                0x00000863       0x33 lib/STM32F10x_StdPeriph_Driver/libstm32fw.a(stm32f10x_i2c.o)
 .ARM.attributes
                0x00000896       0x33 lib/STM32F10x_StdPeriph_Driver/libstm32fw.a(stm32f10x_iwdg.o)
 .ARM.attributes
                0x000008c9       0x33 lib/STM32F10x_StdPeriph_Driver/libstm32fw.a(stm32f10x_pwr.o)
 .ARM.attributes
                0x000008fc       0x33 lib/STM32F10x_StdPeriph_Driver/libstm32fw.a(stm32f10x_rcc.o)
 .ARM.attributes
                0x0000092f       0x33 lib/STM32F10x_StdPeriph_Driver/libstm32fw.a(stm32f10x_rtc.o)
 .ARM.attributes
                0x00000962       0x33 lib/STM32F10x_StdPeriph_Driver/libstm32fw.a(stm32f10x_spi.o)
 .ARM.attributes
                0x00000995       0x33 lib/STM32F10x_StdPeriph_Driver/libstm32fw.a(stm32f10x_usart.o)
 .ARM.attributes
                0x000009c8       0x33 lib/STM32_USB-FS-Device_Driver/libstm32usb.a(usb_core.o)
 .ARM.attributes
                0x000009fb       0x33 lib/STM32_USB-FS-Device_Driver/libstm32usb.a(usb_init.o)
 .ARM.attributes
                0x00000a2e       0x33 lib/STM32_USB-FS-Device_Driver/libstm32usb.a(usb_int.o)
 .ARM.attributes
                0x00000a61       0x33 lib/STM32_USB-FS-Device_Driver/libstm32usb.a(usb_mem.o)
 .ARM.attributes
                0x00000a94       0x33 lib/STM32_USB-FS-Device_Driver/libstm32usb.a(usb_regs.o)
 .ARM.attributes
                0x00000ac7       0x33 lib/STM32_USB-FS-Device_Driver/libstm32usb.a(usb_sil.o)
 .ARM.attributes
                0x00000afa       0x1d /home/laurence/ARM-GCC/gcc-arm-none-eabi-4_7-2012q4/bin/../lib/gcc/arm-none-eabi/4.7.3/armv7-m/libgcc.a(_arm_addsubdf3.o)
 .ARM.attributes
                0x00000b17       0x1d /home/laurence/ARM-GCC/gcc-arm-none-eabi-4_7-2012q4/bin/../lib/gcc/arm-none-eabi/4.7.3/armv7-m/libgcc.a(_arm_muldivdf3.o)
 .ARM.attributes
                0x00000b34       0x1d /home/laurence/ARM-GCC/gcc-arm-none-eabi-4_7-2012q4/bin/../lib/gcc/arm-none-eabi/4.7.3/armv7-m/libgcc.a(_arm_cmpdf2.o)
 .ARM.attributes
                0x00000b51       0x1d /home/laurence/ARM-GCC/gcc-arm-none-eabi-4_7-2012q4/bin/../lib/gcc/arm-none-eabi/4.7.3/armv7-m/libgcc.a(_arm_truncdfsf2.o)
 .ARM.attributes
                0x00000b6e       0x1d /home/laurence/ARM-GCC/gcc-arm-none-eabi-4_7-2012q4/bin/../lib/gcc/arm-none-eabi/4.7.3/armv7-m/libgcc.a(_arm_addsubsf3.o)
 .ARM.attributes
                0x00000b8b       0x1d /home/laurence/ARM-GCC/gcc-arm-none-eabi-4_7-2012q4/bin/../lib/gcc/arm-none-eabi/4.7.3/armv7-m/libgcc.a(_arm_muldivsf3.o)
 .ARM.attributes
                0x00000ba8       0x1d /home/laurence/ARM-GCC/gcc-arm-none-eabi-4_7-2012q4/bin/../lib/gcc/arm-none-eabi/4.7.3/armv7-m/libgcc.a(_arm_cmpsf2.o)
 .ARM.attributes
                0x00000bc5       0x1d /home/laurence/ARM-GCC/gcc-arm-none-eabi-4_7-2012q4/bin/../lib/gcc/arm-none-eabi/4.7.3/armv7-m/libgcc.a(_arm_fixsfsi.o)
 .ARM.attributes
                0x00000be2       0x1d /home/laurence/ARM-GCC/gcc-arm-none-eabi-4_7-2012q4/bin/../lib/gcc/arm-none-eabi/4.7.3/armv7-m/libgcc.a(_arm_fixunssfsi.o)
 .ARM.attributes
                0x00000bff       0x2d /home/laurence/ARM-GCC/gcc-arm-none-eabi-4_7-2012q4/bin/../lib/gcc/arm-none-eabi/4.7.3/../../../../arm-none-eabi/lib/armv7-m/libc.a(lib_a-__atexit.o)
 .ARM.attributes
                0x00000c2c       0x2d /home/laurence/ARM-GCC/gcc-arm-none-eabi-4_7-2012q4/bin/../lib/gcc/arm-none-eabi/4.7.3/../../../../arm-none-eabi/lib/armv7-m/libc.a(lib_a-fini.o)
 .ARM.attributes
                0x00000c59       0x2d /home/laurence/ARM-GCC/gcc-arm-none-eabi-4_7-2012q4/bin/../lib/gcc/arm-none-eabi/4.7.3/../../../../arm-none-eabi/lib/armv7-m/libc.a(lib_a-impure.o)
 .ARM.attributes
                0x00000c86       0x2d /home/laurence/ARM-GCC/gcc-arm-none-eabi-4_7-2012q4/bin/../lib/gcc/arm-none-eabi/4.7.3/../../../../arm-none-eabi/lib/armv7-m/libc.a(lib_a-malloc.o)
 .ARM.attributes
                0x00000cb3       0x2d /home/laurence/ARM-GCC/gcc-arm-none-eabi-4_7-2012q4/bin/../lib/gcc/arm-none-eabi/4.7.3/../../../../arm-none-eabi/lib/armv7-m/libc.a(lib_a-mallocr.o)
 .ARM.attributes
                0x00000ce0       0x2d /home/laurence/ARM-GCC/gcc-arm-none-eabi-4_7-2012q4/bin/../lib/gcc/arm-none-eabi/4.7.3/../../../../arm-none-eabi/lib/armv7-m/libc.a(lib_a-memcmp.o)
 .ARM.attributes
                0x00000d0d       0x2d /home/laurence/ARM-GCC/gcc-arm-none-eabi-4_7-2012q4/bin/../lib/gcc/arm-none-eabi/4.7.3/../../../../arm-none-eabi/lib/armv7-m/libc.a(lib_a-mlock.o)
 .ARM.attributes
                0x00000d3a       0x2d /home/laurence/ARM-GCC/gcc-arm-none-eabi-4_7-2012q4/bin/../lib/gcc/arm-none-eabi/4.7.3/../../../../arm-none-eabi/lib/armv7-m/libc.a(lib_a-reent.o)
 .ARM.attributes
                0x00000d67       0x2d /home/laurence/ARM-GCC/gcc-arm-none-eabi-4_7-2012q4/bin/../lib/gcc/arm-none-eabi/4.7.3/../../../../arm-none-eabi/lib/armv7-m/libc.a(lib_a-sbrkr.o)
 .ARM.attributes
                0x00000d94       0x2d /home/laurence/ARM-GCC/gcc-arm-none-eabi-4_7-2012q4/bin/../lib/gcc/arm-none-eabi/4.7.3/../../../../arm-none-eabi/lib/armv7-m/libc.a(lib_a-strlen.o)
 .ARM.attributes
                0x00000dc1       0x2d /home/laurence/ARM-GCC/gcc-arm-none-eabi-4_7-2012q4/bin/../lib/gcc/arm-none-eabi/4.7.3/../../../../arm-none-eabi/lib/armv7-m/libc.a(lib_a-strncpy.o)
 .ARM.attributes
                0x00000dee       0x2d /home/laurence/ARM-GCC/gcc-arm-none-eabi-4_7-2012q4/bin/../lib/gcc/arm-none-eabi/4.7.3/../../../../arm-none-eabi/lib/armv7-m/libc.a(lib_a-__call_atexit.o)
 .ARM.attributes
                0x00000e1b       0x2d /home/laurence/ARM-GCC/gcc-arm-none-eabi-4_7-2012q4/bin/../lib/gcc/arm-none-eabi/4.7.3/../../../../arm-none-eabi/lib/armv7-m/libc.a(lib_a-atexit.o)
 .ARM.attributes
                0x00000e48       0x2d /home/laurence/ARM-GCC/gcc-arm-none-eabi-4_7-2012q4/bin/../lib/gcc/arm-none-eabi/4.7.3/../../../../arm-none-eabi/lib/armv7-m/libc.a(lib_a-freer.o)
 .ARM.attributes
                0x00000e75       0x2d /home/laurence/ARM-GCC/gcc-arm-none-eabi-4_7-2012q4/bin/../lib/gcc/arm-none-eabi/4.7.3/armv7-m/crtend.o
 .ARM.attributes
                0x00000ea2       0x1d /home/laurence/ARM-GCC/gcc-arm-none-eabi-4_7-2012q4/bin/../lib/gcc/arm-none-eabi/4.7.3/armv7-m/crtn.o

.comment        0x00000000       0x70
 .comment       0x00000000       0x70 Sensors/amb_sensors.o
                                 0x71 (size before relaxing)
 .comment       0x00000000       0x71 Util/USB/hw_config.o
 .comment       0x00000000       0x71 Util/USB/mass_mal.o
 .comment       0x00000000       0x71 Util/USB/memory.o
 .comment       0x00000000       0x71 Util/USB/scsi_data.o
 .comment       0x00000000       0x71 Util/USB/usb_bot.o
 .comment       0x00000000       0x71 Util/USB/usb_desc.o
 .comment       0x00000000       0x71 Util/USB/usb_endp.o
 .comment       0x00000000       0x71 Util/USB/usb_istr.o
 .comment       0x00000000       0x71 Util/USB/usb_prop.o
 .comment       0x00000000       0x71 Util/USB/usb_pwr.o
 .comment       0x00000000       0x71 Util/USB/usb_scsi.o
 .comment       0x00000000       0x71 Util/buffer.o
 .comment       0x00000000       0x71 Util/delay.o
 .comment       0x00000000       0x71 Util/fat_fs/option/ccsbcs.o
 .comment       0x00000000       0x71 Util/fat_fs/src/fattime.o
 .comment       0x00000000       0x71 Util/fat_fs/src/ff.o
 .comment       0x00000000       0x71 Util/fat_fs/src/rtc.o
 .comment       0x00000000       0x71 Util/fat_fs/src/sd_spi_stm32.o
 .comment       0x00000000       0x71 Util/filter_1200.o
 .comment       0x00000000       0x71 Util/filter_190.o
 .comment       0x00000000       0x71 Util/rprintf.o
 .comment       0x00000000       0x71 Util/wave.o
 .comment       0x00000000       0x71 adc.o
 .comment       0x00000000       0x71 gpio.o
 .comment       0x00000000       0x71 i2c_int.o
 .comment       0x00000000       0x71 interrupts.o
 .comment       0x00000000       0x71 lib/CMSIS_CM3/system_stm32f10x.o
 .comment       0x00000000       0x71 main.o
 .comment       0x00000000       0x71 pwr.o
 .comment       0x00000000       0x71 syscalls.o
 .comment       0x00000000       0x71 usart.o
 .comment       0x00000000       0x71 watchdog.o
 .comment       0x00000000       0x71 lib/STM32F10x_StdPeriph_Driver/libstm32fw.a(misc.o)
 .comment       0x00000000       0x71 lib/STM32F10x_StdPeriph_Driver/libstm32fw.a(stm32f10x_adc.o)
 .comment       0x00000000       0x71 lib/STM32F10x_StdPeriph_Driver/libstm32fw.a(stm32f10x_bkp.o)
 .comment       0x00000000       0x71 lib/STM32F10x_StdPeriph_Driver/libstm32fw.a(stm32f10x_dbgmcu.o)
 .comment       0x00000000       0x71 lib/STM32F10x_StdPeriph_Driver/libstm32fw.a(stm32f10x_dma.o)
 .comment       0x00000000       0x71 lib/STM32F10x_StdPeriph_Driver/libstm32fw.a(stm32f10x_exti.o)
 .comment       0x00000000       0x71 lib/STM32F10x_StdPeriph_Driver/libstm32fw.a(stm32f10x_gpio.o)
 .comment       0x00000000       0x71 lib/STM32F10x_StdPeriph_Driver/libstm32fw.a(stm32f10x_i2c.o)
 .comment       0x00000000       0x71 lib/STM32F10x_StdPeriph_Driver/libstm32fw.a(stm32f10x_iwdg.o)
 .comment       0x00000000       0x71 lib/STM32F10x_StdPeriph_Driver/libstm32fw.a(stm32f10x_pwr.o)
 .comment       0x00000000       0x71 lib/STM32F10x_StdPeriph_Driver/libstm32fw.a(stm32f10x_rcc.o)
 .comment       0x00000000       0x71 lib/STM32F10x_StdPeriph_Driver/libstm32fw.a(stm32f10x_rtc.o)
 .comment       0x00000000       0x71 lib/STM32F10x_StdPeriph_Driver/libstm32fw.a(stm32f10x_spi.o)
 .comment       0x00000000       0x71 lib/STM32F10x_StdPeriph_Driver/libstm32fw.a(stm32f10x_usart.o)
 .comment       0x00000000       0x71 lib/STM32_USB-FS-Device_Driver/libstm32usb.a(usb_core.o)
 .comment       0x00000000       0x71 lib/STM32_USB-FS-Device_Driver/libstm32usb.a(usb_init.o)
 .comment       0x00000000       0x71 lib/STM32_USB-FS-Device_Driver/libstm32usb.a(usb_int.o)
 .comment       0x00000000       0x71 lib/STM32_USB-FS-Device_Driver/libstm32usb.a(usb_mem.o)
 .comment       0x00000000       0x71 lib/STM32_USB-FS-Device_Driver/libstm32usb.a(usb_regs.o)
 .comment       0x00000000       0x71 lib/STM32_USB-FS-Device_Driver/libstm32usb.a(usb_sil.o)

.debug_info     0x00000000    0x16877
 .debug_info    0x00000000      0xac9 Sensors/amb_sensors.o
 .debug_info    0x00000ac9      0x8f2 Util/USB/hw_config.o
 .debug_info    0x000013bb      0x544 Util/USB/mass_mal.o
 .debug_info    0x000018ff      0x5bf Util/USB/memory.o
 .debug_info    0x00001ebe      0x16a Util/USB/scsi_data.o
 .debug_info    0x00002028      0xa88 Util/USB/usb_bot.o
 .debug_info    0x00002ab0      0x186 Util/USB/usb_desc.o
 .debug_info    0x00002c36       0xd3 Util/USB/usb_endp.o
 .debug_info    0x00002d09      0x357 Util/USB/usb_istr.o
 .debug_info    0x00003060      0xda6 Util/USB/usb_prop.o
 .debug_info    0x00003e06      0x52f Util/USB/usb_pwr.o
 .debug_info    0x00004335      0xcdf Util/USB/usb_scsi.o
 .debug_info    0x00005014      0x1f1 Util/buffer.o
 .debug_info    0x00005205       0xc3 Util/delay.o
 .debug_info    0x000052c8      0x16f Util/fat_fs/option/ccsbcs.o
 .debug_info    0x00005437      0x198 Util/fat_fs/src/fattime.o
 .debug_info    0x000055cf     0x543b Util/fat_fs/src/ff.o
 .debug_info    0x0000aa0a      0x7c7 Util/fat_fs/src/rtc.o
 .debug_info    0x0000b1d1     0x24b8 Util/fat_fs/src/sd_spi_stm32.o
 .debug_info    0x0000d689      0x160 Util/filter_1200.o
 .debug_info    0x0000d7e9      0x159 Util/filter_190.o
 .debug_info    0x0000d942     0x13cb Util/rprintf.o
 .debug_info    0x0000ed0d      0x7ea Util/wave.o
 .debug_info    0x0000f4f7      0x863 adc.o
 .debug_info    0x0000fd5a      0x5ab gpio.o
 .debug_info    0x00010305     0x1119 i2c_int.o
 .debug_info    0x0001141e      0xf5d interrupts.o
 .debug_info    0x0001237b       0x80 lib/CMSIS_CM3/startup/gcc/startup_stm32f10x_md.o
 .debug_info    0x000123fb      0x2da lib/CMSIS_CM3/system_stm32f10x.o
 .debug_info    0x000126d5     0x2d5b main.o
 .debug_info    0x00015430      0x6b0 pwr.o
 .debug_info    0x00015ae0      0x571 syscalls.o
 .debug_info    0x00016051      0x643 usart.o
 .debug_info    0x00016694      0x1e3 watchdog.o

.debug_abbrev   0x00000000     0x3f53
 .debug_abbrev  0x00000000      0x163 Sensors/amb_sensors.o
 .debug_abbrev  0x00000163      0x34c Util/USB/hw_config.o
 .debug_abbrev  0x000004af      0x176 Util/USB/mass_mal.o
 .debug_abbrev  0x00000625      0x228 Util/USB/memory.o
 .debug_abbrev  0x0000084d       0x59 Util/USB/scsi_data.o
 .debug_abbrev  0x000008a6      0x26c Util/USB/usb_bot.o
 .debug_abbrev  0x00000b12       0x60 Util/USB/usb_desc.o
 .debug_abbrev  0x00000b72       0x66 Util/USB/usb_endp.o
 .debug_abbrev  0x00000bd8      0x16b Util/USB/usb_istr.o
 .debug_abbrev  0x00000d43      0x33f Util/USB/usb_prop.o
 .debug_abbrev  0x00001082      0x240 Util/USB/usb_pwr.o
 .debug_abbrev  0x000012c2      0x2f6 Util/USB/usb_scsi.o
 .debug_abbrev  0x000015b8      0x105 Util/buffer.o
 .debug_abbrev  0x000016bd       0x82 Util/delay.o
 .debug_abbrev  0x0000173f       0xc7 Util/fat_fs/option/ccsbcs.o
 .debug_abbrev  0x00001806       0xdb Util/fat_fs/src/fattime.o
 .debug_abbrev  0x000018e1      0x3a1 Util/fat_fs/src/ff.o
 .debug_abbrev  0x00001c82      0x308 Util/fat_fs/src/rtc.o
 .debug_abbrev  0x00001f8a      0x411 Util/fat_fs/src/sd_spi_stm32.o
 .debug_abbrev  0x0000239b      0x108 Util/filter_1200.o
 .debug_abbrev  0x000024a3      0x106 Util/filter_190.o
 .debug_abbrev  0x000025a9      0x333 Util/rprintf.o
 .debug_abbrev  0x000028dc      0x19f Util/wave.o
 .debug_abbrev  0x00002a7b      0x1be adc.o
 .debug_abbrev  0x00002c39      0x1e9 gpio.o
 .debug_abbrev  0x00002e22      0x2b5 i2c_int.o
 .debug_abbrev  0x000030d7      0x2c5 interrupts.o
 .debug_abbrev  0x0000339c       0x12 lib/CMSIS_CM3/startup/gcc/startup_stm32f10x_md.o
 .debug_abbrev  0x000033ae      0x116 lib/CMSIS_CM3/system_stm32f10x.o
 .debug_abbrev  0x000034c4      0x407 main.o
 .debug_abbrev  0x000038cb      0x209 pwr.o
 .debug_abbrev  0x00003ad4      0x156 syscalls.o
 .debug_abbrev  0x00003c2a      0x1fb usart.o
 .debug_abbrev  0x00003e25      0x12e watchdog.o

.debug_loc      0x00000000    0x1160c
 .debug_loc     0x00000000      0x202 Sensors/amb_sensors.o
 .debug_loc     0x00000202      0x275 Util/USB/hw_config.o
 .debug_loc     0x00000477      0x25f Util/USB/mass_mal.o
 .debug_loc     0x000006d6      0x1eb Util/USB/memory.o
 .debug_loc     0x000008c1      0x2fc Util/USB/usb_bot.o
 .debug_loc     0x00000bbd       0x20 Util/USB/usb_istr.o
 .debug_loc     0x00000bdd      0x20c Util/USB/usb_prop.o
 .debug_loc     0x00000de9      0x1eb Util/USB/usb_pwr.o
 .debug_loc     0x00000fd4      0xa3e Util/USB/usb_scsi.o
 .debug_loc     0x00001a12      0x10b Util/buffer.o
 .debug_loc     0x00001b1d       0x6d Util/delay.o
 .debug_loc     0x00001b8a      0x12d Util/fat_fs/option/ccsbcs.o
 .debug_loc     0x00001cb7       0x51 Util/fat_fs/src/fattime.o
 .debug_loc     0x00001d08     0xa1df Util/fat_fs/src/ff.o
 .debug_loc     0x0000bee7      0x53b Util/fat_fs/src/rtc.o
 .debug_loc     0x0000c422     0x11a8 Util/fat_fs/src/sd_spi_stm32.o
 .debug_loc     0x0000d5ca       0xb5 Util/filter_1200.o
 .debug_loc     0x0000d67f      0x41f Util/filter_190.o
 .debug_loc     0x0000da9e     0x2279 Util/rprintf.o
 .debug_loc     0x0000fd17      0x274 Util/wave.o
 .debug_loc     0x0000ff8b       0xce adc.o
 .debug_loc     0x00010059       0x60 gpio.o
 .debug_loc     0x000100b9      0x416 i2c_int.o
 .debug_loc     0x000104cf       0xd8 interrupts.o
 .debug_loc     0x000105a7       0x6a lib/CMSIS_CM3/system_stm32f10x.o
 .debug_loc     0x00010611      0xc32 main.o
 .debug_loc     0x00011243       0xe0 pwr.o
 .debug_loc     0x00011323      0x168 syscalls.o
 .debug_loc     0x0001148b      0x120 usart.o
 .debug_loc     0x000115ab       0x61 watchdog.o

.debug_aranges  0x00000000      0x440
 .debug_aranges
                0x00000000       0x20 Sensors/amb_sensors.o
 .debug_aranges
                0x00000020       0x20 Util/USB/hw_config.o
 .debug_aranges
                0x00000040       0x20 Util/USB/mass_mal.o
 .debug_aranges
                0x00000060       0x20 Util/USB/memory.o
 .debug_aranges
                0x00000080       0x18 Util/USB/scsi_data.o
 .debug_aranges
                0x00000098       0x20 Util/USB/usb_bot.o
 .debug_aranges
                0x000000b8       0x18 Util/USB/usb_desc.o
 .debug_aranges
                0x000000d0       0x20 Util/USB/usb_endp.o
 .debug_aranges
                0x000000f0       0x20 Util/USB/usb_istr.o
 .debug_aranges
                0x00000110       0x20 Util/USB/usb_prop.o
 .debug_aranges
                0x00000130       0x20 Util/USB/usb_pwr.o
 .debug_aranges
                0x00000150       0x20 Util/USB/usb_scsi.o
 .debug_aranges
                0x00000170       0x20 Util/buffer.o
 .debug_aranges
                0x00000190       0x20 Util/delay.o
 .debug_aranges
                0x000001b0       0x20 Util/fat_fs/option/ccsbcs.o
 .debug_aranges
                0x000001d0       0x20 Util/fat_fs/src/fattime.o
 .debug_aranges
                0x000001f0       0x20 Util/fat_fs/src/ff.o
 .debug_aranges
                0x00000210       0x20 Util/fat_fs/src/rtc.o
 .debug_aranges
                0x00000230       0x20 Util/fat_fs/src/sd_spi_stm32.o
 .debug_aranges
                0x00000250       0x20 Util/filter_1200.o
 .debug_aranges
                0x00000270       0x20 Util/filter_190.o
 .debug_aranges
                0x00000290       0x20 Util/rprintf.o
 .debug_aranges
                0x000002b0       0x20 Util/wave.o
 .debug_aranges
                0x000002d0       0x20 adc.o
 .debug_aranges
                0x000002f0       0x20 gpio.o
 .debug_aranges
                0x00000310       0x20 i2c_int.o
 .debug_aranges
                0x00000330       0x20 interrupts.o
 .debug_aranges
                0x00000350       0x28 lib/CMSIS_CM3/startup/gcc/startup_stm32f10x_md.o
 .debug_aranges
                0x00000378       0x20 lib/CMSIS_CM3/system_stm32f10x.o
 .debug_aranges
                0x00000398       0x28 main.o
 .debug_aranges
                0x000003c0       0x20 pwr.o
 .debug_aranges
                0x000003e0       0x20 syscalls.o
 .debug_aranges
                0x00000400       0x20 usart.o
 .debug_aranges
                0x00000420       0x20 watchdog.o

.debug_ranges   0x00000000     0x2640
 .debug_ranges  0x00000000       0x88 Sensors/amb_sensors.o
 .debug_ranges  0x00000088       0xf8 Util/USB/hw_config.o
 .debug_ranges  0x00000180       0x60 Util/USB/usb_bot.o
 .debug_ranges  0x000001e0       0x18 Util/USB/usb_prop.o
 .debug_ranges  0x000001f8       0x30 Util/USB/usb_pwr.o
 .debug_ranges  0x00000228      0x1e8 Util/USB/usb_scsi.o
 .debug_ranges  0x00000410     0x12c0 Util/fat_fs/src/ff.o
 .debug_ranges  0x000016d0       0xe0 Util/fat_fs/src/rtc.o
 .debug_ranges  0x000017b0      0x338 Util/fat_fs/src/sd_spi_stm32.o
 .debug_ranges  0x00001ae8      0x778 Util/rprintf.o
 .debug_ranges  0x00002260       0xd0 i2c_int.o
 .debug_ranges  0x00002330       0x30 interrupts.o
 .debug_ranges  0x00002360       0x20 lib/CMSIS_CM3/startup/gcc/startup_stm32f10x_md.o
 .debug_ranges  0x00002380       0x60 lib/CMSIS_CM3/system_stm32f10x.o
 .debug_ranges  0x000023e0      0x228 main.o
 .debug_ranges  0x00002608       0x38 usart.o

.debug_macro    0x00000000    0x10d66
 .debug_macro   0x00000000      0x247 Sensors/amb_sensors.o
 .debug_macro   0x00000247      0x820 Sensors/amb_sensors.o
 .debug_macro   0x00000a67       0x46 Sensors/amb_sensors.o
 .debug_macro   0x00000aad       0x22 Sensors/amb_sensors.o
 .debug_macro   0x00000acf      0x214 Sensors/amb_sensors.o
 .debug_macro   0x00000ce3       0xb9 Sensors/amb_sensors.o
 .debug_macro   0x00000d9c     0x7bdb Sensors/amb_sensors.o
 .debug_macro   0x00008977      0x2d0 Sensors/amb_sensors.o
 .debug_macro   0x00008c47      0x144 Sensors/amb_sensors.o
 .debug_macro   0x00008d8b       0x76 Sensors/amb_sensors.o
 .debug_macro   0x00008e01      0x3ad Sensors/amb_sensors.o
 .debug_macro   0x000091ae       0x9a Sensors/amb_sensors.o
 .debug_macro   0x00009248      0x249 Sensors/amb_sensors.o
 .debug_macro   0x00009491      0x295 Sensors/amb_sensors.o
 .debug_macro   0x00009726       0x64 Sensors/amb_sensors.o
 .debug_macro   0x0000978a       0x82 Sensors/amb_sensors.o
 .debug_macro   0x0000980c      0x39c Sensors/amb_sensors.o
 .debug_macro   0x00009ba8       0x58 Sensors/amb_sensors.o
 .debug_macro   0x00009c00      0x2bc Sensors/amb_sensors.o
 .debug_macro   0x00009ebc      0x654 Sensors/amb_sensors.o
 .debug_macro   0x0000a510      0x21f Sensors/amb_sensors.o
 .debug_macro   0x0000a72f       0x34 Sensors/amb_sensors.o
 .debug_macro   0x0000a763       0x8a Sensors/amb_sensors.o
 .debug_macro   0x0000a7ed       0x35 Sensors/amb_sensors.o
 .debug_macro   0x0000a822       0x3a Sensors/amb_sensors.o
 .debug_macro   0x0000a85c       0x2e Sensors/amb_sensors.o
 .debug_macro   0x0000a88a       0x95 Sensors/amb_sensors.o
 .debug_macro   0x0000a91f       0x10 Sensors/amb_sensors.o
 .debug_macro   0x0000a92f       0x89 Sensors/amb_sensors.o
 .debug_macro   0x0000a9b8       0x10 Sensors/amb_sensors.o
 .debug_macro   0x0000a9c8       0x3a Sensors/amb_sensors.o
 .debug_macro   0x0000aa02       0x52 Sensors/amb_sensors.o
 .debug_macro   0x0000aa54       0x19 Sensors/amb_sensors.o
 .debug_macro   0x0000aa6d      0x16d Sensors/amb_sensors.o
 .debug_macro   0x0000abda       0x10 Sensors/amb_sensors.o
 .debug_macro   0x0000abea       0xf5 Sensors/amb_sensors.o
 .debug_macro   0x0000acdf       0x22 Sensors/amb_sensors.o
 .debug_macro   0x0000ad01       0x91 Sensors/amb_sensors.o
 .debug_macro   0x0000ad92       0x16 Sensors/amb_sensors.o
 .debug_macro   0x0000ada8      0x16d Sensors/amb_sensors.o
 .debug_macro   0x0000af15       0x7c Sensors/amb_sensors.o
 .debug_macro   0x0000af91       0x1c Sensors/amb_sensors.o
 .debug_macro   0x0000afad       0x22 Sensors/amb_sensors.o
 .debug_macro   0x0000afcf       0x16 Sensors/amb_sensors.o
 .debug_macro   0x0000afe5       0x10 Sensors/amb_sensors.o
 .debug_macro   0x0000aff5       0xf4 Sensors/amb_sensors.o
 .debug_macro   0x0000b0e9       0x91 Sensors/amb_sensors.o
 .debug_macro   0x0000b17a       0xe7 Sensors/amb_sensors.o
 .debug_macro   0x0000b261       0x28 Sensors/amb_sensors.o
 .debug_macro   0x0000b289      0x37b Util/USB/hw_config.o
 .debug_macro   0x0000b604       0x1c Util/USB/hw_config.o
 .debug_macro   0x0000b620       0x16 Util/USB/hw_config.o
 .debug_macro   0x0000b636       0xac Util/USB/hw_config.o
 .debug_macro   0x0000b6e2       0xee Util/USB/hw_config.o
 .debug_macro   0x0000b7d0       0x3a Util/USB/hw_config.o
 .debug_macro   0x0000b80a       0x7c Util/USB/hw_config.o
 .debug_macro   0x0000b886      0x44c Util/USB/hw_config.o
 .debug_macro   0x0000bcd2       0x28 Util/USB/hw_config.o
 .debug_macro   0x0000bcfa       0x5e Util/USB/hw_config.o
 .debug_macro   0x0000bd58       0x10 Util/USB/hw_config.o
 .debug_macro   0x0000bd68       0x35 Util/USB/hw_config.o
 .debug_macro   0x0000bd9d       0x1c Util/USB/hw_config.o
 .debug_macro   0x0000bdb9       0x16 Util/USB/hw_config.o
 .debug_macro   0x0000bdcf       0x22 Util/USB/hw_config.o
 .debug_macro   0x0000bdf1       0x34 Util/USB/hw_config.o
 .debug_macro   0x0000be25      0x389 Util/USB/mass_mal.o
 .debug_macro   0x0000c1ae       0x10 Util/USB/mass_mal.o
 .debug_macro   0x0000c1be      0x100 Util/USB/mass_mal.o
 .debug_macro   0x0000c2be       0x16 Util/USB/mass_mal.o
 .debug_macro   0x0000c2d4       0x29 Util/USB/mass_mal.o
 .debug_macro   0x0000c2fd       0x16 Util/USB/mass_mal.o
 .debug_macro   0x0000c313       0x16 Util/USB/mass_mal.o
 .debug_macro   0x0000c329       0x12 Util/USB/mass_mal.o
 .debug_macro   0x0000c33b       0x85 Util/USB/mass_mal.o
 .debug_macro   0x0000c3c0      0x38a Util/USB/memory.o
 .debug_macro   0x0000c74a       0x10 Util/USB/memory.o
 .debug_macro   0x0000c75a      0x19c Util/USB/memory.o
 .debug_macro   0x0000c8f6       0x76 Util/USB/memory.o
 .debug_macro   0x0000c96c       0x10 Util/USB/memory.o
 .debug_macro   0x0000c97c      0x12d Util/USB/scsi_data.o
 .debug_macro   0x0000caa9       0x16 Util/USB/scsi_data.o
 .debug_macro   0x0000cabf      0x19c Util/USB/usb_bot.o
 .debug_macro   0x0000cc5b      0x10b Util/USB/usb_desc.o
 .debug_macro   0x0000cd66       0x2e Util/USB/usb_desc.o
 .debug_macro   0x0000cd94      0x179 Util/USB/usb_endp.o
 .debug_macro   0x0000cf0d      0x18e Util/USB/usb_istr.o
 .debug_macro   0x0000d09b      0x383 Util/USB/usb_prop.o
 .debug_macro   0x0000d41e       0x40 Util/USB/usb_prop.o
 .debug_macro   0x0000d45e      0x18a Util/USB/usb_pwr.o
 .debug_macro   0x0000d5e8      0x390 Util/USB/usb_scsi.o
 .debug_macro   0x0000d978      0x1bd Util/buffer.o
 .debug_macro   0x0000db35      0x104 Util/delay.o
 .debug_macro   0x0000dc39       0x3a Util/fat_fs/option/ccsbcs.o
 .debug_macro   0x0000dc73       0x4f Util/fat_fs/src/fattime.o
 .debug_macro   0x0000dcc2       0x22 Util/fat_fs/src/fattime.o
 .debug_macro   0x0000dce4      0x36a Util/fat_fs/src/ff.o
 .debug_macro   0x0000e04e       0x58 Util/fat_fs/src/ff.o
 .debug_macro   0x0000e0a6      0x116 Util/fat_fs/src/rtc.o
 .debug_macro   0x0000e1bc       0xd7 Util/fat_fs/src/rtc.o
 .debug_macro   0x0000e293      0x4b2 Util/fat_fs/src/sd_spi_stm32.o
 .debug_macro   0x0000e745       0x1a Util/filter_1200.o
 .debug_macro   0x0000e75f       0x1a Util/filter_190.o
 .debug_macro   0x0000e779       0x16 Util/filter_190.o
 .debug_macro   0x0000e78f      0x272 Util/rprintf.o
 .debug_macro   0x0000ea01       0x64 Util/rprintf.o
 .debug_macro   0x0000ea65       0x4a Util/wave.o
 .debug_macro   0x0000eaaf      0x358 adc.o
 .debug_macro   0x0000ee07       0xbe adc.o