Archive member included because of file (symbol)

lib/STM32F10x_StdPeriph_Driver/libstm32fw.a(misc.o)
                              interrupts.o (NVIC_PriorityGroupConfig)
lib/STM32F10x_StdPeriph_Driver/libstm32fw.a(stm32f10x_adc.o)
                              adc.o (ADC_DeInit)
lib/STM32F10x_StdPeriph_Driver/libstm32fw.a(stm32f10x_bkp.o)
                              Util/fat_fs/src/rtc.o (BKP_DeInit)
lib/STM32F10x_StdPeriph_Driver/libstm32fw.a(stm32f10x_dbgmcu.o)
                              main.o (DBGMCU_Config)
lib/STM32F10x_StdPeriph_Driver/libstm32fw.a(stm32f10x_dma.o)
                              Util/fat_fs/src/sd_spi_stm32.o (DMA_DeInit)
lib/STM32F10x_StdPeriph_Driver/libstm32fw.a(stm32f10x_exti.o)
                              interrupts.o (EXTI_DeInit)
lib/STM32F10x_StdPeriph_Driver/libstm32fw.a(stm32f10x_gpio.o)
                              Util/fat_fs/src/sd_spi_stm32.o (GPIO_Init)
lib/STM32F10x_StdPeriph_Driver/libstm32fw.a(stm32f10x_i2c.o)
                              i2c_int.o (I2C_DeInit)
lib/STM32F10x_StdPeriph_Driver/libstm32fw.a(stm32f10x_iwdg.o)
                              watchdog.o (IWDG_WriteAccessCmd)
lib/STM32F10x_StdPeriph_Driver/libstm32fw.a(stm32f10x_pwr.o)
                              pwr.o (PWR_DeInit)
lib/STM32F10x_StdPeriph_Driver/libstm32fw.a(stm32f10x_rcc.o)
                              interrupts.o (RCC_HCLKConfig)
lib/STM32F10x_StdPeriph_Driver/libstm32fw.a(stm32f10x_rtc.o)
                              Util/fat_fs/src/rtc.o (RTC_GetCounter)
lib/STM32F10x_StdPeriph_Driver/libstm32fw.a(stm32f10x_spi.o)
                              Util/fat_fs/src/sd_spi_stm32.o (SPI_I2S_DeInit)
lib/STM32F10x_StdPeriph_Driver/libstm32fw.a(stm32f10x_usart.o)
                              usart.o (USART_Init)
lib/STM32_USB-FS-Device_Driver/libstm32usb.a(usb_core.o)
                              Util/USB/usb_prop.o (Standard_GetDescriptorData)
lib/STM32_USB-FS-Device_Driver/libstm32usb.a(usb_init.o)
                              main.o (USB_Init)
lib/STM32_USB-FS-Device_Driver/libstm32usb.a(usb_int.o)
                              Util/USB/usb_istr.o (CTR_LP)
lib/STM32_USB-FS-Device_Driver/libstm32usb.a(usb_mem.o)
                              lib/STM32_USB-FS-Device_Driver/libstm32usb.a(usb_core.o) (UserToPMABufferCopy)
lib/STM32_USB-FS-Device_Driver/libstm32usb.a(usb_regs.o)
                              Util/USB/usb_prop.o (SetBTABLE)
lib/STM32_USB-FS-Device_Driver/libstm32usb.a(usb_sil.o)
                              Util/USB/usb_prop.o (USB_SIL_Init)
/home/laurence/CodeSourcery/Sourcery_G++_Lite/bin/../lib/gcc/arm-none-eabi/4.5.2/thumb2/libgcc.a(_arm_addsubdf3.o)
                              interrupts.o (__aeabi_f2d)
/home/laurence/CodeSourcery/Sourcery_G++_Lite/bin/../lib/gcc/arm-none-eabi/4.5.2/thumb2/libgcc.a(_arm_muldivdf3.o)
                              interrupts.o (__aeabi_ddiv)
/home/laurence/CodeSourcery/Sourcery_G++_Lite/bin/../lib/gcc/arm-none-eabi/4.5.2/thumb2/libgcc.a(_arm_cmpdf2.o)
                              main.o (__aeabi_dcmpgt)
/home/laurence/CodeSourcery/Sourcery_G++_Lite/bin/../lib/gcc/arm-none-eabi/4.5.2/thumb2/libgcc.a(_arm_truncdfsf2.o)
                              Util/rprintf.o (__aeabi_d2f)
/home/laurence/CodeSourcery/Sourcery_G++_Lite/bin/../lib/gcc/arm-none-eabi/4.5.2/thumb2/libgcc.a(_arm_addsubsf3.o)
                              Sensors/temperature.o (__aeabi_fsub)
/home/laurence/CodeSourcery/Sourcery_G++_Lite/bin/../lib/gcc/arm-none-eabi/4.5.2/thumb2/libgcc.a(_arm_muldivsf3.o)
                              Sensors/temperature.o (__aeabi_fmul)
/home/laurence/CodeSourcery/Sourcery_G++_Lite/bin/../lib/gcc/arm-none-eabi/4.5.2/thumb2/libgcc.a(_arm_cmpsf2.o)
                              Util/rprintf.o (__aeabi_fcmpeq)
/home/laurence/CodeSourcery/Sourcery_G++_Lite/bin/../lib/gcc/arm-none-eabi/4.5.2/thumb2/libgcc.a(_arm_fixsfsi.o)
                              main.o (__aeabi_f2iz)
/home/laurence/CodeSourcery/Sourcery_G++_Lite/bin/../lib/gcc/arm-none-eabi/4.5.2/thumb2/libgcc.a(_arm_fixunssfsi.o)
                              Util/rprintf.o (__aeabi_f2uiz)
/home/laurence/CodeSourcery/Sourcery_G++_Lite/bin/../lib/gcc/arm-none-eabi/4.5.2/../../../../arm-none-eabi/lib/thumb2/libc.a(lib_a-malloc.o)
                              Util/USB/mass_mal.o (malloc)
/home/laurence/CodeSourcery/Sourcery_G++_Lite/bin/../lib/gcc/arm-none-eabi/4.5.2/../../../../arm-none-eabi/lib/thumb2/libc.a(lib_a-mallocr.o)
                              /home/laurence/CodeSourcery/Sourcery_G++_Lite/bin/../lib/gcc/arm-none-eabi/4.5.2/../../../../arm-none-eabi/lib/thumb2/libc.a(lib_a-malloc.o) (_malloc_r)
/home/laurence/CodeSourcery/Sourcery_G++_Lite/bin/../lib/gcc/arm-none-eabi/4.5.2/../../../../arm-none-eabi/lib/thumb2/libc.a(lib_a-memcmp.o)
                              main.o (memcmp)
/home/laurence/CodeSourcery/Sourcery_G++_Lite/bin/../lib/gcc/arm-none-eabi/4.5.2/../../../../arm-none-eabi/lib/thumb2/libc.a(lib_a-mlock.o)
[...]
Memory Configuration

Name             Origin             Length             Attributes
ram              0x20000000         0x00005000         xrw
rom              0x08000000         0x00020000         xr
*default*        0x00000000         0xffffffff

Linker script and memory map

LOAD /home/laurence/CodeSourcery/Sourcery_G++_Lite/bin/../lib/gcc/arm-none-eabi/4.5.2/thumb2/crti.o
LOAD /home/laurence/CodeSourcery/Sourcery_G++_Lite/bin/../lib/gcc/arm-none-eabi/4.5.2/thumb2/crtbegin.o
LOAD Sensors/amb_sensors.o
LOAD Sensors/temperature.o
LOAD Util/USB/hw_config.o
LOAD Util/USB/mass_mal.o
LOAD Util/USB/memory.o
LOAD Util/USB/scsi_data.o
LOAD Util/USB/usb_bot.o
LOAD Util/USB/usb_desc.o
LOAD Util/USB/usb_endp.o
LOAD Util/USB/usb_istr.o
LOAD Util/USB/usb_prop.o
LOAD Util/USB/usb_pwr.o
LOAD Util/USB/usb_scsi.o
LOAD Util/buffer.o
LOAD Util/delay.o
LOAD Util/fat_fs/option/cc932.o
LOAD Util/fat_fs/option/syscall.o
LOAD Util/fat_fs/src/fattime.o
LOAD Util/fat_fs/src/ff.o
LOAD Util/fat_fs/src/rtc.o
LOAD Util/fat_fs/src/sd_spi_stm32.o
LOAD Util/filter_1200.o
LOAD Util/filter_190.o
LOAD Util/rprintf.o
LOAD Util/stm32_eval_spi_sd.o
LOAD Util/wave.o
LOAD adc.o
LOAD gpio.o
LOAD i2c_int.o
LOAD interrupts.o
LOAD lib/CMSIS_CM3/core_cm3.o
LOAD lib/CMSIS_CM3/startup/gcc/startup_stm32f10x_md.o
LOAD lib/CMSIS_CM3/system_stm32f10x.o
LOAD main.o
LOAD pwr.o
LOAD usart.o
LOAD watchdog.o
LOAD lib/STM32F10x_StdPeriph_Driver/libstm32fw.a
LOAD lib/STM32_USB-FS-Device_Driver/libstm32usb.a
LOAD /home/laurence/CodeSourcery/Sourcery_G++_Lite/bin/../lib/gcc/arm-none-eabi/4.5.2/../../../../arm-none-eabi/lib/thumb2/libm.a
START GROUP
LOAD /home/laurence/CodeSourcery/Sourcery_G++_Lite/bin/../lib/gcc/arm-none-eabi/4.5.2/thumb2/libgcc.a
LOAD /home/laurence/CodeSourcery/Sourcery_G++_Lite/bin/../lib/gcc/arm-none-eabi/4.5.2/../../../../arm-none-eabi/lib/thumb2/libc.a
END GROUP
LOAD /home/laurence/CodeSourcery/Sourcery_G++_Lite/bin/../lib/gcc/arm-none-eabi/4.5.2/thumb2/crtend.o
LOAD /home/laurence/CodeSourcery/Sourcery_G++_Lite/bin/../lib/gcc/arm-none-eabi/4.5.2/thumb2/crtn.o
START GROUP
LOAD /home/laurence/CodeSourcery/Sourcery_G++_Lite/bin/../lib/gcc/arm-none-eabi/4.5.2/thumb2/libgcc.a
LOAD /home/laurence/CodeSourcery/Sourcery_G++_Lite/bin/../lib/gcc/arm-none-eabi/4.5.2/../../../../arm-none-eabi/lib/thumb2/libc.a
LOAD /home/laurence/CodeSourcery/Sourcery_G++_Lite/bin/../lib/gcc/arm-none-eabi/4.5.2/../../../../arm-none-eabi/lib/thumb2/libcs3.a
LOAD /home/laurence/CodeSourcery/Sourcery_G++_Lite/bin/../lib/gcc/arm-none-eabi/4.5.2/../../../../arm-none-eabi/lib/thumb2/libcs3unhosted.a
LOAD lib/libcs3-lanchon-stm32.a
END GROUP
                0x20005000                PROVIDE (__cs3_stack, (__cs3_region_start_ram + __cs3_region_size_ram))
                0x20001a88                PROVIDE (__cs3_heap_start, _end)
                0x20005000                PROVIDE (__cs3_heap_end, (__cs3_region_start_ram + __cs3_region_size_ram))

.text           0x08000000    0x1a0f4
 CREATE_OBJECT_SYMBOLS
                0x08000000                __cs3_region_start_rom = .
 *(.cs3.region-head.rom)
                0x08000000                __cs3_interrupt_vector = __cs3_interrupt_vector_lanchon_stm32
 *(.cs3.interrupt_vector)
 .cs3.interrupt_vector
                0x08000000       0xec lib/libcs3-lanchon-stm32.a(lanchon-stm32-vector.o)
                0x08000000                __cs3_interrupt_vector_lanchon_stm32
                0x08000001                ASSERT ((. != __cs3_interrupt_vector_lanchon_stm32), No interrupt vector)
 *(.rom)
 *(.rom.b)
                0x080124e4                PROVIDE (__cs3_reset_lanchon_stm32, _start)
                0x080124e4                __cs3_reset = __cs3_reset_lanchon_stm32
 *(.cs3.reset)
 *(.text .text.* .gnu.linkonce.t.*)
 .text          0x080000ec       0x30 /home/laurence/CodeSourcery/Sourcery_G++_Lite/bin/../lib/gcc/arm-none-eabi/4.5.2/thumb2/crtbegin.o
 .text          0x0800011c      0x308 Sensors/amb_sensors.o
                0x0800011c                Allocate_Sensor_Buffers
                0x08000284                Configure_I2C_Driver
                0x080002ec                Fill_Sample_Buffers
 .text          0x08000424      0x298 Util/USB/hw_config.o
                0x08000424                Set_System
                0x0800042c                Set_USBClock
                0x08000444                Enter_LowPowerMode
                0x08000450                Leave_LowPowerMode
                0x08000470                USB_Interrupts_Config
                0x080004ac                Led_RW_ON
                0x080004bc                Led_RW_OFF
                0x080004cc                USB_Configured_LED
                0x080004dc                USB_NotConfigured_LED
                0x080004ec                USB_Cable_Config
                0x080004f0                Get_SerialNum
                0x080006b4                MAL_Config
 .text          0x080006bc      0x10c Util/USB/mass_mal.o
                0x080006bc                MAL_Init
                0x08000708                MAL_Write
                0x0800073c                MAL_Read
                0x08000764                MAL_GetStatus
 .text          0x080007c8      0x230 Util/USB/memory.o
                0x080007c8                Read_Memory
                0x080008f8                Write_Memory
 .text          0x080009f8      0x628 Util/USB/usb_bot.o
                0x080009f8                Mass_Storage_In
                0x08000a80                CBW_Decode
                0x08000ee0                Mass_Storage_Out
                0x08000f70                Transfer_Data_Request
                0x08000fa4                Set_CSW
                0x08000fe0                Bot_Abort
 .text          0x08001020        0x8 Util/USB/usb_endp.o
                0x08001020                EP1_IN_Callback
                0x08001024                EP2_OUT_Callback
 .text          0x08001028       0xf0 Util/USB/usb_istr.o
                0x08001028                USB_Istr
 .text          0x08001118      0x268 Util/USB/usb_prop.o
                0x08001118                Mass_Storage_SetDeviceAddress
                0x08001124                MASS_Status_In
                0x08001128                MASS_Status_Out
                0x0800112c                MASS_Get_Interface_Setting
                0x0800113c                Get_Max_Lun
                0x08001154                MASS_Data_Setup
                0x08001198                MASS_GetStringDescriptor
                0x080011b8                MASS_GetConfigDescriptor
                0x080011c4                MASS_GetDeviceDescriptor
                0x080011d0                MASS_NoData_Setup
                0x08001220                Mass_Storage_SetConfiguration
                0x08001250                Mass_Storage_ClearFeature
                0x0800126c                MASS_Reset
                0x0800135c                MASS_init
 .text          0x08001380      0x1c4 Util/USB/usb_pwr.o
                0x08001380                PowerOn
                0x080013b0                PowerOff
                0x080013d4                Suspend
                0x08001418                Resume_Init
                0x08001458                Resume
 .text          0x08001544      0x44c Util/USB/usb_scsi.o
                0x08001544                SCSI_Inquiry_Cmd
                0x0800157c                SCSI_ReadFormatCapacity_Cmd
                0x080015f0                SCSI_ReadCapacity10_Cmd
                0x0800166c                SCSI_ModeSense6_Cmd
                0x08001678                SCSI_ModeSense10_Cmd
                0x08001684                SCSI_RequestSense_Cmd
                0x0800169c                Set_Scsi_Sense_Data
                0x080016a8                SCSI_Start_Stop_Unit_Cmd
                0x080016b0                SCSI_Read10_Cmd
                0x08001760                SCSI_Write10_Cmd
                0x0800180c                SCSI_Verify10_Cmd
                0x0800184c                SCSI_Valid_Cmd
                0x08001884                SCSI_TestUnitReady_Cmd
                0x080018b8                SCSI_Format_Cmd
                0x080018d0                SCSI_Invalid_Cmd
                0x0800190c                SCSI_Address_Management
 .text          0x08001990       0x8c Util/buffer.o
                0x08001990                Add_To_Buffer
                0x080019c8                Get_From_Buffer
                0x08001a00                Empty_Buffer
                0x08001a08                init_buffer
 .text          0x08001a1c       0x34 Util/delay.o
                0x08001a1c                Delay
 .text          0x08001a50      0x25c Util/fat_fs/option/cc932.o
                0x08001a50                ff_convert
                0x08001c7c                ff_wtoupper
 .text          0x08001cac       0x48 Util/fat_fs/src/fattime.o
                0x08001cac                get_fattime
 .text          0x08001cf4     0x65c8 Util/fat_fs/src/ff.o
                0x080025e4                clust2sect
                0x08002600                get_fat
                0x08002ba4                put_fat
                0x08004a14                gen_numname
                0x0800569c                f_mount
                0x080056bc                f_open
                0x08005b28                f_read
                0x08005f10                f_write
                0x08006344                f_sync
                0x0800651c                f_close
                0x0800652c                f_chdrive
                0x08006540                f_chdir
                0x080065ac                f_lseek
                0x08006778                f_opendir
                0x080067e4                f_readdir
                0x08006858                f_stat
                0x080068a0                f_getfree
                0x08006b04                f_truncate
                0x08006c74                f_unlink
                0x08006d9c                f_mkdir
                0x080071d0                f_chmod
                0x08007234                f_utime
                0x080072a0                f_rename
                0x08007578                f_gets
                0x08007694                f_putc
                0x080076b8                f_puts
                0x080076f4                f_printf
 .text          0x080082bc      0x484 Util/fat_fs/src/rtc.o
                0x080082bc                rtc_gettime
                0x0800843c                my_RTC_SetCounter
                0x08008460                rtc_settime
                0x08008694                rtc_init
 .text          0x08008740      0xe48 Util/fat_fs/src/sd_spi_stm32.o
                0x08008b70                release_spi
                0x08008ba4                wrapup_transaction
                0x08008bd0                stop_cmd
                0x08008bd8                rcvr_datablock
                0x08008c74                disk_initialize
                0x08008e20                disk_status
                0x08008e30                disk_read
                0x08008fd0                disk_write
                0x08009170                disk_ioctl
                0x0800954c                disk_timerproc
 .text          0x08009588      0x15c Util/filter_1200.o
                0x08009588                SampleFilter_init_1200
                0x080095b4                SampleFilter_put_1200
                0x080095d0                SampleFilter_get_1200
 .text          0x080096e4      0x368 Util/filter_190.o
                0x080096e4                SampleFilter_init_190
                0x0800970c                SampleFilter_put_190
                0x08009720                SampleFilter_get_190
 .text          0x08009a4c     0x182c Util/rprintf.o
                0x08009a4c                rprintfInit
                0x08009a58                rprintfChar
                0x08009a80                rprintfStr
                0x08009ab8                rprintfStrLen
                0x08009c7c                rprintfCRLF
                0x08009c94                rprintfu04
                0x08009cc0                rprintfu08
                0x08009d08                rprintfu16
                0x08009da4                rprintfu32
                0x08009ef0                rprintfNum
                0x0800a160                rprintfFloat
                0x0800a424                rprintf2RamRom
                0x0800b220                Isdigit
                0x0800b230                atoiRamRom
                0x0800b268                rStrLen
 .text          0x0800b278      0x34c Util/wave.o
                0x0800b278                write_wave_header
                0x0800b370                write_wave_samples
                0x0800b53c                wave_terminate
 .text          0x0800b5c4      0x13c adc.o
                0x0800b5c4                ADC_Configuration
                0x0800b680                readADC2
                0x0800b6b8                setADC2
                0x0800b6d8                getADC2
 .text          0x0800b700      0x1e4 gpio.o
                0x0800b700                setup_gpio
                0x0800b858                switch_leds_on
                0x0800b880                switch_leds_off
                0x0800b8a8                red_flash
                0x0800b8d8                get_wkup
 .text          0x0800b8e4      0xb30 i2c_int.o
                0x0800b8e4                I2C1_EV_IRQHandler
                0x0800c0cc                I2C1_Request_Job
                0x0800c16c                I2C1_Setup_Job
                0x0800c180                I2C_Config
                0x0800c318                I2C1_ER_IRQHandler
 *fill*         0x0800c414        0x4 00
 .text          0x0800c418      0x380 interrupts.o
                0x0800c418                ISR_Config
                0x0800c478                EXTI_ONOFF_EN
                0x0800c4d8                SysTick_Configuration
                0x0800c50c                EXTI0_IRQHandler
                0x0800c5ac                ADC1_2_IRQHandler
                0x0800c614                SysTickHandler
                0x0800c790                USB_HP_CAN_TX_IRQHandler
                0x0800c794                USB_LP_CAN_RX0_IRQHandler
 .text.Default_Handler
                0x0800c798        0x2 lib/CMSIS_CM3/startup/gcc/startup_stm32f10x_md.o
                0x0800c798                EXTI2_IRQHandler
                0x0800c798                DebugMon_Handler
                0x0800c798                TIM1_CC_IRQHandler
                0x0800c798                HardFault_Handler
                0x0800c798                SysTick_Handler
                0x0800c798                PVD_IRQHandler
                0x0800c798                PendSV_Handler
                0x0800c798                NMI_Handler
                0x0800c798                EXTI3_IRQHandler
                0x0800c798                I2C2_EV_IRQHandler
                0x0800c798                UsageFault_Handler
                0x0800c798                SPI1_IRQHandler
                0x0800c798                TAMPER_IRQHandler
                0x0800c798                DMA1_Channel4_IRQHandler
                0x0800c798                USART3_IRQHandler
                0x0800c798                RTC_IRQHandler
                0x0800c798                DMA1_Channel7_IRQHandler
                0x0800c798                CAN1_RX1_IRQHandler
                0x0800c798                TIM4_IRQHandler
                0x0800c798                DMA1_Channel6_IRQHandler
                0x0800c798                TIM3_IRQHandler
                0x0800c798                RCC_IRQHandler
                0x0800c798                TIM1_TRG_COM_IRQHandler
                0x0800c798                DMA1_Channel1_IRQHandler
                0x0800c798                Default_Handler
                0x0800c798                EXTI15_10_IRQHandler
                0x0800c798                EXTI9_5_IRQHandler
                0x0800c798                SPI2_IRQHandler
                0x0800c798                MemManage_Handler
                0x0800c798                SVC_Handler
                0x0800c798                DMA1_Channel5_IRQHandler
                0x0800c798                EXTI4_IRQHandler
                0x0800c798                USB_LP_CAN1_RX0_IRQHandler
                0x0800c798                USB_HP_CAN1_TX_IRQHandler
                0x0800c798                DMA1_Channel3_IRQHandler
                0x0800c798                TIM1_UP_IRQHandler
                0x0800c798                WWDG_IRQHandler
                0x0800c798                TIM2_IRQHandler
                0x0800c798                TIM1_BRK_IRQHandler
                0x0800c798                EXTI1_IRQHandler
                0x0800c798                RTCAlarm_IRQHandler
                0x0800c798                USART2_IRQHandler
                0x0800c798                I2C2_ER_IRQHandler
                0x0800c798                DMA1_Channel2_IRQHandler
                0x0800c798                CAN1_SCE_IRQHandler
                0x0800c798                FLASH_IRQHandler
                0x0800c798                BusFault_Handler
                0x0800c798                USART1_IRQHandler
                0x0800c798                USBWakeUp_IRQHandler
 *fill*         0x0800c79a        0x2 00
 .text          0x0800c79c       0xfc lib/CMSIS_CM3/system_stm32f10x.o
                0x0800c79c                SystemInit
 .text          0x0800c898     0x1010 main.o
                0x0800c898                __str_print_char
                0x0800c8c4                __fat_print_char
                0x0800c8e4                file_preallocation_control
                0x0800c914                detect_sensors
                0x0800ca34                main
 .text          0x0800d8a8       0xc4 pwr.o
                0x0800d8a8                setuppwr
                0x0800d8bc                shutdown
                0x0800d8cc                disable_pin
                0x0800d8d4                shutdown_filesystem
 .text          0x0800d96c      0x110 usart.o
                0x0800d96c                Usarts_Init
                0x0800da18                Default_Usart_Config
                0x0800da34                Usart_Send_Str
                0x0800da60                __usart_send_char
 .text          0x0800da7c       0x40 watchdog.o
                0x0800da7c                Watchdog_Config
                0x0800daa8                Watchdog_Reset_Detect
 .text          0x0800dabc       0xb8 lib/STM32F10x_StdPeriph_Driver/libstm32fw.a(misc.o)
                0x0800dabc                NVIC_PriorityGroupConfig
                0x0800dad0                NVIC_Init
                0x0800db30                NVIC_SetVectorTable
                0x0800db44                NVIC_SystemLPConfig
                0x0800db5c                SysTick_CLKSourceConfig
 .text          0x0800db74      0x380 lib/STM32F10x_StdPeriph_Driver/libstm32fw.a(stm32f10x_adc.o)
                0x0800db74                ADC_DeInit
                0x0800dbd0                ADC_Init
                0x0800dc1c                ADC_StructInit
                0x0800dc2e                ADC_Cmd
                0x0800dc42                ADC_DMACmd
                0x0800dc56                ADC_ITConfig
                0x0800dc6a                ADC_ResetCalibration
                0x0800dc74                ADC_GetResetCalibrationStatus
                0x0800dc7c                ADC_StartCalibration
                0x0800dc86                ADC_GetCalibrationStatus
                0x0800dc8e                ADC_SoftwareStartConvCmd
                0x0800dca2                ADC_GetSoftwareStartConvStatus
                0x0800dcaa                ADC_DiscModeChannelCountConfig
                0x0800dcba                ADC_DiscModeCmd
                0x0800dcce                ADC_RegularChannelConfig
                0x0800dd5c                ADC_ExternalTrigConvCmd
                0x0800dd70                ADC_GetConversionValue
                0x0800dd76                ADC_GetDualModeConversionValue
                0x0800dd80                ADC_AutoInjectedConvCmd
                0x0800dd94                ADC_InjectedDiscModeCmd
                0x0800dda8                ADC_ExternalTrigInjectedConvConfig
                0x0800ddb6                ADC_ExternalTrigInjectedConvCmd
                0x0800ddca                ADC_SoftwareStartInjectedConvCmd
                0x0800ddde                ADC_GetSoftwareStartInjectedConvCmdStatus
                0x0800dde6                ADC_InjectedChannelConfig
                0x0800de42                ADC_InjectedSequencerLengthConfig
                0x0800de52                ADC_SetInjectedOffset
                0x0800de68                ADC_GetInjectedConversionValue
                0x0800de82                ADC_AnalogWatchdogCmd
                0x0800de94                ADC_AnalogWatchdogThresholdsConfig
                0x0800de9a                ADC_AnalogWatchdogSingleChannelConfig
                0x0800dea8                ADC_TempSensorVrefintCmd
                0x0800dec4                ADC_GetFlagStatus
                0x0800ded0                ADC_ClearFlag
                0x0800ded6                ADC_GetITStatus
                0x0800deec                ADC_ClearITPendingBit
 .text          0x0800def4       0xe0 lib/STM32F10x_StdPeriph_Driver/libstm32fw.a(stm32f10x_bkp.o)
                0x0800def4                BKP_DeInit
                0x0800df06                BKP_TamperPinLevelConfig
                0x0800df10                BKP_TamperPinCmd
                0x0800df1c                BKP_ITConfig
                0x0800df28                BKP_RTCOutputConfig
                0x0800df40                BKP_SetRTCCalibrationValue
                0x0800df58                BKP_WriteBackupRegister
                0x0800df74                BKP_ReadBackupRegister
                0x0800df94                BKP_GetFlagStatus
                0x0800dfa0                BKP_ClearFlag
                0x0800dfb4                BKP_GetITStatus
                0x0800dfc0                BKP_ClearITPendingBit
 .text          0x0800dfd4       0x34 lib/STM32F10x_StdPeriph_Driver/libstm32fw.a(stm32f10x_dbgmcu.o)
                0x0800dfd4                DBGMCU_GetREVID
                0x0800dfe0                DBGMCU_GetDEVID
                0x0800dff0                DBGMCU_Config
 .text          0x0800e008      0x1f0 lib/STM32F10x_StdPeriph_Driver/libstm32fw.a(stm32f10x_dma.o)
                0x0800e008                DMA_DeInit
                0x0800e104                DMA_Init
                0x0800e144                DMA_StructInit
                0x0800e15e                DMA_Cmd
                0x0800e172                DMA_ITConfig
                0x0800e184                DMA_GetCurrDataCounter
                0x0800e18a                DMA_GetFlagStatus
                0x0800e1a8                DMA_ClearFlag
                0x0800e1c0                DMA_GetITStatus
                0x0800e1e0                DMA_ClearITPendingBit
 .text          0x0800e1f8      0x108 lib/STM32F10x_StdPeriph_Driver/libstm32fw.a(stm32f10x_exti.o)
                0x0800e1f8                EXTI_DeInit
                0x0800e214                EXTI_Init
                0x0800e298                EXTI_StructInit
                0x0800e2a6                EXTI_GenerateSWInterrupt
                0x0800e2b8                EXTI_GetFlagStatus
                0x0800e2cc                EXTI_ClearFlag
                0x0800e2d8                EXTI_GetITStatus
                0x0800e2f4                EXTI_ClearITPendingBit
 .text          0x0800e300      0x278 lib/STM32F10x_StdPeriph_Driver/libstm32fw.a(stm32f10x_gpio.o)
                0x0800e300                GPIO_DeInit
                0x0800e3ac                GPIO_AFIODeInit
                0x0800e3c2                GPIO_Init
                0x0800e45a                GPIO_StructInit
                0x0800e46a                GPIO_ReadInputDataBit
                0x0800e476                GPIO_ReadInputData
                0x0800e47c                GPIO_ReadOutputDataBit
                0x0800e488                GPIO_ReadOutputData
                0x0800e48e                GPIO_SetBits
                0x0800e492                GPIO_ResetBits
                0x0800e496                GPIO_WriteBit
                0x0800e4a0                GPIO_Write
                0x0800e4a4                GPIO_PinLockConfig
                0x0800e4b4                GPIO_EventOutputConfig
                0x0800e4d4                GPIO_EventOutputCmd
                0x0800e4e0                GPIO_PinRemapConfig
                0x0800e538                GPIO_EXTILineConfig
                0x0800e56c                GPIO_ETH_MediaInterfaceConfig
 .text          0x0800e578      0x3b4 lib/STM32F10x_StdPeriph_Driver/libstm32fw.a(stm32f10x_i2c.o)
                0x0800e578                I2C_DeInit
                0x0800e5ac                I2C_Init
                0x0800e67c                I2C_StructInit
                0x0800e698                I2C_Cmd
                0x0800e6b2                I2C_DMACmd
                0x0800e6cc                I2C_DMALastTransferCmd
                0x0800e6e6                I2C_GenerateSTART
                0x0800e700                I2C_GenerateSTOP
                0x0800e71a                I2C_AcknowledgeConfig
                0x0800e734                I2C_OwnAddress2Config
                0x0800e74a                I2C_DualAddressCmd
                0x0800e764                I2C_GeneralCallCmd
                0x0800e77e                I2C_ITConfig
                0x0800e794                I2C_SendData
                0x0800e798                I2C_ReceiveData
                0x0800e79e                I2C_Send7bitAddress
                0x0800e7ae                I2C_ReadRegister
                0x0800e7c6                I2C_SoftwareResetCmd
                0x0800e7de                I2C_SMBusAlertConfig
                0x0800e7fc                I2C_TransmitPEC
                0x0800e816                I2C_PECPositionConfig
                0x0800e834                I2C_CalculatePEC
                0x0800e84e                I2C_GetPEC
                0x0800e856                I2C_ARPCmd
                0x0800e870                I2C_StretchClockCmd
                0x0800e88a                I2C_FastModeDutyCycleConfig
                0x0800e8a8                I2C_GetLastEvent
                0x0800e8b8                I2C_CheckEvent
                0x0800e8d0                I2C_GetFlagStatus
                0x0800e904                I2C_ClearFlag
                0x0800e90a                I2C_GetITStatus
                0x0800e926                I2C_ClearITPendingBit
 .text          0x0800e92c       0x58 lib/STM32F10x_StdPeriph_Driver/libstm32fw.a(stm32f10x_iwdg.o)
                0x0800e92c                IWDG_WriteAccessCmd
                0x0800e938                IWDG_SetPrescaler
                0x0800e944                IWDG_SetReload
                0x0800e950                IWDG_ReloadCounter
                0x0800e960                IWDG_Enable
                0x0800e970                IWDG_GetFlagStatus
 .text          0x0800e984       0xcc lib/STM32F10x_StdPeriph_Driver/libstm32fw.a(stm32f10x_pwr.o)
                0x0800e988                PWR_DeInit
                0x0800e9a2                PWR_BackupAccessCmd
                0x0800e9ac                PWR_PVDCmd
                0x0800e9b8                PWR_PVDLevelConfig
                0x0800e9cc                PWR_WakeUpPinCmd
                0x0800e9d8                PWR_EnterSTOPMode
                0x0800ea04                PWR_EnterSTANDBYMode
                0x0800ea2c                PWR_GetFlagStatus
                0x0800ea40                PWR_ClearFlag
 .text          0x0800ea50      0x360 lib/STM32F10x_StdPeriph_Driver/libstm32fw.a(stm32f10x_rcc.o)
                0x0800ea50                RCC_DeInit
                0x0800ea90                RCC_HSEConfig
                0x0800eac8                RCC_AdjustHSICalibrationValue
                0x0800eadc                RCC_HSICmd
                0x0800eae8                RCC_PLLConfig
                0x0800eb00                RCC_PLLCmd
                0x0800eb0c                RCC_SYSCLKConfig
                0x0800eb20                RCC_GetSYSCLKSource
                0x0800eb30                RCC_HCLKConfig
                0x0800eb44                RCC_PCLK1Config
                0x0800eb58                RCC_PCLK2Config
                0x0800eb6c                RCC_ITConfig
                0x0800eb84                RCC_USBCLKConfig
                0x0800eb90                RCC_ADCCLKConfig
                0x0800eba4                RCC_LSEConfig
                0x0800ebc4                RCC_LSICmd
                0x0800ebd0                RCC_RTCCLKConfig
                0x0800ebe0                RCC_RTCCLKCmd
                0x0800ebec                RCC_GetClocksFreq
                0x0800ec90                RCC_AHBPeriphClockCmd
                0x0800eca8                RCC_APB2PeriphClockCmd
                0x0800ecc0                RCC_APB1PeriphClockCmd
                0x0800ecd8                RCC_APB2PeriphResetCmd
                0x0800ecf0                RCC_APB1PeriphResetCmd
                0x0800ed08                RCC_BackupResetCmd
                0x0800ed14                RCC_ClockSecuritySystemCmd
                0x0800ed20                RCC_MCOConfig
                0x0800ed2c                RCC_GetFlagStatus
                0x0800ed54                RCC_WaitForHSEStartUp
                0x0800ed80                RCC_ClearFlag
                0x0800ed90                RCC_GetITStatus
                0x0800eda4                RCC_ClearITPendingBit
 .text          0x0800edb0      0x158 lib/STM32F10x_StdPeriph_Driver/libstm32fw.a(stm32f10x_rtc.o)
                0x0800edb0                RTC_ITConfig
                0x0800edcc                RTC_EnterConfigMode
                0x0800ede0                RTC_ExitConfigMode
                0x0800edf4                RTC_GetCounter
                0x0800ee08                RTC_SetCounter
                0x0800ee24                RTC_SetPrescaler
                0x0800ee44                RTC_SetAlarm
                0x0800ee60                RTC_GetDivider
                0x0800ee78                RTC_WaitForLastTask
                0x0800ee88                RTC_WaitForSynchro
                0x0800eea8                RTC_GetFlagStatus
                0x0800eebc                RTC_ClearFlag
                0x0800eed0                RTC_GetITStatus
                0x0800eef4                RTC_ClearITPendingBit
 .text          0x0800ef08      0x2d4 lib/STM32F10x_StdPeriph_Driver/libstm32fw.a(stm32f10x_spi.o)
                0x0800ef08                SPI_I2S_DeInit
                0x0800ef6c                SPI_Init
                0x0800efac                I2S_Init
                0x0800f04c                SPI_StructInit
                0x0800f064                I2S_StructInit
                0x0800f076                SPI_Cmd
                0x0800f090                I2S_Cmd
                0x0800f0aa                SPI_I2S_ITConfig
                0x0800f0c8                SPI_I2S_DMACmd
                0x0800f0de                SPI_I2S_SendData
                0x0800f0e2                SPI_I2S_ReceiveData
                0x0800f0e8                SPI_NSSInternalSoftwareConfig
                0x0800f108                SPI_SSOutputCmd
                0x0800f122                SPI_DataSizeConfig
                0x0800f13a                SPI_TransmitCRC
                0x0800f146                SPI_CalculateCRC
                0x0800f160                SPI_GetCRC
                0x0800f170                SPI_GetCRCPolynomial
                0x0800f176                SPI_BiDirectionalLineConfig
                0x0800f194                SPI_I2S_GetFlagStatus
                0x0800f1a0                SPI_I2S_ClearFlag
                0x0800f1a6                SPI_I2S_GetITStatus
                0x0800f1cc                SPI_I2S_ClearITPendingBit
 .text          0x0800f1dc      0x374 lib/STM32F10x_StdPeriph_Driver/libstm32fw.a(stm32f10x_usart.o)
                0x0800f1dc                USART_DeInit
                0x0800f274                USART_Init
                0x0800f304                USART_StructInit
                0x0800f31a                USART_ClockInit
                0x0800f340                USART_ClockStructInit
                0x0800f34c                USART_Cmd
                0x0800f366                USART_ITConfig
                0x0800f39c                USART_DMACmd
                0x0800f3b2                USART_SetAddress
                0x0800f3ca                USART_WakeUpConfig
                0x0800f3e2                USART_ReceiverWakeUpCmd
                0x0800f3fc                USART_LINBreakDetectLengthConfig
                0x0800f414                USART_LINCmd
                0x0800f42e                USART_SendData
                0x0800f436                USART_ReceiveData
                0x0800f43e                USART_SendBreak
                0x0800f44a                USART_SetGuardTime
                0x0800f45c                USART_SetPrescaler
                0x0800f470                USART_SmartCardCmd
                0x0800f48a                USART_SmartCardNACKCmd
                0x0800f4a4                USART_HalfDuplexCmd
                0x0800f4be                USART_IrDAConfig
                0x0800f4d6                USART_IrDACmd
                0x0800f4f0                USART_GetFlagStatus
                0x0800f4fc                USART_ClearFlag
                0x0800f502                USART_GetITStatus
                0x0800f542                USART_ClearITPendingBit
 .text          0x0800f550      0xa54 lib/STM32_USB-FS-Device_Driver/libstm32usb.a(usb_core.o)
                0x0800f550                Standard_GetConfiguration
                0x0800f578                Standard_GetInterface
                0x0800f5a0                Standard_GetStatus
                0x0800f714                Standard_SetConfiguration
                0x0800f750                Standard_SetInterface
                0x0800f7a0                Standard_ClearFeature
                0x0800f89c                Standard_SetEndPointFeature
                0x0800f950                Standard_SetDeviceFeature
                0x0800f974                Standard_GetDescriptorData
                0x0800f990                Post0_Process
                0x0800f9d8                Out0_Process
                0x0800fab4                Setup0_Process
                0x0800fe84                SetDeviceAddress
                0x0800ff40                In0_Process
                0x0800ffa0                NOP_Process
 .text          0x0800ffa4       0x38 lib/STM32_USB-FS-Device_Driver/libstm32usb.a(usb_init.o)
                0x0800ffa4                USB_Init
 .text          0x0800ffdc      0x25c lib/STM32_USB-FS-Device_Driver/libstm32usb.a(usb_int.o)
                0x0800ffdc                CTR_LP
                0x080101a4                CTR_HP
 .text          0x08010238       0xb8 lib/STM32_USB-FS-Device_Driver/libstm32usb.a(usb_mem.o)
                0x08010238                UserToPMABufferCopy
                0x080102a0                PMAToUserBufferCopy
 .text          0x080102f0      0x880 lib/STM32_USB-FS-Device_Driver/libstm32usb.a(usb_regs.o)
                0x080102f0                SetCNTR
                0x080102fc                GetCNTR
                0x08010308                SetISTR
                0x08010314                GetISTR
                0x08010320                GetFNR
                0x0801032c                SetDADDR
                0x08010338                GetDADDR
                0x08010344                SetBTABLE
                0x08010358                GetBTABLE
                0x08010364                SetENDPOINT
                0x08010374                GetENDPOINT
                0x08010384                SetEPType
                0x080103a0                GetEPType
                0x080103b4                SetEPTxStatus
                0x080103f4                SetEPRxStatus
                0x08010434                SetDouBleBuffEPStall
                0x0801045c                GetEPTxStatus
                0x08010470                GetEPRxStatus
                0x08010484                SetEPTxValid
                0x080104a8                SetEPRxValid
                0x080104cc                SetEP_KIND
                0x080104ec                ClearEP_KIND
                0x0801050c                Clear_Status_Out
                0x0801052c                Set_Status_Out
                0x0801054c                SetEPDoubleBuff
                0x0801056c                ClearEPDoubleBuff
                0x0801058c                GetTxStallStatus
                0x080105ac                GetRxStallStatus
                0x080105cc                ClearEP_CTR_RX
                0x080105e4                ClearEP_CTR_TX
                0x080105fc                ToggleDTOG_RX
                0x0801061c                ToggleDTOG_TX
                0x0801063c                ClearDTOG_RX
                0x08010664                ClearDTOG_TX
                0x0801068c                SetEPAddress
                0x080106b0                GetEPAddress
                0x080106c4                SetEPTxAddr
                0x080106e8                SetEPRxAddr
                0x08010710                GetEPTxAddr
                0x08010730                GetEPRxAddr
                0x08010750                SetEPTxCount
                0x08010770                SetEPCountRxReg
                0x0801079c                SetEPRxCount
                0x080107e4                GetEPTxCount
                0x08010808                GetEPRxCount
                0x0801082c                SetEPDblBuffAddr
                0x08010874                SetEPDblBuf0Addr
                0x08010898                SetEPDblBuf1Addr
                0x080108c0                GetEPDblBuf0Addr
                0x080108e0                GetEPDblBuf1Addr
                0x08010900                SetEPDblBuffCount
                0x080109ac                SetEPDblBuf0Count
                0x08010a14                SetEPDblBuf1Count
                0x08010a7c                GetEPDblBuf0Count
                0x08010aa0                GetEPDblBuf1Count
                0x08010ac4                GetEPDblBufDir
                0x08010b0c                FreeUserBuffer
                0x08010b5c                ToWord
                0x08010b64                ByteSwap
 .text          0x08010b70       0x6c lib/STM32_USB-FS-Device_Driver/libstm32usb.a(usb_sil.o)
                0x08010b70                USB_SIL_Init
                0x08010b90                USB_SIL_Write
                0x08010bb8                USB_SIL_Read
 .text          0x08010bdc      0x370 /home/laurence/CodeSourcery/Sourcery_G++_Lite/bin/../lib/gcc/arm-none-eabi/4.5.2/thumb2/libgcc.a(_arm_addsubdf3.o)
                0x08010bdc                __aeabi_drsub
                0x08010be4                __aeabi_dsub
                0x08010be4                __subdf3
                0x08010be8                __adddf3
                0x08010be8                __aeabi_dadd
                0x08010e60                __aeabi_ui2d
                0x08010e60                __floatunsidf
                0x08010e80                __floatsidf
                0x08010e80                __aeabi_i2d
                0x08010ea4                __extendsfdf2
                0x08010ea4                __aeabi_f2d
                0x08010ee0                __aeabi_ul2d
                0x08010ee0                __floatundidf
                0x08010ef0                __floatdidf
                0x08010ef0                __aeabi_l2d
 .text          0x08010f4c      0x424 /home/laurence/CodeSourcery/Sourcery_G++_Lite/bin/../lib/gcc/arm-none-eabi/4.5.2/thumb2/libgcc.a(_arm_muldivdf3.o)
                0x08010f4c                __aeabi_dmul
                0x08010f4c                __muldf3
                0x080111a0                __aeabi_ddiv
                0x080111a0                __divdf3
 .text          0x08011370      0x110 /home/laurence/CodeSourcery/Sourcery_G++_Lite/bin/../lib/gcc/arm-none-eabi/4.5.2/thumb2/libgcc.a(_arm_cmpdf2.o)
                0x08011370                __gtdf2
                0x08011370                __gedf2
                0x08011378                __ltdf2
                0x08011378                __ledf2
                0x08011380                __cmpdf2
                0x08011380                __eqdf2
                0x08011380                __nedf2
                0x080113fc                __aeabi_cdrcmple
                0x0801140c                __aeabi_cdcmple
                0x0801140c                __aeabi_cdcmpeq
                0x0801141c                __aeabi_dcmpeq
                0x08011430                __aeabi_dcmplt
                0x08011444                __aeabi_dcmple
                0x08011458                __aeabi_dcmpge
                0x0801146c                __aeabi_dcmpgt
 .text          0x08011480       0xa0 /home/laurence/CodeSourcery/Sourcery_G++_Lite/bin/../lib/gcc/arm-none-eabi/4.5.2/thumb2/libgcc.a(_arm_truncdfsf2.o)
                0x08011480                __aeabi_d2f
                0x08011480                __truncdfsf2
 .text          0x08011520      0x21c /home/laurence/CodeSourcery/Sourcery_G++_Lite/bin/../lib/gcc/arm-none-eabi/4.5.2/thumb2/libgcc.a(_arm_addsubsf3.o)
                0x08011520                __aeabi_frsub
                0x08011528                __subsf3
                0x08011528                __aeabi_fsub
                0x0801152c                __aeabi_fadd
                0x0801152c                __addsf3
                0x0801168c                __aeabi_ui2f
                0x0801168c                __floatunsisf
                0x08011694                __aeabi_i2f
                0x08011694                __floatsisf
                0x080116b0                __floatundisf
                0x080116b0                __aeabi_ul2f
                0x080116c0                __floatdisf
                0x080116c0                __aeabi_l2f
 .text          0x0801173c      0x2a0 /home/laurence/CodeSourcery/Sourcery_G++_Lite/bin/../lib/gcc/arm-none-eabi/4.5.2/thumb2/libgcc.a(_arm_muldivsf3.o)
                0x0801173c                __mulsf3
                0x0801173c                __aeabi_fmul
                0x080118a4                __divsf3
                0x080118a4                __aeabi_fdiv
 .text          0x080119dc       0xec /home/laurence/CodeSourcery/Sourcery_G++_Lite/bin/../lib/gcc/arm-none-eabi/4.5.2/thumb2/libgcc.a(_arm_cmpsf2.o)
                0x080119dc                __gtsf2
                0x080119dc                __gesf2
                0x080119e4                __lesf2
                0x080119e4                __ltsf2
                0x080119ec                __nesf2
                0x080119ec                __eqsf2
                0x080119ec                __cmpsf2
                0x08011a4c                __aeabi_cfrcmple
                0x08011a54                __aeabi_cfcmple
                0x08011a54                __aeabi_cfcmpeq
                0x08011a64                __aeabi_fcmpeq
                0x08011a78                __aeabi_fcmplt
                0x08011a8c                __aeabi_fcmple
                0x08011aa0                __aeabi_fcmpge
                0x08011ab4                __aeabi_fcmpgt
 .text          0x08011ac8       0x4c /home/laurence/CodeSourcery/Sourcery_G++_Lite/bin/../lib/gcc/arm-none-eabi/4.5.2/thumb2/libgcc.a(_arm_fixsfsi.o)
                0x08011ac8                __fixsfsi
                0x08011ac8                __aeabi_f2iz
 .text          0x08011b14       0x40 /home/laurence/CodeSourcery/Sourcery_G++_Lite/bin/../lib/gcc/arm-none-eabi/4.5.2/thumb2/libgcc.a(_arm_fixunssfsi.o)
                0x08011b14                __aeabi_f2uiz
                0x08011b14                __fixunssfsi
 .text          0x08011b54       0x20 /home/laurence/CodeSourcery/Sourcery_G++_Lite/bin/../lib/gcc/arm-none-eabi/4.5.2/../../../../arm-none-eabi/lib/thumb2/libc.a(lib_a-malloc.o)
                0x08011b54                malloc
                0x08011b64                free
 .text          0x08011b74      0x57c /home/laurence/CodeSourcery/Sourcery_G++_Lite/bin/../lib/gcc/arm-none-eabi/4.5.2/../../../../arm-none-eabi/lib/thumb2/libc.a(lib_a-mallocr.o)
                0x08011b74                _malloc_r
 .text          0x080120f0       0x64 /home/laurence/CodeSourcery/Sourcery_G++_Lite/bin/../lib/gcc/arm-none-eabi/4.5.2/../../../../arm-none-eabi/lib/thumb2/libc.a(lib_a-memcmp.o)
                0x080120f0                memcmp
 .text          0x08012154        0x8 /home/laurence/CodeSourcery/Sourcery_G++_Lite/bin/../lib/gcc/arm-none-eabi/4.5.2/../../../../arm-none-eabi/lib/thumb2/libc.a(lib_a-mlock.o)
                0x08012154                __malloc_lock
                0x08012158                __malloc_unlock
 .text          0x0801215c       0x28 /home/laurence/CodeSourcery/Sourcery_G++_Lite/bin/../lib/gcc/arm-none-eabi/4.5.2/../../../../arm-none-eabi/lib/thumb2/libc.a(lib_a-sbrkr.o)
                0x0801215c                _sbrk_r
 .text          0x08012184       0x60 /home/laurence/CodeSourcery/Sourcery_G++_Lite/bin/../lib/gcc/arm-none-eabi/4.5.2/../../../../arm-none-eabi/lib/thumb2/libc.a(lib_a-strlen.o)
                0x08012184                strlen
 .text          0x080121e4      0x240 /home/laurence/CodeSourcery/Sourcery_G++_Lite/bin/../lib/gcc/arm-none-eabi/4.5.2/../../../../arm-none-eabi/lib/thumb2/libc.a(lib_a-freer.o)
                0x080121e4                _malloc_trim_r
                0x0801228c                _free_r
 .text          0x08012424       0x30 /home/laurence/CodeSourcery/Sourcery_G++_Lite/bin/../lib/gcc/arm-none-eabi/4.5.2/../../../../arm-none-eabi/lib/thumb2/libcs3.a(start_c.o)
                0x08012424                __cs3_premain
 .text.cs3.init
                0x08012454       0x50 /home/laurence/CodeSourcery/Sourcery_G++_Lite/bin/../lib/gcc/arm-none-eabi/4.5.2/../../../../arm-none-eabi/lib/thumb2/libcs3.a(start_c.o)
                0x08012454                __cs3_start_c
 .text          0x080124a4       0x40 /home/laurence/CodeSourcery/Sourcery_G++_Lite/bin/../lib/gcc/arm-none-eabi/4.5.2/../../../../arm-none-eabi/lib/thumb2/libcs3unhosted.a(unhosted-sbrk.o)
                0x080124a4                _sbrk
 .text.cs3.init
                0x080124e4       0x10 /home/laurence/CodeSourcery/Sourcery_G++_Lite/bin/../lib/gcc/arm-none-eabi/4.5.2/../../../../arm-none-eabi/lib/thumb2/libcs3unhosted.a(unhosted-start.o)
                0x080124e4                _start
 .text          0x080124f4        0x2 lib/libcs3-lanchon-stm32.a(lanchon_stm32_isr_interrupt.o)
                0x080124f4                MemManageException
                0x080124f4                BusFaultException
                0x080124f4                DMAChannel7_IRQHandler
                0x080124f4                DebugMonitor
                0x080124f4                SVCHandler
                0x080124f4                HardFaultException
                0x080124f4                __STM32ReservedException8
                0x080124f4                __STM32DefaultExceptionHandler
                0x080124f4                DMAChannel1_IRQHandler
                0x080124f4                CAN_SCE_IRQHandler
                0x080124f4                __STM32ReservedException10
                0x080124f4                __STM32ReservedException13
                0x080124f4                NMIException
                0x080124f4                DMAChannel4_IRQHandler
                0x080124f4                PendSVC
                0x080124f4                CAN_RX1_IRQHandler
                0x080124f4                ADC_IRQHandler
                0x080124f4                DMAChannel5_IRQHandler
                0x080124f4                DMAChannel2_IRQHandler
                0x080124f4                __STM32ReservedException7
                0x080124f4                UsageFaultException
                0x080124f4                DMAChannel6_IRQHandler
                0x080124f4                DMAChannel3_IRQHandler
                0x080124f4                __STM32ReservedException9
 *fill*         0x080124f6        0x2 00
 .text          0x080124f8        0xc /home/laurence/CodeSourcery/Sourcery_G++_Lite/bin/../lib/gcc/arm-none-eabi/4.5.2/../../../../arm-none-eabi/lib/thumb2/libc.a(lib_a-errno.o)
                0x080124f8                __errno
 .text          0x08012504       0x50 /home/laurence/CodeSourcery/Sourcery_G++_Lite/bin/../lib/gcc/arm-none-eabi/4.5.2/../../../../arm-none-eabi/lib/thumb2/libc.a(lib_a-init.o)
                0x08012504                __libc_init_array
 *(.plt)
 *(.gnu.warning)
 *(.glue_7t)
 .glue_7t       0x00000000        0x0 linker stubs
 *(.glue_7)
 .glue_7        0x00000000        0x0 linker stubs
 *(.vfp11_veneer)
 .vfp11_veneer  0x00000000        0x0 linker stubs
 *(.rodata .rodata.* .gnu.linkonce.r.*)
 .rodata        0x08012554       0x20 Sensors/amb_sensors.o
                0x08012554                LSM_330_ACCEL_config
                0x0801255c                LSM_330_ACCEL_FIFO_config
                0x08012560                LSM_330_GYRO_config
                0x08012564                ADXL_config
                0x0801256c                HMC_config
                0x08012570                ITG3200_config
 .rodata        0x08012574       0xac Util/USB/usb_desc.o
                0x08012574                MASS_DeviceDescriptor
                0x08012588                MASS_ConfigDescriptor
                0x080125a8                MASS_StringLangID
                0x080125ac                MASS_StringVendor
                0x080125e0                MASS_StringProduct
                0x08012610                MASS_StringInterface
 .rodata        0x08012620     0x7738 Util/fat_fs/option/cc932.o
 .rodata.str1.4
                0x08019d58       0x13 Util/fat_fs/src/ff.o
                                 0x14 (size before relaxing)
 *fill*         0x08019d6b        0x1 00
 .rodata        0x08019d6c        0xc Util/fat_fs/src/rtc.o
 .rodata        0x08019d78       0xf4 Util/filter_1200.o
 .rodata        0x08019e6c       0x14 Util/rprintf.o
 .rodata.str1.4
                0x08019e80       0x1a Util/rprintf.o
                                 0x1c (size before relaxing)
 *fill*         0x08019e9a        0x2 00
 .rodata        0x08019e9c       0x14 lib/CMSIS_CM3/system_stm32f10x.o
                0x08019e9c                SystemFrequency
                0x08019ea0                SystemFrequency_SysClk
                0x08019ea4                SystemFrequency_AHBClk
                0x08019ea8                SystemFrequency_APB1Clk
                0x08019eac                SystemFrequency_APB2Clk
 .rodata.str1.4
                0x08019eb0      0x1e3 main.o
                                0x1e8 (size before relaxing)
 *fill*         0x0801a093        0x1 00
 .rodata.str1.4
                0x0801a094       0x28 pwr.o
 .rodata.str1.4
                0x0801a0bc        0x4 /home/laurence/CodeSourcery/Sourcery_G++_Lite/bin/../lib/gcc/arm-none-eabi/4.5.2/../../../../arm-none-eabi/lib/thumb2/libc.a(lib_a-impure.o)
 *(.ARM.extab* .gnu.linkonce.armextab.*)
 *(.gcc_except_table)
 *(.eh_frame_hdr)
 *(.eh_frame)
                0x0801a0c0                . = ALIGN (0x4)
 *(.init)
 .init          0x0801a0c0        0x4 /home/laurence/CodeSourcery/Sourcery_G++_Lite/bin/../lib/gcc/arm-none-eabi/4.5.2/thumb2/crti.o
                0x0801a0c0                _init
 .init          0x0801a0c4        0x8 /home/laurence/CodeSourcery/Sourcery_G++_Lite/bin/../lib/gcc/arm-none-eabi/4.5.2/thumb2/crtn.o
                0x0801a0cc                . = ALIGN (0x4)
                0x0801a0cc                _sidata = .
                0x0801a0cc                __preinit_array_start = .
 *(.preinit_array)
                0x0801a0cc                __preinit_array_end = .
                0x0801a0cc                . = ALIGN (0x4)
                0x0801a0cc                __init_array_start = .
 *(SORT(.init_array.*))
 *(.init_array)
 .init_array    0x0801a0cc        0x4 /home/laurence/CodeSourcery/Sourcery_G++_Lite/bin/../lib/gcc/arm-none-eabi/4.5.2/thumb2/crtbegin.o
                0x0801a0d0                __init_array_end = .
                0x0801a0d0                . = ALIGN (0x4)
 *crtbegin.o(.ctors)
 *(EXCLUDE_FILE(*crtend.o) .ctors)
 *(SORT(.ctors.*))
 *crtend.o(.ctors)
                0x0801a0d0                . = ALIGN (0x4)
 *(.fini)
 .fini          0x0801a0d0        0x4 /home/laurence/CodeSourcery/Sourcery_G++_Lite/bin/../lib/gcc/arm-none-eabi/4.5.2/thumb2/crti.o
                0x0801a0d0                _fini
 .fini          0x0801a0d4        0x8 /home/laurence/CodeSourcery/Sourcery_G++_Lite/bin/../lib/gcc/arm-none-eabi/4.5.2/thumb2/crtn.o
                0x0801a0dc                . = ALIGN (0x4)
                0x0801a0dc                __fini_array_start = .
 *(.fini_array)
 .fini_array    0x0801a0dc        0x4 /home/laurence/CodeSourcery/Sourcery_G++_Lite/bin/../lib/gcc/arm-none-eabi/4.5.2/thumb2/crtbegin.o
 *(SORT(.fini_array.*))
                0x0801a0e0                __fini_array_end = .
 *crtbegin.o(.dtors)
 *(EXCLUDE_FILE(*crtend.o) .dtors)
 *(SORT(.dtors.*))
 *crtend.o(.dtors)
                0x0801a0e0                . = ALIGN (0x4)
                0x0801a0e0                __cs3_regions = .
                0x0801a0e0        0x4 LONG 0x0
                0x0801a0e4        0x4 LONG 0x801a0f8 __cs3_region_init_ram
                0x0801a0e8        0x4 LONG 0x20000000 __cs3_region_start_ram
                0x0801a0ec        0x4 LONG 0x708 __cs3_region_init_size_ram
                0x0801a0f0        0x4 LONG 0x1380 __cs3_region_zero_size_ram
                0x0801a0f4                __exidx_start = .

.v4_bx          0x0801a0f4        0x0
 .v4_bx         0x00000000        0x0 linker stubs

.ARM.exidx
 *(.ARM.exidx* .gnu.linkonce.armexidx.*)
                0x0801a0f4                __exidx_end = .

.text.align     0x0801a0f4        0x4
                0x0801a0f8                . = ALIGN (0x8)
 *fill*         0x0801a0f4        0x4 00
                0x0801a0f8                _etext = .
                0x08020000                __cs3_region_end_rom = (__cs3_region_start_rom + 0x20000)
                0x00020000                __cs3_region_size_rom = 0x20000
                0x00000001                __cs3_region_num = 0x1

.data           0x20000000      0x708 load address 0x0801a0f8
                0x20000000                __cs3_region_start_ram = .
                0x20000000                _sdata = .
 *(.cs3.region-head.ram)
 *(.jcr)
 .jcr           0x20000000        0x0 /home/laurence/CodeSourcery/Sourcery_G++_Lite/bin/../lib/gcc/arm-none-eabi/4.5.2/thumb2/crtbegin.o
 .jcr           0x20000000        0x4 /home/laurence/CodeSourcery/Sourcery_G++_Lite/bin/../lib/gcc/arm-none-eabi/4.5.2/thumb2/crtend.o
 *(.got.plt)
 *(.got)
 *(.shdata)
 *(.data .data.* .gnu.linkonce.d.*)
 .data          0x20000004       0x80 Sensors/amb_sensors.o
                0x20000004                I2C_jobs
 .data          0x20000084       0x74 Util/USB/scsi_data.o
                0x20000084                Standard_Inquiry_Data
                0x200000a8                Standard_Inquiry_Data2
                0x200000cc                Mode_Sense6_data
                0x200000d0                Mode_Sense10_data
                0x200000d8                Scsi_Sense_Data
                0x200000ec                ReadFormatCapacity_Data
 .data          0x200000f8       0x1c Util/USB/usb_desc.o
                0x200000f8                MASS_StringSerial
 .data          0x20000114       0x38 Util/USB/usb_istr.o
                0x20000114                pEpInt_IN
                0x20000130                pEpInt_OUT
 .data          0x2000014c       0x90 Util/USB/usb_prop.o
                0x2000014c                String_Descriptor
                0x20000174                Config_Descriptor
                0x2000017c                Device_Descriptor
                0x20000184                Device_Property
                0x200001b4                Device_Table
                0x200001b8                User_Standard_Requests
 .data          0x200001dc        0x1 Util/USB/usb_pwr.o
                0x200001dc                fSuspendEnabled
 *fill*         0x200001dd        0x3 00
 .data          0x200001e0        0x4 Util/fat_fs/src/sd_spi_stm32.o
 .data          0x200001e4       0x14 lib/STM32F10x_StdPeriph_Driver/libstm32fw.a(stm32f10x_rcc.o)
 .data          0x200001f8      0x410 /home/laurence/CodeSourcery/Sourcery_G++_Lite/bin/../lib/gcc/arm-none-eabi/4.5.2/../../../../arm-none-eabi/lib/thumb2/libc.a(lib_a-mallocr.o)
                0x200001f8                __malloc_av_
                0x20000600                __malloc_sbrk_base
                0x20000604                __malloc_trim_threshold
 .data          0x20000608       0xf4 /home/laurence/CodeSourcery/Sourcery_G++_Lite/bin/../lib/gcc/arm-none-eabi/4.5.2/../../../../arm-none-eabi/lib/thumb2/libc.a(lib_a-impure.o)
                0x20000608                _impure_ptr
 .data          0x200006fc        0x4 /home/laurence/CodeSourcery/Sourcery_G++_Lite/bin/../lib/gcc/arm-none-eabi/4.5.2/../../../../arm-none-eabi/lib/thumb2/libcs3unhosted.a(unhosted-sbrk.o)
 .data          0x20000700        0x4 /home/laurence/CodeSourcery/Sourcery_G++_Lite/bin/../lib/gcc/arm-none-eabi/4.5.2/../../../../arm-none-eabi/lib/thumb2/libcs3.a(heap.o)
                0x20000700                __cs3_heap_limit
 *(.ram)
                0x20000708                . = ALIGN (0x8)
 *fill*         0x20000704        0x4 00
                0x20000708                _edata = .

.bss            0x20000708     0x1380 load address 0x0801a800
                0x20000708                _sbss = .
 *(.shbss)
 *(.bss .bss.* .gnu.linkonce.b.*)
 .bss           0x20000708        0x1 /home/laurence/CodeSourcery/Sourcery_G++_Lite/bin/../lib/gcc/arm-none-eabi/4.5.2/thumb2/crtbegin.o
 *fill*         0x20000709        0x3 00
 .bss           0x2000070c        0x4 Util/USB/mass_mal.o
                0x2000070c                Status
 .bss           0x20000710       0x1c Util/USB/memory.o
                0x20000710                TransferState
                0x2000071c                Counter
                0x20000728                Block_Read_count
 .bss           0x2000072c       0x10 Util/USB/scsi_data.o
                0x2000072c                Page00_Inquiry_Data
                0x20000734                ReadCapacity10_Data
 .bss           0x2000073c        0x1 Util/USB/usb_istr.o
                0x2000073c                bIntPackSOF
 *fill*         0x2000073d        0x3 00
 .bss           0x20000740        0x4 Util/USB/usb_prop.o
                0x20000740                Max_Lun
 .bss           0x20000744        0x4 Util/USB/usb_pwr.o
                0x20000744                bDeviceState
 .bss           0x20000748        0xc Util/fat_fs/src/ff.o
 .bss           0x20000754       0x10 Util/fat_fs/src/sd_spi_stm32.o
 .bss           0x20000764       0x84 Util/rprintf.o
 .bss           0x200007e8        0x3 i2c_int.o
 *fill*         0x200007eb        0x1 00
 .bss           0x200007ec        0x8 interrupts.o
 .bss           0x200007f4      0x238 main.o
                0x20000a28                file_opened
 .bss           0x20000a2c        0x1 lib/STM32_USB-FS-Device_Driver/libstm32usb.a(usb_core.o)
                0x20000a2c                Data_Mul_MaxPacketSize
 *fill*         0x20000a2d        0x3 00
 .bss           0x20000a30       0x34 /home/laurence/CodeSourcery/Sourcery_G++_Lite/bin/../lib/gcc/arm-none-eabi/4.5.2/../../../../arm-none-eabi/lib/thumb2/libc.a(lib_a-mallocr.o)
                0x20000a30                __malloc_top_pad
                0x20000a34                __malloc_current_mallinfo
                0x20000a5c                __malloc_max_sbrked_mem
                0x20000a60                __malloc_max_total_mem
 *(COMMON)
 COMMON         0x20000a64      0x637 Sensors/amb_sensors.o
                0x20000a64                LSM330_Gyro_Filter
                0x20000d4c                LSM330_Accel_Filter
                0x20001034                Rawdata
                0x20001074                LastFifo
                0x2000107c                RawFifo
                0x2000109a                I2C_Transactions_State
 *fill*         0x2000109b        0x1 00
 COMMON         0x2000109c       0x1c Util/USB/mass_mal.o
                0x2000109c                Mass_Memory_Size
                0x200010a4                Mass_Block_Size
                0x200010ac                Mass_Block_Count
                0x200010b4                Data_Buffer
 COMMON         0x200010b8        0x8 Util/USB/memory.o
                0x200010b8                Block_offset
                0x200010bc                Idx
 COMMON         0x200010c0       0x7c Util/USB/usb_bot.o
                0x200010c0                CBW
                0x200010e0                Data_Len
                0x200010e2                Bot_State
                0x200010e4                SCSI_LBA
                0x200010e8                CSW
                0x200010f8                SCSI_BlkLen
                0x200010fc                Bulk_Data_Buff
 COMMON         0x2000113c        0x2 Util/USB/usb_istr.o
                0x2000113c                wIstr
 *fill*         0x2000113e        0x2 00
 COMMON         0x20001140        0x2 Util/USB/usb_pwr.o
                0x20001140                ResumeS
 COMMON         0x20001142        0x1 Util/fat_fs/src/sd_spi_stm32.o
                0x20001142                Sd_Spi_Called_From_USB_MSC
 COMMON         0x20001143        0x1 gpio.o
                0x20001143                bootsource
 COMMON         0x20001144        0xd i2c_int.o
                0x20001144                I2C1error
                0x20001148                Jobs
                0x2000114c                Completed_Jobs
                0x20001150                job
 *fill*         0x20001151        0x3 00
 COMMON         0x20001154        0x8 interrupts.o
                0x20001154                Button_hold_tim
                0x20001158                Battery_Voltage
 COMMON         0x2000115c      0x8e8 main.o
                0x2000115c                Sensor_Cable
                0x20001160                battery_voltage
                0x20001164                FATFS_wavfile_accel
                0x20001388                forehead_buffer
                0x200013dc                f_err_code
                0x200013dd                System_state_Global
                0x200013e0                Millis
                0x200013e4                sfe_sensor_buffers
                0x200014d4                Sensors
                0x200014d8                FATFS_info
                0x200014f8                FATFS_wavfile_gyro
                0x2000171c                print_string
                0x2000181c                a
                0x20001820                FATFS_logfile
 COMMON         0x20001a44        0x2 lib/STM32_USB-FS-Device_Driver/libstm32usb.a(usb_core.o)
                0x20001a44                StatusInfo
 *fill*         0x20001a46        0x2 00
 COMMON         0x20001a48       0x32 lib/STM32_USB-FS-Device_Driver/libstm32usb.a(usb_init.o)
                0x20001a48                SaveState
                0x20001a4c                pProperty
                0x20001a50                EPindex
                0x20001a54                Device_Info
                0x20001a70                pUser_Standard_Requests
                0x20001a74                pInformation
                0x20001a78                wInterrupt_Mask
 COMMON         0x20001a7a        0x4 lib/STM32_USB-FS-Device_Driver/libstm32usb.a(usb_int.o)
                0x20001a7a                SaveRState
                0x20001a7c                SaveTState
 *fill*         0x20001a7e        0x2 00
 COMMON         0x20001a80        0x4 /home/laurence/CodeSourcery/Sourcery_G++_Lite/bin/../lib/gcc/arm-none-eabi/4.5.2/../../../../arm-none-eabi/lib/thumb2/libc.a(lib_a-reent.o)
                0x20001a80                errno
 *(.ram.b)
                0x20001a88                . = ALIGN (0x8)
 *fill*         0x20001a84        0x4 00
                0x20001a88                _ebss = .

.noinit         0x20001a88        0x0 load address 0x0801a800
 *(.noinit)
                0x20001a88                . = ALIGN (0x8)
                0x20001a88                _end = .
                0x20005000                __cs3_region_end_ram = (__cs3_region_start_ram + 0x5000)
                0x00005000                __cs3_region_size_ram = 0x5000
                0x0801a0f8                __cs3_region_init_ram = LOADADDR (.data)
                0x00000708                __cs3_region_init_size_ram = (_edata - ADDR (.data))
                0x00001380                __cs3_region_zero_size_ram = (_end - _edata)
                0x00000001                __cs3_region_num = 0x1

.stab
 *(.stab)

.stabstr
 *(.stabstr)

.debug
 *(.debug)

.line
 *(.line)

.debug_srcinfo
 *(.debug_srcinfo)

.debug_sfnames
 *(.debug_sfnames)

.comment        0x00000000       0x2a
 .comment       0x00000000       0x2a Sensors/amb_sensors.o
                                 0x2b (size before relaxing)
 .comment       0x00000000       0x2b Sensors/temperature.o
 .comment       0x00000000       0x2b Util/USB/hw_config.o
 .comment       0x00000000       0x2b Util/USB/mass_mal.o
 .comment       0x00000000       0x2b Util/USB/memory.o
 .comment       0x00000000       0x2b Util/USB/scsi_data.o
 .comment       0x00000000       0x2b Util/USB/usb_bot.o
 .comment       0x00000000       0x2b Util/USB/usb_desc.o
 .comment       0x00000000       0x2b Util/USB/usb_endp.o
 .comment       0x00000000       0x2b Util/USB/usb_istr.o
 .comment       0x00000000       0x2b Util/USB/usb_prop.o
 .comment       0x00000000       0x2b Util/USB/usb_pwr.o
 .comment       0x00000000       0x2b Util/USB/usb_scsi.o
 .comment       0x00000000       0x2b Util/buffer.o
 .comment       0x00000000       0x2b Util/delay.o
 .comment       0x00000000       0x2b Util/fat_fs/option/cc932.o
 .comment       0x00000000       0x2b Util/fat_fs/option/syscall.o
 .comment       0x00000000       0x2b Util/fat_fs/src/fattime.o
 .comment       0x00000000       0x2b Util/fat_fs/src/ff.o
 .comment       0x00000000       0x2b Util/fat_fs/src/rtc.o
 .comment       0x00000000       0x2b Util/fat_fs/src/sd_spi_stm32.o
 .comment       0x00000000       0x2b Util/filter_1200.o
 .comment       0x00000000       0x2b Util/filter_190.o
 .comment       0x00000000       0x2b Util/rprintf.o
 .comment       0x00000000       0x2b Util/stm32_eval_spi_sd.o
 .comment       0x00000000       0x2b Util/wave.o
 .comment       0x00000000       0x2b adc.o
 .comment       0x00000000       0x2b gpio.o
 .comment       0x00000000       0x2b i2c_int.o
 .comment       0x00000000       0x2b interrupts.o
 .comment       0x00000000       0x2b lib/CMSIS_CM3/core_cm3.o
 .comment       0x00000000       0x2b lib/CMSIS_CM3/system_stm32f10x.o
 .comment       0x00000000       0x2b main.o
 .comment       0x00000000       0x2b pwr.o
 .comment       0x00000000       0x2b usart.o
 .comment       0x00000000       0x2b watchdog.o
 .comment       0x00000000       0x2b lib/STM32F10x_StdPeriph_Driver/libstm32fw.a(misc.o)
 .comment       0x00000000       0x2b lib/STM32F10x_StdPeriph_Driver/libstm32fw.a(stm32f10x_adc.o)
 .comment       0x00000000       0x2b lib/STM32F10x_StdPeriph_Driver/libstm32fw.a(stm32f10x_bkp.o)
 .comment       0x00000000       0x2b lib/STM32F10x_StdPeriph_Driver/libstm32fw.a(stm32f10x_dbgmcu.o)
 .comment       0x00000000       0x2b lib/STM32F10x_StdPeriph_Driver/libstm32fw.a(stm32f10x_dma.o)
 .comment       0x00000000       0x2b lib/STM32F10x_StdPeriph_Driver/libstm32fw.a(stm32f10x_exti.o)
 .comment       0x00000000       0x2b lib/STM32F10x_StdPeriph_Driver/libstm32fw.a(stm32f10x_gpio.o)
 .comment       0x00000000       0x2b lib/STM32F10x_StdPeriph_Driver/libstm32fw.a(stm32f10x_i2c.o)
 .comment       0x00000000       0x2b lib/STM32F10x_StdPeriph_Driver/libstm32fw.a(stm32f10x_iwdg.o)
 .comment       0x00000000       0x2b lib/STM32F10x_StdPeriph_Driver/libstm32fw.a(stm32f10x_pwr.o)
 .comment       0x00000000       0x2b lib/STM32F10x_StdPeriph_Driver/libstm32fw.a(stm32f10x_rcc.o)
 .comment       0x00000000       0x2b lib/STM32F10x_StdPeriph_Driver/libstm32fw.a(stm32f10x_rtc.o)
 .comment       0x00000000       0x2b lib/STM32F10x_StdPeriph_Driver/libstm32fw.a(stm32f10x_spi.o)
 .comment       0x00000000       0x2b lib/STM32F10x_StdPeriph_Driver/libstm32fw.a(stm32f10x_usart.o)
 .comment       0x00000000       0x2b lib/STM32_USB-FS-Device_Driver/libstm32usb.a(usb_core.o)
 .comment       0x00000000       0x2b lib/STM32_USB-FS-Device_Driver/libstm32usb.a(usb_init.o)
 .comment       0x00000000       0x2b lib/STM32_USB-FS-Device_Driver/libstm32usb.a(usb_int.o)
 .comment       0x00000000       0x2b lib/STM32_USB-FS-Device_Driver/libstm32usb.a(usb_mem.o)
 .comment       0x00000000       0x2b lib/STM32_USB-FS-Device_Driver/libstm32usb.a(usb_regs.o)
 .comment       0x00000000       0x2b lib/STM32_USB-FS-Device_Driver/libstm32usb.a(usb_sil.o)

.debug_aranges  0x00000000      0x448
 *(.debug_aranges)
 .debug_aranges
                0x00000000       0x20 Sensors/amb_sensors.o
 .debug_aranges
                0x00000020       0x20 Sensors/temperature.o
 .debug_aranges
                0x00000040       0x20 Util/USB/hw_config.o
 .debug_aranges
                0x00000060       0x20 Util/USB/mass_mal.o
 .debug_aranges
                0x00000080       0x20 Util/USB/memory.o
 .debug_aranges
                0x000000a0       0x20 Util/USB/usb_bot.o
 .debug_aranges
                0x000000c0       0x20 Util/USB/usb_endp.o
 .debug_aranges
                0x000000e0       0x20 Util/USB/usb_istr.o
 .debug_aranges
                0x00000100       0x20 Util/USB/usb_prop.o
 .debug_aranges
                0x00000120       0x20 Util/USB/usb_pwr.o
 .debug_aranges
                0x00000140       0x20 Util/USB/usb_scsi.o
 .debug_aranges
                0x00000160       0x20 Util/buffer.o
 .debug_aranges
                0x00000180       0x20 Util/delay.o
 .debug_aranges
                0x000001a0       0x20 Util/fat_fs/option/cc932.o
 .debug_aranges
                0x000001c0       0x20 Util/fat_fs/src/fattime.o
 .debug_aranges
                0x000001e0       0x20 Util/fat_fs/src/ff.o
 .debug_aranges
                0x00000200       0x20 Util/fat_fs/src/rtc.o
 .debug_aranges
                0x00000220       0x20 Util/fat_fs/src/sd_spi_stm32.o
 .debug_aranges
                0x00000240       0x20 Util/filter_1200.o
 .debug_aranges
                0x00000260       0x20 Util/filter_190.o
 .debug_aranges
                0x00000280       0x20 Util/rprintf.o
 .debug_aranges
                0x000002a0       0x20 Util/stm32_eval_spi_sd.o
 .debug_aranges
                0x000002c0       0x20 Util/wave.o
 .debug_aranges
                0x000002e0       0x20 adc.o
 .debug_aranges
                0x00000300       0x20 gpio.o
 .debug_aranges
                0x00000320       0x20 i2c_int.o
 .debug_aranges
                0x00000340       0x20 interrupts.o
 .debug_aranges
                0x00000360       0x20 lib/CMSIS_CM3/core_cm3.o
 .debug_aranges
                0x00000380       0x28 lib/CMSIS_CM3/startup/gcc/startup_stm32f10x_md.o
 .debug_aranges
                0x000003a8       0x20 lib/CMSIS_CM3/system_stm32f10x.o
 .debug_aranges
                0x000003c8       0x20 main.o
 .debug_aranges
                0x000003e8       0x20 pwr.o
 .debug_aranges
                0x00000408       0x20 usart.o
 .debug_aranges
                0x00000428       0x20 watchdog.o

.debug_pubnames
                0x00000000     0x18ce
 *(.debug_pubnames)
 .debug_pubnames
                0x00000000      0x15c Sensors/amb_sensors.o
 .debug_pubnames
                0x0000015c       0x8d Sensors/temperature.o
 .debug_pubnames
                0x000001e9      0x113 Util/USB/hw_config.o
 .debug_pubnames
                0x000002fc       0xa5 Util/USB/mass_mal.o
 .debug_pubnames
                0x000003a1       0x7f Util/USB/memory.o
 .debug_pubnames
                0x00000420       0xd2 Util/USB/scsi_data.o
 .debug_pubnames
                0x000004f2       0xd9 Util/USB/usb_bot.o
 .debug_pubnames
                0x000005cb       0xb8 Util/USB/usb_desc.o
 .debug_pubnames
                0x00000683       0x3b Util/USB/usb_endp.o
 .debug_pubnames
                0x000006be       0x56 Util/USB/usb_istr.o
 .debug_pubnames
                0x00000714      0x1f6 Util/USB/usb_prop.o
 .debug_pubnames
                0x0000090a       0x83 Util/USB/usb_pwr.o
 .debug_pubnames
                0x0000098d      0x195 Util/USB/usb_scsi.o
 .debug_pubnames
                0x00000b22       0x59 Util/buffer.o
 .debug_pubnames
                0x00000b7b       0x1c Util/delay.o
 .debug_pubnames
                0x00000b97       0x31 Util/fat_fs/option/cc932.o
 .debug_pubnames
                0x00000bc8       0x22 Util/fat_fs/src/fattime.o
 .debug_pubnames
                0x00000bea      0x164 Util/fat_fs/src/ff.o
 .debug_pubnames
                0x00000d4e       0x55 Util/fat_fs/src/rtc.o
 .debug_pubnames
                0x00000da3       0xdb Util/fat_fs/src/sd_spi_stm32.o
 .debug_pubnames
                0x00000e7e       0x61 Util/filter_1200.o
 .debug_pubnames
                0x00000edf       0x5e Util/filter_190.o
 .debug_pubnames
                0x00000f3d       0xf9 Util/rprintf.o
 .debug_pubnames
                0x00001036      0x167 Util/stm32_eval_spi_sd.o
 .debug_pubnames
                0x0000119d       0x52 Util/wave.o
 .debug_pubnames
                0x000011ef       0x66 adc.o
 .debug_pubnames
                0x00001255       0x72 gpio.o
 .debug_pubnames
                0x000012c7       0xa9 i2c_int.o
 .debug_pubnames
                0x00001370       0xee interrupts.o
 .debug_pubnames
                0x0000145e      0x159 lib/CMSIS_CM3/core_cm3.o
 .debug_pubnames
                0x000015b7       0xa3 lib/CMSIS_CM3/system_stm32f10x.o
 .debug_pubnames
                0x0000165a      0x17c main.o
 .debug_pubnames
                0x000017d6       0x54 pwr.o
 .debug_pubnames
                0x0000182a       0x64 usart.o
 .debug_pubnames
                0x0000188e       0x40 watchdog.o

.debug_info     0x00000000     0xf879
 *(.debug_info .gnu.linkonce.wi.*)
 .debug_info    0x00000000      0x5ef Sensors/amb_sensors.o
 .debug_info    0x000005ef      0x123 Sensors/temperature.o
 .debug_info    0x00000712      0x784 Util/USB/hw_config.o
 .debug_info    0x00000e96      0x37d Util/USB/mass_mal.o
 .debug_info    0x00001213      0x3ff Util/USB/memory.o
 .debug_info    0x00001612      0x16b Util/USB/scsi_data.o
 .debug_info    0x0000177d      0x49d Util/USB/usb_bot.o
 .debug_info    0x00001c1a      0x187 Util/USB/usb_desc.o
 .debug_info    0x00001da1       0x98 Util/USB/usb_endp.o
 .debug_info    0x00001e39      0x311 Util/USB/usb_istr.o
 .debug_info    0x0000214a      0xa07 Util/USB/usb_prop.o
 .debug_info    0x00002b51      0x3c3 Util/USB/usb_pwr.o
 .debug_info    0x00002f14      0x885 Util/USB/usb_scsi.o
 .debug_info    0x00003799      0x1af Util/buffer.o
 .debug_info    0x00003948       0xc8 Util/delay.o
 .debug_info    0x00003a10      0x1b9 Util/fat_fs/option/cc932.o
 .debug_info    0x00003bc9       0x77 Util/fat_fs/option/syscall.o
 .debug_info    0x00003c40      0x15a Util/fat_fs/src/fattime.o
 .debug_info    0x00003d9a     0x332c Util/fat_fs/src/ff.o
 .debug_info    0x000070c6      0x532 Util/fat_fs/src/rtc.o
 .debug_info    0x000075f8     0x13a4 Util/fat_fs/src/sd_spi_stm32.o
 .debug_info    0x0000899c      0x157 Util/filter_1200.o
 .debug_info    0x00008af3      0x14f Util/filter_190.o
 .debug_info    0x00008c42      0xe64 Util/rprintf.o
 .debug_info    0x00009aa6     0x1a18 Util/stm32_eval_spi_sd.o
 .debug_info    0x0000b4be      0x60c Util/wave.o
 .debug_info    0x0000baca      0x436 adc.o
 .debug_info    0x0000bf00      0x2ef gpio.o
 .debug_info    0x0000c1ef      0x8e3 i2c_int.o
 .debug_info    0x0000cad2      0xb44 interrupts.o
 .debug_info    0x0000d616      0x547 lib/CMSIS_CM3/core_cm3.o
 .debug_info    0x0000db5d       0x8a lib/CMSIS_CM3/startup/gcc/startup_stm32f10x_md.o
 .debug_info    0x0000dbe7      0x2d0 lib/CMSIS_CM3/system_stm32f10x.o
 .debug_info    0x0000deb7     0x10a3 main.o
 .debug_info    0x0000ef5a      0x3f1 pwr.o
 .debug_info    0x0000f34b      0x450 usart.o
 .debug_info    0x0000f79b       0xde watchdog.o

.debug_abbrev   0x00000000     0x3459
 *(.debug_abbrev)
 .debug_abbrev  0x00000000       0xfb Sensors/amb_sensors.o
 .debug_abbrev  0x000000fb       0x79 Sensors/temperature.o
 .debug_abbrev  0x00000174      0x2d3 Util/USB/hw_config.o
 .debug_abbrev  0x00000447      0x111 Util/USB/mass_mal.o
 .debug_abbrev  0x00000558      0x17d Util/USB/memory.o
 .debug_abbrev  0x000006d5       0x5c Util/USB/scsi_data.o
 .debug_abbrev  0x00000731      0x198 Util/USB/usb_bot.o
 .debug_abbrev  0x000008c9       0x63 Util/USB/usb_desc.o
 .debug_abbrev  0x0000092c       0x41 Util/USB/usb_endp.o
 .debug_abbrev  0x0000096d      0x113 Util/USB/usb_istr.o
 .debug_abbrev  0x00000a80      0x1dd Util/USB/usb_prop.o
 .debug_abbrev  0x00000c5d      0x1bd Util/USB/usb_pwr.o
 .debug_abbrev  0x00000e1a      0x253 Util/USB/usb_scsi.o
 .debug_abbrev  0x0000106d       0xd8 Util/buffer.o
 .debug_abbrev  0x00001145       0x7e Util/delay.o
 .debug_abbrev  0x000011c3       0xd2 Util/fat_fs/option/cc932.o
 .debug_abbrev  0x00001295       0x2c Util/fat_fs/option/syscall.o
 .debug_abbrev  0x000012c1       0x97 Util/fat_fs/src/fattime.o
 .debug_abbrev  0x00001358      0x2f7 Util/fat_fs/src/ff.o
 .debug_abbrev  0x0000164f      0x213 Util/fat_fs/src/rtc.o
 .debug_abbrev  0x00001862      0x37f Util/fat_fs/src/sd_spi_stm32.o
 .debug_abbrev  0x00001be1      0x118 Util/filter_1200.o
 .debug_abbrev  0x00001cf9       0xff Util/filter_190.o
 .debug_abbrev  0x00001df8      0x2fa Util/rprintf.o
 .debug_abbrev  0x000020f2      0x2e8 Util/stm32_eval_spi_sd.o
 .debug_abbrev  0x000023da      0x158 Util/wave.o
 .debug_abbrev  0x00002532      0x14c adc.o
 .debug_abbrev  0x0000267e      0x158 gpio.o
 .debug_abbrev  0x000027d6      0x22c i2c_int.o
 .debug_abbrev  0x00002a02      0x24c interrupts.o
 .debug_abbrev  0x00002c4e       0xc1 lib/CMSIS_CM3/core_cm3.o
 .debug_abbrev  0x00002d0f       0x12 lib/CMSIS_CM3/startup/gcc/startup_stm32f10x_md.o
 .debug_abbrev  0x00002d21      0x112 lib/CMSIS_CM3/system_stm32f10x.o
 .debug_abbrev  0x00002e33      0x2c6 main.o
 .debug_abbrev  0x000030f9      0x145 pwr.o
 .debug_abbrev  0x0000323e      0x186 usart.o
 .debug_abbrev  0x000033c4       0x95 watchdog.o

.debug_line     0x00000000     0xe3b0
 *(.debug_line)
 .debug_line    0x00000000      0x5e2 Sensors/amb_sensors.o
 .debug_line    0x000005e2      0x502 Sensors/temperature.o
 .debug_line    0x00000ae4      0x983 Util/USB/hw_config.o
 .debug_line    0x00001467      0x7f8 Util/USB/mass_mal.o
 .debug_line    0x00001c5f      0x832 Util/USB/memory.o
 .debug_line    0x00002491      0x339 Util/USB/scsi_data.o
 .debug_line    0x000027ca      0x55c Util/USB/usb_bot.o
 .debug_line    0x00002d26      0x2ed Util/USB/usb_desc.o
 .debug_line    0x00003013      0x3ba Util/USB/usb_endp.o
 .debug_line    0x000033cd      0x3f5 Util/USB/usb_istr.o
 .debug_line    0x000037c2      0x84c Util/USB/usb_prop.o
 .debug_line    0x0000400e      0x452 Util/USB/usb_pwr.o
 .debug_line    0x00004460      0x9ea Util/USB/usb_scsi.o
 .debug_line    0x00004e4a      0x4bc Util/buffer.o
 .debug_line    0x00005306      0x2fd Util/delay.o
 .debug_line    0x00005603       0xd8 Util/fat_fs/option/cc932.o
 .debug_line    0x000056db      0x2fc Util/fat_fs/option/syscall.o
 .debug_line    0x000059d7      0x179 Util/fat_fs/src/fattime.o
 .debug_line    0x00005b50     0x1f1e Util/fat_fs/src/ff.o
 .debug_line    0x00007a6e      0x47f Util/fat_fs/src/rtc.o
 .debug_line    0x00007eed      0xcd5 Util/fat_fs/src/sd_spi_stm32.o
 .debug_line    0x00008bc2       0xaa Util/filter_1200.o
 .debug_line    0x00008c6c       0xc2 Util/filter_190.o
 .debug_line    0x00008d2e      0xd6b Util/rprintf.o
 .debug_line    0x00009a99      0x9a5 Util/stm32_eval_spi_sd.o
 .debug_line    0x0000a43e      0x204 Util/wave.o
 .debug_line    0x0000a642      0x715 adc.o
 .debug_line    0x0000ad57      0x636 gpio.o
 .debug_line    0x0000b38d      0x7b8 i2c_int.o
 .debug_line    0x0000bb45      0x7c3 interrupts.o
 .debug_line    0x0000c308      0x198 lib/CMSIS_CM3/core_cm3.o
 .debug_line    0x0000c4a0       0x84 lib/CMSIS_CM3/startup/gcc/startup_stm32f10x_md.o
 .debug_line    0x0000c524      0x336 lib/CMSIS_CM3/system_stm32f10x.o
 .debug_line    0x0000c85a      0xc99 main.o
 .debug_line    0x0000d4f3      0x5c8 pwr.o
 .debug_line    0x0000dabb      0x5ed usart.o
 .debug_line    0x0000e0a8      0x308 watchdog.o

.debug_frame    0x00000000     0x1d08
 *(.debug_frame)
 .debug_frame   0x00000000       0x74 Sensors/amb_sensors.o
 .debug_frame   0x00000074       0x40 Sensors/temperature.o
 .debug_frame   0x000000b4       0xec Util/USB/hw_config.o
 .debug_frame   0x000001a0       0x7c Util/USB/mass_mal.o
 .debug_frame   0x0000021c       0x50 Util/USB/memory.o
 .debug_frame   0x0000026c       0xc0 Util/USB/usb_bot.o
 .debug_frame   0x0000032c       0x30 Util/USB/usb_endp.o
 .debug_frame   0x0000035c       0x2c Util/USB/usb_istr.o
 .debug_frame   0x00000388      0x11c Util/USB/usb_prop.o
 .debug_frame   0x000004a4       0x94 Util/USB/usb_pwr.o
 .debug_frame   0x00000538      0x180 Util/USB/usb_scsi.o
 .debug_frame   0x000006b8       0x6c Util/buffer.o
 .debug_frame   0x00000724       0x24 Util/delay.o
 .debug_frame   0x00000748       0x3c Util/fat_fs/option/cc932.o
 .debug_frame   0x00000784       0x2c Util/fat_fs/src/fattime.o
 .debug_frame   0x000007b0      0x590 Util/fat_fs/src/ff.o
 .debug_frame   0x00000d40       0x84 Util/fat_fs/src/rtc.o
 .debug_frame   0x00000dc4      0x190 Util/fat_fs/src/sd_spi_stm32.o
 .debug_frame   0x00000f54       0x58 Util/filter_1200.o
 .debug_frame   0x00000fac       0x50 Util/filter_190.o
 .debug_frame   0x00000ffc      0x1d4 Util/rprintf.o
 .debug_frame   0x000011d0      0x25c Util/stm32_eval_spi_sd.o
 .debug_frame   0x0000142c       0x8c Util/wave.o
 .debug_frame   0x000014b8       0x74 adc.o
 .debug_frame   0x0000152c       0x78 gpio.o
 .debug_frame   0x000015a4       0xa0 i2c_int.o
 .debug_frame   0x00001644       0xd4 interrupts.o
 .debug_frame   0x00001718      0x170 lib/CMSIS_CM3/core_cm3.o
 .debug_frame   0x00001888       0x24 lib/CMSIS_CM3/system_stm32f10x.o
 .debug_frame   0x000018ac       0xb0 main.o
 .debug_frame   0x0000195c       0x74 pwr.o
 .debug_frame   0x000019d0       0x78 usart.o
 .debug_frame   0x00001a48       0x40 watchdog.o
 .debug_frame   0x00001a88       0x30 /home/laurence/CodeSourcery/Sourcery_G++_Lite/bin/../lib/gcc/arm-none-eabi/4.5.2/../../../../arm-none-eabi/lib/thumb2/libc.a(lib_a-malloc.o)
 .debug_frame   0x00001ab8       0x3c /home/laurence/CodeSourcery/Sourcery_G++_Lite/bin/../lib/gcc/arm-none-eabi/4.5.2/../../../../arm-none-eabi/lib/thumb2/libc.a(lib_a-mallocr.o)
 .debug_frame   0x00001af4       0x2c /home/laurence/CodeSourcery/Sourcery_G++_Lite/bin/../lib/gcc/arm-none-eabi/4.5.2/../../../../arm-none-eabi/lib/thumb2/libc.a(lib_a-memcmp.o)
 .debug_frame   0x00001b20       0x30 /home/laurence/CodeSourcery/Sourcery_G++_Lite/bin/../lib/gcc/arm-none-eabi/4.5.2/../../../../arm-none-eabi/lib/thumb2/libc.a(lib_a-mlock.o)
 .debug_frame   0x00001b50       0x2c /home/laurence/CodeSourcery/Sourcery_G++_Lite/bin/../lib/gcc/arm-none-eabi/4.5.2/../../../../arm-none-eabi/lib/thumb2/libc.a(lib_a-sbrkr.o)
 .debug_frame   0x00001b7c       0x20 /home/laurence/CodeSourcery/Sourcery_G++_Lite/bin/../lib/gcc/arm-none-eabi/4.5.2/../../../../arm-none-eabi/lib/thumb2/libc.a(lib_a-strlen.o)
 .debug_frame   0x00001b9c       0x50 /home/laurence/CodeSourcery/Sourcery_G++_Lite/bin/../lib/gcc/arm-none-eabi/4.5.2/../../../../arm-none-eabi/lib/thumb2/libc.a(lib_a-freer.o)
 .debug_frame   0x00001bec       0x68 /home/laurence/CodeSourcery/Sourcery_G++_Lite/bin/../lib/gcc/arm-none-eabi/4.5.2/../../../../arm-none-eabi/lib/thumb2/libc.a(lib_a-reent.o)
 .debug_frame   0x00001c54       0x40 /home/laurence/CodeSourcery/Sourcery_G++_Lite/bin/../lib/gcc/arm-none-eabi/4.5.2/../../../../arm-none-eabi/lib/thumb2/libcs3.a(start_c.o)
 .debug_frame   0x00001c94       0x28 /home/laurence/CodeSourcery/Sourcery_G++_Lite/bin/../lib/gcc/arm-none-eabi/4.5.2/../../../../arm-none-eabi/lib/thumb2/libcs3unhosted.a(unhosted-sbrk.o)
 .debug_frame   0x00001cbc       0x20 /home/laurence/CodeSourcery/Sourcery_G++_Lite/bin/../lib/gcc/arm-none-eabi/4.5.2/../../../../arm-none-eabi/lib/thumb2/libc.a(lib_a-errno.o)
 .debug_frame   0x00001cdc       0x2c /home/laurence/CodeSourcery/Sourcery_G++_Lite/bin/../lib/gcc/arm-none-eabi/4.5.2/../../../../arm-none-eabi/lib/thumb2/libc.a(lib_a-init.o)

.debug_str      0x00000000     0x3491
 *(.debug_str)
 .debug_str     0x00000000      0x2fe Sensors/amb_sensors.o
                                0x377 (size before relaxing)
 .debug_str     0x000002fe       0x84 Sensors/temperature.o
                                0x15c (size before relaxing)
 .debug_str     0x00000382      0x640 Util/USB/hw_config.o
                                0x7e3 (size before relaxing)
 .debug_str     0x000009c2       0xc1 Util/USB/mass_mal.o
                                0x272 (size before relaxing)
 .debug_str     0x00000a83       0xfd Util/USB/memory.o
                                0x2e7 (size before relaxing)
 .debug_str     0x00000b80       0xa5 Util/USB/scsi_data.o
                                0x181 (size before relaxing)
 .debug_str     0x00000c25       0xd6 Util/USB/usb_bot.o
                                0x240 (size before relaxing)
 .debug_str     0x00000cfb       0x8c Util/USB/usb_desc.o
                                0x16a (size before relaxing)
 .debug_str     0x00000d87       0x35 Util/USB/usb_endp.o
                                 0xf9 (size before relaxing)
 .debug_str     0x00000dbc      0x1bf Util/USB/usb_istr.o
                                0x2ee (size before relaxing)
 .debug_str     0x00000f7b      0x334 Util/USB/usb_prop.o
                                0x886 (size before relaxing)
 .debug_str     0x000012af       0x6c Util/USB/usb_pwr.o
                                0x2d3 (size before relaxing)
 .debug_str     0x0000131b      0x197 Util/USB/usb_scsi.o
                                0x3b8 (size before relaxing)
 .debug_str     0x000014b2       0x45 Util/buffer.o
                                0x149 (size before relaxing)
 .debug_str     0x000014f7       0x29 Util/delay.o
                                 0xf6 (size before relaxing)
 .debug_str     0x00001520       0x5a Util/fat_fs/option/cc932.o
                                 0xf2 (size before relaxing)
 .debug_str     0x0000157a       0x1d Util/fat_fs/option/syscall.o
                                 0xe6 (size before relaxing)
 .debug_str     0x00001597       0x47 Util/fat_fs/src/fattime.o
                                0x12b (size before relaxing)
 .debug_str     0x000015de      0x4e4 Util/fat_fs/src/ff.o
                                0x623 (size before relaxing)
 .debug_str     0x00001ac2       0xa8 Util/fat_fs/src/rtc.o
                                0x1bb (size before relaxing)
 .debug_str     0x00001b6a      0x508 Util/fat_fs/src/sd_spi_stm32.o
                                0x6df (size before relaxing)
 .debug_str     0x00002072       0x68 Util/filter_1200.o
                                 0xe1 (size before relaxing)
 .debug_str     0x000020da       0x52 Util/filter_190.o
                                 0xdd (size before relaxing)
 .debug_str     0x0000212c      0x134 Util/rprintf.o
                                0x2c4 (size before relaxing)
 .debug_str     0x00002260      0x4ea Util/stm32_eval_spi_sd.o
                                0x85d (size before relaxing)
 .debug_str     0x0000274a      0x13f Util/wave.o
                                0x42e (size before relaxing)
 .debug_str     0x00002889      0x12d adc.o
                                0x38b (size before relaxing)
 .debug_str     0x000029b6       0x4f gpio.o
                                0x30e (size before relaxing)
 .debug_str     0x00002a05      0x1ea i2c_int.o
                                0x5e8 (size before relaxing)
 .debug_str     0x00002bef      0x32d interrupts.o
                                0x901 (size before relaxing)
 .debug_str     0x00002f1c      0x13d lib/CMSIS_CM3/core_cm3.o
                                0x240 (size before relaxing)
 .debug_str     0x00003059      0x11d lib/CMSIS_CM3/system_stm32f10x.o
                                0x21b (size before relaxing)
 .debug_str     0x00003176      0x1b7 main.o
                                0x8e5 (size before relaxing)
 .debug_str     0x0000332d       0x44 pwr.o
                                0x24a (size before relaxing)
 .debug_str     0x00003371       0xe4 usart.o
                                0x35a (size before relaxing)
 .debug_str     0x00003455       0x3c watchdog.o
                                0x117 (size before relaxing)

.debug_loc      0x00000000    0x110aa
 *(.debug_loc)
 .debug_loc     0x00000000      0x1f2 Sensors/amb_sensors.o
 .debug_loc     0x000001f2       0x7c Sensors/temperature.o
 .debug_loc     0x0000026e      0x210 Util/USB/hw_config.o
 .debug_loc     0x0000047e      0x1ac Util/USB/mass_mal.o
 .debug_loc     0x0000062a      0x12f Util/USB/memory.o
 .debug_loc     0x00000759      0x263 Util/USB/usb_bot.o
 .debug_loc     0x000009bc       0x20 Util/USB/usb_istr.o
 .debug_loc     0x000009dc      0x16f Util/USB/usb_prop.o
 .debug_loc     0x00000b4b      0x19a Util/USB/usb_pwr.o
 .debug_loc     0x00000ce5      0x695 Util/USB/usb_scsi.o
 .debug_loc     0x0000137a       0xd8 Util/buffer.o
 .debug_loc     0x00001452       0x55 Util/delay.o
 .debug_loc     0x000014a7      0x2bd Util/fat_fs/option/cc932.o
 .debug_loc     0x00001764       0x2c Util/fat_fs/src/fattime.o
 .debug_loc     0x00001790     0x922c Util/fat_fs/src/ff.o
 .debug_loc     0x0000a9bc      0x7a4 Util/fat_fs/src/rtc.o
 .debug_loc     0x0000b160      0xd1e Util/fat_fs/src/sd_spi_stm32.o
 .debug_loc     0x0000be7e       0xed Util/filter_1200.o
 .debug_loc     0x0000bf6b      0x687 Util/filter_190.o
 .debug_loc     0x0000c5f2     0x2420 Util/rprintf.o
 .debug_loc     0x0000ea12     0x117f Util/stm32_eval_spi_sd.o
 .debug_loc     0x0000fb91      0x229 Util/wave.o
 .debug_loc     0x0000fdba       0xb2 adc.o
 .debug_loc     0x0000fe6c       0x60 gpio.o
 .debug_loc     0x0000fecc      0x454 i2c_int.o
 .debug_loc     0x00010320       0xd8 interrupts.o
 .debug_loc     0x000103f8      0x270 lib/CMSIS_CM3/core_cm3.o
 .debug_loc     0x00010668       0x20 lib/CMSIS_CM3/system_stm32f10x.o
 .debug_loc     0x00010688      0x828 main.o
 .debug_loc     0x00010eb0       0xa8 pwr.o
 .debug_loc     0x00010f58       0xff usart.o
 .debug_loc     0x00011057       0x53 watchdog.o

.debug_macinfo  0x00000000   0x8377b8
 *(.debug_macinfo)
 .debug_macinfo
                0x00000000    0x482f9 Sensors/amb_sensors.o
 .debug_macinfo
                0x000482f9    0x47048 Sensors/temperature.o
 .debug_macinfo
                0x0008f341    0x4b7ec Util/USB/hw_config.o
 .debug_macinfo
                0x000dab2d    0x4b582 Util/USB/mass_mal.o
 .debug_macinfo
                0x001260af    0x4bcc9 Util/USB/memory.o
 .debug_macinfo
                0x00171d78    0x449f7 Util/USB/scsi_data.o
 .debug_macinfo
                0x001b676f    0x46e93 Util/USB/usb_bot.o
 .debug_macinfo
                0x001fd602    0x44122 Util/USB/usb_desc.o
 .debug_macinfo
                0x00241724    0x46735 Util/USB/usb_endp.o
 .debug_macinfo
                0x00287e59    0x465e5 Util/USB/usb_istr.o
 .debug_macinfo
                0x002ce43e    0x4b7ee Util/USB/usb_prop.o
 .debug_macinfo
                0x00319c2c    0x46896 Util/USB/usb_pwr.o
 .debug_macinfo
                0x003604c2    0x4bd34 Util/USB/usb_scsi.o
 .debug_macinfo
                0x003ac1f6    0x45fd4 Util/buffer.o
 .debug_macinfo
                0x003f21ca    0x44053 Util/delay.o
 .debug_macinfo
                0x0043621d     0x27da Util/fat_fs/option/cc932.o
 .debug_macinfo
                0x004389f7     0x47fe Util/fat_fs/option/syscall.o
 .debug_macinfo
                0x0043d1f5     0x2b6b Util/fat_fs/src/fattime.o
 .debug_macinfo
                0x0043fd60    0x45141 Util/fat_fs/src/ff.o
 .debug_macinfo
                0x00484ea1    0x440cb Util/fat_fs/src/rtc.o
 .debug_macinfo
                0x004c8f6c    0x4bbda Util/fat_fs/src/sd_spi_stm32.o
 .debug_macinfo
                0x00514b46     0x2257 Util/filter_1200.o
 .debug_macinfo
                0x00516d9d     0x2255 Util/filter_190.o
 .debug_macinfo
                0x00518ff2    0x4861e Util/rprintf.o
 .debug_macinfo
                0x00561610    0x44651 Util/stm32_eval_spi_sd.o
 .debug_macinfo
                0x005a5c61     0x30a4 Util/wave.o
 .debug_macinfo
                0x005a8d05    0x4b2fa adc.o
 .debug_macinfo
                0x005f3fff    0x48870 gpio.o
 .debug_macinfo
                0x0063c86f    0x48597 i2c_int.o
 .debug_macinfo
                0x00684e06    0x4b1d1 interrupts.o
 .debug_macinfo
                0x006cffd7     0x2b03 lib/CMSIS_CM3/core_cm3.o
 .debug_macinfo
                0x006d2ada    0x44068 lib/CMSIS_CM3/system_stm32f10x.o
 .debug_macinfo
                0x00716b42    0x4c182 main.o
 .debug_macinfo
                0x00762cc4    0x485d2 pwr.o
 .debug_macinfo
                0x007ab296    0x484ab usart.o
 .debug_macinfo
                0x007f3741    0x44077 watchdog.o

.debug_weaknames
 *(.debug_weaknames)

.debug_funcnames
 *(.debug_funcnames)

.debug_typenames
 *(.debug_typenames)

.debug_varnames
 *(.debug_varnames)

.note.gnu.arm.ident
 *(.note.gnu.arm.ident)

.ARM.attributes
                0x00000000       0x25
 *(.ARM.attributes)