Archive member included because of file (symbol)

lib/STM32F10x_StdPeriph_Driver/libstm32fw.a(misc.o)
                              interrupts.o (NVIC_PriorityGroupConfig)
lib/STM32F10x_StdPeriph_Driver/libstm32fw.a(stm32f10x_adc.o)
                              adc.o (ADC_DeInit)
lib/STM32F10x_StdPeriph_Driver/libstm32fw.a(stm32f10x_bkp.o)
                              Util/fat_fs/src/rtc.o (BKP_DeInit)
lib/STM32F10x_StdPeriph_Driver/libstm32fw.a(stm32f10x_dbgmcu.o)
                              main.o (DBGMCU_Config)
lib/STM32F10x_StdPeriph_Driver/libstm32fw.a(stm32f10x_dma.o)
                              Util/fat_fs/src/sd_spi_stm32.o (DMA_DeInit)
lib/STM32F10x_StdPeriph_Driver/libstm32fw.a(stm32f10x_exti.o)
                              interrupts.o (EXTI_DeInit)
lib/STM32F10x_StdPeriph_Driver/libstm32fw.a(stm32f10x_gpio.o)
                              Util/fat_fs/src/sd_spi_stm32.o (GPIO_Init)
lib/STM32F10x_StdPeriph_Driver/libstm32fw.a(stm32f10x_i2c.o)
                              i2c_int.o (I2C_DeInit)
lib/STM32F10x_StdPeriph_Driver/libstm32fw.a(stm32f10x_iwdg.o)
                              watchdog.o (IWDG_WriteAccessCmd)
lib/STM32F10x_StdPeriph_Driver/libstm32fw.a(stm32f10x_pwr.o)
                              pwr.o (PWR_DeInit)
lib/STM32F10x_StdPeriph_Driver/libstm32fw.a(stm32f10x_rcc.o)
                              interrupts.o (RCC_HCLKConfig)
lib/STM32F10x_StdPeriph_Driver/libstm32fw.a(stm32f10x_rtc.o)
                              Util/fat_fs/src/rtc.o (RTC_GetCounter)
lib/STM32F10x_StdPeriph_Driver/libstm32fw.a(stm32f10x_spi.o)
                              Util/fat_fs/src/sd_spi_stm32.o (SPI_I2S_DeInit)
lib/STM32F10x_StdPeriph_Driver/libstm32fw.a(stm32f10x_usart.o)
                              usart.o (USART_Init)
lib/STM32_USB-FS-Device_Driver/libstm32usb.a(usb_core.o)
                              Util/USB/usb_prop.o (Standard_GetDescriptorData)
lib/STM32_USB-FS-Device_Driver/libstm32usb.a(usb_init.o)
                              main.o (USB_Init)
lib/STM32_USB-FS-Device_Driver/libstm32usb.a(usb_int.o)
                              Util/USB/usb_istr.o (CTR_LP)
lib/STM32_USB-FS-Device_Driver/libstm32usb.a(usb_mem.o)
                              lib/STM32_USB-FS-Device_Driver/libstm32usb.a(usb_core.o) (UserToPMABufferCopy)
lib/STM32_USB-FS-Device_Driver/libstm32usb.a(usb_regs.o)
                              Util/USB/usb_prop.o (SetBTABLE)
lib/STM32_USB-FS-Device_Driver/libstm32usb.a(usb_sil.o)
                              Util/USB/usb_prop.o (USB_SIL_Init)
/home/laurence/toolchain/lib/gcc/arm-none-eabi/4.7.2/thumb/armv7-m/libgcc.a(_arm_addsubdf3.o)
                              interrupts.o (__aeabi_f2d)
/home/laurence/toolchain/lib/gcc/arm-none-eabi/4.7.2/thumb/armv7-m/libgcc.a(_arm_muldivdf3.o)
                              interrupts.o (__aeabi_ddiv)
/home/laurence/toolchain/lib/gcc/arm-none-eabi/4.7.2/thumb/armv7-m/libgcc.a(_arm_cmpdf2.o)
                              main.o (__aeabi_dcmpgt)
/home/laurence/toolchain/lib/gcc/arm-none-eabi/4.7.2/thumb/armv7-m/libgcc.a(_arm_truncdfsf2.o)
                              Util/rprintf.o (__aeabi_d2f)
/home/laurence/toolchain/lib/gcc/arm-none-eabi/4.7.2/thumb/armv7-m/libgcc.a(_arm_addsubsf3.o)
                              Sensors/temperature.o (__aeabi_fsub)
/home/laurence/toolchain/lib/gcc/arm-none-eabi/4.7.2/thumb/armv7-m/libgcc.a(_arm_muldivsf3.o)
                              Sensors/temperature.o (__aeabi_fmul)
/home/laurence/toolchain/lib/gcc/arm-none-eabi/4.7.2/thumb/armv7-m/libgcc.a(_arm_cmpsf2.o)
                              Util/rprintf.o (__aeabi_fcmpeq)
/home/laurence/toolchain/lib/gcc/arm-none-eabi/4.7.2/thumb/armv7-m/libgcc.a(_arm_fixsfsi.o)
                              main.o (__aeabi_f2iz)
/home/laurence/toolchain/lib/gcc/arm-none-eabi/4.7.2/thumb/armv7-m/libgcc.a(_arm_fixunssfsi.o)
                              Util/rprintf.o (__aeabi_f2uiz)
/home/laurence/toolchain/lib/gcc/arm-none-eabi/4.7.2/../../../../arm-none-eabi/lib/thumb/armv7-m/libc.a(lib_a-__atexit2.o)
                              /home/laurence/toolchain/lib/gcc/arm-none-eabi/4.7.2/../../../../arm-none-eabi/lib/thumb/armv7-m/crt0.o (__register_exitproc)
/home/laurence/toolchain/lib/gcc/arm-none-eabi/4.7.2/../../../../arm-none-eabi/lib/thumb/armv7-m/libc.a(lib_a-exit.o)
                              /home/laurence/toolchain/lib/gcc/arm-none-eabi/4.7.2/../../../../arm-none-eabi/lib/thumb/armv7-m/crt0.o (exit)
/home/laurence/toolchain/lib/gcc/arm-none-eabi/4.7.2/../../../../arm-none-eabi/lib/thumb/armv7-m/libc.a(lib_a-fini.o)
                              /home/laurence/toolchain/lib/gcc/arm-none-eabi/4.7.2/../../../../arm-none-eabi/lib/thumb/armv7-m/crt0.o (__libc_fini_array)
/home/laurence/toolchain/lib/gcc/arm-none-eabi/4.7.2/../../../../arm-none-eabi/lib/thumb/armv7-m/libc.a(lib_a-impure.o)
[...]
Memory Configuration

Name             Origin             Length             Attributes
RAM              0x20000000         0x00005000         xrw
FLASH            0x08000000         0x00020000         xr
*default*        0x00000000         0xffffffff

Linker script and memory map

LOAD /home/laurence/toolchain/lib/gcc/arm-none-eabi/4.7.2/thumb/armv7-m/crti.o
LOAD /home/laurence/toolchain/lib/gcc/arm-none-eabi/4.7.2/thumb/armv7-m/crtbegin.o
LOAD /home/laurence/toolchain/lib/gcc/arm-none-eabi/4.7.2/../../../../arm-none-eabi/lib/thumb/armv7-m/crt0.o
LOAD Sensors/amb_sensors.o
LOAD Sensors/temperature.o
LOAD Util/USB/hw_config.o
LOAD Util/USB/mass_mal.o
LOAD Util/USB/memory.o
LOAD Util/USB/scsi_data.o
LOAD Util/USB/usb_bot.o
LOAD Util/USB/usb_desc.o
LOAD Util/USB/usb_endp.o
LOAD Util/USB/usb_istr.o
LOAD Util/USB/usb_prop.o
LOAD Util/USB/usb_pwr.o
LOAD Util/USB/usb_scsi.o
LOAD Util/buffer.o
LOAD Util/delay.o
LOAD Util/fat_fs/option/cc932.o
LOAD Util/fat_fs/option/syscall.o
LOAD Util/fat_fs/src/fattime.o
LOAD Util/fat_fs/src/ff.o
LOAD Util/fat_fs/src/rtc.o
LOAD Util/fat_fs/src/sd_spi_stm32.o
LOAD Util/filter_1200.o
LOAD Util/filter_190.o
LOAD Util/rprintf.o
LOAD Util/stm32_eval_spi_sd.o
LOAD Util/wave.o
LOAD adc.o
LOAD gpio.o
LOAD i2c_int.o
LOAD interrupts.o
LOAD lib/CMSIS_CM3/core_cm3.o
LOAD lib/CMSIS_CM3/startup/gcc/startup_stm32f10x_md.o
LOAD lib/CMSIS_CM3/system_stm32f10x.o
LOAD main.o
LOAD pwr.o
LOAD syscalls.o
LOAD usart.o
LOAD watchdog.o
LOAD lib/STM32F10x_StdPeriph_Driver/libstm32fw.a
LOAD lib/STM32_USB-FS-Device_Driver/libstm32usb.a
LOAD /home/laurence/toolchain/lib/gcc/arm-none-eabi/4.7.2/../../../../arm-none-eabi/lib/thumb/armv7-m/libm.a
START GROUP
LOAD /home/laurence/toolchain/lib/gcc/arm-none-eabi/4.7.2/thumb/armv7-m/libgcc.a
LOAD /home/laurence/toolchain/lib/gcc/arm-none-eabi/4.7.2/../../../../arm-none-eabi/lib/thumb/armv7-m/libc.a
END GROUP
LOAD /home/laurence/toolchain/lib/gcc/arm-none-eabi/4.7.2/thumb/armv7-m/crtend.o
LOAD /home/laurence/toolchain/lib/gcc/arm-none-eabi/4.7.2/thumb/armv7-m/crtn.o

.text           0x08000000    0x11acc
 *(.isr_vector)
 .isr_vector    0x08000000      0x10c lib/CMSIS_CM3/startup/gcc/startup_stm32f10x_md.o
                0x08000000                g_pfnVectors
 *(.text*)
 .text.deregister_tm_clones
                0x0800010c       0x20 /home/laurence/toolchain/lib/gcc/arm-none-eabi/4.7.2/thumb/armv7-m/crtbegin.o
 .text.register_tm_clones
                0x0800012c       0x28 /home/laurence/toolchain/lib/gcc/arm-none-eabi/4.7.2/thumb/armv7-m/crtbegin.o
 .text.__do_global_dtors_aux
                0x08000154       0x2c /home/laurence/toolchain/lib/gcc/arm-none-eabi/4.7.2/thumb/armv7-m/crtbegin.o
 .text.frame_dummy
                0x08000180       0x38 /home/laurence/toolchain/lib/gcc/arm-none-eabi/4.7.2/thumb/armv7-m/crtbegin.o
 .text.Allocate_Sensor_Buffers
                0x080001b8       0xc8 Sensors/amb_sensors.o
                0x080001b8                Allocate_Sensor_Buffers
 .text.Configure_I2C_Driver
                0x08000280       0x2c Sensors/amb_sensors.o
                0x08000280                Configure_I2C_Driver
 .text.Fill_Sample_Buffers
                0x080002ac       0xd0 Sensors/amb_sensors.o
                0x080002ac                Fill_Sample_Buffers
 .text.IntToUnicode
                0x0800037c       0x2e Util/USB/hw_config.o
 .text.Set_USBClock
                0x080003aa       0x16 Util/USB/hw_config.o
                0x080003aa                Set_USBClock
 .text.Enter_LowPowerMode
                0x080003c0        0xc Util/USB/hw_config.o
                0x080003c0                Enter_LowPowerMode
 .text.Leave_LowPowerMode
                0x080003cc       0x1c Util/USB/hw_config.o
                0x080003cc                Leave_LowPowerMode
 .text.USB_Interrupts_Config
                0x080003e8       0x38 Util/USB/hw_config.o
                0x080003e8                USB_Interrupts_Config
 .text.Led_RW_ON
                0x08000420       0x10 Util/USB/hw_config.o
                0x08000420                Led_RW_ON
 .text.Led_RW_OFF
                0x08000430       0x10 Util/USB/hw_config.o
                0x08000430                Led_RW_OFF
 .text.USB_Configured_LED
                0x08000440       0x10 Util/USB/hw_config.o
                0x08000440                USB_Configured_LED
 .text.USB_NotConfigured_LED
                0x08000450       0x10 Util/USB/hw_config.o
                0x08000450                USB_NotConfigured_LED
 .text.USB_Cable_Config
                0x08000460        0x2 Util/USB/hw_config.o
                0x08000460                USB_Cable_Config
 *fill*         0x08000462        0x2 00
 .text.Get_SerialNum
                0x08000464       0x3c Util/USB/hw_config.o
                0x08000464                Get_SerialNum
 .text.MAL_Config
                0x080004a0        0x6 Util/USB/hw_config.o
                0x080004a0                MAL_Config
 .text.Set_System
                0x080004a6        0x4 Util/USB/hw_config.o
                0x080004a6                Set_System
 *fill*         0x080004aa        0x2 00
 .text.MAL_Init
                0x080004ac       0x44 Util/USB/mass_mal.o
                0x080004ac                MAL_Init
 .text.MAL_Write
                0x080004f0       0x34 Util/USB/mass_mal.o
                0x080004f0                MAL_Write
 .text.MAL_Read
                0x08000524       0x28 Util/USB/mass_mal.o
                0x08000524                MAL_Read
 .text.MAL_GetStatus
                0x0800054c       0x64 Util/USB/mass_mal.o
                0x0800054c                MAL_GetStatus
 .text.Read_Memory
                0x080005b0      0x12c Util/USB/memory.o
                0x080005b0                Read_Memory
 .text.Write_Memory
                0x080006dc      0x108 Util/USB/memory.o
                0x080006dc                Write_Memory
 .text.Bot_Abort.part.1
                0x080007e4       0x18 Util/USB/usb_bot.o
 .text.Transfer_Data_Request
                0x080007fc       0x34 Util/USB/usb_bot.o
                0x080007fc                Transfer_Data_Request
 .text.Set_CSW  0x08000830       0x3c Util/USB/usb_bot.o
                0x08000830                Set_CSW
 .text.Mass_Storage_In
                0x0800086c       0x5c Util/USB/usb_bot.o
                0x0800086c                Mass_Storage_In
 .text.CBW_Decode
                0x080008c8      0x1e8 Util/USB/usb_bot.o
                0x080008c8                CBW_Decode
 .text.Bot_Abort
                0x08000ab0       0x24 Util/USB/usb_bot.o
                0x08000ab0                Bot_Abort
 .text.Mass_Storage_Out
                0x08000ad4       0x74 Util/USB/usb_bot.o
                0x08000ad4                Mass_Storage_Out
 .text.EP1_IN_Callback
                0x08000b48        0x4 Util/USB/usb_endp.o
                0x08000b48                EP1_IN_Callback
 .text.EP2_OUT_Callback
                0x08000b4c        0x4 Util/USB/usb_endp.o
                0x08000b4c                EP2_OUT_Callback
 .text.USB_Istr
                0x08000b50       0xec Util/USB/usb_istr.o
                0x08000b50                USB_Istr
 .text.Mass_Storage_SetDeviceAddress
                0x08000c3c        0xc Util/USB/usb_prop.o
                0x08000c3c                Mass_Storage_SetDeviceAddress
 .text.MASS_Status_In
                0x08000c48        0x2 Util/USB/usb_prop.o
                0x08000c48                MASS_Status_In
 .text.MASS_Status_Out
                0x08000c4a        0x2 Util/USB/usb_prop.o
                0x08000c4a                MASS_Status_Out
 .text.MASS_Get_Interface_Setting
                0x08000c4c        0xc Util/USB/usb_prop.o
                0x08000c4c                MASS_Get_Interface_Setting
 .text.Get_Max_Lun
                0x08000c58       0x18 Util/USB/usb_prop.o
                0x08000c58                Get_Max_Lun
 .text.MASS_GetStringDescriptor
                0x08000c70       0x20 Util/USB/usb_prop.o
                0x08000c70                MASS_GetStringDescriptor
 .text.MASS_GetConfigDescriptor
                0x08000c90        0xc Util/USB/usb_prop.o
                0x08000c90                MASS_GetConfigDescriptor
 .text.MASS_GetDeviceDescriptor
                0x08000c9c        0xc Util/USB/usb_prop.o
                0x08000c9c                MASS_GetDeviceDescriptor
 .text.Mass_Storage_ClearFeature
                0x08000ca8       0x1c Util/USB/usb_prop.o
                0x08000ca8                Mass_Storage_ClearFeature
 .text.MASS_Reset
                0x08000cc4       0xec Util/USB/usb_prop.o
                0x08000cc4                MASS_Reset
 .text.MASS_init
                0x08000db0       0x24 Util/USB/usb_prop.o
                0x08000db0                MASS_init
 .text.MASS_NoData_Setup
                0x08000dd4       0x4c Util/USB/usb_prop.o
                0x08000dd4                MASS_NoData_Setup
 .text.Mass_Storage_SetConfiguration
                0x08000e20       0x30 Util/USB/usb_prop.o
                0x08000e20                Mass_Storage_SetConfiguration
 .text.MASS_Data_Setup
                0x08000e50       0x3c Util/USB/usb_prop.o
                0x08000e50                MASS_Data_Setup
 .text.PowerOn  0x08000e8c       0x30 Util/USB/usb_pwr.o
                0x08000e8c                PowerOn
 .text.Suspend  0x08000ebc       0x40 Util/USB/usb_pwr.o
                0x08000ebc                Suspend
 .text.Resume_Init
                0x08000efc       0x40 Util/USB/usb_pwr.o
                0x08000efc                Resume_Init
 .text.Resume   0x08000f3c       0x8c Util/USB/usb_pwr.o
                0x08000f3c                Resume
 .text.SCSI_Inquiry_Cmd
                0x08000fc8       0x38 Util/USB/usb_scsi.o
                0x08000fc8                SCSI_Inquiry_Cmd
 .text.SCSI_ReadFormatCapacity_Cmd
                0x08001000       0x68 Util/USB/usb_scsi.o
                0x08001000                SCSI_ReadFormatCapacity_Cmd
 .text.SCSI_ReadCapacity10_Cmd
                0x08001068       0x6c Util/USB/usb_scsi.o
                0x08001068                SCSI_ReadCapacity10_Cmd
 .text.SCSI_ModeSense6_Cmd
                0x080010d4        0xc Util/USB/usb_scsi.o
                0x080010d4                SCSI_ModeSense6_Cmd
 .text.SCSI_ModeSense10_Cmd
                0x080010e0        0xc Util/USB/usb_scsi.o
                0x080010e0                SCSI_ModeSense10_Cmd
 .text.SCSI_RequestSense_Cmd
                0x080010ec       0x18 Util/USB/usb_scsi.o
                0x080010ec                SCSI_RequestSense_Cmd
 .text.Set_Scsi_Sense_Data
                0x08001104        0xc Util/USB/usb_scsi.o
                0x08001104                Set_Scsi_Sense_Data
 .text.SCSI_Start_Stop_Unit_Cmd
                0x08001110        0x8 Util/USB/usb_scsi.o
                0x08001110                SCSI_Start_Stop_Unit_Cmd
 .text.SCSI_Verify10_Cmd
                0x08001118       0x3c Util/USB/usb_scsi.o
                0x08001118                SCSI_Verify10_Cmd
 .text.SCSI_TestUnitReady_Cmd
                0x08001154       0x34 Util/USB/usb_scsi.o
                0x08001154                SCSI_TestUnitReady_Cmd
 .text.SCSI_Format_Cmd
                0x08001188       0x16 Util/USB/usb_scsi.o
                0x08001188                SCSI_Format_Cmd
 *fill*         0x0800119e        0x2 00
 .text.SCSI_Invalid_Cmd
                0x080011a0       0x38 Util/USB/usb_scsi.o
                0x080011a0                SCSI_Invalid_Cmd
 .text.SCSI_Address_Management
                0x080011d8       0x70 Util/USB/usb_scsi.o
                0x080011d8                SCSI_Address_Management
 .text.SCSI_Write10_Cmd
                0x08001248       0x70 Util/USB/usb_scsi.o
                0x08001248                SCSI_Write10_Cmd
 .text.SCSI_Read10_Cmd
                0x080012b8       0x70 Util/USB/usb_scsi.o
                0x080012b8                SCSI_Read10_Cmd
 .text.Add_To_Buffer
                0x08001328       0x30 Util/buffer.o
                0x08001328                Add_To_Buffer
 .text.Get_From_Buffer
                0x08001358       0x32 Util/buffer.o
                0x08001358                Get_From_Buffer
 .text.Empty_Buffer
                0x0800138a        0x6 Util/buffer.o
                0x0800138a                Empty_Buffer
 .text.init_buffer
                0x08001390       0x12 Util/buffer.o
                0x08001390                init_buffer
 *fill*         0x080013a2        0x2 00
 .text.Delay    0x080013a4       0x30 Util/delay.o
                0x080013a4                Delay
 .text.ff_convert
                0x080013d4       0x60 Util/fat_fs/option/cc932.o
                0x080013d4                ff_convert
 .text.ff_wtoupper
                0x08001434       0x24 Util/fat_fs/option/cc932.o
                0x08001434                ff_wtoupper
 .text.get_fattime
                0x08001458       0x42 Util/fat_fs/src/fattime.o
                0x08001458                get_fattime
 .text.mem_cpy  0x0800149a       0x12 Util/fat_fs/src/ff.o
 .text.sum_sfn  0x080014ac       0x20 Util/fat_fs/src/ff.o
 .text.get_fileinfo
                0x080014cc      0x10e Util/fat_fs/src/ff.o
 .text.move_window
                0x080015da       0x78 Util/fat_fs/src/ff.o
 .text.sync     0x08001652       0xc0 Util/fat_fs/src/ff.o
 .text.validate
                0x08001712       0x24 Util/fat_fs/src/ff.o
 *fill*         0x08001736        0x2 00
 .text.check_fs
                0x08001738       0x90 Util/fat_fs/src/ff.o
 .text.chk_mounted
                0x080017c8      0x330 Util/fat_fs/src/ff.o
 .text.clust2sect
                0x08001af8       0x1a Util/fat_fs/src/ff.o
                0x08001af8                clust2sect
 .text.get_fat  0x08001b12       0xd2 Util/fat_fs/src/ff.o
                0x08001b12                get_fat
 .text.dir_sdi  0x08001be4       0x86 Util/fat_fs/src/ff.o
 .text.put_fat  0x08001c6a      0x106 Util/fat_fs/src/ff.o
                0x08001c6a                put_fat
 .text.create_chain
                0x08001d70       0x9c Util/fat_fs/src/ff.o
 .text.dir_next
                0x08001e0c      0x100 Util/fat_fs/src/ff.o
 .text.dir_find.part.4
                0x08001f0c      0x130 Util/fat_fs/src/ff.o
 .text.follow_path
                0x0800203c      0x33c Util/fat_fs/src/ff.o
 .text.remove_chain
                0x08002378       0x58 Util/fat_fs/src/ff.o
 .text.gen_numname
                0x080023d0       0xa2 Util/fat_fs/src/ff.o
                0x080023d0                gen_numname
 *fill*         0x08002472        0x2 00
 .text.dir_register
                0x08002474      0x200 Util/fat_fs/src/ff.o
 .text.f_mount  0x08002674       0x20 Util/fat_fs/src/ff.o
                0x08002674                f_mount
 .text.f_open   0x08002694      0x14c Util/fat_fs/src/ff.o
                0x08002694                f_open
 .text.f_write  0x080027e0      0x1b2 Util/fat_fs/src/ff.o
                0x080027e0                f_write
 .text.f_sync   0x08002992       0xa4 Util/fat_fs/src/ff.o
                0x08002992                f_sync
 .text.f_close  0x08002a36        0xe Util/fat_fs/src/ff.o
                0x08002a36                f_close
 .text.f_chdir  0x08002a44       0x62 Util/fat_fs/src/ff.o
                0x08002a44                f_chdir
 .text.f_lseek  0x08002aa6      0x150 Util/fat_fs/src/ff.o
                0x08002aa6                f_lseek
 .text.f_stat   0x08002bf6       0x44 Util/fat_fs/src/ff.o
                0x08002bf6                f_stat
 .text.f_truncate
                0x08002c3a       0x94 Util/fat_fs/src/ff.o
                0x08002c3a                f_truncate
 .text.f_mkdir  0x08002cce      0x1e8 Util/fat_fs/src/ff.o
                0x08002cce                f_mkdir
 .text.f_putc   0x08002eb6       0x22 Util/fat_fs/src/ff.o
                0x08002eb6                f_putc
 .text.f_puts   0x08002ed8       0x24 Util/fat_fs/src/ff.o
                0x08002ed8                f_puts
 .text.isDST    0x08002efc       0x2a Util/fat_fs/src/rtc.o
 *fill*         0x08002f26        0x2 00
 .text.counter_to_struct
                0x08002f28       0xb0 Util/fat_fs/src/rtc.o
 .text.rtc_gettime
                0x08002fd8       0x78 Util/fat_fs/src/rtc.o
                0x08002fd8                rtc_gettime
 .text.my_RTC_SetCounter
                0x08003050       0x22 Util/fat_fs/src/rtc.o
                0x08003050                my_RTC_SetCounter
 *fill*         0x08003072        0x2 00
 .text.rtc_settime
                0x08003074       0xd8 Util/fat_fs/src/rtc.o
                0x08003074                rtc_settime
 .text.rtc_init
                0x0800314c       0xa0 Util/fat_fs/src/rtc.o
                0x0800314c                rtc_init
 .text.power_on
                0x080031ec       0xf4 Util/fat_fs/src/sd_spi_stm32.o
 .text.stm32_spi_rw
                0x080032e0       0x24 Util/fat_fs/src/sd_spi_stm32.o
 .text.rcvr_spi
                0x08003304        0x6 Util/fat_fs/src/sd_spi_stm32.o
 *fill*         0x0800330a        0x2 00
 .text.wait_ready
                0x0800330c       0x20 Util/fat_fs/src/sd_spi_stm32.o
 .text.send_cmd
                0x0800332c       0x94 Util/fat_fs/src/sd_spi_stm32.o
 .text.stm32_dma_transfer
                0x080033c0       0xc8 Util/fat_fs/src/sd_spi_stm32.o
 .text.xmit_datablock.part.1
                0x08003488       0x2c Util/fat_fs/src/sd_spi_stm32.o
 .text.release_spi
                0x080034b4       0x18 Util/fat_fs/src/sd_spi_stm32.o
                0x080034b4                release_spi
 .text.wrapup_transaction
                0x080034cc       0x2c Util/fat_fs/src/sd_spi_stm32.o
                0x080034cc                wrapup_transaction
 .text.stop_cmd
                0x080034f8        0x8 Util/fat_fs/src/sd_spi_stm32.o
                0x080034f8                stop_cmd
 .text.rcvr_datablock
                0x08003500       0x54 Util/fat_fs/src/sd_spi_stm32.o
                0x08003500                rcvr_datablock
 .text.disk_initialize
                0x08003554      0x14c Util/fat_fs/src/sd_spi_stm32.o
                0x08003554                disk_initialize
 .text.disk_status
                0x080036a0       0x14 Util/fat_fs/src/sd_spi_stm32.o
                0x080036a0                disk_status
 .text.disk_read
                0x080036b4       0xa0 Util/fat_fs/src/sd_spi_stm32.o
                0x080036b4                disk_read
 .text.disk_write
                0x08003754       0xc4 Util/fat_fs/src/sd_spi_stm32.o
                0x08003754                disk_write
 .text.disk_ioctl
                0x08003818      0x298 Util/fat_fs/src/sd_spi_stm32.o
                0x08003818                disk_ioctl
 .text.disk_timerproc
                0x08003ab0       0x4c Util/fat_fs/src/sd_spi_stm32.o
                0x08003ab0                disk_timerproc
 .text.SampleFilter_init_1200
                0x08003afc       0x14 Util/filter_1200.o
                0x08003afc                SampleFilter_init_1200
 .text.SampleFilter_put_1200
                0x08003b10       0x16 Util/filter_1200.o
                0x08003b10                SampleFilter_put_1200
 *fill*         0x08003b26        0x2 00
 .text.SampleFilter_get_1200
                0x08003b28       0x40 Util/filter_1200.o
                0x08003b28                SampleFilter_get_1200
 .text.SampleFilter_init_190
                0x08003b68       0x12 Util/filter_190.o
                0x08003b68                SampleFilter_init_190
 .text.SampleFilter_put_190
                0x08003b7a       0x12 Util/filter_190.o
                0x08003b7a                SampleFilter_put_190
 .text.SampleFilter_get_190
                0x08003b8c       0x3c Util/filter_190.o
                0x08003b8c                SampleFilter_get_190
 .text.rprintfInit
                0x08003bc8        0xc Util/rprintf.o
                0x08003bc8                rprintfInit
 .text.rprintfChar
                0x08003bd4       0x1c Util/rprintf.o
                0x08003bd4                rprintfChar
 .text.rprintfFloat
                0x08003bf0       0xc4 Util/rprintf.o
                0x08003bf0                rprintfFloat
 .text.atoiRamRom
                0x08003cb4       0x24 Util/rprintf.o
                0x08003cb4                atoiRamRom
 .text.rStrLen  0x08003cd8       0x10 Util/rprintf.o
                0x08003cd8                rStrLen
 .text.rprintf2RamRom
                0x08003ce8      0x374 Util/rprintf.o
                0x08003ce8                rprintf2RamRom
 .text.write_wave_header
                0x0800405c       0xe0 Util/wave.o
                0x0800405c                write_wave_header
 .text.write_wave_samples
                0x0800413c       0x94 Util/wave.o
                0x0800413c                write_wave_samples
 .text.wave_terminate
                0x080041d0       0x76 Util/wave.o
                0x080041d0                wave_terminate
 *fill*         0x08004246        0x2 00
 .text.ADC_Configuration
                0x08004248       0xbc adc.o
                0x08004248                ADC_Configuration
 .text.setup_gpio
                0x08004304      0x120 gpio.o
                0x08004304                setup_gpio
 .text.switch_leds_on
                0x08004424       0x20 gpio.o
                0x08004424                switch_leds_on
 .text.switch_leds_off
                0x08004444       0x20 gpio.o
                0x08004444                switch_leds_off
 .text.red_flash
                0x08004464       0x30 gpio.o
                0x08004464                red_flash
 .text.I2C1_EV_IRQHandler
                0x08004494      0x624 i2c_int.o
                0x08004494                I2C1_EV_IRQHandler
 .text.I2C1_Request_Job
                0x08004ab8       0x74 i2c_int.o
                0x08004ab8                I2C1_Request_Job
 .text.I2C1_Setup_Job
                0x08004b2c       0x14 i2c_int.o
                0x08004b2c                I2C1_Setup_Job
 .text.I2C_Config
                0x08004b40      0x12c i2c_int.o
                0x08004b40                I2C_Config
 .text.I2C1_ER_IRQHandler
                0x08004c6c       0xec i2c_int.o
                0x08004c6c                I2C1_ER_IRQHandler
 .text.ISR_Config
                0x08004d58       0x5c interrupts.o
                0x08004d58                ISR_Config
 .text.EXTI_ONOFF_EN
                0x08004db4       0x54 interrupts.o
                0x08004db4                EXTI_ONOFF_EN
 .text.SysTick_Configuration
                0x08004e08       0x34 interrupts.o
                0x08004e08                SysTick_Configuration
 .text.EXTI0_IRQHandler
                0x08004e3c       0x94 interrupts.o
                0x08004e3c                EXTI0_IRQHandler
 .text.ADC1_2_IRQHandler
                0x08004ed0       0x68 interrupts.o
                0x08004ed0                ADC1_2_IRQHandler
 .text.SysTickHandler
                0x08004f38      0x170 interrupts.o
                0x08004f38                SysTickHandler
 .text.USB_HP_CAN_TX_IRQHandler
                0x080050a8        0x4 interrupts.o
                0x080050a8                USB_HP_CAN_TX_IRQHandler
 .text.USB_LP_CAN_RX0_IRQHandler
                0x080050ac        0x4 interrupts.o
                0x080050ac                USB_LP_CAN_RX0_IRQHandler
 .text.Reset_Handler
                0x080050b0       0x48 lib/CMSIS_CM3/startup/gcc/startup_stm32f10x_md.o
                0x080050b0                Reset_Handler
 .text.Default_Handler
                0x080050f8        0x4 lib/CMSIS_CM3/startup/gcc/startup_stm32f10x_md.o
                0x080050f8                EXTI2_IRQHandler
                0x080050f8                DebugMon_Handler
                0x080050f8                TIM1_CC_IRQHandler
                0x080050f8                HardFault_Handler
                0x080050f8                SysTick_Handler
                0x080050f8                PVD_IRQHandler
                0x080050f8                PendSV_Handler
                0x080050f8                NMI_Handler
                0x080050f8                EXTI3_IRQHandler
                0x080050f8                I2C2_EV_IRQHandler
                0x080050f8                UsageFault_Handler
                0x080050f8                SPI1_IRQHandler
                0x080050f8                TAMPER_IRQHandler
                0x080050f8                DMA1_Channel4_IRQHandler
                0x080050f8                USART3_IRQHandler
                0x080050f8                RTC_IRQHandler
                0x080050f8                DMA1_Channel7_IRQHandler
                0x080050f8                CAN1_RX1_IRQHandler
                0x080050f8                TIM4_IRQHandler
                0x080050f8                DMA1_Channel6_IRQHandler
                0x080050f8                TIM3_IRQHandler
                0x080050f8                RCC_IRQHandler
                0x080050f8                TIM1_TRG_COM_IRQHandler
                0x080050f8                DMA1_Channel1_IRQHandler
                0x080050f8                Default_Handler
                0x080050f8                EXTI15_10_IRQHandler
                0x080050f8                EXTI9_5_IRQHandler
                0x080050f8                SPI2_IRQHandler
                0x080050f8                MemManage_Handler
                0x080050f8                SVC_Handler
                0x080050f8                DMA1_Channel5_IRQHandler
                0x080050f8                EXTI4_IRQHandler
                0x080050f8                USB_LP_CAN1_RX0_IRQHandler
                0x080050f8                USB_HP_CAN1_TX_IRQHandler
                0x080050f8                DMA1_Channel3_IRQHandler
                0x080050f8                TIM1_UP_IRQHandler
                0x080050f8                WWDG_IRQHandler
                0x080050f8                TIM2_IRQHandler
                0x080050f8                TIM1_BRK_IRQHandler
                0x080050f8                EXTI1_IRQHandler
                0x080050f8                RTCAlarm_IRQHandler
                0x080050f8                USART2_IRQHandler
                0x080050f8                I2C2_ER_IRQHandler
                0x080050f8                DMA1_Channel2_IRQHandler
                0x080050f8                CAN1_SCE_IRQHandler
                0x080050f8                FLASH_IRQHandler
                0x080050f8                BusFault_Handler
                0x080050f8                USART1_IRQHandler
                0x080050f8                USBWakeUp_IRQHandler
 .text.SystemInit
                0x080050fc       0xf0 lib/CMSIS_CM3/system_stm32f10x.o
                0x080050fc                SystemInit
 .text.__str_print_char
                0x080051ec       0x24 main.o
                0x080051ec                __str_print_char
 .text.__fat_print_char
                0x08005210       0x1c main.o
                0x08005210                __fat_print_char
 .text.file_preallocation_control
                0x0800522c       0x30 main.o
                0x0800522c                file_preallocation_control
 .text.detect_sensors
                0x0800525c      0x138 main.o
                0x0800525c                detect_sensors
 *fill*         0x08005394        0x4 00
 .text.startup.main
                0x08005398      0xa28 main.o
                0x08005398                main
 .text.setuppwr
                0x08005dc0       0x14 pwr.o
                0x08005dc0                setuppwr
 .text.shutdown
                0x08005dd4       0x10 pwr.o
                0x08005dd4                shutdown
 .text.disable_pin
                0x08005de4        0x6 pwr.o
                0x08005de4                disable_pin
 *fill*         0x08005dea        0x2 00
 .text.shutdown_filesystem
                0x08005dec       0xa4 pwr.o
                0x08005dec                shutdown_filesystem
 .text._sbrk    0x08005e90       0x3c syscalls.o
                0x08005e90                _sbrk
 .text.Default_Usart_Config
                0x08005ecc       0x1c usart.o
                0x08005ecc                Default_Usart_Config
 .text.Usarts_Init
                0x08005ee8       0x98 usart.o
                0x08005ee8                Usarts_Init
 .text.__usart_send_char
                0x08005f80       0x1c usart.o
                0x08005f80                __usart_send_char
 .text.Usart_Send_Str
                0x08005f9c       0x18 usart.o
                0x08005f9c                Usart_Send_Str
 .text.Watchdog_Config
                0x08005fb4       0x2c watchdog.o
                0x08005fb4                Watchdog_Config
 .text          0x08005fe0       0xbc lib/STM32F10x_StdPeriph_Driver/libstm32fw.a(misc.o)
                0x08005fe0                NVIC_PriorityGroupConfig
                0x08005ff4                NVIC_Init
                0x08006058                NVIC_SetVectorTable
                0x0800606c                NVIC_SystemLPConfig
                0x08006084                SysTick_CLKSourceConfig
 .text          0x0800609c      0x35c lib/STM32F10x_StdPeriph_Driver/libstm32fw.a(stm32f10x_adc.o)
                0x0800609c                ADC_DeInit
                0x080060f8                ADC_Init
                0x08006140                ADC_StructInit
                0x08006152                ADC_Cmd
                0x08006164                ADC_DMACmd
                0x08006176                ADC_ITConfig
                0x08006188                ADC_ResetCalibration
                0x08006192                ADC_GetResetCalibrationStatus
                0x0800619a                ADC_StartCalibration
                0x080061a4                ADC_GetCalibrationStatus
                0x080061ac                ADC_SoftwareStartConvCmd
                0x080061be                ADC_GetSoftwareStartConvStatus
                0x080061c6                ADC_DiscModeChannelCountConfig
                0x080061d6                ADC_DiscModeCmd
                0x080061e8                ADC_RegularChannelConfig
                0x08006274                ADC_ExternalTrigConvCmd
                0x08006286                ADC_GetConversionValue
                0x0800628c                ADC_GetDualModeConversionValue
                0x08006298                ADC_AutoInjectedConvCmd
                0x080062aa                ADC_InjectedDiscModeCmd
                0x080062bc                ADC_ExternalTrigInjectedConvConfig
                0x080062c8                ADC_ExternalTrigInjectedConvCmd
                0x080062da                ADC_SoftwareStartInjectedConvCmd
                0x080062ec                ADC_GetSoftwareStartInjectedConvCmdStatus
                0x080062f4                ADC_InjectedChannelConfig
                0x0800634e                ADC_InjectedSequencerLengthConfig
                0x0800635e                ADC_SetInjectedOffset
                0x08006374                ADC_GetInjectedConversionValue
                0x0800638e                ADC_AnalogWatchdogCmd
                0x0800639e                ADC_AnalogWatchdogThresholdsConfig
                0x080063a4                ADC_AnalogWatchdogSingleChannelConfig
                0x080063b0                ADC_TempSensorVrefintCmd
                0x080063c8                ADC_GetFlagStatus
                0x080063d4                ADC_ClearFlag
                0x080063da                ADC_GetITStatus
                0x080063f0                ADC_ClearITPendingBit
 .text          0x080063f8       0xe0 lib/STM32F10x_StdPeriph_Driver/libstm32fw.a(stm32f10x_bkp.o)
                0x080063f8                BKP_DeInit
                0x0800640a                BKP_TamperPinLevelConfig
                0x08006414                BKP_TamperPinCmd
                0x08006420                BKP_ITConfig
                0x0800642c                BKP_RTCOutputConfig
                0x08006444                BKP_SetRTCCalibrationValue
                0x0800645c                BKP_WriteBackupRegister
                0x08006478                BKP_ReadBackupRegister
                0x08006498                BKP_GetFlagStatus
                0x080064a4                BKP_ClearFlag
                0x080064b8                BKP_GetITStatus
                0x080064c4                BKP_ClearITPendingBit
 .text          0x080064d8       0x34 lib/STM32F10x_StdPeriph_Driver/libstm32fw.a(stm32f10x_dbgmcu.o)
                0x080064d8                DBGMCU_GetREVID
                0x080064e4                DBGMCU_GetDEVID
                0x080064f4                DBGMCU_Config
 .text          0x0800650c      0x1d8 lib/STM32F10x_StdPeriph_Driver/libstm32fw.a(stm32f10x_dma.o)
                0x0800650c                DMA_DeInit
                0x08006604                DMA_Init
                0x08006642                DMA_StructInit
                0x0800665c                DMA_Cmd
                0x0800666e                DMA_ITConfig
                0x0800667e                DMA_GetCurrDataCounter
                0x08006684                DMA_GetFlagStatus
                0x080066a0                DMA_ClearFlag
                0x080066b4                DMA_GetITStatus
                0x080066d0                DMA_ClearITPendingBit
 .text          0x080066e4      0x104 lib/STM32F10x_StdPeriph_Driver/libstm32fw.a(stm32f10x_exti.o)
                0x080066e4                EXTI_DeInit
                0x08006700                EXTI_Init
                0x08006784                EXTI_StructInit
                0x08006792                EXTI_GenerateSWInterrupt
                0x080067a0                EXTI_GetFlagStatus
                0x080067b4                EXTI_ClearFlag
                0x080067c0                EXTI_GetITStatus
                0x080067dc                EXTI_ClearITPendingBit
 .text          0x080067e8      0x274 lib/STM32F10x_StdPeriph_Driver/libstm32fw.a(stm32f10x_gpio.o)
                0x080067e8                GPIO_DeInit
                0x08006894                GPIO_AFIODeInit
                0x080068aa                GPIO_Init
                0x0800694a                GPIO_StructInit
                0x0800695a                GPIO_ReadInputDataBit
                0x08006966                GPIO_ReadInputData
                0x0800696c                GPIO_ReadOutputDataBit
                0x08006978                GPIO_ReadOutputData
                0x0800697e                GPIO_SetBits
                0x08006982                GPIO_ResetBits
                0x08006986                GPIO_WriteBit
                0x08006990                GPIO_Write
                0x08006994                GPIO_PinLockConfig
                0x080069a4                GPIO_EventOutputConfig
                0x080069c0                GPIO_EventOutputCmd
                0x080069cc                GPIO_PinRemapConfig
                0x08006a20                GPIO_EXTILineConfig
                0x08006a50                GPIO_ETH_MediaInterfaceConfig
 .text          0x08006a5c      0x394 lib/STM32F10x_StdPeriph_Driver/libstm32fw.a(stm32f10x_i2c.o)
                0x08006a5c                I2C_DeInit
                0x08006a90                I2C_Init
                0x08006b64                I2C_StructInit
                0x08006b80                I2C_Cmd
                0x08006b98                I2C_DMACmd
                0x08006bb0                I2C_DMALastTransferCmd
                0x08006bc8                I2C_GenerateSTART
                0x08006be0                I2C_GenerateSTOP
                0x08006bf8                I2C_AcknowledgeConfig
                0x08006c10                I2C_OwnAddress2Config
                0x08006c22                I2C_DualAddressCmd
                0x08006c3a                I2C_GeneralCallCmd
                0x08006c52                I2C_ITConfig
                0x08006c64                I2C_SendData
                0x08006c68                I2C_ReceiveData
                0x08006c6e                I2C_Send7bitAddress
                0x08006c7e                I2C_ReadRegister
                0x08006c96                I2C_SoftwareResetCmd
                0x08006cae                I2C_SMBusAlertConfig
                0x08006cca                I2C_TransmitPEC
                0x08006ce2                I2C_PECPositionConfig
                0x08006cfe                I2C_CalculatePEC
                0x08006d16                I2C_GetPEC
                0x08006d1e                I2C_ARPCmd
                0x08006d36                I2C_StretchClockCmd
                0x08006d4e                I2C_FastModeDutyCycleConfig
                0x08006d6a                I2C_GetLastEvent
                0x08006d7a                I2C_CheckEvent
                0x08006d90                I2C_GetFlagStatus
                0x08006dc4                I2C_ClearFlag
                0x08006dcc                I2C_GetITStatus
                0x08006de8                I2C_ClearITPendingBit
 .text          0x08006df0       0x58 lib/STM32F10x_StdPeriph_Driver/libstm32fw.a(stm32f10x_iwdg.o)
                0x08006df0                IWDG_WriteAccessCmd
                0x08006dfc                IWDG_SetPrescaler
                0x08006e08                IWDG_SetReload
                0x08006e14                IWDG_ReloadCounter
                0x08006e24                IWDG_Enable
                0x08006e34                IWDG_GetFlagStatus
 .text          0x08006e48       0xc8 lib/STM32F10x_StdPeriph_Driver/libstm32fw.a(stm32f10x_pwr.o)
                0x08006e48                PWR_DeInit
                0x08006e62                PWR_BackupAccessCmd
                0x08006e6c                PWR_PVDCmd
                0x08006e78                PWR_PVDLevelConfig
                0x08006e8c                PWR_WakeUpPinCmd
                0x08006e98                PWR_EnterSTOPMode
                0x08006ec4                PWR_EnterSTANDBYMode
                0x08006eec                PWR_GetFlagStatus
                0x08006f00                PWR_ClearFlag
 .text          0x08006f10      0x34c lib/STM32F10x_StdPeriph_Driver/libstm32fw.a(stm32f10x_rcc.o)
                0x08006f10                RCC_DeInit
                0x08006f50                RCC_HSEConfig
                0x08006f88                RCC_AdjustHSICalibrationValue
                0x08006f9c                RCC_HSICmd
                0x08006fa8                RCC_PLLConfig
                0x08006fbc                RCC_PLLCmd
                0x08006fc8                RCC_SYSCLKConfig
                0x08006fdc                RCC_GetSYSCLKSource
                0x08006fec                RCC_HCLKConfig
                0x08007000                RCC_PCLK1Config
                0x08007014                RCC_PCLK2Config
                0x08007028                RCC_ITConfig
                0x08007040                RCC_USBCLKConfig
                0x0800704c                RCC_ADCCLKConfig
                0x08007060                RCC_LSEConfig
                0x08007080                RCC_LSICmd
                0x0800708c                RCC_RTCCLKConfig
                0x0800709c                RCC_RTCCLKCmd
                0x080070a8                RCC_GetClocksFreq
                0x0800713c                RCC_AHBPeriphClockCmd
                0x08007154                RCC_APB2PeriphClockCmd
                0x0800716c                RCC_APB1PeriphClockCmd
                0x08007184                RCC_APB2PeriphResetCmd
                0x0800719c                RCC_APB1PeriphResetCmd
                0x080071b4                RCC_BackupResetCmd
                0x080071c0                RCC_ClockSecuritySystemCmd
                0x080071cc                RCC_MCOConfig
                0x080071d8                RCC_GetFlagStatus
                0x08007200                RCC_WaitForHSEStartUp
                0x0800722c                RCC_ClearFlag
                0x0800723c                RCC_GetITStatus
                0x08007250                RCC_ClearITPendingBit
 .text          0x0800725c      0x158 lib/STM32F10x_StdPeriph_Driver/libstm32fw.a(stm32f10x_rtc.o)
                0x0800725c                RTC_ITConfig
                0x08007274                RTC_EnterConfigMode
                0x08007288                RTC_ExitConfigMode
                0x0800729c                RTC_GetCounter
                0x080072b0                RTC_SetCounter
                0x080072d0                RTC_SetPrescaler
                0x080072f0                RTC_SetAlarm
                0x08007310                RTC_GetDivider
                0x08007328                RTC_WaitForLastTask
                0x08007338                RTC_WaitForSynchro
                0x08007354                RTC_GetFlagStatus
                0x08007368                RTC_ClearFlag
                0x0800737c                RTC_GetITStatus
                0x080073a0                RTC_ClearITPendingBit
 .text          0x080073b4      0x2c0 lib/STM32F10x_StdPeriph_Driver/libstm32fw.a(stm32f10x_spi.o)
                0x080073b4                SPI_I2S_DeInit
                0x08007418                SPI_Init
                0x08007456                I2S_Init
                0x080074f6                SPI_StructInit
                0x0800750e                I2S_StructInit
                0x08007520                SPI_Cmd
                0x08007538                I2S_Cmd
                0x08007550                SPI_I2S_ITConfig
                0x0800756e                SPI_I2S_DMACmd
                0x08007580                SPI_I2S_SendData
                0x08007584                SPI_I2S_ReceiveData
                0x0800758a                SPI_NSSInternalSoftwareConfig
                0x080075a8                SPI_SSOutputCmd
                0x080075c0                SPI_DataSizeConfig
                0x080075d6                SPI_TransmitCRC
                0x080075e2                SPI_CalculateCRC
                0x080075fa                SPI_GetCRC
                0x08007606                SPI_GetCRCPolynomial
                0x0800760c                SPI_BiDirectionalLineConfig
                0x08007628                SPI_I2S_GetFlagStatus
                0x08007634                SPI_I2S_ClearFlag
                0x0800763c                SPI_I2S_GetITStatus
                0x08007662                SPI_I2S_ClearITPendingBit
 .text          0x08007674      0x348 lib/STM32F10x_StdPeriph_Driver/libstm32fw.a(stm32f10x_usart.o)
                0x08007674                USART_DeInit
                0x0800770c                USART_Init
                0x08007794                USART_StructInit
                0x080077aa                USART_ClockInit
                0x080077ca                USART_ClockStructInit
                0x080077d6                USART_Cmd
                0x080077ee                USART_ITConfig
                0x0800781e                USART_DMACmd
                0x08007830                USART_SetAddress
                0x08007846                USART_WakeUpConfig
                0x0800785c                USART_ReceiverWakeUpCmd
                0x08007874                USART_LINBreakDetectLengthConfig
                0x0800788a                USART_LINCmd
                0x080078a2                USART_SendData
                0x080078aa                USART_ReceiveData
                0x080078b2                USART_SendBreak
                0x080078be                USART_SetGuardTime
                0x080078d0                USART_SetPrescaler
                0x080078e2                USART_SmartCardCmd
                0x080078fa                USART_SmartCardNACKCmd
                0x08007912                USART_HalfDuplexCmd
                0x0800792a                USART_IrDAConfig
                0x08007940                USART_IrDACmd
                0x08007958                USART_GetFlagStatus
                0x08007964                USART_ClearFlag
                0x0800796c                USART_GetITStatus
                0x080079ac                USART_ClearITPendingBit
 .text          0x080079bc      0x948 lib/STM32_USB-FS-Device_Driver/libstm32usb.a(usb_core.o)
                0x080079bc                Standard_GetConfiguration
                0x080079e4                Standard_GetInterface
                0x08007a0c                Standard_GetStatus
                0x08007b64                Standard_SetConfiguration
                0x08007ba0                Standard_SetInterface
                0x08007bf0                Standard_ClearFeature
                0x08007cd4                Standard_SetEndPointFeature
                0x08007d60                Standard_SetDeviceFeature
                0x08007d88                Standard_GetDescriptorData
                0x08007da4                Post0_Process
                0x08007de8                Out0_Process
                0x08007ed4                Setup0_Process
                0x08008258                SetDeviceAddress
                0x0800829c                In0_Process
                0x08008300                NOP_Process
 .text          0x08008304       0x44 lib/STM32_USB-FS-Device_Driver/libstm32usb.a(usb_init.o)
                0x08008304                USB_Init
 .text          0x08008348      0x234 lib/STM32_USB-FS-Device_Driver/libstm32usb.a(usb_int.o)
                0x08008348                CTR_LP
                0x080084f0                CTR_HP
 .text          0x0800857c       0x60 lib/STM32_USB-FS-Device_Driver/libstm32usb.a(usb_mem.o)
                0x0800857c                UserToPMABufferCopy
                0x080085b4                PMAToUserBufferCopy
 .text          0x080085dc      0x870 lib/STM32_USB-FS-Device_Driver/libstm32usb.a(usb_regs.o)
                0x080085dc                SetCNTR
                0x080085e8                GetCNTR
                0x080085f8                SetISTR
                0x08008604                GetISTR
                0x08008614                GetFNR
                0x08008624                SetDADDR
                0x08008630                GetDADDR
                0x08008640                SetBTABLE
                0x08008654                GetBTABLE
                0x08008664                SetENDPOINT
                0x08008674                GetENDPOINT
                0x08008684                SetEPType
                0x0800869c                GetEPType
                0x080086b0                SetEPTxStatus
                0x080086e0                SetEPRxStatus
                0x08008710                SetDouBleBuffEPStall
                0x08008738                GetEPTxStatus
                0x0800874c                GetEPRxStatus
                0x08008760                SetEPTxValid
                0x08008784                SetEPRxValid
                0x080087a8                SetEP_KIND
                0x080087c8                ClearEP_KIND
                0x080087e8                Clear_Status_Out
                0x08008808                Set_Status_Out
                0x08008828                SetEPDoubleBuff
                0x08008848                ClearEPDoubleBuff
                0x08008868                GetTxStallStatus
                0x08008888                GetRxStallStatus
                0x080088a4                ClearEP_CTR_RX
                0x080088bc                ClearEP_CTR_TX
                0x080088d4                ToggleDTOG_RX
                0x080088f4                ToggleDTOG_TX
                0x08008914                ClearDTOG_RX
                0x08008938                ClearDTOG_TX
                0x0800895c                SetEPAddress
                0x0800897c                GetEPAddress
                0x08008990                SetEPTxAddr
                0x080089b4                SetEPRxAddr
                0x080089dc                GetEPTxAddr
                0x080089fc                GetEPRxAddr
                0x08008a1c                SetEPTxCount
                0x08008a3c                SetEPCountRxReg
                0x08008a64                SetEPRxCount
                0x08008aac                GetEPTxCount
                0x08008ad0                GetEPRxCount
                0x08008af4                SetEPDblBuffAddr
                0x08008b38                SetEPDblBuf0Addr
                0x08008b5c                SetEPDblBuf1Addr
                0x08008b84                GetEPDblBuf0Addr
                0x08008ba4                GetEPDblBuf1Addr
                0x08008bc4                SetEPDblBuffCount
                0x08008c7c                SetEPDblBuf0Count
                0x08008cec                SetEPDblBuf1Count
                0x08008d5c                GetEPDblBuf0Count
                0x08008d80                GetEPDblBuf1Count
                0x08008da4                GetEPDblBufDir
                0x08008df0                FreeUserBuffer
                0x08008e38                ToWord
                0x08008e40                ByteSwap
 .text          0x08008e4c       0x78 lib/STM32_USB-FS-Device_Driver/libstm32usb.a(usb_sil.o)
                0x08008e4c                USB_SIL_Init
                0x08008e78                USB_SIL_Write
                0x08008ea0                USB_SIL_Read
 .text          0x08008ec4      0x370 /home/laurence/toolchain/lib/gcc/arm-none-eabi/4.7.2/thumb/armv7-m/libgcc.a(_arm_addsubdf3.o)
                0x08008ec4                __aeabi_drsub
                0x08008ecc                __aeabi_dsub
                0x08008ecc                __subdf3
                0x08008ed0                __adddf3
                0x08008ed0                __aeabi_dadd
                0x08009148                __aeabi_ui2d
                0x08009148                __floatunsidf
                0x08009168                __floatsidf
                0x08009168                __aeabi_i2d
                0x0800918c                __extendsfdf2
                0x0800918c                __aeabi_f2d
                0x080091c8                __aeabi_ul2d
                0x080091c8                __floatundidf
                0x080091d8                __floatdidf
                0x080091d8                __aeabi_l2d
 .text          0x08009234      0x424 /home/laurence/toolchain/lib/gcc/arm-none-eabi/4.7.2/thumb/armv7-m/libgcc.a(_arm_muldivdf3.o)
                0x08009234                __aeabi_dmul
                0x08009234                __muldf3
                0x08009488                __aeabi_ddiv
                0x08009488                __divdf3
 .text          0x08009658      0x110 /home/laurence/toolchain/lib/gcc/arm-none-eabi/4.7.2/thumb/armv7-m/libgcc.a(_arm_cmpdf2.o)
                0x08009658                __gtdf2
                0x08009658                __gedf2
                0x08009660                __ltdf2
                0x08009660                __ledf2
                0x08009668                __cmpdf2
                0x08009668                __eqdf2
                0x08009668                __nedf2
                0x080096e4                __aeabi_cdrcmple
                0x080096f4                __aeabi_cdcmple
                0x080096f4                __aeabi_cdcmpeq
                0x08009704                __aeabi_dcmpeq
                0x08009718                __aeabi_dcmplt
                0x0800972c                __aeabi_dcmple
                0x08009740                __aeabi_dcmpge
                0x08009754                __aeabi_dcmpgt
 .text          0x08009768       0xa0 /home/laurence/toolchain/lib/gcc/arm-none-eabi/4.7.2/thumb/armv7-m/libgcc.a(_arm_truncdfsf2.o)
                0x08009768                __aeabi_d2f
                0x08009768                __truncdfsf2
 .text          0x08009808      0x21c /home/laurence/toolchain/lib/gcc/arm-none-eabi/4.7.2/thumb/armv7-m/libgcc.a(_arm_addsubsf3.o)
                0x08009808                __aeabi_frsub
                0x08009810                __subsf3
                0x08009810                __aeabi_fsub
                0x08009814                __aeabi_fadd
                0x08009814                __addsf3
                0x08009974                __aeabi_ui2f
                0x08009974                __floatunsisf
                0x0800997c                __aeabi_i2f
                0x0800997c                __floatsisf
                0x08009998                __floatundisf
                0x08009998                __aeabi_ul2f
                0x080099a8                __floatdisf
                0x080099a8                __aeabi_l2f
 .text          0x08009a24      0x2a0 /home/laurence/toolchain/lib/gcc/arm-none-eabi/4.7.2/thumb/armv7-m/libgcc.a(_arm_muldivsf3.o)
                0x08009a24                __mulsf3
                0x08009a24                __aeabi_fmul
                0x08009b8c                __divsf3
                0x08009b8c                __aeabi_fdiv
 .text          0x08009cc4       0xec /home/laurence/toolchain/lib/gcc/arm-none-eabi/4.7.2/thumb/armv7-m/libgcc.a(_arm_cmpsf2.o)
                0x08009cc4                __gtsf2
                0x08009cc4                __gesf2
                0x08009ccc                __lesf2
                0x08009ccc                __ltsf2
                0x08009cd4                __nesf2
                0x08009cd4                __eqsf2
                0x08009cd4                __cmpsf2
                0x08009d34                __aeabi_cfrcmple
                0x08009d3c                __aeabi_cfcmple
                0x08009d3c                __aeabi_cfcmpeq
                0x08009d4c                __aeabi_fcmpeq
                0x08009d60                __aeabi_fcmplt
                0x08009d74                __aeabi_fcmple
                0x08009d88                __aeabi_fcmpge
                0x08009d9c                __aeabi_fcmpgt
 .text          0x08009db0       0x4c /home/laurence/toolchain/lib/gcc/arm-none-eabi/4.7.2/thumb/armv7-m/libgcc.a(_arm_fixsfsi.o)
                0x08009db0                __fixsfsi
                0x08009db0                __aeabi_f2iz
 .text          0x08009dfc       0x40 /home/laurence/toolchain/lib/gcc/arm-none-eabi/4.7.2/thumb/armv7-m/libgcc.a(_arm_fixunssfsi.o)
                0x08009dfc                __aeabi_f2uiz
                0x08009dfc                __fixunssfsi
 .text.malloc   0x08009e3c       0x10 /home/laurence/toolchain/lib/gcc/arm-none-eabi/4.7.2/../../../../arm-none-eabi/lib/thumb/armv7-m/libc.a(lib_a-malloc.o)
                0x08009e3c                malloc
 .text._malloc_r
                0x08009e4c       0x9c /home/laurence/toolchain/lib/gcc/arm-none-eabi/4.7.2/../../../../arm-none-eabi/lib/thumb/armv7-m/libc.a(lib_a-mallocr.o)
                0x08009e4c                _malloc_r
 .text.memcmp   0x08009ee8       0x20 /home/laurence/toolchain/lib/gcc/arm-none-eabi/4.7.2/../../../../arm-none-eabi/lib/thumb/armv7-m/libc.a(lib_a-memcmp.o)
                0x08009ee8                memcmp
 .text.memset   0x08009f08       0x10 /home/laurence/toolchain/lib/gcc/arm-none-eabi/4.7.2/../../../../arm-none-eabi/lib/thumb/armv7-m/libc.a(lib_a-memset.o)
                0x08009f08                memset
 .text._sbrk_r  0x08009f18       0x20 /home/laurence/toolchain/lib/gcc/arm-none-eabi/4.7.2/../../../../arm-none-eabi/lib/thumb/armv7-m/libc.a(lib_a-sbrkr.o)
                0x08009f18                _sbrk_r
 .text.strcat   0x08009f38       0x1a /home/laurence/toolchain/lib/gcc/arm-none-eabi/4.7.2/../../../../arm-none-eabi/lib/thumb/armv7-m/libc.a(lib_a-strcat.o)
                0x08009f38                strcat
 .text.strlen   0x08009f52       0x10 /home/laurence/toolchain/lib/gcc/arm-none-eabi/4.7.2/../../../../arm-none-eabi/lib/thumb/armv7-m/libc.a(lib_a-strlen.o)
                0x08009f52                strlen
 *(.init)
 *fill*         0x08009f62        0x2 00
 .init          0x08009f64        0x4 /home/laurence/toolchain/lib/gcc/arm-none-eabi/4.7.2/thumb/armv7-m/crti.o
                0x08009f64                _init
 .init          0x08009f68        0x8 /home/laurence/toolchain/lib/gcc/arm-none-eabi/4.7.2/thumb/armv7-m/crtn.o
 *(.fini)
 .fini          0x08009f70        0x4 /home/laurence/toolchain/lib/gcc/arm-none-eabi/4.7.2/thumb/armv7-m/crti.o
                0x08009f70                _fini
 .fini          0x08009f74        0x8 /home/laurence/toolchain/lib/gcc/arm-none-eabi/4.7.2/thumb/armv7-m/crtn.o
 *crtbegin.o(.ctors)
 *crtbegin?.o(.ctors)
 *(EXCLUDE_FILE(*crtend.o *crtend?.o) .ctors)
 *(SORT(.ctors.*))
 *(.ctors)
 *crtbegin.o(.dtors)
 *crtbegin?.o(.dtors)
 *(EXCLUDE_FILE(*crtend.o *crtend?.o) .dtors)
 *(SORT(.dtors.*))
 *(.dtors)
 *(.rodata*)
 .rodata.LSM_330_ACCEL_FIFO_config
                0x08009f7c        0x2 Sensors/amb_sensors.o
                0x08009f7c                LSM_330_ACCEL_FIFO_config
 .rodata.LSM_330_GYRO_config
                0x08009f7e        0x4 Sensors/amb_sensors.o
                0x08009f7e                LSM_330_GYRO_config
 .rodata.LSM_330_ACCEL_config
                0x08009f82        0x6 Sensors/amb_sensors.o
                0x08009f82                LSM_330_ACCEL_config
 .rodata.ITG3200_config
                0x08009f88        0x3 Sensors/amb_sensors.o
                0x08009f88                ITG3200_config
 .rodata.HMC_config
                0x08009f8b        0x3 Sensors/amb_sensors.o
                0x08009f8b                HMC_config
 .rodata.ADXL_config
                0x08009f8e        0x6 Sensors/amb_sensors.o
                0x08009f8e                ADXL_config
 .rodata.MASS_StringLangID
                0x08009f94        0x4 Util/USB/usb_desc.o
                0x08009f94                MASS_StringLangID
 .rodata.MASS_ConfigDescriptor
                0x08009f98       0x20 Util/USB/usb_desc.o
                0x08009f98                MASS_ConfigDescriptor
 .rodata.MASS_StringProduct
                0x08009fb8       0x2e Util/USB/usb_desc.o
                0x08009fb8                MASS_StringProduct
 .rodata.MASS_DeviceDescriptor
                0x08009fe6       0x12 Util/USB/usb_desc.o
                0x08009fe6                MASS_DeviceDescriptor
 .rodata.MASS_StringInterface
                0x08009ff8       0x10 Util/USB/usb_desc.o
                0x08009ff8                MASS_StringInterface
 .rodata.MASS_StringVendor
                0x0800a008       0x32 Util/USB/usb_desc.o
                0x0800a008                MASS_StringVendor
 .rodata.tbl_upper.4251
                0x0800a03a      0x1e0 Util/fat_fs/option/cc932.o
 .rodata.uni2sjis
                0x0800a21a     0x7378 Util/fat_fs/option/cc932.o
 .rodata.tbl_lower.4250
                0x08011592      0x1e0 Util/fat_fs/option/cc932.o
 .rodata.str1.1
                0x08011772       0x10 Util/fat_fs/src/ff.o
 .rodata.LfnOfs
                0x08011782        0xd Util/fat_fs/src/ff.o
 .rodata.DaysInMonth
                0x0801178f        0xc Util/fat_fs/src/rtc.o
 *fill*         0x0801179b        0x1 00
 .rodata.filter_taps
                0x0801179c       0xf4 Util/filter_1200.o
 .rodata.filter_taps
                0x08011890       0x3c Util/filter_190.o
 .rodata.str1.1
                0x080118cc        0x6 Util/rprintf.o
 *fill*         0x080118d2        0x2 00
 .rodata.SystemFrequency
                0x080118d4        0x4 lib/CMSIS_CM3/system_stm32f10x.o
                0x080118d4                SystemFrequency
 .rodata.str1.1
                0x080118d8      0x1c5 main.o
                                0x1c7 (size before relaxing)
 .rodata.str1.1
                0x08011a9d       0x26 pwr.o
 .rodata.str1.1
                0x08011ac3        0x2 /home/laurence/toolchain/lib/gcc/arm-none-eabi/4.7.2/../../../../arm-none-eabi/lib/thumb/armv7-m/libc.a(lib_a-impure.o)
 *(.eh_frame*)
 *fill*         0x08011ac5        0x3 00
 .eh_frame      0x08011ac8        0x0 /home/laurence/toolchain/lib/gcc/arm-none-eabi/4.7.2/thumb/armv7-m/crtbegin.o
 .eh_frame      0x08011ac8        0x4 /home/laurence/toolchain/lib/gcc/arm-none-eabi/4.7.2/thumb/armv7-m/crtend.o

.glue_7         0x08011acc        0x0
 .glue_7        0x00000000        0x0 linker stubs

.glue_7t        0x08011acc        0x0
 .glue_7t       0x00000000        0x0 linker stubs

.vfp11_veneer   0x08011acc        0x0
 .vfp11_veneer  0x00000000        0x0 linker stubs

.v4_bx          0x08011acc        0x0
 .v4_bx         0x00000000        0x0 linker stubs

.iplt           0x08011acc        0x0
 .iplt          0x00000000        0x0 /home/laurence/toolchain/lib/gcc/arm-none-eabi/4.7.2/thumb/armv7-m/crtbegin.o

.rel.dyn        0x08011acc        0x0
 .rel.iplt      0x00000000        0x0 /home/laurence/toolchain/lib/gcc/arm-none-eabi/4.7.2/thumb/armv7-m/crtbegin.o

.ARM.extab
 *(.ARM.extab* .gnu.linkonce.armextab.*)
                0x08011acc                __exidx_start = .

.ARM.exidx
 *(.ARM.exidx* .gnu.linkonce.armexidx.*)
                0x08011acc                __exidx_end = .
                0x08011acc                __etext = .

.data           0x20000000      0x260 load address 0x08011acc
                0x20000000                __data_start__ = .
 *(vtable)
 *(.data*)
 .data.I2C_jobs
                0x20000000       0x80 Sensors/amb_sensors.o
                0x20000000                I2C_jobs
 .data.Mode_Sense10_data
                0x20000080        0x8 Util/USB/scsi_data.o
                0x20000080                Mode_Sense10_data
 .data.Scsi_Sense_Data
                0x20000088       0x12 Util/USB/scsi_data.o
                0x20000088                Scsi_Sense_Data
 .data.Mode_Sense6_data
                0x2000009a        0x4 Util/USB/scsi_data.o
                0x2000009a                Mode_Sense6_data
 .data.ReadFormatCapacity_Data
                0x2000009e        0xc Util/USB/scsi_data.o
                0x2000009e                ReadFormatCapacity_Data
 .data.Standard_Inquiry_Data2
                0x200000aa       0x24 Util/USB/scsi_data.o
                0x200000aa                Standard_Inquiry_Data2
 .data.Standard_Inquiry_Data
                0x200000ce       0x24 Util/USB/scsi_data.o
                0x200000ce                Standard_Inquiry_Data
 .data.MASS_StringSerial
                0x200000f2       0x1a Util/USB/usb_desc.o
                0x200000f2                MASS_StringSerial
 .data.pEpInt_IN
                0x2000010c       0x1c Util/USB/usb_istr.o
                0x2000010c                pEpInt_IN
 .data.pEpInt_OUT
                0x20000128       0x1c Util/USB/usb_istr.o
                0x20000128                pEpInt_OUT
 .data.Config_Descriptor
                0x20000144        0x8 Util/USB/usb_prop.o
                0x20000144                Config_Descriptor
 .data.Device_Property
                0x2000014c       0x30 Util/USB/usb_prop.o
                0x2000014c                Device_Property
 .data.User_Standard_Requests
                0x2000017c       0x24 Util/USB/usb_prop.o
                0x2000017c                User_Standard_Requests
 .data.Device_Descriptor
                0x200001a0        0x8 Util/USB/usb_prop.o
                0x200001a0                Device_Descriptor
 .data.String_Descriptor
                0x200001a8       0x28 Util/USB/usb_prop.o
                0x200001a8                String_Descriptor
 .data.Device_Table
                0x200001d0        0x2 Util/USB/usb_prop.o
                0x200001d0                Device_Table
 .data.fSuspendEnabled
                0x200001d2        0x1 Util/USB/usb_pwr.o
                0x200001d2                fSuspendEnabled
 *fill*         0x200001d3        0x1 00
 .data.rw_workbyte.7898
                0x200001d4        0x2 Util/fat_fs/src/sd_spi_stm32.o
 .data.Stat     0x200001d6        0x1 Util/fat_fs/src/sd_spi_stm32.o
 .data          0x200001d7       0x14 lib/STM32F10x_StdPeriph_Driver/libstm32fw.a(stm32f10x_rcc.o)
 *fill*         0x200001eb        0x1 00
 .data.impure_data
                0x200001ec       0x64 /home/laurence/toolchain/lib/gcc/arm-none-eabi/4.7.2/../../../../arm-none-eabi/lib/thumb/armv7-m/libc.a(lib_a-impure.o)
 .data._impure_ptr
                0x20000250        0x4 /home/laurence/toolchain/lib/gcc/arm-none-eabi/4.7.2/../../../../arm-none-eabi/lib/thumb/armv7-m/libc.a(lib_a-impure.o)
                0x20000250                _impure_ptr
                0x20000254                . = ALIGN (0x4)
                0x20000254                PROVIDE (__preinit_array_start, .)
 *(.preinit_array)
                0x20000254                PROVIDE (__preinit_array_end, .)
                0x20000254                . = ALIGN (0x4)
                0x20000254                PROVIDE (__init_array_start, .)
 *(SORT(.init_array.*))
 *(.init_array)
 .init_array    0x20000254        0x4 /home/laurence/toolchain/lib/gcc/arm-none-eabi/4.7.2/thumb/armv7-m/crtbegin.o
                0x20000258                PROVIDE (__init_array_end, .)
                0x20000258                . = ALIGN (0x4)
                0x20000258                PROVIDE (__fini_array_start, .)
 *(SORT(.fini_array.*))
 *(.fini_array)
 .fini_array    0x20000258        0x4 /home/laurence/toolchain/lib/gcc/arm-none-eabi/4.7.2/thumb/armv7-m/crtbegin.o
                0x2000025c                PROVIDE (__fini_array_end, .)
 *(.jcr*)
 .jcr           0x2000025c        0x0 /home/laurence/toolchain/lib/gcc/arm-none-eabi/4.7.2/thumb/armv7-m/crtbegin.o
 .jcr           0x2000025c        0x4 /home/laurence/toolchain/lib/gcc/arm-none-eabi/4.7.2/thumb/armv7-m/crtend.o
                0x20000260                . = ALIGN (0x4)
                0x20000260                __data_end__ = .

.tm_clone_table
                0x20000260        0x0 load address 0x08011d2c
 .tm_clone_table
                0x20000260        0x0 /home/laurence/toolchain/lib/gcc/arm-none-eabi/4.7.2/thumb/armv7-m/crtbegin.o
 .tm_clone_table
                0x20000260        0x0 /home/laurence/toolchain/lib/gcc/arm-none-eabi/4.7.2/thumb/armv7-m/crtend.o

.igot.plt       0x20000260        0x0 load address 0x08011d2c
 .igot.plt      0x00000000        0x0 /home/laurence/toolchain/lib/gcc/arm-none-eabi/4.7.2/thumb/armv7-m/crtbegin.o

.bss            0x20000260     0x1354 load address 0x08011d2c
                0x20000260                . = ALIGN (0x4)
                0x20000260                __bss_start__ = .
 *(.bss*)
 .bss.completed.5900
                0x20000260        0x1 /home/laurence/toolchain/lib/gcc/arm-none-eabi/4.7.2/thumb/armv7-m/crtbegin.o
 *fill*         0x20000261        0x3 00
 .bss.object.5905
                0x20000264       0x18 /home/laurence/toolchain/lib/gcc/arm-none-eabi/4.7.2/thumb/armv7-m/crtbegin.o
 .bss.Rawdata   0x2000027c       0x40 Sensors/amb_sensors.o
                0x2000027c                Rawdata
 .bss.RawFifo   0x200002bc       0x1e Sensors/amb_sensors.o
                0x200002bc                RawFifo
 .bss.I2C_Transactions_State
                0x200002da        0x1 Sensors/amb_sensors.o
                0x200002da                I2C_Transactions_State
 *fill*         0x200002db        0x1 00
 .bss.LSM330_Accel_Filter
                0x200002dc      0x2e8 Sensors/amb_sensors.o
                0x200002dc                LSM330_Accel_Filter
 .bss.LSM330_Gyro_Filter
                0x200005c4      0x2e8 Sensors/amb_sensors.o
                0x200005c4                LSM330_Gyro_Filter
 .bss.LastFifo  0x200008ac        0x6 Sensors/amb_sensors.o
                0x200008ac                LastFifo
 *fill*         0x200008b2        0x2 00
 .bss.Data_Buffer
                0x200008b4        0x4 Util/USB/mass_mal.o
                0x200008b4                Data_Buffer
 .bss.Mass_Block_Size
                0x200008b8        0x8 Util/USB/mass_mal.o
                0x200008b8                Mass_Block_Size
 .bss.Status    0x200008c0        0x4 Util/USB/mass_mal.o
                0x200008c0                Status
 .bss.Mass_Memory_Size
                0x200008c4        0x8 Util/USB/mass_mal.o
                0x200008c4                Mass_Memory_Size
 .bss.Mass_Block_Count
                0x200008cc        0x8 Util/USB/mass_mal.o
                0x200008cc                Mass_Block_Count
 .bss.Block_offset
                0x200008d4        0x4 Util/USB/memory.o
                0x200008d4                Block_offset
 .bss.Length.7960
                0x200008d8        0x4 Util/USB/memory.o
 .bss.Counter   0x200008dc        0x4 Util/USB/memory.o
                0x200008dc                Counter
 .bss.Idx       0x200008e0        0x4 Util/USB/memory.o
                0x200008e0                Idx
 .bss.Used_CMD18.7961
                0x200008e4        0x1 Util/USB/memory.o
 *fill*         0x200008e5        0x3 00
 .bss.W_Length.7973
                0x200008e8        0x4 Util/USB/memory.o
 .bss.W_Offset.7972
                0x200008ec        0x4 Util/USB/memory.o
 .bss.TransferState
                0x200008f0        0x1 Util/USB/memory.o
                0x200008f0                TransferState
 .bss.ReadCapacity10_Data
                0x200008f1        0x8 Util/USB/scsi_data.o
                0x200008f1                ReadCapacity10_Data
 .bss.Page00_Inquiry_Data
                0x200008f9        0x5 Util/USB/scsi_data.o
                0x200008f9                Page00_Inquiry_Data
 .bss.Data_Len  0x200008fe        0x2 Util/USB/usb_bot.o
                0x200008fe                Data_Len
 .bss.CBW       0x20000900       0x20 Util/USB/usb_bot.o
                0x20000900                CBW
 .bss.Bot_State
                0x20000920        0x1 Util/USB/usb_bot.o
                0x20000920                Bot_State
 *fill*         0x20000921        0x3 00
 .bss.SCSI_BlkLen
                0x20000924        0x4 Util/USB/usb_bot.o
                0x20000924                SCSI_BlkLen
 .bss.Bulk_Data_Buff
                0x20000928       0x40 Util/USB/usb_bot.o
                0x20000928                Bulk_Data_Buff
 .bss.SCSI_LBA  0x20000968        0x4 Util/USB/usb_bot.o
                0x20000968                SCSI_LBA
 .bss.CSW       0x2000096c       0x10 Util/USB/usb_bot.o
                0x2000096c                CSW
 .bss.bIntPackSOF
                0x2000097c        0x1 Util/USB/usb_istr.o
                0x2000097c                bIntPackSOF
 *fill*         0x2000097d        0x1 00
 .bss.wIstr     0x2000097e        0x2 Util/USB/usb_istr.o
                0x2000097e                wIstr
 .bss.Max_Lun   0x20000980        0x4 Util/USB/usb_prop.o
                0x20000980                Max_Lun
 .bss.ResumeS   0x20000984        0x2 Util/USB/usb_pwr.o
                0x20000984                ResumeS
 *fill*         0x20000986        0x2 00
 .bss.bDeviceState
                0x20000988        0x4 Util/USB/usb_pwr.o
                0x20000988                bDeviceState
 .bss.CurrVol   0x2000098c        0x1 Util/fat_fs/src/ff.o
 *fill*         0x2000098d        0x1 00
 .bss.Fsid      0x2000098e        0x2 Util/fat_fs/src/ff.o
 .bss.FatFs     0x20000990        0x4 Util/fat_fs/src/ff.o
 .bss.pv.8021   0x20000994        0x4 Util/fat_fs/src/sd_spi_stm32.o
 .bss.Timer1    0x20000998        0x4 Util/fat_fs/src/sd_spi_stm32.o
 .bss.Timer2    0x2000099c        0x4 Util/fat_fs/src/sd_spi_stm32.o
 .bss.CardType  0x200009a0        0x1 Util/fat_fs/src/sd_spi_stm32.o
 .bss.Sd_Spi_Called_From_USB_MSC
                0x200009a1        0x1 Util/fat_fs/src/sd_spi_stm32.o
                0x200009a1                Sd_Spi_Called_From_USB_MSC
 *fill*         0x200009a2        0x2 00
 .bss.rputchar  0x200009a4        0x4 Util/rprintf.o
 .bss.buf       0x200009a8       0x80 Util/rprintf.o
 .bss.bootsource
                0x20000a28        0x1 gpio.o
                0x20000a28                bootsource
 .bss.final_stop.7166
                0x20000a29        0x1 i2c_int.o
 .bss.job       0x20000a2a        0x1 i2c_int.o
                0x20000a2a                job
 *fill*         0x20000a2b        0x1 00
 .bss.Completed_Jobs
                0x20000a2c        0x4 i2c_int.o
                0x20000a2c                Completed_Jobs
 .bss.index.7167
                0x20000a30        0x1 i2c_int.o
 .bss.subaddress_sent.7165
                0x20000a31        0x1 i2c_int.o
 *fill*         0x20000a32        0x2 00
 .bss.Jobs      0x20000a34        0x4 i2c_int.o
                0x20000a34                Jobs
 .bss.I2C1error
                0x20000a38        0x2 i2c_int.o
                0x20000a38                I2C1error
 .bss.System_state_counter.8237
                0x20000a3a        0x1 interrupts.o
 *fill*         0x20000a3b        0x1 00
 .bss.Last_Button_Press.8236
                0x20000a3c        0x4 interrupts.o
 .bss.Battery_Voltage
                0x20000a40        0x4 interrupts.o
                0x20000a40                Battery_Voltage
 .bss.Button_hold_tim
                0x20000a44        0x1 interrupts.o
                0x20000a44                Button_hold_tim
 *fill*         0x20000a45        0x3 00
 .bss.FATFS_Obj
                0x20000a48      0x234 main.o
 .bss.Millis    0x20000c7c        0x4 main.o
                0x20000c7c                Millis
 .bss.f_err_code
                0x20000c80        0x1 main.o
                0x20000c80                f_err_code
 *fill*         0x20000c81        0x3 00
 .bss.forehead_buffer
                0x20000c84       0x54 main.o
                0x20000c84                forehead_buffer
 .bss.print_string
                0x20000cd8      0x100 main.o
                0x20000cd8                print_string
 .bss.sfe_sensor_buffers
                0x20000dd8       0xf0 main.o
                0x20000dd8                sfe_sensor_buffers
 .bss.Sensors   0x20000ec8        0x1 main.o
                0x20000ec8                Sensors
 .bss.file_opened
                0x20000ec9        0x1 main.o
                0x20000ec9                file_opened
 *fill*         0x20000eca        0x2 00
 .bss.FATFS_info
                0x20000ecc       0x20 main.o
                0x20000ecc                FATFS_info
 .bss.FATFS_wavfile_gyro
                0x20000eec      0x224 main.o
                0x20000eec                FATFS_wavfile_gyro
 .bss.FATFS_wavfile_accel
                0x20001110      0x224 main.o
                0x20001110                FATFS_wavfile_accel
 .bss.a         0x20001334        0x4 main.o
                0x20001334                a
 .bss.FATFS_logfile
                0x20001338      0x224 main.o
                0x20001338                FATFS_logfile
 .bss.Sensor_Cable
                0x2000155c        0x1 main.o
                0x2000155c                Sensor_Cable
 *fill*         0x2000155d        0x3 00
 .bss.battery_voltage
                0x20001560        0x4 main.o
                0x20001560                battery_voltage
 .bss.System_state_Global
                0x20001564        0x1 main.o
                0x20001564                System_state_Global
 *fill*         0x20001565        0x3 00
 .bss.heap_end.4671
                0x20001568        0x4 syscalls.o
 .bss           0x2000156c        0x1 lib/STM32_USB-FS-Device_Driver/libstm32usb.a(usb_core.o)
                0x2000156c                Data_Mul_MaxPacketSize
 *fill*         0x2000156d        0x3 00
 .bss.__malloc_free_list
                0x20001570        0x4 /home/laurence/toolchain/lib/gcc/arm-none-eabi/4.7.2/../../../../arm-none-eabi/lib/thumb/armv7-m/libc.a(lib_a-mallocr.o)
                0x20001570                __malloc_free_list
 *(COMMON)
 COMMON         0x20001574        0x2 lib/STM32_USB-FS-Device_Driver/libstm32usb.a(usb_core.o)
                0x20001574                StatusInfo
 *fill*         0x20001576        0x2 00
 COMMON         0x20001578       0x32 lib/STM32_USB-FS-Device_Driver/libstm32usb.a(usb_init.o)
                0x20001578                SaveState
                0x2000157c                pProperty
                0x20001580                EPindex
                0x20001584                Device_Info
                0x200015a0                pUser_Standard_Requests
                0x200015a4                pInformation
                0x200015a8                wInterrupt_Mask
 COMMON         0x200015aa        0x4 lib/STM32_USB-FS-Device_Driver/libstm32usb.a(usb_int.o)
                0x200015aa                SaveRState
                0x200015ac                SaveTState
 *fill*         0x200015ae        0x2 00
 COMMON         0x200015b0        0x4 /home/laurence/toolchain/lib/gcc/arm-none-eabi/4.7.2/../../../../arm-none-eabi/lib/thumb/armv7-m/libc.a(lib_a-reent.o)
                0x200015b0                errno
                0x200015b4                . = ALIGN (0x4)
                0x200015b4                __bss_end__ = .

.heap           0x200015b4        0x0
                0x200015b4                __end__ = .
                0x200015b4                end = __end__
 *(.heap*)
                0x200015b4                __HeapLimit = .

.stack_dummy    0x200015b4        0x0
 *(.stack*)
                0x20005000                __StackTop = (ORIGIN (RAM) + 0x5000)
                0x20005000                __StackLimit = (__StackTop - SIZEOF (.stack_dummy))
                0x20005000                PROVIDE (__stack, __StackTop)
                0x00000001                ASSERT ((__StackLimit >= __HeapLimit), region RAM overflowed with stack)
                0x20000260                PROVIDE (_edata, __data_end__)
                0x20000000                PROVIDE (_sdata, __data_start__)
                0x08011acc                PROVIDE (_sidata, __etext)
                0x20000260                PROVIDE (_sbss, __bss_start__)
                0x200015b4                PROVIDE (_ebss, __bss_end__)
                0x20005000                PROVIDE (_estack, __StackTop)
OUTPUT(main.elf elf32-littlearm)

.ARM.attributes
                0x00000000       0x29
 .ARM.attributes
                0x00000000       0x1d /home/laurence/toolchain/lib/gcc/arm-none-eabi/4.7.2/thumb/armv7-m/crti.o
 .ARM.attributes
                0x0000001d       0x2d /home/laurence/toolchain/lib/gcc/arm-none-eabi/4.7.2/thumb/armv7-m/crtbegin.o
 .ARM.attributes
                0x0000004a       0x33 Sensors/amb_sensors.o
 .ARM.attributes
                0x0000007d       0x33 Util/USB/hw_config.o
 .ARM.attributes
                0x000000b0       0x33 Util/USB/mass_mal.o
 .ARM.attributes
                0x000000e3       0x33 Util/USB/memory.o
 .ARM.attributes
                0x00000116       0x33 Util/USB/scsi_data.o
 .ARM.attributes
                0x00000149       0x33 Util/USB/usb_bot.o
 .ARM.attributes
                0x0000017c       0x33 Util/USB/usb_desc.o
 .ARM.attributes
                0x000001af       0x33 Util/USB/usb_endp.o
 .ARM.attributes
                0x000001e2       0x33 Util/USB/usb_istr.o
 .ARM.attributes
                0x00000215       0x33 Util/USB/usb_prop.o
 .ARM.attributes
                0x00000248       0x33 Util/USB/usb_pwr.o
 .ARM.attributes
                0x0000027b       0x33 Util/USB/usb_scsi.o
 .ARM.attributes
                0x000002ae       0x33 Util/buffer.o
 .ARM.attributes
                0x000002e1       0x33 Util/delay.o
 .ARM.attributes
                0x00000314       0x33 Util/fat_fs/option/cc932.o
 .ARM.attributes
                0x00000347       0x33 Util/fat_fs/src/fattime.o
 .ARM.attributes
                0x0000037a       0x33 Util/fat_fs/src/ff.o
 .ARM.attributes
                0x000003ad       0x33 Util/fat_fs/src/rtc.o
 .ARM.attributes
                0x000003e0       0x33 Util/fat_fs/src/sd_spi_stm32.o
 .ARM.attributes
                0x00000413       0x33 Util/filter_1200.o
 .ARM.attributes
                0x00000446       0x33 Util/filter_190.o
 .ARM.attributes
                0x00000479       0x33 Util/rprintf.o
 .ARM.attributes
                0x000004ac       0x33 Util/wave.o
 .ARM.attributes
                0x000004df       0x33 adc.o
 .ARM.attributes
                0x00000512       0x33 gpio.o
 .ARM.attributes
                0x00000545       0x33 i2c_int.o
 .ARM.attributes
                0x00000578       0x33 interrupts.o
 .ARM.attributes
                0x000005ab       0x21 lib/CMSIS_CM3/startup/gcc/startup_stm32f10x_md.o
 .ARM.attributes
                0x000005cc       0x33 lib/CMSIS_CM3/system_stm32f10x.o
 .ARM.attributes
                0x000005ff       0x33 main.o
 .ARM.attributes
                0x00000632       0x33 pwr.o
 .ARM.attributes
                0x00000665       0x33 syscalls.o
 .ARM.attributes
                0x00000698       0x33 usart.o
 .ARM.attributes
                0x000006cb       0x33 watchdog.o
 .ARM.attributes
                0x000006fe       0x33 lib/STM32F10x_StdPeriph_Driver/libstm32fw.a(misc.o)
 .ARM.attributes
                0x00000731       0x33 lib/STM32F10x_StdPeriph_Driver/libstm32fw.a(stm32f10x_adc.o)
 .ARM.attributes
                0x00000764       0x33 lib/STM32F10x_StdPeriph_Driver/libstm32fw.a(stm32f10x_bkp.o)
 .ARM.attributes
                0x00000797       0x33 lib/STM32F10x_StdPeriph_Driver/libstm32fw.a(stm32f10x_dbgmcu.o)
 .ARM.attributes
                0x000007ca       0x33 lib/STM32F10x_StdPeriph_Driver/libstm32fw.a(stm32f10x_dma.o)
 .ARM.attributes
                0x000007fd       0x33 lib/STM32F10x_StdPeriph_Driver/libstm32fw.a(stm32f10x_exti.o)
 .ARM.attributes
                0x00000830       0x33 lib/STM32F10x_StdPeriph_Driver/libstm32fw.a(stm32f10x_gpio.o)
 .ARM.attributes
                0x00000863       0x33 lib/STM32F10x_StdPeriph_Driver/libstm32fw.a(stm32f10x_i2c.o)
 .ARM.attributes
                0x00000896       0x33 lib/STM32F10x_StdPeriph_Driver/libstm32fw.a(stm32f10x_iwdg.o)
 .ARM.attributes
                0x000008c9       0x33 lib/STM32F10x_StdPeriph_Driver/libstm32fw.a(stm32f10x_pwr.o)
 .ARM.attributes
                0x000008fc       0x33 lib/STM32F10x_StdPeriph_Driver/libstm32fw.a(stm32f10x_rcc.o)
 .ARM.attributes
                0x0000092f       0x33 lib/STM32F10x_StdPeriph_Driver/libstm32fw.a(stm32f10x_rtc.o)
 .ARM.attributes
                0x00000962       0x33 lib/STM32F10x_StdPeriph_Driver/libstm32fw.a(stm32f10x_spi.o)
 .ARM.attributes
                0x00000995       0x33 lib/STM32F10x_StdPeriph_Driver/libstm32fw.a(stm32f10x_usart.o)
 .ARM.attributes
                0x000009c8       0x33 lib/STM32_USB-FS-Device_Driver/libstm32usb.a(usb_core.o)
 .ARM.attributes
                0x000009fb       0x33 lib/STM32_USB-FS-Device_Driver/libstm32usb.a(usb_init.o)
 .ARM.attributes
                0x00000a2e       0x33 lib/STM32_USB-FS-Device_Driver/libstm32usb.a(usb_int.o)
 .ARM.attributes
                0x00000a61       0x33 lib/STM32_USB-FS-Device_Driver/libstm32usb.a(usb_mem.o)
 .ARM.attributes
                0x00000a94       0x33 lib/STM32_USB-FS-Device_Driver/libstm32usb.a(usb_regs.o)
 .ARM.attributes
                0x00000ac7       0x33 lib/STM32_USB-FS-Device_Driver/libstm32usb.a(usb_sil.o)
 .ARM.attributes
                0x00000afa       0x1d /home/laurence/toolchain/lib/gcc/arm-none-eabi/4.7.2/thumb/armv7-m/libgcc.a(_arm_addsubdf3.o)
 .ARM.attributes
                0x00000b17       0x1d /home/laurence/toolchain/lib/gcc/arm-none-eabi/4.7.2/thumb/armv7-m/libgcc.a(_arm_muldivdf3.o)
 .ARM.attributes
                0x00000b34       0x1d /home/laurence/toolchain/lib/gcc/arm-none-eabi/4.7.2/thumb/armv7-m/libgcc.a(_arm_cmpdf2.o)
 .ARM.attributes
                0x00000b51       0x1d /home/laurence/toolchain/lib/gcc/arm-none-eabi/4.7.2/thumb/armv7-m/libgcc.a(_arm_truncdfsf2.o)
 .ARM.attributes
                0x00000b6e       0x1d /home/laurence/toolchain/lib/gcc/arm-none-eabi/4.7.2/thumb/armv7-m/libgcc.a(_arm_addsubsf3.o)
 .ARM.attributes
                0x00000b8b       0x1d /home/laurence/toolchain/lib/gcc/arm-none-eabi/4.7.2/thumb/armv7-m/libgcc.a(_arm_muldivsf3.o)
 .ARM.attributes
                0x00000ba8       0x1d /home/laurence/toolchain/lib/gcc/arm-none-eabi/4.7.2/thumb/armv7-m/libgcc.a(_arm_cmpsf2.o)
 .ARM.attributes
                0x00000bc5       0x1d /home/laurence/toolchain/lib/gcc/arm-none-eabi/4.7.2/thumb/armv7-m/libgcc.a(_arm_fixsfsi.o)
 .ARM.attributes
                0x00000be2       0x1d /home/laurence/toolchain/lib/gcc/arm-none-eabi/4.7.2/thumb/armv7-m/libgcc.a(_arm_fixunssfsi.o)
 .ARM.attributes
                0x00000bff       0x2d /home/laurence/toolchain/lib/gcc/arm-none-eabi/4.7.2/../../../../arm-none-eabi/lib/thumb/armv7-m/libc.a(lib_a-impure.o)
 .ARM.attributes
                0x00000c2c       0x2d /home/laurence/toolchain/lib/gcc/arm-none-eabi/4.7.2/../../../../arm-none-eabi/lib/thumb/armv7-m/libc.a(lib_a-malloc.o)
 .ARM.attributes
                0x00000c59       0x2d /home/laurence/toolchain/lib/gcc/arm-none-eabi/4.7.2/../../../../arm-none-eabi/lib/thumb/armv7-m/libc.a(lib_a-mallocr.o)
 .ARM.attributes
                0x00000c86       0x2d /home/laurence/toolchain/lib/gcc/arm-none-eabi/4.7.2/../../../../arm-none-eabi/lib/thumb/armv7-m/libc.a(lib_a-memcmp.o)
 .ARM.attributes
                0x00000cb3       0x2d /home/laurence/toolchain/lib/gcc/arm-none-eabi/4.7.2/../../../../arm-none-eabi/lib/thumb/armv7-m/libc.a(lib_a-memset.o)
 .ARM.attributes
                0x00000ce0       0x2d /home/laurence/toolchain/lib/gcc/arm-none-eabi/4.7.2/../../../../arm-none-eabi/lib/thumb/armv7-m/libc.a(lib_a-reent.o)
 .ARM.attributes
                0x00000d0d       0x2d /home/laurence/toolchain/lib/gcc/arm-none-eabi/4.7.2/../../../../arm-none-eabi/lib/thumb/armv7-m/libc.a(lib_a-sbrkr.o)
 .ARM.attributes
                0x00000d3a       0x2d /home/laurence/toolchain/lib/gcc/arm-none-eabi/4.7.2/../../../../arm-none-eabi/lib/thumb/armv7-m/libc.a(lib_a-strcat.o)
 .ARM.attributes
                0x00000d67       0x2d /home/laurence/toolchain/lib/gcc/arm-none-eabi/4.7.2/../../../../arm-none-eabi/lib/thumb/armv7-m/libc.a(lib_a-strlen.o)
 .ARM.attributes
                0x00000d94       0x2d /home/laurence/toolchain/lib/gcc/arm-none-eabi/4.7.2/thumb/armv7-m/crtend.o
 .ARM.attributes
                0x00000dc1       0x1d /home/laurence/toolchain/lib/gcc/arm-none-eabi/4.7.2/thumb/armv7-m/crtn.o

.comment        0x00000000       0x3a
 .comment       0x00000000       0x3a /home/laurence/toolchain/lib/gcc/arm-none-eabi/4.7.2/thumb/armv7-m/crtbegin.o
                                 0x3b (size before relaxing)
 .comment       0x00000000       0x3b Sensors/amb_sensors.o
 .comment       0x00000000       0x3b Util/USB/hw_config.o
 .comment       0x00000000       0x3b Util/USB/mass_mal.o
 .comment       0x00000000       0x3b Util/USB/memory.o
 .comment       0x00000000       0x3b Util/USB/scsi_data.o
 .comment       0x00000000       0x3b Util/USB/usb_bot.o
 .comment       0x00000000       0x3b Util/USB/usb_desc.o
 .comment       0x00000000       0x3b Util/USB/usb_endp.o
 .comment       0x00000000       0x3b Util/USB/usb_istr.o
 .comment       0x00000000       0x3b Util/USB/usb_prop.o
 .comment       0x00000000       0x3b Util/USB/usb_pwr.o
 .comment       0x00000000       0x3b Util/USB/usb_scsi.o
 .comment       0x00000000       0x3b Util/buffer.o
 .comment       0x00000000       0x3b Util/delay.o
 .comment       0x00000000       0x3b Util/fat_fs/option/cc932.o
 .comment       0x00000000       0x3b Util/fat_fs/src/fattime.o
 .comment       0x00000000       0x3b Util/fat_fs/src/ff.o
 .comment       0x00000000       0x3b Util/fat_fs/src/rtc.o
 .comment       0x00000000       0x3b Util/fat_fs/src/sd_spi_stm32.o
 .comment       0x00000000       0x3b Util/filter_1200.o
 .comment       0x00000000       0x3b Util/filter_190.o
 .comment       0x00000000       0x3b Util/rprintf.o
 .comment       0x00000000       0x3b Util/wave.o
 .comment       0x00000000       0x3b adc.o
 .comment       0x00000000       0x3b gpio.o
 .comment       0x00000000       0x3b i2c_int.o
 .comment       0x00000000       0x3b interrupts.o
 .comment       0x00000000       0x3b lib/CMSIS_CM3/system_stm32f10x.o
 .comment       0x00000000       0x3b main.o
 .comment       0x00000000       0x3b pwr.o
 .comment       0x00000000       0x3b syscalls.o
 .comment       0x00000000       0x3b usart.o
 .comment       0x00000000       0x3b watchdog.o
 .comment       0x00000000       0x3b lib/STM32F10x_StdPeriph_Driver/libstm32fw.a(misc.o)
 .comment       0x00000000       0x3b lib/STM32F10x_StdPeriph_Driver/libstm32fw.a(stm32f10x_adc.o)
 .comment       0x00000000       0x3b lib/STM32F10x_StdPeriph_Driver/libstm32fw.a(stm32f10x_bkp.o)
 .comment       0x00000000       0x3b lib/STM32F10x_StdPeriph_Driver/libstm32fw.a(stm32f10x_dbgmcu.o)
 .comment       0x00000000       0x3b lib/STM32F10x_StdPeriph_Driver/libstm32fw.a(stm32f10x_dma.o)
 .comment       0x00000000       0x3b lib/STM32F10x_StdPeriph_Driver/libstm32fw.a(stm32f10x_exti.o)
 .comment       0x00000000       0x3b lib/STM32F10x_StdPeriph_Driver/libstm32fw.a(stm32f10x_gpio.o)
 .comment       0x00000000       0x3b lib/STM32F10x_StdPeriph_Driver/libstm32fw.a(stm32f10x_i2c.o)
 .comment       0x00000000       0x3b lib/STM32F10x_StdPeriph_Driver/libstm32fw.a(stm32f10x_iwdg.o)
 .comment       0x00000000       0x3b lib/STM32F10x_StdPeriph_Driver/libstm32fw.a(stm32f10x_pwr.o)
 .comment       0x00000000       0x3b lib/STM32F10x_StdPeriph_Driver/libstm32fw.a(stm32f10x_rcc.o)
 .comment       0x00000000       0x3b lib/STM32F10x_StdPeriph_Driver/libstm32fw.a(stm32f10x_rtc.o)
 .comment       0x00000000       0x3b lib/STM32F10x_StdPeriph_Driver/libstm32fw.a(stm32f10x_spi.o)
 .comment       0x00000000       0x3b lib/STM32F10x_StdPeriph_Driver/libstm32fw.a(stm32f10x_usart.o)
 .comment       0x00000000       0x3b lib/STM32_USB-FS-Device_Driver/libstm32usb.a(usb_core.o)
 .comment       0x00000000       0x3b lib/STM32_USB-FS-Device_Driver/libstm32usb.a(usb_init.o)
 .comment       0x00000000       0x3b lib/STM32_USB-FS-Device_Driver/libstm32usb.a(usb_int.o)
 .comment       0x00000000       0x3b lib/STM32_USB-FS-Device_Driver/libstm32usb.a(usb_mem.o)
 .comment       0x00000000       0x3b lib/STM32_USB-FS-Device_Driver/libstm32usb.a(usb_regs.o)
 .comment       0x00000000       0x3b lib/STM32_USB-FS-Device_Driver/libstm32usb.a(usb_sil.o)
 .comment       0x00000000       0x3b /home/laurence/toolchain/lib/gcc/arm-none-eabi/4.7.2/../../../../arm-none-eabi/lib/thumb/armv7-m/libc.a(lib_a-impure.o)
 .comment       0x00000000       0x3b /home/laurence/toolchain/lib/gcc/arm-none-eabi/4.7.2/../../../../arm-none-eabi/lib/thumb/armv7-m/libc.a(lib_a-malloc.o)
 .comment       0x00000000       0x3b /home/laurence/toolchain/lib/gcc/arm-none-eabi/4.7.2/../../../../arm-none-eabi/lib/thumb/armv7-m/libc.a(lib_a-mallocr.o)
 .comment       0x00000000       0x3b /home/laurence/toolchain/lib/gcc/arm-none-eabi/4.7.2/../../../../arm-none-eabi/lib/thumb/armv7-m/libc.a(lib_a-memcmp.o)
 .comment       0x00000000       0x3b /home/laurence/toolchain/lib/gcc/arm-none-eabi/4.7.2/../../../../arm-none-eabi/lib/thumb/armv7-m/libc.a(lib_a-memset.o)
 .comment       0x00000000       0x3b /home/laurence/toolchain/lib/gcc/arm-none-eabi/4.7.2/../../../../arm-none-eabi/lib/thumb/armv7-m/libc.a(lib_a-reent.o)
 .comment       0x00000000       0x3b /home/laurence/toolchain/lib/gcc/arm-none-eabi/4.7.2/../../../../arm-none-eabi/lib/thumb/armv7-m/libc.a(lib_a-sbrkr.o)
 .comment       0x00000000       0x3b /home/laurence/toolchain/lib/gcc/arm-none-eabi/4.7.2/../../../../arm-none-eabi/lib/thumb/armv7-m/libc.a(lib_a-strcat.o)
 .comment       0x00000000       0x3b /home/laurence/toolchain/lib/gcc/arm-none-eabi/4.7.2/../../../../arm-none-eabi/lib/thumb/armv7-m/libc.a(lib_a-strlen.o)
 .comment       0x00000000       0x3b /home/laurence/toolchain/lib/gcc/arm-none-eabi/4.7.2/thumb/armv7-m/crtend.o

.debug_line     0x00000000      0xa8e
 .debug_line    0x00000000      0x211 /home/laurence/toolchain/lib/gcc/arm-none-eabi/4.7.2/thumb/armv7-m/libgcc.a(_arm_addsubdf3.o)
 .debug_line    0x00000211      0x22d /home/laurence/toolchain/lib/gcc/arm-none-eabi/4.7.2/thumb/armv7-m/libgcc.a(_arm_muldivdf3.o)
 .debug_line    0x0000043e      0x113 /home/laurence/toolchain/lib/gcc/arm-none-eabi/4.7.2/thumb/armv7-m/libgcc.a(_arm_cmpdf2.o)
 .debug_line    0x00000551       0xa1 /home/laurence/toolchain/lib/gcc/arm-none-eabi/4.7.2/thumb/armv7-m/libgcc.a(_arm_truncdfsf2.o)
 .debug_line    0x000005f2      0x12f /home/laurence/toolchain/lib/gcc/arm-none-eabi/4.7.2/thumb/armv7-m/libgcc.a(_arm_addsubsf3.o)
 .debug_line    0x00000721      0x150 /home/laurence/toolchain/lib/gcc/arm-none-eabi/4.7.2/thumb/armv7-m/libgcc.a(_arm_muldivsf3.o)
 .debug_line    0x00000871      0x107 /home/laurence/toolchain/lib/gcc/arm-none-eabi/4.7.2/thumb/armv7-m/libgcc.a(_arm_cmpsf2.o)
 .debug_line    0x00000978       0x8d /home/laurence/toolchain/lib/gcc/arm-none-eabi/4.7.2/thumb/armv7-m/libgcc.a(_arm_fixsfsi.o)
 .debug_line    0x00000a05       0x89 /home/laurence/toolchain/lib/gcc/arm-none-eabi/4.7.2/thumb/armv7-m/libgcc.a(_arm_fixunssfsi.o)

.debug_info     0x00000000      0x693
 .debug_info    0x00000000       0xbb /home/laurence/toolchain/lib/gcc/arm-none-eabi/4.7.2/thumb/armv7-m/libgcc.a(_arm_addsubdf3.o)
 .debug_info    0x000000bb       0xbb /home/laurence/toolchain/lib/gcc/arm-none-eabi/4.7.2/thumb/armv7-m/libgcc.a(_arm_muldivdf3.o)
 .debug_info    0x00000176       0xbb /home/laurence/toolchain/lib/gcc/arm-none-eabi/4.7.2/thumb/armv7-m/libgcc.a(_arm_cmpdf2.o)
 .debug_info    0x00000231       0xbb /home/laurence/toolchain/lib/gcc/arm-none-eabi/4.7.2/thumb/armv7-m/libgcc.a(_arm_truncdfsf2.o)
 .debug_info    0x000002ec       0xbb /home/laurence/toolchain/lib/gcc/arm-none-eabi/4.7.2/thumb/armv7-m/libgcc.a(_arm_addsubsf3.o)
 .debug_info    0x000003a7       0xbb /home/laurence/toolchain/lib/gcc/arm-none-eabi/4.7.2/thumb/armv7-m/libgcc.a(_arm_muldivsf3.o)
 .debug_info    0x00000462       0xbb /home/laurence/toolchain/lib/gcc/arm-none-eabi/4.7.2/thumb/armv7-m/libgcc.a(_arm_cmpsf2.o)
 .debug_info    0x0000051d       0xbb /home/laurence/toolchain/lib/gcc/arm-none-eabi/4.7.2/thumb/armv7-m/libgcc.a(_arm_fixsfsi.o)
 .debug_info    0x000005d8       0xbb /home/laurence/toolchain/lib/gcc/arm-none-eabi/4.7.2/thumb/armv7-m/libgcc.a(_arm_fixunssfsi.o)

.debug_abbrev   0x00000000       0xb4
 .debug_abbrev  0x00000000       0x14 /home/laurence/toolchain/lib/gcc/arm-none-eabi/4.7.2/thumb/armv7-m/libgcc.a(_arm_addsubdf3.o)
 .debug_abbrev  0x00000014       0x14 /home/laurence/toolchain/lib/gcc/arm-none-eabi/4.7.2/thumb/armv7-m/libgcc.a(_arm_muldivdf3.o)
 .debug_abbrev  0x00000028       0x14 /home/laurence/toolchain/lib/gcc/arm-none-eabi/4.7.2/thumb/armv7-m/libgcc.a(_arm_cmpdf2.o)
 .debug_abbrev  0x0000003c       0x14 /home/laurence/toolchain/lib/gcc/arm-none-eabi/4.7.2/thumb/armv7-m/libgcc.a(_arm_truncdfsf2.o)
 .debug_abbrev  0x00000050       0x14 /home/laurence/toolchain/lib/gcc/arm-none-eabi/4.7.2/thumb/armv7-m/libgcc.a(_arm_addsubsf3.o)
 .debug_abbrev  0x00000064       0x14 /home/laurence/toolchain/lib/gcc/arm-none-eabi/4.7.2/thumb/armv7-m/libgcc.a(_arm_muldivsf3.o)