Archive member included because of file (symbol)

lib/STM32F10x_StdPeriph_Driver/libstm32fw.a(misc.o)
                              interrupts.o (NVIC_PriorityGroupConfig)
lib/STM32F10x_StdPeriph_Driver/libstm32fw.a(stm32f10x_adc.o)
                              adc.o (ADC_DeInit)
lib/STM32F10x_StdPeriph_Driver/libstm32fw.a(stm32f10x_bkp.o)
                              Util/fat_fs/src/rtc.o (BKP_DeInit)
lib/STM32F10x_StdPeriph_Driver/libstm32fw.a(stm32f10x_dbgmcu.o)
                              main.o (DBGMCU_Config)
lib/STM32F10x_StdPeriph_Driver/libstm32fw.a(stm32f10x_dma.o)
                              Util/fat_fs/src/sd_spi_stm32.o (DMA_DeInit)
lib/STM32F10x_StdPeriph_Driver/libstm32fw.a(stm32f10x_exti.o)
                              interrupts.o (EXTI_DeInit)
lib/STM32F10x_StdPeriph_Driver/libstm32fw.a(stm32f10x_gpio.o)
                              Util/fat_fs/src/sd_spi_stm32.o (GPIO_Init)
lib/STM32F10x_StdPeriph_Driver/libstm32fw.a(stm32f10x_i2c.o)
                              i2c_int.o (I2C_DeInit)
lib/STM32F10x_StdPeriph_Driver/libstm32fw.a(stm32f10x_iwdg.o)
                              watchdog.o (IWDG_WriteAccessCmd)
lib/STM32F10x_StdPeriph_Driver/libstm32fw.a(stm32f10x_pwr.o)
                              pwr.o (PWR_DeInit)
lib/STM32F10x_StdPeriph_Driver/libstm32fw.a(stm32f10x_rcc.o)
                              interrupts.o (RCC_HCLKConfig)
lib/STM32F10x_StdPeriph_Driver/libstm32fw.a(stm32f10x_rtc.o)
                              Util/fat_fs/src/rtc.o (RTC_GetCounter)
lib/STM32F10x_StdPeriph_Driver/libstm32fw.a(stm32f10x_spi.o)
                              Util/fat_fs/src/sd_spi_stm32.o (SPI_I2S_DeInit)
lib/STM32F10x_StdPeriph_Driver/libstm32fw.a(stm32f10x_usart.o)
                              usart.o (USART_Init)
lib/STM32_USB-FS-Device_Driver/libstm32usb.a(usb_core.o)
                              Util/USB/usb_prop.o (Standard_GetDescriptorData)
lib/STM32_USB-FS-Device_Driver/libstm32usb.a(usb_init.o)
                              main.o (USB_Init)
lib/STM32_USB-FS-Device_Driver/libstm32usb.a(usb_int.o)
                              Util/USB/usb_istr.o (CTR_LP)
lib/STM32_USB-FS-Device_Driver/libstm32usb.a(usb_mem.o)
                              lib/STM32_USB-FS-Device_Driver/libstm32usb.a(usb_core.o) (UserToPMABufferCopy)
lib/STM32_USB-FS-Device_Driver/libstm32usb.a(usb_regs.o)
                              Util/USB/usb_prop.o (SetBTABLE)
lib/STM32_USB-FS-Device_Driver/libstm32usb.a(usb_sil.o)
                              Util/USB/usb_prop.o (USB_SIL_Init)
/home/laurence/CodeSourcery/Sourcery_G++_Lite/bin/../lib/gcc/arm-none-eabi/4.5.2/thumb2/libgcc.a(_arm_addsubdf3.o)
                              interrupts.o (__aeabi_f2d)
/home/laurence/CodeSourcery/Sourcery_G++_Lite/bin/../lib/gcc/arm-none-eabi/4.5.2/thumb2/libgcc.a(_arm_muldivdf3.o)
                              interrupts.o (__aeabi_ddiv)
/home/laurence/CodeSourcery/Sourcery_G++_Lite/bin/../lib/gcc/arm-none-eabi/4.5.2/thumb2/libgcc.a(_arm_cmpdf2.o)
                              main.o (__aeabi_dcmpgt)
/home/laurence/CodeSourcery/Sourcery_G++_Lite/bin/../lib/gcc/arm-none-eabi/4.5.2/thumb2/libgcc.a(_arm_truncdfsf2.o)
                              Util/rprintf.o (__aeabi_d2f)
/home/laurence/CodeSourcery/Sourcery_G++_Lite/bin/../lib/gcc/arm-none-eabi/4.5.2/thumb2/libgcc.a(_arm_addsubsf3.o)
                              Sensors/temperature.o (__aeabi_fsub)
/home/laurence/CodeSourcery/Sourcery_G++_Lite/bin/../lib/gcc/arm-none-eabi/4.5.2/thumb2/libgcc.a(_arm_muldivsf3.o)
                              Sensors/temperature.o (__aeabi_fmul)
/home/laurence/CodeSourcery/Sourcery_G++_Lite/bin/../lib/gcc/arm-none-eabi/4.5.2/thumb2/libgcc.a(_arm_cmpsf2.o)
                              Util/rprintf.o (__aeabi_fcmpeq)
/home/laurence/CodeSourcery/Sourcery_G++_Lite/bin/../lib/gcc/arm-none-eabi/4.5.2/thumb2/libgcc.a(_arm_fixsfsi.o)
                              main.o (__aeabi_f2iz)
/home/laurence/CodeSourcery/Sourcery_G++_Lite/bin/../lib/gcc/arm-none-eabi/4.5.2/thumb2/libgcc.a(_arm_fixunssfsi.o)
                              Util/rprintf.o (__aeabi_f2uiz)
/home/laurence/CodeSourcery/Sourcery_G++_Lite/bin/../lib/gcc/arm-none-eabi/4.5.2/../../../../arm-none-eabi/lib/thumb2/libc.a(lib_a-malloc.o)
                              Util/USB/mass_mal.o (malloc)
/home/laurence/CodeSourcery/Sourcery_G++_Lite/bin/../lib/gcc/arm-none-eabi/4.5.2/../../../../arm-none-eabi/lib/thumb2/libc.a(lib_a-mallocr.o)
                              /home/laurence/CodeSourcery/Sourcery_G++_Lite/bin/../lib/gcc/arm-none-eabi/4.5.2/../../../../arm-none-eabi/lib/thumb2/libc.a(lib_a-malloc.o) (_malloc_r)
/home/laurence/CodeSourcery/Sourcery_G++_Lite/bin/../lib/gcc/arm-none-eabi/4.5.2/../../../../arm-none-eabi/lib/thumb2/libc.a(lib_a-memcmp.o)
                              main.o (memcmp)
/home/laurence/CodeSourcery/Sourcery_G++_Lite/bin/../lib/gcc/arm-none-eabi/4.5.2/../../../../arm-none-eabi/lib/thumb2/libc.a(lib_a-memset.o)
                              Util/wave.o (memset)
[...]
Memory Configuration

Name             Origin             Length             Attributes
RAM              0x20000000         0x00005000         xrw
FLASH            0x08000000         0x00020000         xr
*default*        0x00000000         0xffffffff

Linker script and memory map

LOAD /home/laurence/CodeSourcery/Sourcery_G++_Lite/bin/../lib/gcc/arm-none-eabi/4.5.2/thumb2/crti.o
LOAD /home/laurence/CodeSourcery/Sourcery_G++_Lite/bin/../lib/gcc/arm-none-eabi/4.5.2/thumb2/crtbegin.o
LOAD Sensors/amb_sensors.o
LOAD Sensors/temperature.o
LOAD Util/USB/hw_config.o
LOAD Util/USB/mass_mal.o
LOAD Util/USB/memory.o
LOAD Util/USB/scsi_data.o
LOAD Util/USB/usb_bot.o
LOAD Util/USB/usb_desc.o
LOAD Util/USB/usb_endp.o
LOAD Util/USB/usb_istr.o
LOAD Util/USB/usb_prop.o
LOAD Util/USB/usb_pwr.o
LOAD Util/USB/usb_scsi.o
LOAD Util/buffer.o
LOAD Util/delay.o
LOAD Util/fat_fs/option/cc932.o
LOAD Util/fat_fs/option/syscall.o
LOAD Util/fat_fs/src/fattime.o
LOAD Util/fat_fs/src/ff.o
LOAD Util/fat_fs/src/rtc.o
LOAD Util/fat_fs/src/sd_spi_stm32.o
LOAD Util/filter_1200.o
LOAD Util/filter_190.o
LOAD Util/rprintf.o
LOAD Util/stm32_eval_spi_sd.o
LOAD Util/wave.o
LOAD adc.o
LOAD gpio.o
LOAD i2c_int.o
LOAD interrupts.o
LOAD lib/CMSIS_CM3/core_cm3.o
LOAD lib/CMSIS_CM3/startup/gcc/startup_stm32f10x_md.o
LOAD lib/CMSIS_CM3/system_stm32f10x.o
LOAD main.o
LOAD pwr.o
LOAD syscalls.o
LOAD usart.o
LOAD watchdog.o
LOAD lib/STM32F10x_StdPeriph_Driver/libstm32fw.a
LOAD lib/STM32_USB-FS-Device_Driver/libstm32usb.a
LOAD /home/laurence/CodeSourcery/Sourcery_G++_Lite/bin/../lib/gcc/arm-none-eabi/4.5.2/../../../../arm-none-eabi/lib/thumb2/libm.a
START GROUP
LOAD /home/laurence/CodeSourcery/Sourcery_G++_Lite/bin/../lib/gcc/arm-none-eabi/4.5.2/thumb2/libgcc.a
LOAD /home/laurence/CodeSourcery/Sourcery_G++_Lite/bin/../lib/gcc/arm-none-eabi/4.5.2/../../../../arm-none-eabi/lib/thumb2/libc.a
END GROUP
LOAD /home/laurence/CodeSourcery/Sourcery_G++_Lite/bin/../lib/gcc/arm-none-eabi/4.5.2/thumb2/crtend.o
LOAD /home/laurence/CodeSourcery/Sourcery_G++_Lite/bin/../lib/gcc/arm-none-eabi/4.5.2/thumb2/crtn.o

.text           0x08000000    0x1264c
 *(.isr_vector)
 .isr_vector    0x08000000      0x10c lib/CMSIS_CM3/startup/gcc/startup_stm32f10x_md.o
                0x08000000                g_pfnVectors
 *(.text*)
 .text          0x0800010c       0x30 /home/laurence/CodeSourcery/Sourcery_G++_Lite/bin/../lib/gcc/arm-none-eabi/4.5.2/thumb2/crtbegin.o
 .text.Allocate_Sensor_Buffers
                0x0800013c       0xb8 Sensors/amb_sensors.o
                0x0800013c                Allocate_Sensor_Buffers
 .text.Configure_I2C_Driver
                0x080001f4       0x2c Sensors/amb_sensors.o
                0x080001f4                Configure_I2C_Driver
 .text.Fill_Sample_Buffers
                0x08000220       0xd4 Sensors/amb_sensors.o
                0x08000220                Fill_Sample_Buffers
 .text.IntToUnicode
                0x080002f4       0x26 Util/USB/hw_config.o
 .text.Set_USBClock
                0x0800031a       0x16 Util/USB/hw_config.o
                0x0800031a                Set_USBClock
 .text.Enter_LowPowerMode
                0x08000330        0xc Util/USB/hw_config.o
                0x08000330                Enter_LowPowerMode
 .text.Leave_LowPowerMode
                0x0800033c       0x1c Util/USB/hw_config.o
                0x0800033c                Leave_LowPowerMode
 .text.USB_Interrupts_Config
                0x08000358       0x38 Util/USB/hw_config.o
                0x08000358                USB_Interrupts_Config
 .text.Led_RW_ON
                0x08000390       0x10 Util/USB/hw_config.o
                0x08000390                Led_RW_ON
 .text.Led_RW_OFF
                0x080003a0       0x10 Util/USB/hw_config.o
                0x080003a0                Led_RW_OFF
 .text.USB_Configured_LED
                0x080003b0       0x10 Util/USB/hw_config.o
                0x080003b0                USB_Configured_LED
 .text.USB_NotConfigured_LED
                0x080003c0       0x10 Util/USB/hw_config.o
                0x080003c0                USB_NotConfigured_LED
 .text.USB_Cable_Config
                0x080003d0        0x2 Util/USB/hw_config.o
                0x080003d0                USB_Cable_Config
 *fill*         0x080003d2        0x2 00
 .text.Get_SerialNum
                0x080003d4       0x38 Util/USB/hw_config.o
                0x080003d4                Get_SerialNum
 .text.MAL_Config
                0x0800040c        0x6 Util/USB/hw_config.o
                0x0800040c                MAL_Config
 .text.Set_System
                0x08000412        0x4 Util/USB/hw_config.o
                0x08000412                Set_System
 *fill*         0x08000416        0x2 00
 .text.MAL_Init
                0x08000418       0x44 Util/USB/mass_mal.o
                0x08000418                MAL_Init
 .text.MAL_Write
                0x0800045c       0x30 Util/USB/mass_mal.o
                0x0800045c                MAL_Write
 .text.MAL_Read
                0x0800048c       0x28 Util/USB/mass_mal.o
                0x0800048c                MAL_Read
 .text.MAL_GetStatus
                0x080004b4       0x64 Util/USB/mass_mal.o
                0x080004b4                MAL_GetStatus
 .text.Read_Memory
                0x08000518      0x124 Util/USB/memory.o
                0x08000518                Read_Memory
 .text.Write_Memory
                0x0800063c      0x10c Util/USB/memory.o
                0x0800063c                Write_Memory
 .text.Transfer_Data_Request
                0x08000748       0x34 Util/USB/usb_bot.o
                0x08000748                Transfer_Data_Request
 .text.Set_CSW  0x0800077c       0x3c Util/USB/usb_bot.o
                0x0800077c                Set_CSW
 .text.Mass_Storage_In
                0x080007b8       0x5c Util/USB/usb_bot.o
                0x080007b8                Mass_Storage_In
 .text.Bot_Abort
                0x08000814       0x38 Util/USB/usb_bot.o
                0x08000814                Bot_Abort
 .text.CBW_Decode
                0x0800084c      0x1e4 Util/USB/usb_bot.o
                0x0800084c                CBW_Decode
 .text.Mass_Storage_Out
                0x08000a30       0x70 Util/USB/usb_bot.o
                0x08000a30                Mass_Storage_Out
 .text.EP1_IN_Callback
                0x08000aa0        0x4 Util/USB/usb_endp.o
                0x08000aa0                EP1_IN_Callback
 .text.EP2_OUT_Callback
                0x08000aa4        0x4 Util/USB/usb_endp.o
                0x08000aa4                EP2_OUT_Callback
 .text.USB_Istr
                0x08000aa8       0xd8 Util/USB/usb_istr.o
                0x08000aa8                USB_Istr
 .text.Mass_Storage_SetDeviceAddress
                0x08000b80        0xc Util/USB/usb_prop.o
                0x08000b80                Mass_Storage_SetDeviceAddress
 .text.MASS_Status_In
                0x08000b8c        0x2 Util/USB/usb_prop.o
                0x08000b8c                MASS_Status_In
 .text.MASS_Status_Out
                0x08000b8e        0x2 Util/USB/usb_prop.o
                0x08000b8e                MASS_Status_Out
 .text.MASS_Get_Interface_Setting
                0x08000b90       0x10 Util/USB/usb_prop.o
                0x08000b90                MASS_Get_Interface_Setting
 .text.Get_Max_Lun
                0x08000ba0       0x18 Util/USB/usb_prop.o
                0x08000ba0                Get_Max_Lun
 .text.MASS_Data_Setup
                0x08000bb8       0x40 Util/USB/usb_prop.o
                0x08000bb8                MASS_Data_Setup
 .text.MASS_GetStringDescriptor
                0x08000bf8       0x20 Util/USB/usb_prop.o
                0x08000bf8                MASS_GetStringDescriptor
 .text.MASS_GetConfigDescriptor
                0x08000c18        0xc Util/USB/usb_prop.o
                0x08000c18                MASS_GetConfigDescriptor
 .text.MASS_GetDeviceDescriptor
                0x08000c24        0xc Util/USB/usb_prop.o
                0x08000c24                MASS_GetDeviceDescriptor
 .text.MASS_NoData_Setup
                0x08000c30       0x50 Util/USB/usb_prop.o
                0x08000c30                MASS_NoData_Setup
 .text.Mass_Storage_SetConfiguration
                0x08000c80       0x30 Util/USB/usb_prop.o
                0x08000c80                Mass_Storage_SetConfiguration
 .text.Mass_Storage_ClearFeature
                0x08000cb0       0x1c Util/USB/usb_prop.o
                0x08000cb0                Mass_Storage_ClearFeature
 .text.MASS_Reset
                0x08000ccc       0xec Util/USB/usb_prop.o
                0x08000ccc                MASS_Reset
 .text.MASS_init
                0x08000db8       0x24 Util/USB/usb_prop.o
                0x08000db8                MASS_init
 .text.PowerOn  0x08000ddc       0x30 Util/USB/usb_pwr.o
                0x08000ddc                PowerOn
 .text.Suspend  0x08000e0c       0x40 Util/USB/usb_pwr.o
                0x08000e0c                Suspend
 .text.Resume_Init
                0x08000e4c       0x3c Util/USB/usb_pwr.o
                0x08000e4c                Resume_Init
 .text.Resume   0x08000e88       0x8c Util/USB/usb_pwr.o
                0x08000e88                Resume
 .text.SCSI_Inquiry_Cmd
                0x08000f14       0x38 Util/USB/usb_scsi.o
                0x08000f14                SCSI_Inquiry_Cmd
 .text.SCSI_ModeSense6_Cmd
                0x08000f4c        0xc Util/USB/usb_scsi.o
                0x08000f4c                SCSI_ModeSense6_Cmd
 .text.SCSI_ModeSense10_Cmd
                0x08000f58        0xc Util/USB/usb_scsi.o
                0x08000f58                SCSI_ModeSense10_Cmd
 .text.SCSI_RequestSense_Cmd
                0x08000f64       0x18 Util/USB/usb_scsi.o
                0x08000f64                SCSI_RequestSense_Cmd
 .text.Set_Scsi_Sense_Data
                0x08000f7c        0xc Util/USB/usb_scsi.o
                0x08000f7c                Set_Scsi_Sense_Data
 .text.SCSI_ReadCapacity10_Cmd
                0x08000f88       0x70 Util/USB/usb_scsi.o
                0x08000f88                SCSI_ReadCapacity10_Cmd
 .text.SCSI_ReadFormatCapacity_Cmd
                0x08000ff8       0x68 Util/USB/usb_scsi.o
                0x08000ff8                SCSI_ReadFormatCapacity_Cmd
 .text.SCSI_Start_Stop_Unit_Cmd
                0x08001060        0x8 Util/USB/usb_scsi.o
                0x08001060                SCSI_Start_Stop_Unit_Cmd
 .text.SCSI_Verify10_Cmd
                0x08001068       0x38 Util/USB/usb_scsi.o
                0x08001068                SCSI_Verify10_Cmd
 .text.SCSI_TestUnitReady_Cmd
                0x080010a0       0x34 Util/USB/usb_scsi.o
                0x080010a0                SCSI_TestUnitReady_Cmd
 .text.SCSI_Format_Cmd
                0x080010d4       0x16 Util/USB/usb_scsi.o
                0x080010d4                SCSI_Format_Cmd
 *fill*         0x080010ea        0x2 00
 .text.SCSI_Invalid_Cmd
                0x080010ec       0x34 Util/USB/usb_scsi.o
                0x080010ec                SCSI_Invalid_Cmd
 .text.SCSI_Address_Management
                0x08001120       0x70 Util/USB/usb_scsi.o
                0x08001120                SCSI_Address_Management
 .text.SCSI_Write10_Cmd
                0x08001190       0x70 Util/USB/usb_scsi.o
                0x08001190                SCSI_Write10_Cmd
 .text.SCSI_Read10_Cmd
                0x08001200       0x6c Util/USB/usb_scsi.o
                0x08001200                SCSI_Read10_Cmd
 .text.Add_To_Buffer
                0x0800126c       0x32 Util/buffer.o
                0x0800126c                Add_To_Buffer
 .text.Get_From_Buffer
                0x0800129e       0x32 Util/buffer.o
                0x0800129e                Get_From_Buffer
 .text.Empty_Buffer
                0x080012d0        0x6 Util/buffer.o
                0x080012d0                Empty_Buffer
 .text.init_buffer
                0x080012d6       0x12 Util/buffer.o
                0x080012d6                init_buffer
 .text.Delay    0x080012e8       0x2c Util/delay.o
                0x080012e8                Delay
 .text.ff_convert
                0x08001314       0x60 Util/fat_fs/option/cc932.o
                0x08001314                ff_convert
 .text.ff_wtoupper
                0x08001374       0x24 Util/fat_fs/option/cc932.o
                0x08001374                ff_wtoupper
 .text.get_fattime
                0x08001398       0x44 Util/fat_fs/src/fattime.o
                0x08001398                get_fattime
 .text.mem_cpy  0x080013dc       0x10 Util/fat_fs/src/ff.o
 .text.mem_set  0x080013ec        0xc Util/fat_fs/src/ff.o
 .text.chk_chr  0x080013f8        0xe Util/fat_fs/src/ff.o
 .text.sum_sfn  0x08001406       0x1e Util/fat_fs/src/ff.o
 .text.validate
                0x08001424       0x26 Util/fat_fs/src/ff.o
 *fill*         0x0800144a        0x2 00
 .text.check_fs
                0x0800144c       0x8c Util/fat_fs/src/ff.o
 .text.chk_mounted
                0x080014d8      0x350 Util/fat_fs/src/ff.o
 .text.get_fileinfo
                0x08001828      0x10c Util/fat_fs/src/ff.o
 .text.move_window
                0x08001934       0x7c Util/fat_fs/src/ff.o
 .text.sync     0x080019b0       0xb2 Util/fat_fs/src/ff.o
 .text.clust2sect
                0x08001a62       0x1a Util/fat_fs/src/ff.o
                0x08001a62                clust2sect
 .text.get_fat  0x08001a7c       0xd4 Util/fat_fs/src/ff.o
                0x08001a7c                get_fat
 .text.dir_sdi  0x08001b50       0x8a Util/fat_fs/src/ff.o
 .text.put_fat  0x08001bda       0xf4 Util/fat_fs/src/ff.o
                0x08001bda                put_fat
 .text.create_chain
                0x08001cce       0x9e Util/fat_fs/src/ff.o
 .text.dir_next
                0x08001d6c      0x10c Util/fat_fs/src/ff.o
 .text.dir_find
                0x08001e78      0x144 Util/fat_fs/src/ff.o
 .text.follow_path
                0x08001fbc      0x330 Util/fat_fs/src/ff.o
 .text.remove_chain
                0x080022ec       0x5a Util/fat_fs/src/ff.o
 .text.gen_numname
                0x08002346       0x9a Util/fat_fs/src/ff.o
                0x08002346                gen_numname
 .text.dir_register
                0x080023e0      0x1cc Util/fat_fs/src/ff.o
 .text.f_mount  0x080025ac       0x20 Util/fat_fs/src/ff.o
                0x080025ac                f_mount
 .text.f_open   0x080025cc      0x152 Util/fat_fs/src/ff.o
                0x080025cc                f_open
 .text.f_write  0x0800271e      0x1b6 Util/fat_fs/src/ff.o
                0x0800271e                f_write
 .text.f_sync   0x080028d4       0xb2 Util/fat_fs/src/ff.o
                0x080028d4                f_sync
 .text.f_close  0x08002986        0xe Util/fat_fs/src/ff.o
                0x08002986                f_close
 .text.f_chdir  0x08002994       0x64 Util/fat_fs/src/ff.o
                0x08002994                f_chdir
 .text.f_lseek  0x080029f8      0x164 Util/fat_fs/src/ff.o
                0x080029f8                f_lseek
 .text.f_stat   0x08002b5c       0x44 Util/fat_fs/src/ff.o
                0x08002b5c                f_stat
 .text.f_truncate
                0x08002ba0       0x98 Util/fat_fs/src/ff.o
                0x08002ba0                f_truncate
 .text.f_mkdir  0x08002c38      0x1da Util/fat_fs/src/ff.o
                0x08002c38                f_mkdir
 .text.f_putc   0x08002e12       0x22 Util/fat_fs/src/ff.o
                0x08002e12                f_putc
 .text.f_puts   0x08002e34       0x26 Util/fat_fs/src/ff.o
                0x08002e34                f_puts
 .text.isDST    0x08002e5a       0x32 Util/fat_fs/src/rtc.o
 .text.counter_to_struct
                0x08002e8c       0xb0 Util/fat_fs/src/rtc.o
 .text.rtc_gettime
                0x08002f3c       0x78 Util/fat_fs/src/rtc.o
                0x08002f3c                rtc_gettime
 .text.my_RTC_SetCounter
                0x08002fb4       0x22 Util/fat_fs/src/rtc.o
                0x08002fb4                my_RTC_SetCounter
 *fill*         0x08002fd6        0x2 00
 .text.rtc_settime
                0x08002fd8       0xc8 Util/fat_fs/src/rtc.o
                0x08002fd8                rtc_settime
 .text.rtc_init
                0x080030a0       0x98 Util/fat_fs/src/rtc.o
                0x080030a0                rtc_init
 .text.interface_speed
                0x08003138       0x20 Util/fat_fs/src/sd_spi_stm32.o
 .text.power_on
                0x08003158       0xf0 Util/fat_fs/src/sd_spi_stm32.o
 .text.stm32_spi_rw
                0x08003248       0x24 Util/fat_fs/src/sd_spi_stm32.o
 .text.rcvr_spi
                0x0800326c        0x6 Util/fat_fs/src/sd_spi_stm32.o
 *fill*         0x08003272        0x2 00
 .text.wait_ready
                0x08003274       0x20 Util/fat_fs/src/sd_spi_stm32.o
 .text.send_cmd
                0x08003294       0x94 Util/fat_fs/src/sd_spi_stm32.o
 .text.stm32_dma_transfer
                0x08003328       0xc8 Util/fat_fs/src/sd_spi_stm32.o
 .text.xmit_datablock
                0x080033f0       0x4e Util/fat_fs/src/sd_spi_stm32.o
 *fill*         0x0800343e        0x2 00
 .text.release_spi
                0x08003440       0x18 Util/fat_fs/src/sd_spi_stm32.o
                0x08003440                release_spi
 .text.wrapup_transaction
                0x08003458       0x2c Util/fat_fs/src/sd_spi_stm32.o
                0x08003458                wrapup_transaction
 .text.stop_cmd
                0x08003484        0x8 Util/fat_fs/src/sd_spi_stm32.o
                0x08003484                stop_cmd
 .text.rcvr_datablock
                0x0800348c       0x54 Util/fat_fs/src/sd_spi_stm32.o
                0x0800348c                rcvr_datablock
 .text.disk_initialize
                0x080034e0      0x128 Util/fat_fs/src/sd_spi_stm32.o
                0x080034e0                disk_initialize
 .text.disk_status
                0x08003608       0x10 Util/fat_fs/src/sd_spi_stm32.o
                0x08003608                disk_status
 .text.disk_read
                0x08003618       0x9c Util/fat_fs/src/sd_spi_stm32.o
                0x08003618                disk_read
 .text.disk_write
                0x080036b4       0xac Util/fat_fs/src/sd_spi_stm32.o
                0x080036b4                disk_write
 .text.disk_ioctl
                0x08003760      0x284 Util/fat_fs/src/sd_spi_stm32.o
                0x08003760                disk_ioctl
 .text.disk_timerproc
                0x080039e4       0x44 Util/fat_fs/src/sd_spi_stm32.o
                0x080039e4                disk_timerproc
 .text.SampleFilter_init_1200
                0x08003a28       0x14 Util/filter_1200.o
                0x08003a28                SampleFilter_init_1200
 .text.SampleFilter_put_1200
                0x08003a3c       0x1a Util/filter_1200.o
                0x08003a3c                SampleFilter_put_1200
 *fill*         0x08003a56        0x2 00
 .text.SampleFilter_get_1200
                0x08003a58       0x38 Util/filter_1200.o
                0x08003a58                SampleFilter_get_1200
 .text.SampleFilter_init_190
                0x08003a90       0x12 Util/filter_190.o
                0x08003a90                SampleFilter_init_190
 .text.SampleFilter_put_190
                0x08003aa2       0x14 Util/filter_190.o
                0x08003aa2                SampleFilter_put_190
 *fill*         0x08003ab6        0x2 00
 .text.SampleFilter_get_190
                0x08003ab8       0x34 Util/filter_190.o
                0x08003ab8                SampleFilter_get_190
 .text.rprintfInit
                0x08003aec        0xc Util/rprintf.o
                0x08003aec                rprintfInit
 .text.rprintfChar
                0x08003af8       0x1c Util/rprintf.o
                0x08003af8                rprintfChar
 .text.rprintfFloat
                0x08003b14       0xc4 Util/rprintf.o
                0x08003b14                rprintfFloat
 .text.Isdigit  0x08003bd8        0xe Util/rprintf.o
                0x08003bd8                Isdigit
 .text.atoiRamRom
                0x08003be6       0x26 Util/rprintf.o
                0x08003be6                atoiRamRom
 .text.rStrLen  0x08003c0c       0x10 Util/rprintf.o
                0x08003c0c                rStrLen
 .text.rprintf2RamRom
                0x08003c1c      0x310 Util/rprintf.o
                0x08003c1c                rprintf2RamRom
 .text.write_wave_header
                0x08003f2c       0xda Util/wave.o
                0x08003f2c                write_wave_header
 .text.write_wave_samples
                0x08004006       0x98 Util/wave.o
                0x08004006                write_wave_samples
 .text.wave_terminate
                0x0800409e       0x72 Util/wave.o
                0x0800409e                wave_terminate
 .text.ADC_Configuration
                0x08004110       0xbc adc.o
                0x08004110                ADC_Configuration
 .text.setup_gpio
                0x080041cc      0x120 gpio.o
                0x080041cc                setup_gpio
 .text.switch_leds_on
                0x080042ec       0x20 gpio.o
                0x080042ec                switch_leds_on
 .text.switch_leds_off
                0x0800430c       0x20 gpio.o
                0x0800430c                switch_leds_off
 .text.red_flash
                0x0800432c       0x2c gpio.o
                0x0800432c                red_flash
 .text.I2C1_EV_IRQHandler
                0x08004358      0x640 i2c_int.o
                0x08004358                I2C1_EV_IRQHandler
 .text.I2C1_Request_Job
                0x08004998       0x74 i2c_int.o
                0x08004998                I2C1_Request_Job
 .text.I2C1_Setup_Job
                0x08004a0c       0x14 i2c_int.o
                0x08004a0c                I2C1_Setup_Job
 .text.I2C_Config
                0x08004a20      0x130 i2c_int.o
                0x08004a20                I2C_Config
 .text.I2C1_ER_IRQHandler
                0x08004b50       0xf4 i2c_int.o
                0x08004b50                I2C1_ER_IRQHandler
 .text.ISR_Config
                0x08004c44       0x5c interrupts.o
                0x08004c44                ISR_Config
 .text.EXTI_ONOFF_EN
                0x08004ca0       0x54 interrupts.o
                0x08004ca0                EXTI_ONOFF_EN
 .text.SysTick_Configuration
                0x08004cf4       0x34 interrupts.o
                0x08004cf4                SysTick_Configuration
 .text.EXTI0_IRQHandler
                0x08004d28       0x70 interrupts.o
                0x08004d28                EXTI0_IRQHandler
 .text.ADC1_2_IRQHandler
                0x08004d98       0x58 interrupts.o
                0x08004d98                ADC1_2_IRQHandler
 .text.SysTickHandler
                0x08004df0      0x168 interrupts.o
                0x08004df0                SysTickHandler
 .text.USB_HP_CAN_TX_IRQHandler
                0x08004f58        0x4 interrupts.o
                0x08004f58                USB_HP_CAN_TX_IRQHandler
 .text.USB_LP_CAN_RX0_IRQHandler
                0x08004f5c        0x4 interrupts.o
                0x08004f5c                USB_LP_CAN_RX0_IRQHandler
 .text.Reset_Handler
                0x08004f60       0x40 lib/CMSIS_CM3/startup/gcc/startup_stm32f10x_md.o
                0x08004f60                Reset_Handler
 .text.Default_Handler
                0x08004fa0        0x2 lib/CMSIS_CM3/startup/gcc/startup_stm32f10x_md.o
                0x08004fa0                EXTI2_IRQHandler
                0x08004fa0                DebugMon_Handler
                0x08004fa0                TIM1_CC_IRQHandler
                0x08004fa0                HardFault_Handler
                0x08004fa0                SysTick_Handler
                0x08004fa0                PVD_IRQHandler
                0x08004fa0                PendSV_Handler
                0x08004fa0                NMI_Handler
                0x08004fa0                EXTI3_IRQHandler
                0x08004fa0                I2C2_EV_IRQHandler
                0x08004fa0                UsageFault_Handler
                0x08004fa0                SPI1_IRQHandler
                0x08004fa0                TAMPER_IRQHandler
                0x08004fa0                DMA1_Channel4_IRQHandler
                0x08004fa0                USART3_IRQHandler
                0x08004fa0                RTC_IRQHandler
                0x08004fa0                DMA1_Channel7_IRQHandler
                0x08004fa0                CAN1_RX1_IRQHandler
                0x08004fa0                TIM4_IRQHandler
                0x08004fa0                DMA1_Channel6_IRQHandler
                0x08004fa0                TIM3_IRQHandler
                0x08004fa0                RCC_IRQHandler
                0x08004fa0                TIM1_TRG_COM_IRQHandler
                0x08004fa0                DMA1_Channel1_IRQHandler
                0x08004fa0                Default_Handler
                0x08004fa0                EXTI15_10_IRQHandler
                0x08004fa0                EXTI9_5_IRQHandler
                0x08004fa0                SPI2_IRQHandler
                0x08004fa0                MemManage_Handler
                0x08004fa0                SVC_Handler
                0x08004fa0                DMA1_Channel5_IRQHandler
                0x08004fa0                EXTI4_IRQHandler
                0x08004fa0                USB_LP_CAN1_RX0_IRQHandler
                0x08004fa0                USB_HP_CAN1_TX_IRQHandler
                0x08004fa0                DMA1_Channel3_IRQHandler
                0x08004fa0                TIM1_UP_IRQHandler
                0x08004fa0                WWDG_IRQHandler
                0x08004fa0                TIM2_IRQHandler
                0x08004fa0                TIM1_BRK_IRQHandler
                0x08004fa0                EXTI1_IRQHandler
                0x08004fa0                RTCAlarm_IRQHandler
                0x08004fa0                USART2_IRQHandler
                0x08004fa0                I2C2_ER_IRQHandler
                0x08004fa0                DMA1_Channel2_IRQHandler
                0x08004fa0                CAN1_SCE_IRQHandler
                0x08004fa0                FLASH_IRQHandler
                0x08004fa0                BusFault_Handler
                0x08004fa0                USART1_IRQHandler
                0x08004fa0                USBWakeUp_IRQHandler
 *fill*         0x08004fa2        0x2 00
 .text.SystemInit
                0x08004fa4       0xf4 lib/CMSIS_CM3/system_stm32f10x.o
                0x08004fa4                SystemInit
 .text.__WFI    0x08005098        0x4 main.o
 .text.__str_print_char
                0x0800509c       0x28 main.o
                0x0800509c                __str_print_char
 .text.__fat_print_char
                0x080050c4       0x1c main.o
                0x080050c4                __fat_print_char
 .text.file_preallocation_control
                0x080050e0       0x30 main.o
                0x080050e0                file_preallocation_control
 .text.detect_sensors
                0x08005110      0x13c main.o
                0x08005110                detect_sensors
 *fill*         0x0800524c        0x4 00
 .text.main     0x08005250      0xb18 main.o
                0x08005250                main
 .text.setuppwr
                0x08005d68       0x14 pwr.o
                0x08005d68                setuppwr
 .text.shutdown
                0x08005d7c       0x10 pwr.o
                0x08005d7c                shutdown
 .text.disable_pin
                0x08005d8c        0x6 pwr.o
                0x08005d8c                disable_pin
 *fill*         0x08005d92        0x2 00
 .text.shutdown_filesystem
                0x08005d94       0xd4 pwr.o
                0x08005d94                shutdown_filesystem
 .text._sbrk    0x08005e68       0x3c syscalls.o
                0x08005e68                _sbrk
 .text.Default_Usart_Config
                0x08005ea4       0x1a usart.o
                0x08005ea4                Default_Usart_Config
 *fill*         0x08005ebe        0x2 00
 .text.Usarts_Init
                0x08005ec0       0x90 usart.o
                0x08005ec0                Usarts_Init
 .text.__usart_send_char
                0x08005f50       0x1c usart.o
                0x08005f50                __usart_send_char
 .text.Usart_Send_Str
                0x08005f6c       0x18 usart.o
                0x08005f6c                Usart_Send_Str
 .text.Watchdog_Config
                0x08005f84       0x2a watchdog.o
                0x08005f84                Watchdog_Config
 *fill*         0x08005fae        0x2 00
 .text          0x08005fb0       0xb8 lib/STM32F10x_StdPeriph_Driver/libstm32fw.a(misc.o)
                0x08005fb0                NVIC_PriorityGroupConfig
                0x08005fc4                NVIC_Init
                0x08006024                NVIC_SetVectorTable
                0x08006038                NVIC_SystemLPConfig
                0x08006050                SysTick_CLKSourceConfig
 .text          0x08006068      0x380 lib/STM32F10x_StdPeriph_Driver/libstm32fw.a(stm32f10x_adc.o)
                0x08006068                ADC_DeInit
                0x080060c4                ADC_Init
                0x08006110                ADC_StructInit
                0x08006122                ADC_Cmd
                0x08006136                ADC_DMACmd
                0x0800614a                ADC_ITConfig
                0x0800615e                ADC_ResetCalibration
                0x08006168                ADC_GetResetCalibrationStatus
                0x08006170                ADC_StartCalibration
                0x0800617a                ADC_GetCalibrationStatus
                0x08006182                ADC_SoftwareStartConvCmd
                0x08006196                ADC_GetSoftwareStartConvStatus
                0x0800619e                ADC_DiscModeChannelCountConfig
                0x080061ae                ADC_DiscModeCmd
                0x080061c2                ADC_RegularChannelConfig
                0x08006250                ADC_ExternalTrigConvCmd
                0x08006264                ADC_GetConversionValue
                0x0800626a                ADC_GetDualModeConversionValue
                0x08006274                ADC_AutoInjectedConvCmd
                0x08006288                ADC_InjectedDiscModeCmd
                0x0800629c                ADC_ExternalTrigInjectedConvConfig
                0x080062aa                ADC_ExternalTrigInjectedConvCmd
                0x080062be                ADC_SoftwareStartInjectedConvCmd
                0x080062d2                ADC_GetSoftwareStartInjectedConvCmdStatus
                0x080062da                ADC_InjectedChannelConfig
                0x08006336                ADC_InjectedSequencerLengthConfig
                0x08006346                ADC_SetInjectedOffset
                0x0800635c                ADC_GetInjectedConversionValue
                0x08006376                ADC_AnalogWatchdogCmd
                0x08006388                ADC_AnalogWatchdogThresholdsConfig
                0x0800638e                ADC_AnalogWatchdogSingleChannelConfig
                0x0800639c                ADC_TempSensorVrefintCmd
                0x080063b8                ADC_GetFlagStatus
                0x080063c4                ADC_ClearFlag
                0x080063ca                ADC_GetITStatus
                0x080063e0                ADC_ClearITPendingBit
 .text          0x080063e8       0xe0 lib/STM32F10x_StdPeriph_Driver/libstm32fw.a(stm32f10x_bkp.o)
                0x080063e8                BKP_DeInit
                0x080063fa                BKP_TamperPinLevelConfig
                0x08006404                BKP_TamperPinCmd
                0x08006410                BKP_ITConfig
                0x0800641c                BKP_RTCOutputConfig
                0x08006434                BKP_SetRTCCalibrationValue
                0x0800644c                BKP_WriteBackupRegister
                0x08006468                BKP_ReadBackupRegister
                0x08006488                BKP_GetFlagStatus
                0x08006494                BKP_ClearFlag
                0x080064a8                BKP_GetITStatus
                0x080064b4                BKP_ClearITPendingBit
 .text          0x080064c8       0x34 lib/STM32F10x_StdPeriph_Driver/libstm32fw.a(stm32f10x_dbgmcu.o)
                0x080064c8                DBGMCU_GetREVID
                0x080064d4                DBGMCU_GetDEVID
                0x080064e4                DBGMCU_Config
 .text          0x080064fc      0x1f0 lib/STM32F10x_StdPeriph_Driver/libstm32fw.a(stm32f10x_dma.o)
                0x080064fc                DMA_DeInit
                0x080065f8                DMA_Init
                0x08006638                DMA_StructInit
                0x08006652                DMA_Cmd
                0x08006666                DMA_ITConfig
                0x08006678                DMA_GetCurrDataCounter
                0x0800667e                DMA_GetFlagStatus
                0x0800669c                DMA_ClearFlag
                0x080066b4                DMA_GetITStatus
                0x080066d4                DMA_ClearITPendingBit
 .text          0x080066ec      0x108 lib/STM32F10x_StdPeriph_Driver/libstm32fw.a(stm32f10x_exti.o)
                0x080066ec                EXTI_DeInit
                0x08006708                EXTI_Init
                0x0800678c                EXTI_StructInit
                0x0800679a                EXTI_GenerateSWInterrupt
                0x080067ac                EXTI_GetFlagStatus
                0x080067c0                EXTI_ClearFlag
                0x080067cc                EXTI_GetITStatus
                0x080067e8                EXTI_ClearITPendingBit
 .text          0x080067f4      0x278 lib/STM32F10x_StdPeriph_Driver/libstm32fw.a(stm32f10x_gpio.o)
                0x080067f4                GPIO_DeInit
                0x080068a0                GPIO_AFIODeInit
                0x080068b6                GPIO_Init
                0x0800694e                GPIO_StructInit
                0x0800695e                GPIO_ReadInputDataBit
                0x0800696a                GPIO_ReadInputData
                0x08006970                GPIO_ReadOutputDataBit
                0x0800697c                GPIO_ReadOutputData
                0x08006982                GPIO_SetBits
                0x08006986                GPIO_ResetBits
                0x0800698a                GPIO_WriteBit
                0x08006994                GPIO_Write
                0x08006998                GPIO_PinLockConfig
                0x080069a8                GPIO_EventOutputConfig
                0x080069c8                GPIO_EventOutputCmd
                0x080069d4                GPIO_PinRemapConfig
                0x08006a2c                GPIO_EXTILineConfig
                0x08006a60                GPIO_ETH_MediaInterfaceConfig
 .text          0x08006a6c      0x3b4 lib/STM32F10x_StdPeriph_Driver/libstm32fw.a(stm32f10x_i2c.o)
                0x08006a6c                I2C_DeInit
                0x08006aa0                I2C_Init
                0x08006b70                I2C_StructInit
                0x08006b8c                I2C_Cmd
                0x08006ba6                I2C_DMACmd
                0x08006bc0                I2C_DMALastTransferCmd
                0x08006bda                I2C_GenerateSTART
                0x08006bf4                I2C_GenerateSTOP
                0x08006c0e                I2C_AcknowledgeConfig
                0x08006c28                I2C_OwnAddress2Config
                0x08006c3e                I2C_DualAddressCmd
                0x08006c58                I2C_GeneralCallCmd
                0x08006c72                I2C_ITConfig
                0x08006c88                I2C_SendData
                0x08006c8c                I2C_ReceiveData
                0x08006c92                I2C_Send7bitAddress
                0x08006ca2                I2C_ReadRegister
                0x08006cba                I2C_SoftwareResetCmd
                0x08006cd2                I2C_SMBusAlertConfig
                0x08006cf0                I2C_TransmitPEC
                0x08006d0a                I2C_PECPositionConfig
                0x08006d28                I2C_CalculatePEC
                0x08006d42                I2C_GetPEC
                0x08006d4a                I2C_ARPCmd
                0x08006d64                I2C_StretchClockCmd
                0x08006d7e                I2C_FastModeDutyCycleConfig
                0x08006d9c                I2C_GetLastEvent
                0x08006dac                I2C_CheckEvent
                0x08006dc4                I2C_GetFlagStatus
                0x08006df8                I2C_ClearFlag
                0x08006dfe                I2C_GetITStatus
                0x08006e1a                I2C_ClearITPendingBit
 .text          0x08006e20       0x58 lib/STM32F10x_StdPeriph_Driver/libstm32fw.a(stm32f10x_iwdg.o)
                0x08006e20                IWDG_WriteAccessCmd
                0x08006e2c                IWDG_SetPrescaler
                0x08006e38                IWDG_SetReload
                0x08006e44                IWDG_ReloadCounter
                0x08006e54                IWDG_Enable
                0x08006e64                IWDG_GetFlagStatus
 .text          0x08006e78       0xcc lib/STM32F10x_StdPeriph_Driver/libstm32fw.a(stm32f10x_pwr.o)
                0x08006e7c                PWR_DeInit
                0x08006e96                PWR_BackupAccessCmd
                0x08006ea0                PWR_PVDCmd
                0x08006eac                PWR_PVDLevelConfig
                0x08006ec0                PWR_WakeUpPinCmd
                0x08006ecc                PWR_EnterSTOPMode
                0x08006ef8                PWR_EnterSTANDBYMode
                0x08006f20                PWR_GetFlagStatus
                0x08006f34                PWR_ClearFlag
 .text          0x08006f44      0x360 lib/STM32F10x_StdPeriph_Driver/libstm32fw.a(stm32f10x_rcc.o)
                0x08006f44                RCC_DeInit
                0x08006f84                RCC_HSEConfig
                0x08006fbc                RCC_AdjustHSICalibrationValue
                0x08006fd0                RCC_HSICmd
                0x08006fdc                RCC_PLLConfig
                0x08006ff4                RCC_PLLCmd
                0x08007000                RCC_SYSCLKConfig
                0x08007014                RCC_GetSYSCLKSource
                0x08007024                RCC_HCLKConfig
                0x08007038                RCC_PCLK1Config
                0x0800704c                RCC_PCLK2Config
                0x08007060                RCC_ITConfig
                0x08007078                RCC_USBCLKConfig
                0x08007084                RCC_ADCCLKConfig
                0x08007098                RCC_LSEConfig
                0x080070b8                RCC_LSICmd
                0x080070c4                RCC_RTCCLKConfig
                0x080070d4                RCC_RTCCLKCmd
                0x080070e0                RCC_GetClocksFreq
                0x08007184                RCC_AHBPeriphClockCmd
                0x0800719c                RCC_APB2PeriphClockCmd
                0x080071b4                RCC_APB1PeriphClockCmd
                0x080071cc                RCC_APB2PeriphResetCmd
                0x080071e4                RCC_APB1PeriphResetCmd
                0x080071fc                RCC_BackupResetCmd
                0x08007208                RCC_ClockSecuritySystemCmd
                0x08007214                RCC_MCOConfig
                0x08007220                RCC_GetFlagStatus
                0x08007248                RCC_WaitForHSEStartUp
                0x08007274                RCC_ClearFlag
                0x08007284                RCC_GetITStatus
                0x08007298                RCC_ClearITPendingBit
 .text          0x080072a4      0x158 lib/STM32F10x_StdPeriph_Driver/libstm32fw.a(stm32f10x_rtc.o)
                0x080072a4                RTC_ITConfig
                0x080072c0                RTC_EnterConfigMode
                0x080072d4                RTC_ExitConfigMode
                0x080072e8                RTC_GetCounter
                0x080072fc                RTC_SetCounter
                0x08007318                RTC_SetPrescaler
                0x08007338                RTC_SetAlarm
                0x08007354                RTC_GetDivider
                0x0800736c                RTC_WaitForLastTask
                0x0800737c                RTC_WaitForSynchro
                0x0800739c                RTC_GetFlagStatus
                0x080073b0                RTC_ClearFlag
                0x080073c4                RTC_GetITStatus
                0x080073e8                RTC_ClearITPendingBit
 .text          0x080073fc      0x2d4 lib/STM32F10x_StdPeriph_Driver/libstm32fw.a(stm32f10x_spi.o)
                0x080073fc                SPI_I2S_DeInit
                0x08007460                SPI_Init
                0x080074a0                I2S_Init
                0x08007540                SPI_StructInit
                0x08007558                I2S_StructInit
                0x0800756a                SPI_Cmd
                0x08007584                I2S_Cmd
                0x0800759e                SPI_I2S_ITConfig
                0x080075bc                SPI_I2S_DMACmd
                0x080075d2                SPI_I2S_SendData
                0x080075d6                SPI_I2S_ReceiveData
                0x080075dc                SPI_NSSInternalSoftwareConfig
                0x080075fc                SPI_SSOutputCmd
                0x08007616                SPI_DataSizeConfig
                0x0800762e                SPI_TransmitCRC
                0x0800763a                SPI_CalculateCRC
                0x08007654                SPI_GetCRC
                0x08007664                SPI_GetCRCPolynomial
                0x0800766a                SPI_BiDirectionalLineConfig
                0x08007688                SPI_I2S_GetFlagStatus
                0x08007694                SPI_I2S_ClearFlag
                0x0800769a                SPI_I2S_GetITStatus
                0x080076c0                SPI_I2S_ClearITPendingBit
 .text          0x080076d0      0x374 lib/STM32F10x_StdPeriph_Driver/libstm32fw.a(stm32f10x_usart.o)
                0x080076d0                USART_DeInit
                0x08007768                USART_Init
                0x080077f8                USART_StructInit
                0x0800780e                USART_ClockInit
                0x08007834                USART_ClockStructInit
                0x08007840                USART_Cmd
                0x0800785a                USART_ITConfig
                0x08007890                USART_DMACmd
                0x080078a6                USART_SetAddress
                0x080078be                USART_WakeUpConfig
                0x080078d6                USART_ReceiverWakeUpCmd
                0x080078f0                USART_LINBreakDetectLengthConfig
                0x08007908                USART_LINCmd
                0x08007922                USART_SendData
                0x0800792a                USART_ReceiveData
                0x08007932                USART_SendBreak
                0x0800793e                USART_SetGuardTime
                0x08007950                USART_SetPrescaler
                0x08007964                USART_SmartCardCmd
                0x0800797e                USART_SmartCardNACKCmd
                0x08007998                USART_HalfDuplexCmd
                0x080079b2                USART_IrDAConfig
                0x080079ca                USART_IrDACmd
                0x080079e4                USART_GetFlagStatus
                0x080079f0                USART_ClearFlag
                0x080079f6                USART_GetITStatus
                0x08007a36                USART_ClearITPendingBit
 .text          0x08007a44      0xa54 lib/STM32_USB-FS-Device_Driver/libstm32usb.a(usb_core.o)
                0x08007a44                Standard_GetConfiguration
                0x08007a6c                Standard_GetInterface
                0x08007a94                Standard_GetStatus
                0x08007c08                Standard_SetConfiguration
                0x08007c44                Standard_SetInterface
                0x08007c94                Standard_ClearFeature
                0x08007d90                Standard_SetEndPointFeature
                0x08007e44                Standard_SetDeviceFeature
                0x08007e68                Standard_GetDescriptorData
                0x08007e84                Post0_Process
                0x08007ecc                Out0_Process
                0x08007fa8                Setup0_Process
                0x08008378                SetDeviceAddress
                0x08008434                In0_Process
                0x08008494                NOP_Process
 .text          0x08008498       0x38 lib/STM32_USB-FS-Device_Driver/libstm32usb.a(usb_init.o)
                0x08008498                USB_Init
 .text          0x080084d0      0x25c lib/STM32_USB-FS-Device_Driver/libstm32usb.a(usb_int.o)
                0x080084d0                CTR_LP
                0x08008698                CTR_HP
 .text          0x0800872c       0xb8 lib/STM32_USB-FS-Device_Driver/libstm32usb.a(usb_mem.o)
                0x0800872c                UserToPMABufferCopy
                0x08008794                PMAToUserBufferCopy
 .text          0x080087e4      0x880 lib/STM32_USB-FS-Device_Driver/libstm32usb.a(usb_regs.o)
                0x080087e4                SetCNTR
                0x080087f0                GetCNTR
                0x080087fc                SetISTR
                0x08008808                GetISTR
                0x08008814                GetFNR
                0x08008820                SetDADDR
                0x0800882c                GetDADDR
                0x08008838                SetBTABLE
                0x0800884c                GetBTABLE
                0x08008858                SetENDPOINT
                0x08008868                GetENDPOINT
                0x08008878                SetEPType
                0x08008894                GetEPType
                0x080088a8                SetEPTxStatus
                0x080088e8                SetEPRxStatus
                0x08008928                SetDouBleBuffEPStall
                0x08008950                GetEPTxStatus
                0x08008964                GetEPRxStatus
                0x08008978                SetEPTxValid
                0x0800899c                SetEPRxValid
                0x080089c0                SetEP_KIND
                0x080089e0                ClearEP_KIND
                0x08008a00                Clear_Status_Out
                0x08008a20                Set_Status_Out
                0x08008a40                SetEPDoubleBuff
                0x08008a60                ClearEPDoubleBuff
                0x08008a80                GetTxStallStatus
                0x08008aa0                GetRxStallStatus
                0x08008ac0                ClearEP_CTR_RX
                0x08008ad8                ClearEP_CTR_TX
                0x08008af0                ToggleDTOG_RX
                0x08008b10                ToggleDTOG_TX
                0x08008b30                ClearDTOG_RX
                0x08008b58                ClearDTOG_TX
                0x08008b80                SetEPAddress
                0x08008ba4                GetEPAddress
                0x08008bb8                SetEPTxAddr
                0x08008bdc                SetEPRxAddr
                0x08008c04                GetEPTxAddr
                0x08008c24                GetEPRxAddr
                0x08008c44                SetEPTxCount
                0x08008c64                SetEPCountRxReg
                0x08008c90                SetEPRxCount
                0x08008cd8                GetEPTxCount
                0x08008cfc                GetEPRxCount
                0x08008d20                SetEPDblBuffAddr
                0x08008d68                SetEPDblBuf0Addr
                0x08008d8c                SetEPDblBuf1Addr
                0x08008db4                GetEPDblBuf0Addr
                0x08008dd4                GetEPDblBuf1Addr
                0x08008df4                SetEPDblBuffCount
                0x08008ea0                SetEPDblBuf0Count
                0x08008f08                SetEPDblBuf1Count
                0x08008f70                GetEPDblBuf0Count
                0x08008f94                GetEPDblBuf1Count
                0x08008fb8                GetEPDblBufDir
                0x08009000                FreeUserBuffer
                0x08009050                ToWord
                0x08009058                ByteSwap
 .text          0x08009064       0x6c lib/STM32_USB-FS-Device_Driver/libstm32usb.a(usb_sil.o)
                0x08009064                USB_SIL_Init
                0x08009084                USB_SIL_Write
                0x080090ac                USB_SIL_Read
 .text          0x080090d0      0x370 /home/laurence/CodeSourcery/Sourcery_G++_Lite/bin/../lib/gcc/arm-none-eabi/4.5.2/thumb2/libgcc.a(_arm_addsubdf3.o)
                0x080090d0                __aeabi_drsub
                0x080090d8                __aeabi_dsub
                0x080090d8                __subdf3
                0x080090dc                __adddf3
                0x080090dc                __aeabi_dadd
                0x08009354                __aeabi_ui2d
                0x08009354                __floatunsidf
                0x08009374                __floatsidf
                0x08009374                __aeabi_i2d
                0x08009398                __extendsfdf2
                0x08009398                __aeabi_f2d
                0x080093d4                __aeabi_ul2d
                0x080093d4                __floatundidf
                0x080093e4                __floatdidf
                0x080093e4                __aeabi_l2d
 .text          0x08009440      0x424 /home/laurence/CodeSourcery/Sourcery_G++_Lite/bin/../lib/gcc/arm-none-eabi/4.5.2/thumb2/libgcc.a(_arm_muldivdf3.o)
                0x08009440                __aeabi_dmul
                0x08009440                __muldf3
                0x08009694                __aeabi_ddiv
                0x08009694                __divdf3
 .text          0x08009864      0x110 /home/laurence/CodeSourcery/Sourcery_G++_Lite/bin/../lib/gcc/arm-none-eabi/4.5.2/thumb2/libgcc.a(_arm_cmpdf2.o)
                0x08009864                __gtdf2
                0x08009864                __gedf2
                0x0800986c                __ltdf2
                0x0800986c                __ledf2
                0x08009874                __cmpdf2
                0x08009874                __eqdf2
                0x08009874                __nedf2
                0x080098f0                __aeabi_cdrcmple
                0x08009900                __aeabi_cdcmple
                0x08009900                __aeabi_cdcmpeq
                0x08009910                __aeabi_dcmpeq
                0x08009924                __aeabi_dcmplt
                0x08009938                __aeabi_dcmple
                0x0800994c                __aeabi_dcmpge
                0x08009960                __aeabi_dcmpgt
 .text          0x08009974       0xa0 /home/laurence/CodeSourcery/Sourcery_G++_Lite/bin/../lib/gcc/arm-none-eabi/4.5.2/thumb2/libgcc.a(_arm_truncdfsf2.o)
                0x08009974                __aeabi_d2f
                0x08009974                __truncdfsf2
 .text          0x08009a14      0x21c /home/laurence/CodeSourcery/Sourcery_G++_Lite/bin/../lib/gcc/arm-none-eabi/4.5.2/thumb2/libgcc.a(_arm_addsubsf3.o)
                0x08009a14                __aeabi_frsub
                0x08009a1c                __subsf3
                0x08009a1c                __aeabi_fsub
                0x08009a20                __aeabi_fadd
                0x08009a20                __addsf3
                0x08009b80                __aeabi_ui2f
                0x08009b80                __floatunsisf
                0x08009b88                __aeabi_i2f
                0x08009b88                __floatsisf
                0x08009ba4                __floatundisf
                0x08009ba4                __aeabi_ul2f
                0x08009bb4                __floatdisf
                0x08009bb4                __aeabi_l2f
 .text          0x08009c30      0x2a0 /home/laurence/CodeSourcery/Sourcery_G++_Lite/bin/../lib/gcc/arm-none-eabi/4.5.2/thumb2/libgcc.a(_arm_muldivsf3.o)
                0x08009c30                __mulsf3
                0x08009c30                __aeabi_fmul
                0x08009d98                __divsf3
                0x08009d98                __aeabi_fdiv
 .text          0x08009ed0       0xec /home/laurence/CodeSourcery/Sourcery_G++_Lite/bin/../lib/gcc/arm-none-eabi/4.5.2/thumb2/libgcc.a(_arm_cmpsf2.o)
                0x08009ed0                __gtsf2
                0x08009ed0                __gesf2
                0x08009ed8                __lesf2
                0x08009ed8                __ltsf2
                0x08009ee0                __nesf2
                0x08009ee0                __eqsf2
                0x08009ee0                __cmpsf2
                0x08009f40                __aeabi_cfrcmple
                0x08009f48                __aeabi_cfcmple
                0x08009f48                __aeabi_cfcmpeq
                0x08009f58                __aeabi_fcmpeq
                0x08009f6c                __aeabi_fcmplt
                0x08009f80                __aeabi_fcmple
                0x08009f94                __aeabi_fcmpge
                0x08009fa8                __aeabi_fcmpgt
 .text          0x08009fbc       0x4c /home/laurence/CodeSourcery/Sourcery_G++_Lite/bin/../lib/gcc/arm-none-eabi/4.5.2/thumb2/libgcc.a(_arm_fixsfsi.o)
                0x08009fbc                __fixsfsi
                0x08009fbc                __aeabi_f2iz
 .text          0x0800a008       0x40 /home/laurence/CodeSourcery/Sourcery_G++_Lite/bin/../lib/gcc/arm-none-eabi/4.5.2/thumb2/libgcc.a(_arm_fixunssfsi.o)
                0x0800a008                __aeabi_f2uiz
                0x0800a008                __fixunssfsi
 .text          0x0800a048       0x20 /home/laurence/CodeSourcery/Sourcery_G++_Lite/bin/../lib/gcc/arm-none-eabi/4.5.2/../../../../arm-none-eabi/lib/thumb2/libc.a(lib_a-malloc.o)
                0x0800a048                malloc
                0x0800a058                free
 .text          0x0800a068      0x57c /home/laurence/CodeSourcery/Sourcery_G++_Lite/bin/../lib/gcc/arm-none-eabi/4.5.2/../../../../arm-none-eabi/lib/thumb2/libc.a(lib_a-mallocr.o)
                0x0800a068                _malloc_r
 .text          0x0800a5e4       0x64 /home/laurence/CodeSourcery/Sourcery_G++_Lite/bin/../lib/gcc/arm-none-eabi/4.5.2/../../../../arm-none-eabi/lib/thumb2/libc.a(lib_a-memcmp.o)
                0x0800a5e4                memcmp
 .text          0x0800a648       0xb4 /home/laurence/CodeSourcery/Sourcery_G++_Lite/bin/../lib/gcc/arm-none-eabi/4.5.2/../../../../arm-none-eabi/lib/thumb2/libc.a(lib_a-memset.o)
                0x0800a648                memset
 .text          0x0800a6fc        0x8 /home/laurence/CodeSourcery/Sourcery_G++_Lite/bin/../lib/gcc/arm-none-eabi/4.5.2/../../../../arm-none-eabi/lib/thumb2/libc.a(lib_a-mlock.o)
                0x0800a6fc                __malloc_lock
                0x0800a700                __malloc_unlock
 .text          0x0800a704       0x28 /home/laurence/CodeSourcery/Sourcery_G++_Lite/bin/../lib/gcc/arm-none-eabi/4.5.2/../../../../arm-none-eabi/lib/thumb2/libc.a(lib_a-sbrkr.o)
                0x0800a704                _sbrk_r
 .text          0x0800a72c       0x48 /home/laurence/CodeSourcery/Sourcery_G++_Lite/bin/../lib/gcc/arm-none-eabi/4.5.2/../../../../arm-none-eabi/lib/thumb2/libc.a(lib_a-strcat.o)
                0x0800a72c                strcat
 .text          0x0800a774       0xbc /home/laurence/CodeSourcery/Sourcery_G++_Lite/bin/../lib/gcc/arm-none-eabi/4.5.2/../../../../arm-none-eabi/lib/thumb2/libc.a(lib_a-strcpy.o)
                0x0800a774                strcpy
 .text          0x0800a830       0x60 /home/laurence/CodeSourcery/Sourcery_G++_Lite/bin/../lib/gcc/arm-none-eabi/4.5.2/../../../../arm-none-eabi/lib/thumb2/libc.a(lib_a-strlen.o)
                0x0800a830                strlen
 .text          0x0800a890      0x240 /home/laurence/CodeSourcery/Sourcery_G++_Lite/bin/../lib/gcc/arm-none-eabi/4.5.2/../../../../arm-none-eabi/lib/thumb2/libc.a(lib_a-freer.o)
                0x0800a890                _malloc_trim_r
                0x0800a938                _free_r
 *(.init)
 .init          0x0800aad0        0x4 /home/laurence/CodeSourcery/Sourcery_G++_Lite/bin/../lib/gcc/arm-none-eabi/4.5.2/thumb2/crti.o
                0x0800aad0                _init
 .init          0x0800aad4        0x8 /home/laurence/CodeSourcery/Sourcery_G++_Lite/bin/../lib/gcc/arm-none-eabi/4.5.2/thumb2/crtn.o
 *(.fini)
 .fini          0x0800aadc        0x4 /home/laurence/CodeSourcery/Sourcery_G++_Lite/bin/../lib/gcc/arm-none-eabi/4.5.2/thumb2/crti.o
                0x0800aadc                _fini
 .fini          0x0800aae0        0x8 /home/laurence/CodeSourcery/Sourcery_G++_Lite/bin/../lib/gcc/arm-none-eabi/4.5.2/thumb2/crtn.o
 *crtbegin.o(.ctors)
 *crtbegin?.o(.ctors)
 *(EXCLUDE_FILE(*crtend.o *crtend?.o) .ctors)
 *(SORT(.ctors.*))
 *(.ctors)
 *crtbegin.o(.dtors)
 *crtbegin?.o(.dtors)
 *(EXCLUDE_FILE(*crtend.o *crtend?.o) .dtors)
 *(SORT(.dtors.*))
 *(.dtors)
 *(.rodata*)
 .rodata.LSM_330_ACCEL_FIFO_config
                0x0800aae8        0x2 Sensors/amb_sensors.o
                0x0800aae8                LSM_330_ACCEL_FIFO_config
 .rodata.LSM_330_GYRO_config
                0x0800aaea        0x4 Sensors/amb_sensors.o
                0x0800aaea                LSM_330_GYRO_config
 .rodata.HMC_config
                0x0800aaee        0x3 Sensors/amb_sensors.o
                0x0800aaee                HMC_config
 .rodata.ADXL_config
                0x0800aaf1        0x6 Sensors/amb_sensors.o
                0x0800aaf1                ADXL_config
 .rodata.LSM_330_ACCEL_config
                0x0800aaf7        0x6 Sensors/amb_sensors.o
                0x0800aaf7                LSM_330_ACCEL_config
 .rodata.ITG3200_config
                0x0800aafd        0x3 Sensors/amb_sensors.o
                0x0800aafd                ITG3200_config
 .rodata.MASS_StringLangID
                0x0800ab00        0x4 Util/USB/usb_desc.o
                0x0800ab00                MASS_StringLangID
 .rodata.MASS_ConfigDescriptor
                0x0800ab04       0x20 Util/USB/usb_desc.o
                0x0800ab04                MASS_ConfigDescriptor
 .rodata.MASS_StringProduct
                0x0800ab24       0x2e Util/USB/usb_desc.o
                0x0800ab24                MASS_StringProduct
 .rodata.MASS_DeviceDescriptor
                0x0800ab52       0x12 Util/USB/usb_desc.o
                0x0800ab52                MASS_DeviceDescriptor
 .rodata.MASS_StringInterface
                0x0800ab64       0x10 Util/USB/usb_desc.o
                0x0800ab64                MASS_StringInterface
 .rodata.MASS_StringVendor
                0x0800ab74       0x32 Util/USB/usb_desc.o
                0x0800ab74                MASS_StringVendor
 .rodata.tbl_upper.4124
                0x0800aba6      0x1e0 Util/fat_fs/option/cc932.o
 .rodata.uni2sjis
                0x0800ad86     0x7378 Util/fat_fs/option/cc932.o
 .rodata.tbl_lower.4123
                0x080120fe      0x1e0 Util/fat_fs/option/cc932.o
 .rodata.str1.1
                0x080122de       0x10 Util/fat_fs/src/ff.o
 .rodata.LfnOfs
                0x080122ee        0xd Util/fat_fs/src/ff.o
 .rodata.DaysInMonth
                0x080122fb        0xc Util/fat_fs/src/rtc.o
 *fill*         0x08012307        0x1 00
 .rodata.filter_taps
                0x08012308       0xf4 Util/filter_1200.o
 .rodata.filter_taps
                0x080123fc       0x3c Util/filter_190.o
 .rodata.str1.1
                0x08012438        0x6 Util/rprintf.o
 *fill*         0x0801243e        0x2 00
 .rodata.SystemFrequency
                0x08012440        0x4 lib/CMSIS_CM3/system_stm32f10x.o
                0x08012440                SystemFrequency
 .rodata.str1.1
                0x08012444      0x1c5 main.o
                                0x1c7 (size before relaxing)
 .rodata.str1.1
                0x08012609       0x3d pwr.o
 *fill*         0x08012646        0x2 00
 .rodata.str1.4
                0x08012648        0x4 /home/laurence/CodeSourcery/Sourcery_G++_Lite/bin/../lib/gcc/arm-none-eabi/4.5.2/../../../../arm-none-eabi/lib/thumb2/libc.a(lib_a-impure.o)
 *(.eh_frame*)

.glue_7         0x0801264c        0x0
 .glue_7        0x00000000        0x0 linker stubs

.glue_7t        0x0801264c        0x0
 .glue_7t       0x00000000        0x0 linker stubs

.vfp11_veneer   0x0801264c        0x0
 .vfp11_veneer  0x00000000        0x0 linker stubs

.v4_bx          0x0801264c        0x0
 .v4_bx         0x00000000        0x0 linker stubs

.ARM.extab
 *(.ARM.extab* .gnu.linkonce.armextab.*)
                0x0801264c                __exidx_start = .

.ARM.exidx
 *(.ARM.exidx* .gnu.linkonce.armexidx.*)
                0x0801264c                __exidx_end = .
                0x0801264c                __etext = .

.data           0x20000000      0x6fc load address 0x0801264c
                0x20000000                __data_start__ = .
 *(vtable)
 *(.data*)
 .data.I2C_jobs
                0x20000000       0x80 Sensors/amb_sensors.o
                0x20000000                I2C_jobs
 .data.Mode_Sense10_data
                0x20000080        0x8 Util/USB/scsi_data.o
                0x20000080                Mode_Sense10_data
 .data.Mode_Sense6_data
                0x20000088        0x4 Util/USB/scsi_data.o
                0x20000088                Mode_Sense6_data
 .data.Scsi_Sense_Data
                0x2000008c       0x12 Util/USB/scsi_data.o
                0x2000008c                Scsi_Sense_Data
 .data.ReadFormatCapacity_Data
                0x2000009e        0xc Util/USB/scsi_data.o
                0x2000009e                ReadFormatCapacity_Data
 .data.Standard_Inquiry_Data2
                0x200000aa       0x24 Util/USB/scsi_data.o
                0x200000aa                Standard_Inquiry_Data2
 .data.Standard_Inquiry_Data
                0x200000ce       0x24 Util/USB/scsi_data.o
                0x200000ce                Standard_Inquiry_Data
 .data.MASS_StringSerial
                0x200000f2       0x1a Util/USB/usb_desc.o
                0x200000f2                MASS_StringSerial
 .data.pEpInt_IN
                0x2000010c       0x1c Util/USB/usb_istr.o
                0x2000010c                pEpInt_IN
 .data.pEpInt_OUT
                0x20000128       0x1c Util/USB/usb_istr.o
                0x20000128                pEpInt_OUT
 .data.Config_Descriptor
                0x20000144        0x8 Util/USB/usb_prop.o
                0x20000144                Config_Descriptor
 .data.Device_Property
                0x2000014c       0x30 Util/USB/usb_prop.o
                0x2000014c                Device_Property
 .data.User_Standard_Requests
                0x2000017c       0x24 Util/USB/usb_prop.o
                0x2000017c                User_Standard_Requests
 .data.Device_Descriptor
                0x200001a0        0x8 Util/USB/usb_prop.o
                0x200001a0                Device_Descriptor
 .data.String_Descriptor
                0x200001a8       0x28 Util/USB/usb_prop.o
                0x200001a8                String_Descriptor
 .data.Device_Table
                0x200001d0        0x2 Util/USB/usb_prop.o
                0x200001d0                Device_Table
 .data.fSuspendEnabled
                0x200001d2        0x1 Util/USB/usb_pwr.o
                0x200001d2                fSuspendEnabled
 .data.Stat     0x200001d3        0x1 Util/fat_fs/src/sd_spi_stm32.o
 .data.rw_workbyte.7778
                0x200001d4        0x2 Util/fat_fs/src/sd_spi_stm32.o
 .data          0x200001d6       0x14 lib/STM32F10x_StdPeriph_Driver/libstm32fw.a(stm32f10x_rcc.o)
 *fill*         0x200001ea        0x2 00
 .data          0x200001ec      0x410 /home/laurence/CodeSourcery/Sourcery_G++_Lite/bin/../lib/gcc/arm-none-eabi/4.5.2/../../../../arm-none-eabi/lib/thumb2/libc.a(lib_a-mallocr.o)
                0x200001ec                __malloc_av_
                0x200005f4                __malloc_sbrk_base
                0x200005f8                __malloc_trim_threshold
 .data          0x200005fc       0xf4 /home/laurence/CodeSourcery/Sourcery_G++_Lite/bin/../lib/gcc/arm-none-eabi/4.5.2/../../../../arm-none-eabi/lib/thumb2/libc.a(lib_a-impure.o)
                0x200005fc                _impure_ptr
                0x200006f0                . = ALIGN (0x4)
                0x200006f0                PROVIDE (__preinit_array_start, .)
 *(.preinit_array)
                0x200006f0                PROVIDE (__preinit_array_end, .)
                0x200006f0                . = ALIGN (0x4)
                0x200006f0                PROVIDE (__init_array_start, .)
 *(SORT(.init_array.*))
 *(.init_array)
 .init_array    0x200006f0        0x4 /home/laurence/CodeSourcery/Sourcery_G++_Lite/bin/../lib/gcc/arm-none-eabi/4.5.2/thumb2/crtbegin.o
                0x200006f4                PROVIDE (__init_array_end, .)
                0x200006f4                . = ALIGN (0x4)
                0x200006f4                PROVIDE (__fini_array_start, .)
 *(SORT(.fini_array.*))
 *(.fini_array)
 .fini_array    0x200006f4        0x4 /home/laurence/CodeSourcery/Sourcery_G++_Lite/bin/../lib/gcc/arm-none-eabi/4.5.2/thumb2/crtbegin.o
                0x200006f8                PROVIDE (__fini_array_end, .)
 *(.jcr*)
 .jcr           0x200006f8        0x0 /home/laurence/CodeSourcery/Sourcery_G++_Lite/bin/../lib/gcc/arm-none-eabi/4.5.2/thumb2/crtbegin.o
 .jcr           0x200006f8        0x4 /home/laurence/CodeSourcery/Sourcery_G++_Lite/bin/../lib/gcc/arm-none-eabi/4.5.2/thumb2/crtend.o
                0x200006fc                . = ALIGN (0x4)
                0x200006fc                __data_end__ = .

.bss            0x200006fc     0x136c load address 0x08012d48
                0x200006fc                . = ALIGN (0x4)
                0x200006fc                __bss_start__ = .
 *(.bss*)
 .bss           0x200006fc        0x1 /home/laurence/CodeSourcery/Sourcery_G++_Lite/bin/../lib/gcc/arm-none-eabi/4.5.2/thumb2/crtbegin.o
 .bss.Rawdata   0x200006fd       0x40 Sensors/amb_sensors.o
                0x200006fd                Rawdata
 .bss.RawFifo   0x2000073d       0x1e Sensors/amb_sensors.o
                0x2000073d                RawFifo
 .bss.I2C_Transactions_State
                0x2000075b        0x1 Sensors/amb_sensors.o
                0x2000075b                I2C_Transactions_State
 .bss.LSM330_Accel_Filter
                0x2000075c      0x2e8 Sensors/amb_sensors.o
                0x2000075c                LSM330_Accel_Filter
 .bss.LSM330_Gyro_Filter
                0x20000a44      0x2e8 Sensors/amb_sensors.o
                0x20000a44                LSM330_Gyro_Filter
 .bss.LastFifo  0x20000d2c        0x6 Sensors/amb_sensors.o
                0x20000d2c                LastFifo
 *fill*         0x20000d32        0x2 00
 .bss.Data_Buffer
                0x20000d34        0x4 Util/USB/mass_mal.o
                0x20000d34                Data_Buffer
 .bss.Mass_Block_Size
                0x20000d38        0x8 Util/USB/mass_mal.o
                0x20000d38                Mass_Block_Size
 .bss.Status    0x20000d40        0x4 Util/USB/mass_mal.o
                0x20000d40                Status
 .bss.Mass_Memory_Size
                0x20000d44        0x8 Util/USB/mass_mal.o
                0x20000d44                Mass_Memory_Size
 .bss.Mass_Block_Count
                0x20000d4c        0x8 Util/USB/mass_mal.o
                0x20000d4c                Mass_Block_Count
 .bss.Block_offset
                0x20000d54        0x4 Util/USB/memory.o
                0x20000d54                Block_offset
 .bss.Counter   0x20000d58        0x4 Util/USB/memory.o
                0x20000d58                Counter
 .bss.Used_CMD18.7841
                0x20000d5c        0x1 Util/USB/memory.o
 *fill*         0x20000d5d        0x3 00
 .bss.Idx       0x20000d60        0x4 Util/USB/memory.o
                0x20000d60                Idx
 .bss.W_Length.7853
                0x20000d64        0x4 Util/USB/memory.o
 .bss.W_Offset.7852
                0x20000d68        0x4 Util/USB/memory.o
 .bss.TransferState
                0x20000d6c        0x1 Util/USB/memory.o
                0x20000d6c                TransferState
 *fill*         0x20000d6d        0x3 00
 .bss.Length.7840
                0x20000d70        0x4 Util/USB/memory.o
 .bss.ReadCapacity10_Data
                0x20000d74        0x8 Util/USB/scsi_data.o
                0x20000d74                ReadCapacity10_Data
 .bss.Page00_Inquiry_Data
                0x20000d7c        0x5 Util/USB/scsi_data.o
                0x20000d7c                Page00_Inquiry_Data
 *fill*         0x20000d81        0x1 00
 .bss.Data_Len  0x20000d82        0x2 Util/USB/usb_bot.o
                0x20000d82                Data_Len
 .bss.CBW       0x20000d84       0x20 Util/USB/usb_bot.o
                0x20000d84                CBW
 .bss.Bot_State
                0x20000da4        0x1 Util/USB/usb_bot.o
                0x20000da4                Bot_State
 *fill*         0x20000da5        0x3 00
 .bss.SCSI_BlkLen
                0x20000da8        0x4 Util/USB/usb_bot.o
                0x20000da8                SCSI_BlkLen
 .bss.Bulk_Data_Buff
                0x20000dac       0x40 Util/USB/usb_bot.o
                0x20000dac                Bulk_Data_Buff
 .bss.SCSI_LBA  0x20000dec        0x4 Util/USB/usb_bot.o
                0x20000dec                SCSI_LBA
 .bss.CSW       0x20000df0       0x10 Util/USB/usb_bot.o
                0x20000df0                CSW
 .bss.bIntPackSOF
                0x20000e00        0x1 Util/USB/usb_istr.o
                0x20000e00                bIntPackSOF
 *fill*         0x20000e01        0x1 00
 .bss.wIstr     0x20000e02        0x2 Util/USB/usb_istr.o
                0x20000e02                wIstr
 .bss.Max_Lun   0x20000e04        0x4 Util/USB/usb_prop.o
                0x20000e04                Max_Lun
 .bss.ResumeS   0x20000e08        0x2 Util/USB/usb_pwr.o
                0x20000e08                ResumeS
 *fill*         0x20000e0a        0x2 00
 .bss.bDeviceState
                0x20000e0c        0x4 Util/USB/usb_pwr.o
                0x20000e0c                bDeviceState
 .bss.CurrVol   0x20000e10        0x1 Util/fat_fs/src/ff.o
 *fill*         0x20000e11        0x1 00
 .bss.Fsid      0x20000e12        0x2 Util/fat_fs/src/ff.o
 .bss.FatFs     0x20000e14        0x4 Util/fat_fs/src/ff.o
 .bss.Timer1    0x20000e18        0x4 Util/fat_fs/src/sd_spi_stm32.o
 .bss.Timer2    0x20000e1c        0x4 Util/fat_fs/src/sd_spi_stm32.o
 .bss.CardType  0x20000e20        0x1 Util/fat_fs/src/sd_spi_stm32.o
 .bss.Sd_Spi_Called_From_USB_MSC
                0x20000e21        0x1 Util/fat_fs/src/sd_spi_stm32.o
                0x20000e21                Sd_Spi_Called_From_USB_MSC
 *fill*         0x20000e22        0x2 00
 .bss.pv.7901   0x20000e24        0x4 Util/fat_fs/src/sd_spi_stm32.o
 .bss.rputchar  0x20000e28        0x4 Util/rprintf.o
 .bss.buf       0x20000e2c       0x80 Util/rprintf.o
 .bss.bootsource
                0x20000eac        0x1 gpio.o
                0x20000eac                bootsource
 .bss.job       0x20000ead        0x1 i2c_int.o
                0x20000ead                job
 *fill*         0x20000eae        0x2 00
 .bss.Completed_Jobs
                0x20000eb0        0x4 i2c_int.o
                0x20000eb0                Completed_Jobs
 .bss.index.7047
                0x20000eb4        0x1 i2c_int.o
 .bss.subaddress_sent.7045
                0x20000eb5        0x1 i2c_int.o
 *fill*         0x20000eb6        0x2 00
 .bss.Jobs      0x20000eb8        0x4 i2c_int.o
                0x20000eb8                Jobs
 .bss.I2C1error
                0x20000ebc        0x2 i2c_int.o
                0x20000ebc                I2C1error
 .bss.final_stop.7046
                0x20000ebe        0x1 i2c_int.o
 .bss.System_state_counter.8114
                0x20000ebf        0x1 interrupts.o
 .bss.Last_Button_Press.8113
                0x20000ec0        0x4 interrupts.o
 .bss.Battery_Voltage
                0x20000ec4        0x4 interrupts.o
                0x20000ec4                Battery_Voltage
 .bss.Button_hold_tim
                0x20000ec8        0x1 interrupts.o
                0x20000ec8                Button_hold_tim
 *fill*         0x20000ec9        0x3 00
 .bss.FATFS_Obj
                0x20000ecc      0x234 main.o
 .bss.Millis    0x20001100        0x4 main.o
                0x20001100                Millis
 .bss.f_err_code
                0x20001104        0x1 main.o
                0x20001104                f_err_code
 .bss.Shutdown_System
                0x20001105        0x1 main.o
                0x20001105                Shutdown_System
 *fill*         0x20001106        0x2 00
 .bss.forehead_buffer
                0x20001108       0x54 main.o
                0x20001108                forehead_buffer
 .bss.print_string
                0x2000115c      0x100 main.o
                0x2000115c                print_string
 .bss.sfe_sensor_buffers
                0x2000125c       0xf0 main.o
                0x2000125c                sfe_sensor_buffers
 .bss.Sensors   0x2000134c        0x1 main.o
                0x2000134c                Sensors
 .bss.file_opened
                0x2000134d        0x1 main.o
                0x2000134d                file_opened
 *fill*         0x2000134e        0x2 00
 .bss.FATFS_info
                0x20001350       0x20 main.o
                0x20001350                FATFS_info
 .bss.FATFS_wavfile_gyro
                0x20001370      0x224 main.o
                0x20001370                FATFS_wavfile_gyro
 .bss.FATFS_wavfile_accel
                0x20001594      0x224 main.o
                0x20001594                FATFS_wavfile_accel
 .bss.a         0x200017b8        0x4 main.o
                0x200017b8                a
 .bss.FATFS_logfile
                0x200017bc      0x224 main.o
                0x200017bc                FATFS_logfile
 .bss.Sensor_Cable
                0x200019e0        0x1 main.o
                0x200019e0                Sensor_Cable
 *fill*         0x200019e1        0x3 00
 .bss.battery_voltage
                0x200019e4        0x4 main.o
                0x200019e4                battery_voltage
 .bss.System_state_Global
                0x200019e8        0x1 main.o
                0x200019e8                System_state_Global
 *fill*         0x200019e9        0x3 00
 .bss.heap_end.4546
                0x200019ec        0x4 syscalls.o
 .bss           0x200019f0        0x1 lib/STM32_USB-FS-Device_Driver/libstm32usb.a(usb_core.o)
                0x200019f0                Data_Mul_MaxPacketSize
 *fill*         0x200019f1        0x3 00
 .bss           0x200019f4       0x34 /home/laurence/CodeSourcery/Sourcery_G++_Lite/bin/../lib/gcc/arm-none-eabi/4.5.2/../../../../arm-none-eabi/lib/thumb2/libc.a(lib_a-mallocr.o)
                0x200019f4                __malloc_top_pad
                0x200019f8                __malloc_current_mallinfo
                0x20001a20                __malloc_max_sbrked_mem
                0x20001a24                __malloc_max_total_mem
 *(COMMON)
 COMMON         0x20001a28        0x2 lib/STM32_USB-FS-Device_Driver/libstm32usb.a(usb_core.o)
                0x20001a28                StatusInfo
 *fill*         0x20001a2a        0x2 00
 COMMON         0x20001a2c       0x32 lib/STM32_USB-FS-Device_Driver/libstm32usb.a(usb_init.o)
                0x20001a2c                SaveState
                0x20001a30                pProperty
                0x20001a34                EPindex
                0x20001a38                Device_Info
                0x20001a54                pUser_Standard_Requests
                0x20001a58                pInformation
                0x20001a5c                wInterrupt_Mask
 COMMON         0x20001a5e        0x4 lib/STM32_USB-FS-Device_Driver/libstm32usb.a(usb_int.o)
                0x20001a5e                SaveRState
                0x20001a60                SaveTState
 *fill*         0x20001a62        0x2 00
 COMMON         0x20001a64        0x4 /home/laurence/CodeSourcery/Sourcery_G++_Lite/bin/../lib/gcc/arm-none-eabi/4.5.2/../../../../arm-none-eabi/lib/thumb2/libc.a(lib_a-reent.o)
                0x20001a64                errno
                0x20001a68                . = ALIGN (0x4)
                0x20001a68                __bss_end__ = .

.heap           0x20001a68        0x0
                0x20001a68                __end__ = .
                0x20001a68                end = __end__
 *(.heap*)
                0x20001a68                __HeapLimit = .

.stack_dummy    0x20001a68        0x0
 *(.stack*)
                0x20005000                __StackTop = 0x20005000
                0x20005000                __StackLimit = (__StackTop - SIZEOF (.stack_dummy))
                0x20005000                PROVIDE (__stack, __StackTop)
                0x00000001                ASSERT ((__StackLimit >= __HeapLimit), region RAM overflowed with stack)
                0x200006fc                PROVIDE (_edata, __data_end__)
                0x20000000                PROVIDE (_sdata, __data_start__)
                0x0801264c                PROVIDE (_sidata, __etext)
                0x200006fc                PROVIDE (_sbss, __bss_start__)
                0x20001a68                PROVIDE (_ebss, __bss_end__)
                0x20005000                PROVIDE (_estack, __StackTop)
OUTPUT(main.elf elf32-littlearm)

.ARM.attributes
                0x00000000       0x25
 .ARM.attributes
                0x00000000       0x19 /home/laurence/CodeSourcery/Sourcery_G++_Lite/bin/../lib/gcc/arm-none-eabi/4.5.2/thumb2/crti.o
 .ARM.attributes
                0x00000019       0x29 /home/laurence/CodeSourcery/Sourcery_G++_Lite/bin/../lib/gcc/arm-none-eabi/4.5.2/thumb2/crtbegin.o
 .ARM.attributes
                0x00000042       0x31 Sensors/amb_sensors.o
 .ARM.attributes
                0x00000073       0x31 Sensors/temperature.o
 .ARM.attributes
                0x000000a4       0x31 Util/USB/hw_config.o
 .ARM.attributes
                0x000000d5       0x31 Util/USB/mass_mal.o
 .ARM.attributes
                0x00000106       0x31 Util/USB/memory.o
 .ARM.attributes
                0x00000137       0x31 Util/USB/scsi_data.o
 .ARM.attributes
                0x00000168       0x31 Util/USB/usb_bot.o
 .ARM.attributes
                0x00000199       0x31 Util/USB/usb_desc.o
 .ARM.attributes
                0x000001ca       0x31 Util/USB/usb_endp.o
 .ARM.attributes
                0x000001fb       0x31 Util/USB/usb_istr.o
 .ARM.attributes
                0x0000022c       0x31 Util/USB/usb_prop.o
 .ARM.attributes
                0x0000025d       0x31 Util/USB/usb_pwr.o
 .ARM.attributes
                0x0000028e       0x31 Util/USB/usb_scsi.o
 .ARM.attributes
                0x000002bf       0x31 Util/buffer.o
 .ARM.attributes
                0x000002f0       0x31 Util/delay.o
 .ARM.attributes
                0x00000321       0x31 Util/fat_fs/option/cc932.o
 .ARM.attributes
                0x00000352       0x31 Util/fat_fs/option/syscall.o
 .ARM.attributes
                0x00000383       0x31 Util/fat_fs/src/fattime.o
 .ARM.attributes
                0x000003b4       0x31 Util/fat_fs/src/ff.o
 .ARM.attributes
                0x000003e5       0x31 Util/fat_fs/src/rtc.o
 .ARM.attributes
                0x00000416       0x31 Util/fat_fs/src/sd_spi_stm32.o
 .ARM.attributes
                0x00000447       0x31 Util/filter_1200.o
 .ARM.attributes
                0x00000478       0x31 Util/filter_190.o
 .ARM.attributes
                0x000004a9       0x31 Util/rprintf.o
 .ARM.attributes
                0x000004da       0x31 Util/stm32_eval_spi_sd.o
 .ARM.attributes
                0x0000050b       0x31 Util/wave.o
 .ARM.attributes
                0x0000053c       0x31 adc.o
 .ARM.attributes
                0x0000056d       0x31 gpio.o
 .ARM.attributes
                0x0000059e       0x31 i2c_int.o
 .ARM.attributes
                0x000005cf       0x31 interrupts.o
 .ARM.attributes
                0x00000600       0x31 lib/CMSIS_CM3/core_cm3.o
 .ARM.attributes
                0x00000631       0x21 lib/CMSIS_CM3/startup/gcc/startup_stm32f10x_md.o
 .ARM.attributes
                0x00000652       0x31 lib/CMSIS_CM3/system_stm32f10x.o
 .ARM.attributes
                0x00000683       0x31 main.o
 .ARM.attributes
                0x000006b4       0x31 pwr.o
 .ARM.attributes
                0x000006e5       0x31 syscalls.o
 .ARM.attributes
                0x00000716       0x31 usart.o
 .ARM.attributes
                0x00000747       0x31 watchdog.o
 .ARM.attributes
                0x00000778       0x31 lib/STM32F10x_StdPeriph_Driver/libstm32fw.a(misc.o)
 .ARM.attributes
                0x000007a9       0x31 lib/STM32F10x_StdPeriph_Driver/libstm32fw.a(stm32f10x_adc.o)
 .ARM.attributes
                0x000007da       0x31 lib/STM32F10x_StdPeriph_Driver/libstm32fw.a(stm32f10x_bkp.o)
 .ARM.attributes
                0x0000080b       0x31 lib/STM32F10x_StdPeriph_Driver/libstm32fw.a(stm32f10x_dbgmcu.o)
 .ARM.attributes
                0x0000083c       0x31 lib/STM32F10x_StdPeriph_Driver/libstm32fw.a(stm32f10x_dma.o)
 .ARM.attributes
                0x0000086d       0x31 lib/STM32F10x_StdPeriph_Driver/libstm32fw.a(stm32f10x_exti.o)
 .ARM.attributes
                0x0000089e       0x31 lib/STM32F10x_StdPeriph_Driver/libstm32fw.a(stm32f10x_gpio.o)
 .ARM.attributes
                0x000008cf       0x31 lib/STM32F10x_StdPeriph_Driver/libstm32fw.a(stm32f10x_i2c.o)
 .ARM.attributes
                0x00000900       0x31 lib/STM32F10x_StdPeriph_Driver/libstm32fw.a(stm32f10x_iwdg.o)
 .ARM.attributes
                0x00000931       0x31 lib/STM32F10x_StdPeriph_Driver/libstm32fw.a(stm32f10x_pwr.o)
 .ARM.attributes
                0x00000962       0x31 lib/STM32F10x_StdPeriph_Driver/libstm32fw.a(stm32f10x_rcc.o)
 .ARM.attributes
                0x00000993       0x31 lib/STM32F10x_StdPeriph_Driver/libstm32fw.a(stm32f10x_rtc.o)
 .ARM.attributes
                0x000009c4       0x31 lib/STM32F10x_StdPeriph_Driver/libstm32fw.a(stm32f10x_spi.o)
 .ARM.attributes
                0x000009f5       0x31 lib/STM32F10x_StdPeriph_Driver/libstm32fw.a(stm32f10x_usart.o)
 .ARM.attributes
                0x00000a26       0x31 lib/STM32_USB-FS-Device_Driver/libstm32usb.a(usb_core.o)
 .ARM.attributes
                0x00000a57       0x31 lib/STM32_USB-FS-Device_Driver/libstm32usb.a(usb_init.o)
 .ARM.attributes
                0x00000a88       0x31 lib/STM32_USB-FS-Device_Driver/libstm32usb.a(usb_int.o)
 .ARM.attributes
                0x00000ab9       0x31 lib/STM32_USB-FS-Device_Driver/libstm32usb.a(usb_mem.o)
 .ARM.attributes
                0x00000aea       0x31 lib/STM32_USB-FS-Device_Driver/libstm32usb.a(usb_regs.o)
 .ARM.attributes
                0x00000b1b       0x31 lib/STM32_USB-FS-Device_Driver/libstm32usb.a(usb_sil.o)
 .ARM.attributes
                0x00000b4c       0x1b /home/laurence/CodeSourcery/Sourcery_G++_Lite/bin/../lib/gcc/arm-none-eabi/4.5.2/thumb2/libgcc.a(_arm_addsubdf3.o)
 .ARM.attributes
                0x00000b67       0x1b /home/laurence/CodeSourcery/Sourcery_G++_Lite/bin/../lib/gcc/arm-none-eabi/4.5.2/thumb2/libgcc.a(_arm_muldivdf3.o)
 .ARM.attributes
                0x00000b82       0x1b /home/laurence/CodeSourcery/Sourcery_G++_Lite/bin/../lib/gcc/arm-none-eabi/4.5.2/thumb2/libgcc.a(_arm_cmpdf2.o)
 .ARM.attributes
                0x00000b9d       0x1b /home/laurence/CodeSourcery/Sourcery_G++_Lite/bin/../lib/gcc/arm-none-eabi/4.5.2/thumb2/libgcc.a(_arm_truncdfsf2.o)
 .ARM.attributes
                0x00000bb8       0x1b /home/laurence/CodeSourcery/Sourcery_G++_Lite/bin/../lib/gcc/arm-none-eabi/4.5.2/thumb2/libgcc.a(_arm_addsubsf3.o)
 .ARM.attributes
                0x00000bd3       0x1b /home/laurence/CodeSourcery/Sourcery_G++_Lite/bin/../lib/gcc/arm-none-eabi/4.5.2/thumb2/libgcc.a(_arm_muldivsf3.o)
 .ARM.attributes
                0x00000bee       0x1b /home/laurence/CodeSourcery/Sourcery_G++_Lite/bin/../lib/gcc/arm-none-eabi/4.5.2/thumb2/libgcc.a(_arm_cmpsf2.o)
 .ARM.attributes
                0x00000c09       0x1b /home/laurence/CodeSourcery/Sourcery_G++_Lite/bin/../lib/gcc/arm-none-eabi/4.5.2/thumb2/libgcc.a(_arm_fixsfsi.o)
 .ARM.attributes
                0x00000c24       0x1b /home/laurence/CodeSourcery/Sourcery_G++_Lite/bin/../lib/gcc/arm-none-eabi/4.5.2/thumb2/libgcc.a(_arm_fixunssfsi.o)
 .ARM.attributes
                0x00000c3f       0x29 /home/laurence/CodeSourcery/Sourcery_G++_Lite/bin/../lib/gcc/arm-none-eabi/4.5.2/../../../../arm-none-eabi/lib/thumb2/libc.a(lib_a-malloc.o)
 .ARM.attributes
                0x00000c68       0x29 /home/laurence/CodeSourcery/Sourcery_G++_Lite/bin/../lib/gcc/arm-none-eabi/4.5.2/../../../../arm-none-eabi/lib/thumb2/libc.a(lib_a-mallocr.o)
 .ARM.attributes
                0x00000c91       0x29 /home/laurence/CodeSourcery/Sourcery_G++_Lite/bin/../lib/gcc/arm-none-eabi/4.5.2/../../../../arm-none-eabi/lib/thumb2/libc.a(lib_a-memcmp.o)
 .ARM.attributes
                0x00000cba       0x29 /home/laurence/CodeSourcery/Sourcery_G++_Lite/bin/../lib/gcc/arm-none-eabi/4.5.2/../../../../arm-none-eabi/lib/thumb2/libc.a(lib_a-memset.o)
 .ARM.attributes
                0x00000ce3       0x29 /home/laurence/CodeSourcery/Sourcery_G++_Lite/bin/../lib/gcc/arm-none-eabi/4.5.2/../../../../arm-none-eabi/lib/thumb2/libc.a(lib_a-mlock.o)
 .ARM.attributes
                0x00000d0c       0x29 /home/laurence/CodeSourcery/Sourcery_G++_Lite/bin/../lib/gcc/arm-none-eabi/4.5.2/../../../../arm-none-eabi/lib/thumb2/libc.a(lib_a-reent.o)
 .ARM.attributes
                0x00000d35       0x29 /home/laurence/CodeSourcery/Sourcery_G++_Lite/bin/../lib/gcc/arm-none-eabi/4.5.2/../../../../arm-none-eabi/lib/thumb2/libc.a(lib_a-sbrkr.o)
 .ARM.attributes
                0x00000d5e       0x29 /home/laurence/CodeSourcery/Sourcery_G++_Lite/bin/../lib/gcc/arm-none-eabi/4.5.2/../../../../arm-none-eabi/lib/thumb2/libc.a(lib_a-strcat.o)
 .ARM.attributes
                0x00000d87       0x29 /home/laurence/CodeSourcery/Sourcery_G++_Lite/bin/../lib/gcc/arm-none-eabi/4.5.2/../../../../arm-none-eabi/lib/thumb2/libc.a(lib_a-strcpy.o)
 .ARM.attributes
                0x00000db0       0x29 /home/laurence/CodeSourcery/Sourcery_G++_Lite/bin/../lib/gcc/arm-none-eabi/4.5.2/../../../../arm-none-eabi/lib/thumb2/libc.a(lib_a-strlen.o)
 .ARM.attributes
                0x00000dd9       0x29 /home/laurence/CodeSourcery/Sourcery_G++_Lite/bin/../lib/gcc/arm-none-eabi/4.5.2/../../../../arm-none-eabi/lib/thumb2/libc.a(lib_a-freer.o)
 .ARM.attributes
                0x00000e02       0x29 /home/laurence/CodeSourcery/Sourcery_G++_Lite/bin/../lib/gcc/arm-none-eabi/4.5.2/../../../../arm-none-eabi/lib/thumb2/libc.a(lib_a-impure.o)
 .ARM.attributes
                0x00000e2b       0x29 /home/laurence/CodeSourcery/Sourcery_G++_Lite/bin/../lib/gcc/arm-none-eabi/4.5.2/thumb2/crtend.o
 .ARM.attributes
                0x00000e54       0x19 /home/laurence/CodeSourcery/Sourcery_G++_Lite/bin/../lib/gcc/arm-none-eabi/4.5.2/thumb2/crtn.o

.comment        0x00000000       0x2a
 .comment       0x00000000       0x2a Sensors/amb_sensors.o
                                 0x2b (size before relaxing)
 .comment       0x00000000       0x2b Sensors/temperature.o
 .comment       0x00000000       0x2b Util/USB/hw_config.o
 .comment       0x00000000       0x2b Util/USB/mass_mal.o
 .comment       0x00000000       0x2b Util/USB/memory.o
 .comment       0x00000000       0x2b Util/USB/scsi_data.o
 .comment       0x00000000       0x2b Util/USB/usb_bot.o
 .comment       0x00000000       0x2b Util/USB/usb_desc.o
 .comment       0x00000000       0x2b Util/USB/usb_endp.o
 .comment       0x00000000       0x2b Util/USB/usb_istr.o
 .comment       0x00000000       0x2b Util/USB/usb_prop.o
 .comment       0x00000000       0x2b Util/USB/usb_pwr.o
 .comment       0x00000000       0x2b Util/USB/usb_scsi.o
 .comment       0x00000000       0x2b Util/buffer.o
 .comment       0x00000000       0x2b Util/delay.o
 .comment       0x00000000       0x2b Util/fat_fs/option/cc932.o
 .comment       0x00000000       0x2b Util/fat_fs/option/syscall.o
 .comment       0x00000000       0x2b Util/fat_fs/src/fattime.o
 .comment       0x00000000       0x2b Util/fat_fs/src/ff.o
 .comment       0x00000000       0x2b Util/fat_fs/src/rtc.o
 .comment       0x00000000       0x2b Util/fat_fs/src/sd_spi_stm32.o
 .comment       0x00000000       0x2b Util/filter_1200.o
 .comment       0x00000000       0x2b Util/filter_190.o
 .comment       0x00000000       0x2b Util/rprintf.o
 .comment       0x00000000       0x2b Util/stm32_eval_spi_sd.o
 .comment       0x00000000       0x2b Util/wave.o
 .comment       0x00000000       0x2b adc.o
 .comment       0x00000000       0x2b gpio.o
 .comment       0x00000000       0x2b i2c_int.o
 .comment       0x00000000       0x2b interrupts.o
 .comment       0x00000000       0x2b lib/CMSIS_CM3/core_cm3.o
 .comment       0x00000000       0x2b lib/CMSIS_CM3/system_stm32f10x.o
 .comment       0x00000000       0x2b main.o
 .comment       0x00000000       0x2b pwr.o
 .comment       0x00000000       0x2b syscalls.o
 .comment       0x00000000       0x2b usart.o
 .comment       0x00000000       0x2b watchdog.o
 .comment       0x00000000       0x2b lib/STM32F10x_StdPeriph_Driver/libstm32fw.a(misc.o)
 .comment       0x00000000       0x2b lib/STM32F10x_StdPeriph_Driver/libstm32fw.a(stm32f10x_adc.o)
 .comment       0x00000000       0x2b lib/STM32F10x_StdPeriph_Driver/libstm32fw.a(stm32f10x_bkp.o)
 .comment       0x00000000       0x2b lib/STM32F10x_StdPeriph_Driver/libstm32fw.a(stm32f10x_dbgmcu.o)
 .comment       0x00000000       0x2b lib/STM32F10x_StdPeriph_Driver/libstm32fw.a(stm32f10x_dma.o)
 .comment       0x00000000       0x2b lib/STM32F10x_StdPeriph_Driver/libstm32fw.a(stm32f10x_exti.o)
 .comment       0x00000000       0x2b lib/STM32F10x_StdPeriph_Driver/libstm32fw.a(stm32f10x_gpio.o)
 .comment       0x00000000       0x2b lib/STM32F10x_StdPeriph_Driver/libstm32fw.a(stm32f10x_i2c.o)
 .comment       0x00000000       0x2b lib/STM32F10x_StdPeriph_Driver/libstm32fw.a(stm32f10x_iwdg.o)
 .comment       0x00000000       0x2b lib/STM32F10x_StdPeriph_Driver/libstm32fw.a(stm32f10x_pwr.o)
 .comment       0x00000000       0x2b lib/STM32F10x_StdPeriph_Driver/libstm32fw.a(stm32f10x_rcc.o)
 .comment       0x00000000       0x2b lib/STM32F10x_StdPeriph_Driver/libstm32fw.a(stm32f10x_rtc.o)
 .comment       0x00000000       0x2b lib/STM32F10x_StdPeriph_Driver/libstm32fw.a(stm32f10x_spi.o)
 .comment       0x00000000       0x2b lib/STM32F10x_StdPeriph_Driver/libstm32fw.a(stm32f10x_usart.o)
 .comment       0x00000000       0x2b lib/STM32_USB-FS-Device_Driver/libstm32usb.a(usb_core.o)
 .comment       0x00000000       0x2b lib/STM32_USB-FS-Device_Driver/libstm32usb.a(usb_init.o)
 .comment       0x00000000       0x2b lib/STM32_USB-FS-Device_Driver/libstm32usb.a(usb_int.o)
 .comment       0x00000000       0x2b lib/STM32_USB-FS-Device_Driver/libstm32usb.a(usb_mem.o)
 .comment       0x00000000       0x2b lib/STM32_USB-FS-Device_Driver/libstm32usb.a(usb_regs.o)
 .comment       0x00000000       0x2b lib/STM32_USB-FS-Device_Driver/libstm32usb.a(usb_sil.o)

.debug_frame    0x00000000      0x244
 .debug_frame   0x00000000       0x30 /home/laurence/CodeSourcery/Sourcery_G++_Lite/bin/../lib/gcc/arm-none-eabi/4.5.2/../../../../arm-none-eabi/lib/thumb2/libc.a(lib_a-malloc.o)
 .debug_frame   0x00000030       0x3c /home/laurence/CodeSourcery/Sourcery_G++_Lite/bin/../lib/gcc/arm-none-eabi/4.5.2/../../../../arm-none-eabi/lib/thumb2/libc.a(lib_a-mallocr.o)
 .debug_frame   0x0000006c       0x2c /home/laurence/CodeSourcery/Sourcery_G++_Lite/bin/../lib/gcc/arm-none-eabi/4.5.2/../../../../arm-none-eabi/lib/thumb2/libc.a(lib_a-memcmp.o)
 .debug_frame   0x00000098       0x2c /home/laurence/CodeSourcery/Sourcery_G++_Lite/bin/../lib/gcc/arm-none-eabi/4.5.2/../../../../arm-none-eabi/lib/thumb2/libc.a(lib_a-memset.o)
 .debug_frame   0x000000c4       0x30 /home/laurence/CodeSourcery/Sourcery_G++_Lite/bin/../lib/gcc/arm-none-eabi/4.5.2/../../../../arm-none-eabi/lib/thumb2/libc.a(lib_a-mlock.o)
 .debug_frame   0x000000f4       0x68 /home/laurence/CodeSourcery/Sourcery_G++_Lite/bin/../lib/gcc/arm-none-eabi/4.5.2/../../../../arm-none-eabi/lib/thumb2/libc.a(lib_a-reent.o)
 .debug_frame   0x0000015c       0x2c /home/laurence/CodeSourcery/Sourcery_G++_Lite/bin/../lib/gcc/arm-none-eabi/4.5.2/../../../../arm-none-eabi/lib/thumb2/libc.a(lib_a-sbrkr.o)
 .debug_frame   0x00000188       0x2c /home/laurence/CodeSourcery/Sourcery_G++_Lite/bin/../lib/gcc/arm-none-eabi/4.5.2/../../../../arm-none-eabi/lib/thumb2/libc.a(lib_a-strcat.o)
 .debug_frame   0x000001b4       0x20 /home/laurence/CodeSourcery/Sourcery_G++_Lite/bin/../lib/gcc/arm-none-eabi/4.5.2/../../../../arm-none-eabi/lib/thumb2/libc.a(lib_a-strcpy.o)
 .debug_frame   0x000001d4       0x20 /home/laurence/CodeSourcery/Sourcery_G++_Lite/bin/../lib/gcc/arm-none-eabi/4.5.2/../../../../arm-none-eabi/lib/thumb2/libc.a(lib_a-strlen.o)
 .debug_frame   0x000001f4       0x50 /home/laurence/CodeSourcery/Sourcery_G++_Lite/bin/../lib/gcc/arm-none-eabi/4.5.2/../../../../arm-none-eabi/lib/thumb2/libc.a(lib_a-freer.o)

Cross Reference Table

Symbol                                            File
ADC1_2_IRQHandler                                 interrupts.o
ADC1_Convertion_buff                              adc.o
ADC_AnalogWatchdogCmd                             lib/STM32F10x_StdPeriph_Driver/libstm32fw.a(stm32f10x_adc.o)
                                                  adc.o
ADC_AnalogWatchdogSingleChannelConfig             lib/STM32F10x_StdPeriph_Driver/libstm32fw.a(stm32f10x_adc.o)
                                                  adc.o
ADC_AnalogWatchdogThresholdsConfig                lib/STM32F10x_StdPeriph_Driver/libstm32fw.a(stm32f10x_adc.o)
                                                  adc.o
ADC_AutoInjectedConvCmd                           lib/STM32F10x_StdPeriph_Driver/libstm32fw.a(stm32f10x_adc.o)