Archive member included because of file (symbol)

lib/STM32F10x_StdPeriph_Driver/libstm32fw.a(misc.o)
                              interrupts.o (NVIC_PriorityGroupConfig)
lib/STM32F10x_StdPeriph_Driver/libstm32fw.a(stm32f10x_adc.o)
                              adc.o (ADC_DeInit)
lib/STM32F10x_StdPeriph_Driver/libstm32fw.a(stm32f10x_bkp.o)
                              Util/fat_fs/src/rtc.o (BKP_DeInit)
lib/STM32F10x_StdPeriph_Driver/libstm32fw.a(stm32f10x_dbgmcu.o)
                              main.o (DBGMCU_Config)
lib/STM32F10x_StdPeriph_Driver/libstm32fw.a(stm32f10x_dma.o)
                              Util/fat_fs/src/sd_spi_stm32.o (DMA_DeInit)
lib/STM32F10x_StdPeriph_Driver/libstm32fw.a(stm32f10x_exti.o)
                              interrupts.o (EXTI_DeInit)
lib/STM32F10x_StdPeriph_Driver/libstm32fw.a(stm32f10x_gpio.o)
                              Util/fat_fs/src/sd_spi_stm32.o (GPIO_Init)
lib/STM32F10x_StdPeriph_Driver/libstm32fw.a(stm32f10x_i2c.o)
                              i2c_int.o (I2C_DeInit)
lib/STM32F10x_StdPeriph_Driver/libstm32fw.a(stm32f10x_iwdg.o)
                              watchdog.o (IWDG_WriteAccessCmd)
lib/STM32F10x_StdPeriph_Driver/libstm32fw.a(stm32f10x_pwr.o)
                              pwr.o (PWR_DeInit)
lib/STM32F10x_StdPeriph_Driver/libstm32fw.a(stm32f10x_rcc.o)
                              interrupts.o (RCC_HCLKConfig)
lib/STM32F10x_StdPeriph_Driver/libstm32fw.a(stm32f10x_rtc.o)
                              Util/fat_fs/src/rtc.o (RTC_GetCounter)
lib/STM32F10x_StdPeriph_Driver/libstm32fw.a(stm32f10x_spi.o)
                              Util/fat_fs/src/sd_spi_stm32.o (SPI_I2S_DeInit)
lib/STM32F10x_StdPeriph_Driver/libstm32fw.a(stm32f10x_usart.o)
                              usart.o (USART_Init)
lib/STM32_USB-FS-Device_Driver/libstm32usb.a(usb_core.o)
                              Util/USB/usb_prop.o (Standard_GetDescriptorData)
lib/STM32_USB-FS-Device_Driver/libstm32usb.a(usb_init.o)
                              main.o (USB_Init)
lib/STM32_USB-FS-Device_Driver/libstm32usb.a(usb_int.o)
                              Util/USB/usb_istr.o (CTR_LP)
lib/STM32_USB-FS-Device_Driver/libstm32usb.a(usb_mem.o)
                              lib/STM32_USB-FS-Device_Driver/libstm32usb.a(usb_core.o) (UserToPMABufferCopy)
lib/STM32_USB-FS-Device_Driver/libstm32usb.a(usb_regs.o)
                              Util/USB/usb_prop.o (SetBTABLE)
lib/STM32_USB-FS-Device_Driver/libstm32usb.a(usb_sil.o)
                              Util/USB/usb_prop.o (USB_SIL_Init)
/home/laurence/CodeSourcery/Sourcery_G++_Lite/bin/../lib/gcc/arm-none-eabi/4.5.2/thumb2/libgcc.a(_arm_addsubdf3.o)
                              interrupts.o (__aeabi_f2d)
/home/laurence/CodeSourcery/Sourcery_G++_Lite/bin/../lib/gcc/arm-none-eabi/4.5.2/thumb2/libgcc.a(_arm_muldivdf3.o)
                              interrupts.o (__aeabi_ddiv)
/home/laurence/CodeSourcery/Sourcery_G++_Lite/bin/../lib/gcc/arm-none-eabi/4.5.2/thumb2/libgcc.a(_arm_cmpdf2.o)
                              main.o (__aeabi_dcmpgt)
/home/laurence/CodeSourcery/Sourcery_G++_Lite/bin/../lib/gcc/arm-none-eabi/4.5.2/thumb2/libgcc.a(_arm_truncdfsf2.o)
                              Util/rprintf.o (__aeabi_d2f)
/home/laurence/CodeSourcery/Sourcery_G++_Lite/bin/../lib/gcc/arm-none-eabi/4.5.2/thumb2/libgcc.a(_arm_addsubsf3.o)
                              Sensors/temperature.o (__aeabi_fsub)
/home/laurence/CodeSourcery/Sourcery_G++_Lite/bin/../lib/gcc/arm-none-eabi/4.5.2/thumb2/libgcc.a(_arm_muldivsf3.o)
                              Sensors/temperature.o (__aeabi_fmul)
/home/laurence/CodeSourcery/Sourcery_G++_Lite/bin/../lib/gcc/arm-none-eabi/4.5.2/thumb2/libgcc.a(_arm_cmpsf2.o)
                              Util/rprintf.o (__aeabi_fcmpeq)
/home/laurence/CodeSourcery/Sourcery_G++_Lite/bin/../lib/gcc/arm-none-eabi/4.5.2/thumb2/libgcc.a(_arm_fixunssfsi.o)
                              Util/rprintf.o (__aeabi_f2uiz)
/home/laurence/CodeSourcery/Sourcery_G++_Lite/bin/../lib/gcc/arm-none-eabi/4.5.2/../../../../arm-none-eabi/lib/thumb2/libc.a(lib_a-malloc.o)
                              Util/USB/mass_mal.o (malloc)
/home/laurence/CodeSourcery/Sourcery_G++_Lite/bin/../lib/gcc/arm-none-eabi/4.5.2/../../../../arm-none-eabi/lib/thumb2/libc.a(lib_a-mallocr.o)
                              /home/laurence/CodeSourcery/Sourcery_G++_Lite/bin/../lib/gcc/arm-none-eabi/4.5.2/../../../../arm-none-eabi/lib/thumb2/libc.a(lib_a-malloc.o) (_malloc_r)
/home/laurence/CodeSourcery/Sourcery_G++_Lite/bin/../lib/gcc/arm-none-eabi/4.5.2/../../../../arm-none-eabi/lib/thumb2/libc.a(lib_a-memcmp.o)
                              main.o (memcmp)
/home/laurence/CodeSourcery/Sourcery_G++_Lite/bin/../lib/gcc/arm-none-eabi/4.5.2/../../../../arm-none-eabi/lib/thumb2/libc.a(lib_a-memset.o)
                              Util/wave.o (memset)
/home/laurence/CodeSourcery/Sourcery_G++_Lite/bin/../lib/gcc/arm-none-eabi/4.5.2/../../../../arm-none-eabi/lib/thumb2/libc.a(lib_a-mlock.o)
[...]
Memory Configuration

Name             Origin             Length             Attributes
ram              0x20000000         0x00005000         xrw
rom              0x08000000         0x00020000         xr
*default*        0x00000000         0xffffffff

Linker script and memory map

LOAD /home/laurence/CodeSourcery/Sourcery_G++_Lite/bin/../lib/gcc/arm-none-eabi/4.5.2/thumb2/crti.o
LOAD /home/laurence/CodeSourcery/Sourcery_G++_Lite/bin/../lib/gcc/arm-none-eabi/4.5.2/thumb2/crtbegin.o
LOAD Sensors/amb_sensors.o
LOAD Sensors/temperature.o
LOAD Util/USB/hw_config.o
LOAD Util/USB/mass_mal.o
LOAD Util/USB/memory.o
LOAD Util/USB/scsi_data.o
LOAD Util/USB/usb_bot.o
LOAD Util/USB/usb_desc.o
LOAD Util/USB/usb_endp.o
LOAD Util/USB/usb_istr.o
LOAD Util/USB/usb_prop.o
LOAD Util/USB/usb_pwr.o
LOAD Util/USB/usb_scsi.o
LOAD Util/buffer.o
LOAD Util/delay.o
LOAD Util/fat_fs/option/cc932.o
LOAD Util/fat_fs/option/syscall.o
LOAD Util/fat_fs/src/fattime.o
LOAD Util/fat_fs/src/ff.o
LOAD Util/fat_fs/src/rtc.o
LOAD Util/fat_fs/src/sd_spi_stm32.o
LOAD Util/filter_1350.o
LOAD Util/filter_380.o
LOAD Util/rprintf.o
LOAD Util/stm32_eval_spi_sd.o
LOAD Util/wave.o
LOAD adc.o
LOAD gpio.o
LOAD i2c_int.o
LOAD interrupts.o
LOAD lib/CMSIS_CM3/core_cm3.o
LOAD lib/CMSIS_CM3/startup/gcc/startup_stm32f10x_md.o
LOAD lib/CMSIS_CM3/system_stm32f10x.o
LOAD main.o
LOAD pwr.o
LOAD usart.o
LOAD watchdog.o
LOAD lib/STM32F10x_StdPeriph_Driver/libstm32fw.a
LOAD lib/STM32_USB-FS-Device_Driver/libstm32usb.a
LOAD /home/laurence/CodeSourcery/Sourcery_G++_Lite/bin/../lib/gcc/arm-none-eabi/4.5.2/../../../../arm-none-eabi/lib/thumb2/libm.a
START GROUP
LOAD /home/laurence/CodeSourcery/Sourcery_G++_Lite/bin/../lib/gcc/arm-none-eabi/4.5.2/thumb2/libgcc.a
LOAD /home/laurence/CodeSourcery/Sourcery_G++_Lite/bin/../lib/gcc/arm-none-eabi/4.5.2/../../../../arm-none-eabi/lib/thumb2/libc.a
END GROUP
LOAD /home/laurence/CodeSourcery/Sourcery_G++_Lite/bin/../lib/gcc/arm-none-eabi/4.5.2/thumb2/crtend.o
LOAD /home/laurence/CodeSourcery/Sourcery_G++_Lite/bin/../lib/gcc/arm-none-eabi/4.5.2/thumb2/crtn.o
START GROUP
LOAD /home/laurence/CodeSourcery/Sourcery_G++_Lite/bin/../lib/gcc/arm-none-eabi/4.5.2/thumb2/libgcc.a
LOAD /home/laurence/CodeSourcery/Sourcery_G++_Lite/bin/../lib/gcc/arm-none-eabi/4.5.2/../../../../arm-none-eabi/lib/thumb2/libc.a
LOAD /home/laurence/CodeSourcery/Sourcery_G++_Lite/bin/../lib/gcc/arm-none-eabi/4.5.2/../../../../arm-none-eabi/lib/thumb2/libcs3.a
LOAD /home/laurence/CodeSourcery/Sourcery_G++_Lite/bin/../lib/gcc/arm-none-eabi/4.5.2/../../../../arm-none-eabi/lib/thumb2/libcs3unhosted.a
LOAD lib/libcs3-lanchon-stm32.a
END GROUP
                0x20005000                PROVIDE (__cs3_stack, (__cs3_region_start_ram + __cs3_region_size_ram))
                0x20001d68                PROVIDE (__cs3_heap_start, _end)
                0x20005000                PROVIDE (__cs3_heap_end, (__cs3_region_start_ram + __cs3_region_size_ram))

.text           0x08000000    0x12390
 CREATE_OBJECT_SYMBOLS
                0x08000000                __cs3_region_start_rom = .
 *(.cs3.region-head.rom)
                0x08000000                __cs3_interrupt_vector = __cs3_interrupt_vector_lanchon_stm32
 *(.cs3.interrupt_vector)
 .cs3.interrupt_vector
                0x08000000       0xec lib/libcs3-lanchon-stm32.a(lanchon-stm32-vector.o)
                0x08000000                __cs3_interrupt_vector_lanchon_stm32
                0x08000001                ASSERT ((. != __cs3_interrupt_vector_lanchon_stm32), No interrupt vector)
 *(.rom)
 *(.rom.b)
                0x0800a6e0                PROVIDE (__cs3_reset_lanchon_stm32, _start)
                0x0800a6e0                __cs3_reset = __cs3_reset_lanchon_stm32
 *(.cs3.reset)
 *(.text .text.* .gnu.linkonce.t.*)
 .text          0x080000ec       0x30 /home/laurence/CodeSourcery/Sourcery_G++_Lite/bin/../lib/gcc/arm-none-eabi/4.5.2/thumb2/crtbegin.o
 .text.Allocate_Sensor_Buffers
                0x0800011c       0xd0 Sensors/amb_sensors.o
                0x0800011c                Allocate_Sensor_Buffers
 .text.Configure_I2C_Driver
                0x080001ec       0x20 Sensors/amb_sensors.o
                0x080001ec                Configure_I2C_Driver
 .text.Fill_Sample_Buffers
                0x0800020c       0xbc Sensors/amb_sensors.o
                0x0800020c                Fill_Sample_Buffers
 .text.IntToUnicode
                0x080002c8       0x24 Util/USB/hw_config.o
 .text.Set_USBClock
                0x080002ec       0x16 Util/USB/hw_config.o
                0x080002ec                Set_USBClock
 *fill*         0x08000302        0x2 00
 .text.Enter_LowPowerMode
                0x08000304        0xc Util/USB/hw_config.o
                0x08000304                Enter_LowPowerMode
 .text.Leave_LowPowerMode
                0x08000310       0x1c Util/USB/hw_config.o
                0x08000310                Leave_LowPowerMode
 .text.USB_Interrupts_Config
                0x0800032c       0x38 Util/USB/hw_config.o
                0x0800032c                USB_Interrupts_Config
 .text.Led_RW_ON
                0x08000364       0x10 Util/USB/hw_config.o
                0x08000364                Led_RW_ON
 .text.Led_RW_OFF
                0x08000374       0x10 Util/USB/hw_config.o
                0x08000374                Led_RW_OFF
 .text.USB_Configured_LED
                0x08000384       0x10 Util/USB/hw_config.o
                0x08000384                USB_Configured_LED
 .text.USB_NotConfigured_LED
                0x08000394       0x10 Util/USB/hw_config.o
                0x08000394                USB_NotConfigured_LED
 .text.USB_Cable_Config
                0x080003a4        0x2 Util/USB/hw_config.o
                0x080003a4                USB_Cable_Config
 *fill*         0x080003a6        0x2 00
 .text.Get_SerialNum
                0x080003a8       0x38 Util/USB/hw_config.o
                0x080003a8                Get_SerialNum
 .text.MAL_Config
                0x080003e0        0x6 Util/USB/hw_config.o
                0x080003e0                MAL_Config
 .text.Set_System
                0x080003e6        0x4 Util/USB/hw_config.o
                0x080003e6                Set_System
 *fill*         0x080003ea        0x2 00
 .text.MAL_Init
                0x080003ec       0x44 Util/USB/mass_mal.o
                0x080003ec                MAL_Init
 .text.MAL_Write
                0x08000430       0x30 Util/USB/mass_mal.o
                0x08000430                MAL_Write
 .text.MAL_Read
                0x08000460       0x28 Util/USB/mass_mal.o
                0x08000460                MAL_Read
 .text.MAL_GetStatus
                0x08000488       0x64 Util/USB/mass_mal.o
                0x08000488                MAL_GetStatus
 .text.Read_Memory
                0x080004ec      0x124 Util/USB/memory.o
                0x080004ec                Read_Memory
 .text.Write_Memory
                0x08000610      0x10c Util/USB/memory.o
                0x08000610                Write_Memory
 .text.Transfer_Data_Request
                0x0800071c       0x34 Util/USB/usb_bot.o
                0x0800071c                Transfer_Data_Request
 .text.Set_CSW  0x08000750       0x3c Util/USB/usb_bot.o
                0x08000750                Set_CSW
 .text.Mass_Storage_In
                0x0800078c       0x5c Util/USB/usb_bot.o
                0x0800078c                Mass_Storage_In
 .text.Bot_Abort
                0x080007e8       0x38 Util/USB/usb_bot.o
                0x080007e8                Bot_Abort
 .text.CBW_Decode
                0x08000820      0x1e4 Util/USB/usb_bot.o
                0x08000820                CBW_Decode
 .text.Mass_Storage_Out
                0x08000a04       0x70 Util/USB/usb_bot.o
                0x08000a04                Mass_Storage_Out
 .text.EP1_IN_Callback
                0x08000a74        0x4 Util/USB/usb_endp.o
                0x08000a74                EP1_IN_Callback
 .text.EP2_OUT_Callback
                0x08000a78        0x4 Util/USB/usb_endp.o
                0x08000a78                EP2_OUT_Callback
 .text.USB_Istr
                0x08000a7c       0xd8 Util/USB/usb_istr.o
                0x08000a7c                USB_Istr
 .text.Mass_Storage_SetDeviceAddress
                0x08000b54        0xc Util/USB/usb_prop.o
                0x08000b54                Mass_Storage_SetDeviceAddress
 .text.MASS_Status_In
                0x08000b60        0x2 Util/USB/usb_prop.o
                0x08000b60                MASS_Status_In
 .text.MASS_Status_Out
                0x08000b62        0x2 Util/USB/usb_prop.o
                0x08000b62                MASS_Status_Out
 .text.MASS_Get_Interface_Setting
                0x08000b64       0x10 Util/USB/usb_prop.o
                0x08000b64                MASS_Get_Interface_Setting
 .text.Get_Max_Lun
                0x08000b74       0x18 Util/USB/usb_prop.o
                0x08000b74                Get_Max_Lun
 .text.MASS_Data_Setup
                0x08000b8c       0x40 Util/USB/usb_prop.o
                0x08000b8c                MASS_Data_Setup
 .text.MASS_GetStringDescriptor
                0x08000bcc       0x20 Util/USB/usb_prop.o
                0x08000bcc                MASS_GetStringDescriptor
 .text.MASS_GetConfigDescriptor
                0x08000bec        0xc Util/USB/usb_prop.o
                0x08000bec                MASS_GetConfigDescriptor
 .text.MASS_GetDeviceDescriptor
                0x08000bf8        0xc Util/USB/usb_prop.o
                0x08000bf8                MASS_GetDeviceDescriptor
 .text.MASS_NoData_Setup
                0x08000c04       0x50 Util/USB/usb_prop.o
                0x08000c04                MASS_NoData_Setup
 .text.Mass_Storage_SetConfiguration
                0x08000c54       0x30 Util/USB/usb_prop.o
                0x08000c54                Mass_Storage_SetConfiguration
 .text.Mass_Storage_ClearFeature
                0x08000c84       0x1c Util/USB/usb_prop.o
                0x08000c84                Mass_Storage_ClearFeature
 .text.MASS_Reset
                0x08000ca0       0xec Util/USB/usb_prop.o
                0x08000ca0                MASS_Reset
 .text.MASS_init
                0x08000d8c       0x24 Util/USB/usb_prop.o
                0x08000d8c                MASS_init
 .text.PowerOn  0x08000db0       0x30 Util/USB/usb_pwr.o
                0x08000db0                PowerOn
 .text.Suspend  0x08000de0       0x40 Util/USB/usb_pwr.o
                0x08000de0                Suspend
 .text.Resume_Init
                0x08000e20       0x3c Util/USB/usb_pwr.o
                0x08000e20                Resume_Init
 .text.Resume   0x08000e5c       0x8c Util/USB/usb_pwr.o
                0x08000e5c                Resume
 .text.SCSI_Inquiry_Cmd
                0x08000ee8       0x38 Util/USB/usb_scsi.o
                0x08000ee8                SCSI_Inquiry_Cmd
 .text.SCSI_ModeSense6_Cmd
                0x08000f20        0xc Util/USB/usb_scsi.o
                0x08000f20                SCSI_ModeSense6_Cmd
 .text.SCSI_ModeSense10_Cmd
                0x08000f2c        0xc Util/USB/usb_scsi.o
                0x08000f2c                SCSI_ModeSense10_Cmd
 .text.SCSI_RequestSense_Cmd
                0x08000f38       0x18 Util/USB/usb_scsi.o
                0x08000f38                SCSI_RequestSense_Cmd
 .text.Set_Scsi_Sense_Data
                0x08000f50        0xc Util/USB/usb_scsi.o
                0x08000f50                Set_Scsi_Sense_Data
 .text.SCSI_ReadCapacity10_Cmd
                0x08000f5c       0x70 Util/USB/usb_scsi.o
                0x08000f5c                SCSI_ReadCapacity10_Cmd
 .text.SCSI_ReadFormatCapacity_Cmd
                0x08000fcc       0x68 Util/USB/usb_scsi.o
                0x08000fcc                SCSI_ReadFormatCapacity_Cmd
 .text.SCSI_Start_Stop_Unit_Cmd
                0x08001034        0x8 Util/USB/usb_scsi.o
                0x08001034                SCSI_Start_Stop_Unit_Cmd
 .text.SCSI_Verify10_Cmd
                0x0800103c       0x38 Util/USB/usb_scsi.o
                0x0800103c                SCSI_Verify10_Cmd
 .text.SCSI_TestUnitReady_Cmd
                0x08001074       0x34 Util/USB/usb_scsi.o
                0x08001074                SCSI_TestUnitReady_Cmd
 .text.SCSI_Format_Cmd
                0x080010a8       0x16 Util/USB/usb_scsi.o
                0x080010a8                SCSI_Format_Cmd
 *fill*         0x080010be        0x2 00
 .text.SCSI_Invalid_Cmd
                0x080010c0       0x34 Util/USB/usb_scsi.o
                0x080010c0                SCSI_Invalid_Cmd
 .text.SCSI_Address_Management
                0x080010f4       0x70 Util/USB/usb_scsi.o
                0x080010f4                SCSI_Address_Management
 .text.SCSI_Write10_Cmd
                0x08001164       0x70 Util/USB/usb_scsi.o
                0x08001164                SCSI_Write10_Cmd
 .text.SCSI_Read10_Cmd
                0x080011d4       0x6c Util/USB/usb_scsi.o
                0x080011d4                SCSI_Read10_Cmd
 .text.Add_To_Buffer
                0x08001240       0x32 Util/buffer.o
                0x08001240                Add_To_Buffer
 .text.Get_From_Buffer
                0x08001272       0x32 Util/buffer.o
                0x08001272                Get_From_Buffer
 .text.init_buffer
                0x080012a4       0x12 Util/buffer.o
                0x080012a4                init_buffer
 *fill*         0x080012b6        0x2 00
 .text.Delay    0x080012b8       0x2c Util/delay.o
                0x080012b8                Delay
 .text.ff_convert
                0x080012e4       0x60 Util/fat_fs/option/cc932.o
                0x080012e4                ff_convert
 .text.ff_wtoupper
                0x08001344       0x24 Util/fat_fs/option/cc932.o
                0x08001344                ff_wtoupper
 .text.get_fattime
                0x08001368       0x44 Util/fat_fs/src/fattime.o
                0x08001368                get_fattime
 .text.mem_cpy  0x080013ac       0x10 Util/fat_fs/src/ff.o
 .text.mem_set  0x080013bc        0xc Util/fat_fs/src/ff.o
 .text.chk_chr  0x080013c8        0xe Util/fat_fs/src/ff.o
 .text.sum_sfn  0x080013d6       0x1e Util/fat_fs/src/ff.o
 .text.validate
                0x080013f4       0x26 Util/fat_fs/src/ff.o
 *fill*         0x0800141a        0x2 00
 .text.check_fs
                0x0800141c       0x8c Util/fat_fs/src/ff.o
 .text.chk_mounted
                0x080014a8      0x350 Util/fat_fs/src/ff.o
 .text.get_fileinfo
                0x080017f8      0x10c Util/fat_fs/src/ff.o
 .text.move_window
                0x08001904       0x7c Util/fat_fs/src/ff.o
 .text.sync     0x08001980       0xb2 Util/fat_fs/src/ff.o
 .text.clust2sect
                0x08001a32       0x1a Util/fat_fs/src/ff.o
                0x08001a32                clust2sect
 .text.get_fat  0x08001a4c       0xd4 Util/fat_fs/src/ff.o
                0x08001a4c                get_fat
 .text.dir_sdi  0x08001b20       0x8a Util/fat_fs/src/ff.o
 .text.put_fat  0x08001baa       0xf4 Util/fat_fs/src/ff.o
                0x08001baa                put_fat
 .text.create_chain
                0x08001c9e       0x9e Util/fat_fs/src/ff.o
 .text.dir_next
                0x08001d3c      0x10c Util/fat_fs/src/ff.o
 .text.dir_find
                0x08001e48      0x144 Util/fat_fs/src/ff.o
 .text.follow_path
                0x08001f8c      0x330 Util/fat_fs/src/ff.o
 .text.remove_chain
                0x080022bc       0x5a Util/fat_fs/src/ff.o
 .text.gen_numname
                0x08002316       0x9a Util/fat_fs/src/ff.o
                0x08002316                gen_numname
 .text.dir_register
                0x080023b0      0x1cc Util/fat_fs/src/ff.o
 .text.f_mount  0x0800257c       0x20 Util/fat_fs/src/ff.o
                0x0800257c                f_mount
 .text.f_open   0x0800259c      0x152 Util/fat_fs/src/ff.o
                0x0800259c                f_open
 .text.f_write  0x080026ee      0x1b6 Util/fat_fs/src/ff.o
                0x080026ee                f_write
 .text.f_sync   0x080028a4       0xb2 Util/fat_fs/src/ff.o
                0x080028a4                f_sync
 .text.f_close  0x08002956        0xe Util/fat_fs/src/ff.o
                0x08002956                f_close
 .text.f_chdir  0x08002964       0x64 Util/fat_fs/src/ff.o
                0x08002964                f_chdir
 .text.f_lseek  0x080029c8      0x164 Util/fat_fs/src/ff.o
                0x080029c8                f_lseek
 .text.f_stat   0x08002b2c       0x44 Util/fat_fs/src/ff.o
                0x08002b2c                f_stat
 .text.f_truncate
                0x08002b70       0x98 Util/fat_fs/src/ff.o
                0x08002b70                f_truncate
 .text.f_mkdir  0x08002c08      0x1da Util/fat_fs/src/ff.o
                0x08002c08                f_mkdir
 .text.f_putc   0x08002de2       0x22 Util/fat_fs/src/ff.o
                0x08002de2                f_putc
 .text.f_puts   0x08002e04       0x26 Util/fat_fs/src/ff.o
                0x08002e04                f_puts
 .text.isDST    0x08002e2a       0x32 Util/fat_fs/src/rtc.o
 .text.counter_to_struct
                0x08002e5c       0xb0 Util/fat_fs/src/rtc.o
 .text.rtc_gettime
                0x08002f0c       0x78 Util/fat_fs/src/rtc.o
                0x08002f0c                rtc_gettime
 .text.my_RTC_SetCounter
                0x08002f84       0x22 Util/fat_fs/src/rtc.o
                0x08002f84                my_RTC_SetCounter
 *fill*         0x08002fa6        0x2 00
 .text.rtc_settime
                0x08002fa8       0xc8 Util/fat_fs/src/rtc.o
                0x08002fa8                rtc_settime
 .text.rtc_init
                0x08003070       0x98 Util/fat_fs/src/rtc.o
                0x08003070                rtc_init
 .text.interface_speed
                0x08003108       0x20 Util/fat_fs/src/sd_spi_stm32.o
 .text.power_on
                0x08003128       0xf0 Util/fat_fs/src/sd_spi_stm32.o
 .text.stm32_spi_rw
                0x08003218       0x24 Util/fat_fs/src/sd_spi_stm32.o
 .text.rcvr_spi
                0x0800323c        0x6 Util/fat_fs/src/sd_spi_stm32.o
 *fill*         0x08003242        0x2 00
 .text.wait_ready
                0x08003244       0x20 Util/fat_fs/src/sd_spi_stm32.o
 .text.send_cmd
                0x08003264       0x94 Util/fat_fs/src/sd_spi_stm32.o
 .text.stm32_dma_transfer
                0x080032f8       0xc8 Util/fat_fs/src/sd_spi_stm32.o
 .text.xmit_datablock
                0x080033c0       0x4e Util/fat_fs/src/sd_spi_stm32.o
 *fill*         0x0800340e        0x2 00
 .text.release_spi
                0x08003410       0x18 Util/fat_fs/src/sd_spi_stm32.o
                0x08003410                release_spi
 .text.wrapup_transaction
                0x08003428       0x2c Util/fat_fs/src/sd_spi_stm32.o
                0x08003428                wrapup_transaction
 .text.stop_cmd
                0x08003454        0x8 Util/fat_fs/src/sd_spi_stm32.o
                0x08003454                stop_cmd
 .text.rcvr_datablock
                0x0800345c       0x54 Util/fat_fs/src/sd_spi_stm32.o
                0x0800345c                rcvr_datablock
 .text.disk_initialize
                0x080034b0      0x128 Util/fat_fs/src/sd_spi_stm32.o
                0x080034b0                disk_initialize
 .text.disk_status
                0x080035d8       0x10 Util/fat_fs/src/sd_spi_stm32.o
                0x080035d8                disk_status
 .text.disk_read
                0x080035e8       0x9c Util/fat_fs/src/sd_spi_stm32.o
                0x080035e8                disk_read
 .text.disk_write
                0x08003684       0xac Util/fat_fs/src/sd_spi_stm32.o
                0x08003684                disk_write
 .text.disk_ioctl
                0x08003730      0x284 Util/fat_fs/src/sd_spi_stm32.o
                0x08003730                disk_ioctl
 .text.disk_timerproc
                0x080039b4       0x44 Util/fat_fs/src/sd_spi_stm32.o
                0x080039b4                disk_timerproc
 .text.SampleFilter_init_1350
                0x080039f8       0x16 Util/filter_1350.o
                0x080039f8                SampleFilter_init_1350
 .text.SampleFilter_put_1350
                0x08003a0e       0x1a Util/filter_1350.o
                0x08003a0e                SampleFilter_put_1350
 .text.SampleFilter_get_1350
                0x08003a28       0x38 Util/filter_1350.o
                0x08003a28                SampleFilter_get_1350
 .text.SampleFilter_init_380
                0x08003a60       0x12 Util/filter_380.o
                0x08003a60                SampleFilter_init_380
 .text.SampleFilter_put_380
                0x08003a72       0x14 Util/filter_380.o
                0x08003a72                SampleFilter_put_380
 *fill*         0x08003a86        0x2 00
 .text.SampleFilter_get_380
                0x08003a88       0x34 Util/filter_380.o
                0x08003a88                SampleFilter_get_380
 .text.rprintfInit
                0x08003abc        0xc Util/rprintf.o
                0x08003abc                rprintfInit
 .text.rprintfChar
                0x08003ac8       0x1c Util/rprintf.o
                0x08003ac8                rprintfChar
 .text.rprintfFloat
                0x08003ae4       0xc0 Util/rprintf.o
                0x08003ae4                rprintfFloat
 .text.Isdigit  0x08003ba4        0xe Util/rprintf.o
                0x08003ba4                Isdigit
 .text.atoiRamRom
                0x08003bb2       0x26 Util/rprintf.o
                0x08003bb2                atoiRamRom
 .text.rStrLen  0x08003bd8       0x10 Util/rprintf.o
                0x08003bd8                rStrLen
 .text.rprintf2RamRom
                0x08003be8      0x310 Util/rprintf.o
                0x08003be8                rprintf2RamRom
 .text.write_wave_samples
                0x08003ef8       0x78 Util/wave.o
                0x08003ef8                write_wave_samples
 .text.ADC_Configuration
                0x08003f70       0xbc adc.o
                0x08003f70                ADC_Configuration
 .text.setup_gpio
                0x0800402c      0x120 gpio.o
                0x0800402c                setup_gpio
 .text.switch_leds_on
                0x0800414c       0x20 gpio.o
                0x0800414c                switch_leds_on
 .text.switch_leds_off
                0x0800416c       0x20 gpio.o
                0x0800416c                switch_leds_off
 .text.red_flash
                0x0800418c       0x2c gpio.o
                0x0800418c                red_flash
 .text.I2C1_EV_IRQHandler
                0x080041b8      0x5f0 i2c_int.o
                0x080041b8                I2C1_EV_IRQHandler
 .text.I2C1_Request_Job
                0x080047a8       0x74 i2c_int.o
                0x080047a8                I2C1_Request_Job
 .text.I2C1_Setup_Job
                0x0800481c       0x14 i2c_int.o
                0x0800481c                I2C1_Setup_Job
 .text.I2C_Config
                0x08004830      0x12c i2c_int.o
                0x08004830                I2C_Config
 .text.I2C1_ER_IRQHandler
                0x0800495c       0xf4 i2c_int.o
                0x0800495c                I2C1_ER_IRQHandler
 .text.ISR_Config
                0x08004a50       0x5c interrupts.o
                0x08004a50                ISR_Config
 .text.EXTI_ONOFF_EN
                0x08004aac       0x54 interrupts.o
                0x08004aac                EXTI_ONOFF_EN
 .text.SysTick_Configuration
                0x08004b00       0x38 interrupts.o
                0x08004b00                SysTick_Configuration
 .text.EXTI0_IRQHandler
                0x08004b38       0x94 interrupts.o
                0x08004b38                EXTI0_IRQHandler
 .text.ADC1_2_IRQHandler
                0x08004bcc       0x68 interrupts.o
                0x08004bcc                ADC1_2_IRQHandler
 *fill*         0x08004c34        0x4 00
 .text.SysTickHandler
                0x08004c38      0x190 interrupts.o
                0x08004c38                SysTickHandler
 .text.USB_HP_CAN_TX_IRQHandler
                0x08004dc8        0x4 interrupts.o
                0x08004dc8                USB_HP_CAN_TX_IRQHandler
 .text.USB_LP_CAN_RX0_IRQHandler
                0x08004dcc        0x4 interrupts.o
                0x08004dcc                USB_LP_CAN_RX0_IRQHandler
 .text.Default_Handler
                0x08004dd0        0x2 lib/CMSIS_CM3/startup/gcc/startup_stm32f10x_md.o
                0x08004dd0                EXTI2_IRQHandler
                0x08004dd0                DebugMon_Handler
                0x08004dd0                TIM1_CC_IRQHandler
                0x08004dd0                HardFault_Handler
                0x08004dd0                SysTick_Handler
                0x08004dd0                PVD_IRQHandler
                0x08004dd0                PendSV_Handler
                0x08004dd0                NMI_Handler
                0x08004dd0                EXTI3_IRQHandler
                0x08004dd0                I2C2_EV_IRQHandler
                0x08004dd0                UsageFault_Handler
                0x08004dd0                SPI1_IRQHandler
                0x08004dd0                TAMPER_IRQHandler
                0x08004dd0                DMA1_Channel4_IRQHandler
                0x08004dd0                USART3_IRQHandler
                0x08004dd0                RTC_IRQHandler
                0x08004dd0                DMA1_Channel7_IRQHandler
                0x08004dd0                CAN1_RX1_IRQHandler
                0x08004dd0                TIM4_IRQHandler
                0x08004dd0                DMA1_Channel6_IRQHandler
                0x08004dd0                TIM3_IRQHandler
                0x08004dd0                RCC_IRQHandler
                0x08004dd0                TIM1_TRG_COM_IRQHandler
                0x08004dd0                DMA1_Channel1_IRQHandler
                0x08004dd0                Default_Handler
                0x08004dd0                EXTI15_10_IRQHandler
                0x08004dd0                EXTI9_5_IRQHandler
                0x08004dd0                SPI2_IRQHandler
                0x08004dd0                MemManage_Handler
                0x08004dd0                SVC_Handler
                0x08004dd0                DMA1_Channel5_IRQHandler
                0x08004dd0                EXTI4_IRQHandler
                0x08004dd0                USB_LP_CAN1_RX0_IRQHandler
                0x08004dd0                USB_HP_CAN1_TX_IRQHandler
                0x08004dd0                DMA1_Channel3_IRQHandler
                0x08004dd0                TIM1_UP_IRQHandler
                0x08004dd0                WWDG_IRQHandler
                0x08004dd0                TIM2_IRQHandler
                0x08004dd0                TIM1_BRK_IRQHandler
                0x08004dd0                EXTI1_IRQHandler
                0x08004dd0                RTCAlarm_IRQHandler
                0x08004dd0                USART2_IRQHandler
                0x08004dd0                I2C2_ER_IRQHandler
                0x08004dd0                DMA1_Channel2_IRQHandler
                0x08004dd0                CAN1_SCE_IRQHandler
                0x08004dd0                FLASH_IRQHandler
                0x08004dd0                BusFault_Handler
                0x08004dd0                USART1_IRQHandler
                0x08004dd0                USBWakeUp_IRQHandler
 *fill*         0x08004dd2        0x2 00
 .text.SystemInit
                0x08004dd4       0xf4 lib/CMSIS_CM3/system_stm32f10x.o
                0x08004dd4                SystemInit
 .text.__WFI    0x08004ec8        0x4 main.o
 .text.__str_print_char
                0x08004ecc       0x28 main.o
                0x08004ecc                __str_print_char
 .text.__fat_print_char
                0x08004ef4       0x1c main.o
                0x08004ef4                __fat_print_char
 .text.file_preallocation_control
                0x08004f10       0x30 main.o
                0x08004f10                file_preallocation_control
 .text.detect_sensors
                0x08004f40       0xe4 main.o
                0x08004f40                detect_sensors
 *fill*         0x08005024        0x4 00
 .text.main     0x08005028      0x9f0 main.o
                0x08005028                main
 .text.setuppwr
                0x08005a18       0x14 pwr.o
                0x08005a18                setuppwr
 .text.shutdown
                0x08005a2c       0x10 pwr.o
                0x08005a2c                shutdown
 .text.disable_pin
                0x08005a3c        0x6 pwr.o
                0x08005a3c                disable_pin
 *fill*         0x08005a42        0x2 00
 .text.shutdown_filesystem
                0x08005a44       0xb0 pwr.o
                0x08005a44                shutdown_filesystem
 .text.Default_Usart_Config
                0x08005af4       0x1a usart.o
                0x08005af4                Default_Usart_Config
 *fill*         0x08005b0e        0x2 00
 .text.Usarts_Init
                0x08005b10       0x90 usart.o
                0x08005b10                Usarts_Init
 .text.__usart_send_char
                0x08005ba0       0x1c usart.o
                0x08005ba0                __usart_send_char
 .text.Usart_Send_Str
                0x08005bbc       0x18 usart.o
                0x08005bbc                Usart_Send_Str
 .text.Watchdog_Config
                0x08005bd4       0x2a watchdog.o
                0x08005bd4                Watchdog_Config
 *fill*         0x08005bfe        0x2 00
 .text          0x08005c00       0xb8 lib/STM32F10x_StdPeriph_Driver/libstm32fw.a(misc.o)
                0x08005c00                NVIC_PriorityGroupConfig
                0x08005c14                NVIC_Init
                0x08005c74                NVIC_SetVectorTable
                0x08005c88                NVIC_SystemLPConfig
                0x08005ca0                SysTick_CLKSourceConfig
 .text          0x08005cb8      0x380 lib/STM32F10x_StdPeriph_Driver/libstm32fw.a(stm32f10x_adc.o)
                0x08005cb8                ADC_DeInit
                0x08005d14                ADC_Init
                0x08005d60                ADC_StructInit
                0x08005d72                ADC_Cmd
                0x08005d86                ADC_DMACmd
                0x08005d9a                ADC_ITConfig
                0x08005dae                ADC_ResetCalibration
                0x08005db8                ADC_GetResetCalibrationStatus
                0x08005dc0                ADC_StartCalibration
                0x08005dca                ADC_GetCalibrationStatus
                0x08005dd2                ADC_SoftwareStartConvCmd
                0x08005de6                ADC_GetSoftwareStartConvStatus
                0x08005dee                ADC_DiscModeChannelCountConfig
                0x08005dfe                ADC_DiscModeCmd
                0x08005e12                ADC_RegularChannelConfig
                0x08005ea0                ADC_ExternalTrigConvCmd
                0x08005eb4                ADC_GetConversionValue
                0x08005eba                ADC_GetDualModeConversionValue
                0x08005ec4                ADC_AutoInjectedConvCmd
                0x08005ed8                ADC_InjectedDiscModeCmd
                0x08005eec                ADC_ExternalTrigInjectedConvConfig
                0x08005efa                ADC_ExternalTrigInjectedConvCmd
                0x08005f0e                ADC_SoftwareStartInjectedConvCmd
                0x08005f22                ADC_GetSoftwareStartInjectedConvCmdStatus
                0x08005f2a                ADC_InjectedChannelConfig
                0x08005f86                ADC_InjectedSequencerLengthConfig
                0x08005f96                ADC_SetInjectedOffset
                0x08005fac                ADC_GetInjectedConversionValue
                0x08005fc6                ADC_AnalogWatchdogCmd
                0x08005fd8                ADC_AnalogWatchdogThresholdsConfig
                0x08005fde                ADC_AnalogWatchdogSingleChannelConfig
                0x08005fec                ADC_TempSensorVrefintCmd
                0x08006008                ADC_GetFlagStatus
                0x08006014                ADC_ClearFlag
                0x0800601a                ADC_GetITStatus
                0x08006030                ADC_ClearITPendingBit
 .text          0x08006038       0xe0 lib/STM32F10x_StdPeriph_Driver/libstm32fw.a(stm32f10x_bkp.o)
                0x08006038                BKP_DeInit
                0x0800604a                BKP_TamperPinLevelConfig
                0x08006054                BKP_TamperPinCmd
                0x08006060                BKP_ITConfig
                0x0800606c                BKP_RTCOutputConfig
                0x08006084                BKP_SetRTCCalibrationValue
                0x0800609c                BKP_WriteBackupRegister
                0x080060b8                BKP_ReadBackupRegister
                0x080060d8                BKP_GetFlagStatus
                0x080060e4                BKP_ClearFlag
                0x080060f8                BKP_GetITStatus
                0x08006104                BKP_ClearITPendingBit
 .text          0x08006118       0x34 lib/STM32F10x_StdPeriph_Driver/libstm32fw.a(stm32f10x_dbgmcu.o)
                0x08006118                DBGMCU_GetREVID
                0x08006124                DBGMCU_GetDEVID
                0x08006134                DBGMCU_Config
 .text          0x0800614c      0x1f0 lib/STM32F10x_StdPeriph_Driver/libstm32fw.a(stm32f10x_dma.o)
                0x0800614c                DMA_DeInit
                0x08006248                DMA_Init
                0x08006288                DMA_StructInit
                0x080062a2                DMA_Cmd
                0x080062b6                DMA_ITConfig
                0x080062c8                DMA_GetCurrDataCounter
                0x080062ce                DMA_GetFlagStatus
                0x080062ec                DMA_ClearFlag
                0x08006304                DMA_GetITStatus
                0x08006324                DMA_ClearITPendingBit
 .text          0x0800633c      0x108 lib/STM32F10x_StdPeriph_Driver/libstm32fw.a(stm32f10x_exti.o)
                0x0800633c                EXTI_DeInit
                0x08006358                EXTI_Init
                0x080063dc                EXTI_StructInit
                0x080063ea                EXTI_GenerateSWInterrupt
                0x080063fc                EXTI_GetFlagStatus
                0x08006410                EXTI_ClearFlag
                0x0800641c                EXTI_GetITStatus
                0x08006438                EXTI_ClearITPendingBit
 .text          0x08006444      0x278 lib/STM32F10x_StdPeriph_Driver/libstm32fw.a(stm32f10x_gpio.o)
                0x08006444                GPIO_DeInit
                0x080064f0                GPIO_AFIODeInit
                0x08006506                GPIO_Init
                0x0800659e                GPIO_StructInit
                0x080065ae                GPIO_ReadInputDataBit
                0x080065ba                GPIO_ReadInputData
                0x080065c0                GPIO_ReadOutputDataBit
                0x080065cc                GPIO_ReadOutputData
                0x080065d2                GPIO_SetBits
                0x080065d6                GPIO_ResetBits
                0x080065da                GPIO_WriteBit
                0x080065e4                GPIO_Write
                0x080065e8                GPIO_PinLockConfig
                0x080065f8                GPIO_EventOutputConfig
                0x08006618                GPIO_EventOutputCmd
                0x08006624                GPIO_PinRemapConfig
                0x0800667c                GPIO_EXTILineConfig
                0x080066b0                GPIO_ETH_MediaInterfaceConfig
 .text          0x080066bc      0x3b4 lib/STM32F10x_StdPeriph_Driver/libstm32fw.a(stm32f10x_i2c.o)
                0x080066bc                I2C_DeInit
                0x080066f0                I2C_Init
                0x080067c0                I2C_StructInit
                0x080067dc                I2C_Cmd
                0x080067f6                I2C_DMACmd
                0x08006810                I2C_DMALastTransferCmd
                0x0800682a                I2C_GenerateSTART
                0x08006844                I2C_GenerateSTOP
                0x0800685e                I2C_AcknowledgeConfig
                0x08006878                I2C_OwnAddress2Config
                0x0800688e                I2C_DualAddressCmd
                0x080068a8                I2C_GeneralCallCmd
                0x080068c2                I2C_ITConfig
                0x080068d8                I2C_SendData
                0x080068dc                I2C_ReceiveData
                0x080068e2                I2C_Send7bitAddress
                0x080068f2                I2C_ReadRegister
                0x0800690a                I2C_SoftwareResetCmd
                0x08006922                I2C_SMBusAlertConfig
                0x08006940                I2C_TransmitPEC
                0x0800695a                I2C_PECPositionConfig
                0x08006978                I2C_CalculatePEC
                0x08006992                I2C_GetPEC
                0x0800699a                I2C_ARPCmd
                0x080069b4                I2C_StretchClockCmd
                0x080069ce                I2C_FastModeDutyCycleConfig
                0x080069ec                I2C_GetLastEvent
                0x080069fc                I2C_CheckEvent
                0x08006a14                I2C_GetFlagStatus
                0x08006a48                I2C_ClearFlag
                0x08006a4e                I2C_GetITStatus
                0x08006a6a                I2C_ClearITPendingBit
 .text          0x08006a70       0x58 lib/STM32F10x_StdPeriph_Driver/libstm32fw.a(stm32f10x_iwdg.o)
                0x08006a70                IWDG_WriteAccessCmd
                0x08006a7c                IWDG_SetPrescaler
                0x08006a88                IWDG_SetReload
                0x08006a94                IWDG_ReloadCounter
                0x08006aa4                IWDG_Enable
                0x08006ab4                IWDG_GetFlagStatus
 .text          0x08006ac8       0xcc lib/STM32F10x_StdPeriph_Driver/libstm32fw.a(stm32f10x_pwr.o)
                0x08006acc                PWR_DeInit
                0x08006ae6                PWR_BackupAccessCmd
                0x08006af0                PWR_PVDCmd
                0x08006afc                PWR_PVDLevelConfig
                0x08006b10                PWR_WakeUpPinCmd
                0x08006b1c                PWR_EnterSTOPMode
                0x08006b48                PWR_EnterSTANDBYMode
                0x08006b70                PWR_GetFlagStatus
                0x08006b84                PWR_ClearFlag
 .text          0x08006b94      0x360 lib/STM32F10x_StdPeriph_Driver/libstm32fw.a(stm32f10x_rcc.o)
                0x08006b94                RCC_DeInit
                0x08006bd4                RCC_HSEConfig
                0x08006c0c                RCC_AdjustHSICalibrationValue
                0x08006c20                RCC_HSICmd
                0x08006c2c                RCC_PLLConfig
                0x08006c44                RCC_PLLCmd
                0x08006c50                RCC_SYSCLKConfig
                0x08006c64                RCC_GetSYSCLKSource
                0x08006c74                RCC_HCLKConfig
                0x08006c88                RCC_PCLK1Config
                0x08006c9c                RCC_PCLK2Config
                0x08006cb0                RCC_ITConfig
                0x08006cc8                RCC_USBCLKConfig
                0x08006cd4                RCC_ADCCLKConfig
                0x08006ce8                RCC_LSEConfig
                0x08006d08                RCC_LSICmd
                0x08006d14                RCC_RTCCLKConfig
                0x08006d24                RCC_RTCCLKCmd
                0x08006d30                RCC_GetClocksFreq
                0x08006dd4                RCC_AHBPeriphClockCmd
                0x08006dec                RCC_APB2PeriphClockCmd
                0x08006e04                RCC_APB1PeriphClockCmd
                0x08006e1c                RCC_APB2PeriphResetCmd
                0x08006e34                RCC_APB1PeriphResetCmd
                0x08006e4c                RCC_BackupResetCmd
                0x08006e58                RCC_ClockSecuritySystemCmd
                0x08006e64                RCC_MCOConfig
                0x08006e70                RCC_GetFlagStatus
                0x08006e98                RCC_WaitForHSEStartUp
                0x08006ec4                RCC_ClearFlag
                0x08006ed4                RCC_GetITStatus
                0x08006ee8                RCC_ClearITPendingBit
 .text          0x08006ef4      0x158 lib/STM32F10x_StdPeriph_Driver/libstm32fw.a(stm32f10x_rtc.o)
                0x08006ef4                RTC_ITConfig
                0x08006f10                RTC_EnterConfigMode
                0x08006f24                RTC_ExitConfigMode
                0x08006f38                RTC_GetCounter
                0x08006f4c                RTC_SetCounter
                0x08006f68                RTC_SetPrescaler
                0x08006f88                RTC_SetAlarm
                0x08006fa4                RTC_GetDivider
                0x08006fbc                RTC_WaitForLastTask
                0x08006fcc                RTC_WaitForSynchro
                0x08006fec                RTC_GetFlagStatus
                0x08007000                RTC_ClearFlag
                0x08007014                RTC_GetITStatus
                0x08007038                RTC_ClearITPendingBit
 .text          0x0800704c      0x2d4 lib/STM32F10x_StdPeriph_Driver/libstm32fw.a(stm32f10x_spi.o)
                0x0800704c                SPI_I2S_DeInit
                0x080070b0                SPI_Init
                0x080070f0                I2S_Init
                0x08007190                SPI_StructInit
                0x080071a8                I2S_StructInit
                0x080071ba                SPI_Cmd
                0x080071d4                I2S_Cmd
                0x080071ee                SPI_I2S_ITConfig
                0x0800720c                SPI_I2S_DMACmd
                0x08007222                SPI_I2S_SendData
                0x08007226                SPI_I2S_ReceiveData
                0x0800722c                SPI_NSSInternalSoftwareConfig
                0x0800724c                SPI_SSOutputCmd
                0x08007266                SPI_DataSizeConfig
                0x0800727e                SPI_TransmitCRC
                0x0800728a                SPI_CalculateCRC
                0x080072a4                SPI_GetCRC
                0x080072b4                SPI_GetCRCPolynomial
                0x080072ba                SPI_BiDirectionalLineConfig
                0x080072d8                SPI_I2S_GetFlagStatus
                0x080072e4                SPI_I2S_ClearFlag
                0x080072ea                SPI_I2S_GetITStatus
                0x08007310                SPI_I2S_ClearITPendingBit
 .text          0x08007320      0x374 lib/STM32F10x_StdPeriph_Driver/libstm32fw.a(stm32f10x_usart.o)
                0x08007320                USART_DeInit
                0x080073b8                USART_Init
                0x08007448                USART_StructInit
                0x0800745e                USART_ClockInit
                0x08007484                USART_ClockStructInit
                0x08007490                USART_Cmd
                0x080074aa                USART_ITConfig
                0x080074e0                USART_DMACmd
                0x080074f6                USART_SetAddress
                0x0800750e                USART_WakeUpConfig
                0x08007526                USART_ReceiverWakeUpCmd
                0x08007540                USART_LINBreakDetectLengthConfig
                0x08007558                USART_LINCmd
                0x08007572                USART_SendData
                0x0800757a                USART_ReceiveData
                0x08007582                USART_SendBreak
                0x0800758e                USART_SetGuardTime
                0x080075a0                USART_SetPrescaler
                0x080075b4                USART_SmartCardCmd
                0x080075ce                USART_SmartCardNACKCmd
                0x080075e8                USART_HalfDuplexCmd
                0x08007602                USART_IrDAConfig
                0x0800761a                USART_IrDACmd
                0x08007634                USART_GetFlagStatus
                0x08007640                USART_ClearFlag
                0x08007646                USART_GetITStatus
                0x08007686                USART_ClearITPendingBit
 .text          0x08007694      0xa54 lib/STM32_USB-FS-Device_Driver/libstm32usb.a(usb_core.o)
                0x08007694                Standard_GetConfiguration
                0x080076bc                Standard_GetInterface
                0x080076e4                Standard_GetStatus
                0x08007858                Standard_SetConfiguration
                0x08007894                Standard_SetInterface
                0x080078e4                Standard_ClearFeature
                0x080079e0                Standard_SetEndPointFeature
                0x08007a94                Standard_SetDeviceFeature
                0x08007ab8                Standard_GetDescriptorData
                0x08007ad4                Post0_Process
                0x08007b1c                Out0_Process
                0x08007bf8                Setup0_Process
                0x08007fc8                SetDeviceAddress
                0x08008084                In0_Process
                0x080080e4                NOP_Process
 .text          0x080080e8       0x38 lib/STM32_USB-FS-Device_Driver/libstm32usb.a(usb_init.o)
                0x080080e8                USB_Init
 .text          0x08008120      0x25c lib/STM32_USB-FS-Device_Driver/libstm32usb.a(usb_int.o)
                0x08008120                CTR_LP
                0x080082e8                CTR_HP
 .text          0x0800837c       0xb8 lib/STM32_USB-FS-Device_Driver/libstm32usb.a(usb_mem.o)
                0x0800837c                UserToPMABufferCopy
                0x080083e4                PMAToUserBufferCopy
 .text          0x08008434      0x880 lib/STM32_USB-FS-Device_Driver/libstm32usb.a(usb_regs.o)
                0x08008434                SetCNTR
                0x08008440                GetCNTR
                0x0800844c                SetISTR
                0x08008458                GetISTR
                0x08008464                GetFNR
                0x08008470                SetDADDR
                0x0800847c                GetDADDR
                0x08008488                SetBTABLE
                0x0800849c                GetBTABLE
                0x080084a8                SetENDPOINT
                0x080084b8                GetENDPOINT
                0x080084c8                SetEPType
                0x080084e4                GetEPType
                0x080084f8                SetEPTxStatus
                0x08008538                SetEPRxStatus
                0x08008578                SetDouBleBuffEPStall
                0x080085a0                GetEPTxStatus
                0x080085b4                GetEPRxStatus
                0x080085c8                SetEPTxValid
                0x080085ec                SetEPRxValid
                0x08008610                SetEP_KIND
                0x08008630                ClearEP_KIND
                0x08008650                Clear_Status_Out
                0x08008670                Set_Status_Out
                0x08008690                SetEPDoubleBuff
                0x080086b0                ClearEPDoubleBuff
                0x080086d0                GetTxStallStatus
                0x080086f0                GetRxStallStatus
                0x08008710                ClearEP_CTR_RX
                0x08008728                ClearEP_CTR_TX
                0x08008740                ToggleDTOG_RX
                0x08008760                ToggleDTOG_TX
                0x08008780                ClearDTOG_RX
                0x080087a8                ClearDTOG_TX
                0x080087d0                SetEPAddress
                0x080087f4                GetEPAddress
                0x08008808                SetEPTxAddr
                0x0800882c                SetEPRxAddr
                0x08008854                GetEPTxAddr
                0x08008874                GetEPRxAddr
                0x08008894                SetEPTxCount
                0x080088b4                SetEPCountRxReg
                0x080088e0                SetEPRxCount
                0x08008928                GetEPTxCount
                0x0800894c                GetEPRxCount
                0x08008970                SetEPDblBuffAddr
                0x080089b8                SetEPDblBuf0Addr
                0x080089dc                SetEPDblBuf1Addr
                0x08008a04                GetEPDblBuf0Addr
                0x08008a24                GetEPDblBuf1Addr
                0x08008a44                SetEPDblBuffCount
                0x08008af0                SetEPDblBuf0Count
                0x08008b58                SetEPDblBuf1Count
                0x08008bc0                GetEPDblBuf0Count
                0x08008be4                GetEPDblBuf1Count
                0x08008c08                GetEPDblBufDir
                0x08008c50                FreeUserBuffer
                0x08008ca0                ToWord
                0x08008ca8                ByteSwap
 .text          0x08008cb4       0x6c lib/STM32_USB-FS-Device_Driver/libstm32usb.a(usb_sil.o)
                0x08008cb4                USB_SIL_Init
                0x08008cd4                USB_SIL_Write
                0x08008cfc                USB_SIL_Read
 .text          0x08008d20      0x370 /home/laurence/CodeSourcery/Sourcery_G++_Lite/bin/../lib/gcc/arm-none-eabi/4.5.2/thumb2/libgcc.a(_arm_addsubdf3.o)
                0x08008d20                __aeabi_drsub
                0x08008d28                __aeabi_dsub
                0x08008d28                __subdf3
                0x08008d2c                __adddf3
                0x08008d2c                __aeabi_dadd
                0x08008fa4                __aeabi_ui2d
                0x08008fa4                __floatunsidf
                0x08008fc4                __floatsidf
                0x08008fc4                __aeabi_i2d
                0x08008fe8                __extendsfdf2
                0x08008fe8                __aeabi_f2d
                0x08009024                __aeabi_ul2d
                0x08009024                __floatundidf
                0x08009034                __floatdidf
                0x08009034                __aeabi_l2d
 .text          0x08009090      0x424 /home/laurence/CodeSourcery/Sourcery_G++_Lite/bin/../lib/gcc/arm-none-eabi/4.5.2/thumb2/libgcc.a(_arm_muldivdf3.o)
                0x08009090                __aeabi_dmul
                0x08009090                __muldf3
                0x080092e4                __aeabi_ddiv
                0x080092e4                __divdf3
 .text          0x080094b4      0x110 /home/laurence/CodeSourcery/Sourcery_G++_Lite/bin/../lib/gcc/arm-none-eabi/4.5.2/thumb2/libgcc.a(_arm_cmpdf2.o)
                0x080094b4                __gtdf2
                0x080094b4                __gedf2
                0x080094bc                __ltdf2
                0x080094bc                __ledf2
                0x080094c4                __cmpdf2
                0x080094c4                __eqdf2
                0x080094c4                __nedf2
                0x08009540                __aeabi_cdrcmple
                0x08009550                __aeabi_cdcmple
                0x08009550                __aeabi_cdcmpeq
                0x08009560                __aeabi_dcmpeq
                0x08009574                __aeabi_dcmplt
                0x08009588                __aeabi_dcmple
                0x0800959c                __aeabi_dcmpge
                0x080095b0                __aeabi_dcmpgt
 .text          0x080095c4       0xa0 /home/laurence/CodeSourcery/Sourcery_G++_Lite/bin/../lib/gcc/arm-none-eabi/4.5.2/thumb2/libgcc.a(_arm_truncdfsf2.o)
                0x080095c4                __aeabi_d2f
                0x080095c4                __truncdfsf2
 .text          0x08009664      0x21c /home/laurence/CodeSourcery/Sourcery_G++_Lite/bin/../lib/gcc/arm-none-eabi/4.5.2/thumb2/libgcc.a(_arm_addsubsf3.o)
                0x08009664                __aeabi_frsub
                0x0800966c                __subsf3
                0x0800966c                __aeabi_fsub
                0x08009670                __aeabi_fadd
                0x08009670                __addsf3
                0x080097d0                __aeabi_ui2f
                0x080097d0                __floatunsisf
                0x080097d8                __aeabi_i2f
                0x080097d8                __floatsisf
                0x080097f4                __floatundisf
                0x080097f4                __aeabi_ul2f
                0x08009804                __floatdisf
                0x08009804                __aeabi_l2f
 .text          0x08009880      0x2a0 /home/laurence/CodeSourcery/Sourcery_G++_Lite/bin/../lib/gcc/arm-none-eabi/4.5.2/thumb2/libgcc.a(_arm_muldivsf3.o)
                0x08009880                __mulsf3
                0x08009880                __aeabi_fmul
                0x080099e8                __divsf3
                0x080099e8                __aeabi_fdiv
 .text          0x08009b20       0xec /home/laurence/CodeSourcery/Sourcery_G++_Lite/bin/../lib/gcc/arm-none-eabi/4.5.2/thumb2/libgcc.a(_arm_cmpsf2.o)
                0x08009b20                __gtsf2
                0x08009b20                __gesf2
                0x08009b28                __lesf2
                0x08009b28                __ltsf2
                0x08009b30                __nesf2
                0x08009b30                __eqsf2
                0x08009b30                __cmpsf2
                0x08009b90                __aeabi_cfrcmple
                0x08009b98                __aeabi_cfcmple
                0x08009b98                __aeabi_cfcmpeq
                0x08009ba8                __aeabi_fcmpeq
                0x08009bbc                __aeabi_fcmplt
                0x08009bd0                __aeabi_fcmple
                0x08009be4                __aeabi_fcmpge
                0x08009bf8                __aeabi_fcmpgt
 .text          0x08009c0c       0x40 /home/laurence/CodeSourcery/Sourcery_G++_Lite/bin/../lib/gcc/arm-none-eabi/4.5.2/thumb2/libgcc.a(_arm_fixunssfsi.o)
                0x08009c0c                __aeabi_f2uiz
                0x08009c0c                __fixunssfsi
 .text          0x08009c4c       0x20 /home/laurence/CodeSourcery/Sourcery_G++_Lite/bin/../lib/gcc/arm-none-eabi/4.5.2/../../../../arm-none-eabi/lib/thumb2/libc.a(lib_a-malloc.o)
                0x08009c4c                malloc
                0x08009c5c                free
 .text          0x08009c6c      0x57c /home/laurence/CodeSourcery/Sourcery_G++_Lite/bin/../lib/gcc/arm-none-eabi/4.5.2/../../../../arm-none-eabi/lib/thumb2/libc.a(lib_a-mallocr.o)
                0x08009c6c                _malloc_r
 .text          0x0800a1e8       0x64 /home/laurence/CodeSourcery/Sourcery_G++_Lite/bin/../lib/gcc/arm-none-eabi/4.5.2/../../../../arm-none-eabi/lib/thumb2/libc.a(lib_a-memcmp.o)
                0x0800a1e8                memcmp
 .text          0x0800a24c        0x8 /home/laurence/CodeSourcery/Sourcery_G++_Lite/bin/../lib/gcc/arm-none-eabi/4.5.2/../../../../arm-none-eabi/lib/thumb2/libc.a(lib_a-mlock.o)
                0x0800a24c                __malloc_lock
                0x0800a250                __malloc_unlock
 .text          0x0800a254       0x28 /home/laurence/CodeSourcery/Sourcery_G++_Lite/bin/../lib/gcc/arm-none-eabi/4.5.2/../../../../arm-none-eabi/lib/thumb2/libc.a(lib_a-sbrkr.o)
                0x0800a254                _sbrk_r
 .text          0x0800a27c       0x48 /home/laurence/CodeSourcery/Sourcery_G++_Lite/bin/../lib/gcc/arm-none-eabi/4.5.2/../../../../arm-none-eabi/lib/thumb2/libc.a(lib_a-strcat.o)
                0x0800a27c                strcat
 .text          0x0800a2c4       0xbc /home/laurence/CodeSourcery/Sourcery_G++_Lite/bin/../lib/gcc/arm-none-eabi/4.5.2/../../../../arm-none-eabi/lib/thumb2/libc.a(lib_a-strcpy.o)
                0x0800a2c4                strcpy
 .text          0x0800a380       0x60 /home/laurence/CodeSourcery/Sourcery_G++_Lite/bin/../lib/gcc/arm-none-eabi/4.5.2/../../../../arm-none-eabi/lib/thumb2/libc.a(lib_a-strlen.o)
                0x0800a380                strlen
 .text          0x0800a3e0      0x240 /home/laurence/CodeSourcery/Sourcery_G++_Lite/bin/../lib/gcc/arm-none-eabi/4.5.2/../../../../arm-none-eabi/lib/thumb2/libc.a(lib_a-freer.o)
                0x0800a3e0                _malloc_trim_r
                0x0800a488                _free_r
 .text          0x0800a620       0x30 /home/laurence/CodeSourcery/Sourcery_G++_Lite/bin/../lib/gcc/arm-none-eabi/4.5.2/../../../../arm-none-eabi/lib/thumb2/libcs3.a(start_c.o)
                0x0800a620                __cs3_premain
 .text.cs3.init
                0x0800a650       0x50 /home/laurence/CodeSourcery/Sourcery_G++_Lite/bin/../lib/gcc/arm-none-eabi/4.5.2/../../../../arm-none-eabi/lib/thumb2/libcs3.a(start_c.o)
                0x0800a650                __cs3_start_c
 .text          0x0800a6a0       0x40 /home/laurence/CodeSourcery/Sourcery_G++_Lite/bin/../lib/gcc/arm-none-eabi/4.5.2/../../../../arm-none-eabi/lib/thumb2/libcs3unhosted.a(unhosted-sbrk.o)
                0x0800a6a0                _sbrk
 .text.cs3.init
                0x0800a6e0       0x10 /home/laurence/CodeSourcery/Sourcery_G++_Lite/bin/../lib/gcc/arm-none-eabi/4.5.2/../../../../arm-none-eabi/lib/thumb2/libcs3unhosted.a(unhosted-start.o)
                0x0800a6e0                _start
 .text          0x0800a6f0        0x2 lib/libcs3-lanchon-stm32.a(lanchon_stm32_isr_interrupt.o)
                0x0800a6f0                MemManageException
                0x0800a6f0                BusFaultException
                0x0800a6f0                DMAChannel7_IRQHandler
                0x0800a6f0                DebugMonitor
                0x0800a6f0                SVCHandler
                0x0800a6f0                HardFaultException
                0x0800a6f0                __STM32ReservedException8
                0x0800a6f0                __STM32DefaultExceptionHandler
                0x0800a6f0                DMAChannel1_IRQHandler
                0x0800a6f0                CAN_SCE_IRQHandler
                0x0800a6f0                __STM32ReservedException10
                0x0800a6f0                __STM32ReservedException13
                0x0800a6f0                NMIException
                0x0800a6f0                DMAChannel4_IRQHandler
                0x0800a6f0                PendSVC
                0x0800a6f0                CAN_RX1_IRQHandler
                0x0800a6f0                ADC_IRQHandler
                0x0800a6f0                DMAChannel5_IRQHandler
                0x0800a6f0                DMAChannel2_IRQHandler
                0x0800a6f0                __STM32ReservedException7
                0x0800a6f0                UsageFaultException
                0x0800a6f0                DMAChannel6_IRQHandler
                0x0800a6f0                DMAChannel3_IRQHandler
                0x0800a6f0                __STM32ReservedException9
 *fill*         0x0800a6f2        0x2 00
 .text          0x0800a6f4        0xc /home/laurence/CodeSourcery/Sourcery_G++_Lite/bin/../lib/gcc/arm-none-eabi/4.5.2/../../../../arm-none-eabi/lib/thumb2/libc.a(lib_a-errno.o)
                0x0800a6f4                __errno
 .text          0x0800a700       0x50 /home/laurence/CodeSourcery/Sourcery_G++_Lite/bin/../lib/gcc/arm-none-eabi/4.5.2/../../../../arm-none-eabi/lib/thumb2/libc.a(lib_a-init.o)
                0x0800a700                __libc_init_array
 *(.plt)
 *(.gnu.warning)
 *(.glue_7t)
 .glue_7t       0x00000000        0x0 linker stubs
 *(.glue_7)
 .glue_7        0x00000000        0x0 linker stubs
 *(.vfp11_veneer)
 .vfp11_veneer  0x00000000        0x0 linker stubs
 *(.rodata .rodata.* .gnu.linkonce.r.*)
 .rodata.LSM_330_GYRO_config
                0x0800a750        0x5 Sensors/amb_sensors.o
                0x0800a750                LSM_330_GYRO_config
 .rodata.HMC_config
                0x0800a755        0x3 Sensors/amb_sensors.o
                0x0800a755                HMC_config
 .rodata.ADXL_config
                0x0800a758        0x6 Sensors/amb_sensors.o
                0x0800a758                ADXL_config
 .rodata.LSM_330_ACCEL_config
                0x0800a75e        0x6 Sensors/amb_sensors.o
                0x0800a75e                LSM_330_ACCEL_config
 .rodata.ITG3200_config
                0x0800a764        0x3 Sensors/amb_sensors.o
                0x0800a764                ITG3200_config
 .rodata.MASS_StringLangID
                0x0800a767        0x4 Util/USB/usb_desc.o
                0x0800a767                MASS_StringLangID
 .rodata.MASS_ConfigDescriptor
                0x0800a76b       0x20 Util/USB/usb_desc.o
                0x0800a76b                MASS_ConfigDescriptor
 .rodata.MASS_StringProduct
                0x0800a78b       0x2e Util/USB/usb_desc.o
                0x0800a78b                MASS_StringProduct
 .rodata.MASS_DeviceDescriptor
                0x0800a7b9       0x12 Util/USB/usb_desc.o
                0x0800a7b9                MASS_DeviceDescriptor
 .rodata.MASS_StringInterface
                0x0800a7cb       0x10 Util/USB/usb_desc.o
                0x0800a7cb                MASS_StringInterface
 .rodata.MASS_StringVendor
                0x0800a7db       0x32 Util/USB/usb_desc.o
                0x0800a7db                MASS_StringVendor
 *fill*         0x0800a80d        0x1 00
 .rodata.tbl_upper.4124
                0x0800a80e      0x1e0 Util/fat_fs/option/cc932.o
 .rodata.uni2sjis
                0x0800a9ee     0x7378 Util/fat_fs/option/cc932.o
 .rodata.tbl_lower.4123
                0x08011d66      0x1e0 Util/fat_fs/option/cc932.o
 .rodata.str1.1
                0x08011f46       0x10 Util/fat_fs/src/ff.o
 .rodata.LfnOfs
                0x08011f56        0xd Util/fat_fs/src/ff.o
 .rodata.DaysInMonth
                0x08011f63        0xc Util/fat_fs/src/rtc.o
 *fill*         0x08011f6f        0x1 00
 .rodata.filter_taps
                0x08011f70      0x17c Util/filter_1350.o
 .rodata.filter_taps
                0x080120ec       0x74 Util/filter_380.o
 .rodata.str1.1
                0x08012160        0x6 Util/rprintf.o
 *fill*         0x08012166        0x2 00
 .rodata.SystemFrequency
                0x08012168        0x4 lib/CMSIS_CM3/system_stm32f10x.o
                0x08012168                SystemFrequency
 .rodata.str1.1
                0x0801216c      0x1c5 main.o
                                0x1c7 (size before relaxing)
 .rodata.str1.1
                0x08012331       0x26 pwr.o
 *fill*         0x08012357        0x1 00
 .rodata.str1.4
                0x08012358        0x4 /home/laurence/CodeSourcery/Sourcery_G++_Lite/bin/../lib/gcc/arm-none-eabi/4.5.2/../../../../arm-none-eabi/lib/thumb2/libc.a(lib_a-impure.o)
 *(.ARM.extab* .gnu.linkonce.armextab.*)
 *(.gcc_except_table)
 *(.eh_frame_hdr)
 *(.eh_frame)
                0x0801235c                . = ALIGN (0x4)
 *(.init)
 .init          0x0801235c        0x4 /home/laurence/CodeSourcery/Sourcery_G++_Lite/bin/../lib/gcc/arm-none-eabi/4.5.2/thumb2/crti.o
                0x0801235c                _init
 .init          0x08012360        0x8 /home/laurence/CodeSourcery/Sourcery_G++_Lite/bin/../lib/gcc/arm-none-eabi/4.5.2/thumb2/crtn.o
                0x08012368                . = ALIGN (0x4)
                0x08012368                _sidata = .
                0x08012368                __preinit_array_start = .
 *(.preinit_array)
                0x08012368                __preinit_array_end = .
                0x08012368                . = ALIGN (0x4)
                0x08012368                __init_array_start = .
 *(SORT(.init_array.*))
 *(.init_array)
 .init_array    0x08012368        0x4 /home/laurence/CodeSourcery/Sourcery_G++_Lite/bin/../lib/gcc/arm-none-eabi/4.5.2/thumb2/crtbegin.o
                0x0801236c                __init_array_end = .
                0x0801236c                . = ALIGN (0x4)
 *crtbegin.o(.ctors)
 *(EXCLUDE_FILE(*crtend.o) .ctors)
 *(SORT(.ctors.*))
 *crtend.o(.ctors)
                0x0801236c                . = ALIGN (0x4)
 *(.fini)
 .fini          0x0801236c        0x4 /home/laurence/CodeSourcery/Sourcery_G++_Lite/bin/../lib/gcc/arm-none-eabi/4.5.2/thumb2/crti.o
                0x0801236c                _fini
 .fini          0x08012370        0x8 /home/laurence/CodeSourcery/Sourcery_G++_Lite/bin/../lib/gcc/arm-none-eabi/4.5.2/thumb2/crtn.o
                0x08012378                . = ALIGN (0x4)
                0x08012378                __fini_array_start = .
 *(.fini_array)
 .fini_array    0x08012378        0x4 /home/laurence/CodeSourcery/Sourcery_G++_Lite/bin/../lib/gcc/arm-none-eabi/4.5.2/thumb2/crtbegin.o
 *(SORT(.fini_array.*))
                0x0801237c                __fini_array_end = .
 *crtbegin.o(.dtors)
 *(EXCLUDE_FILE(*crtend.o) .dtors)
 *(SORT(.dtors.*))
 *crtend.o(.dtors)
                0x0801237c                . = ALIGN (0x4)
                0x0801237c                __cs3_regions = .
                0x0801237c        0x4 LONG 0x0
                0x08012380        0x4 LONG 0x8012390 __cs3_region_init_ram
                0x08012384        0x4 LONG 0x20000000 __cs3_region_start_ram
                0x08012388        0x4 LONG 0x6e8 __cs3_region_init_size_ram
                0x0801238c        0x4 LONG 0x1680 __cs3_region_zero_size_ram
                0x08012390                __exidx_start = .

.v4_bx          0x08012390        0x0
 .v4_bx         0x00000000        0x0 linker stubs

.ARM.exidx
 *(.ARM.exidx* .gnu.linkonce.armexidx.*)
                0x08012390                __exidx_end = .

.text.align     0x08012390        0x0
                0x08012390                . = ALIGN (0x8)
                0x08012390                _etext = .
                0x08020000                __cs3_region_end_rom = (__cs3_region_start_rom + 0x20000)
                0x00020000                __cs3_region_size_rom = 0x20000
                0x00000001                __cs3_region_num = 0x1

.data           0x20000000      0x6e8 load address 0x08012390
                0x20000000                __cs3_region_start_ram = .
                0x20000000                _sdata = .
 *(.cs3.region-head.ram)
 *(.jcr)
 .jcr           0x20000000        0x0 /home/laurence/CodeSourcery/Sourcery_G++_Lite/bin/../lib/gcc/arm-none-eabi/4.5.2/thumb2/crtbegin.o
 .jcr           0x20000000        0x4 /home/laurence/CodeSourcery/Sourcery_G++_Lite/bin/../lib/gcc/arm-none-eabi/4.5.2/thumb2/crtend.o
 *(.got.plt)
 *(.got)
 *(.shdata)
 *(.data .data.* .gnu.linkonce.d.*)
 .data.I2C_jobs
                0x20000004       0x68 Sensors/amb_sensors.o
                0x20000004                I2C_jobs
 .data.Mode_Sense10_data
                0x2000006c        0x8 Util/USB/scsi_data.o
                0x2000006c                Mode_Sense10_data
 .data.Mode_Sense6_data
                0x20000074        0x4 Util/USB/scsi_data.o
                0x20000074                Mode_Sense6_data
 .data.Scsi_Sense_Data
                0x20000078       0x12 Util/USB/scsi_data.o
                0x20000078                Scsi_Sense_Data
 .data.ReadFormatCapacity_Data
                0x2000008a        0xc Util/USB/scsi_data.o
                0x2000008a                ReadFormatCapacity_Data
 .data.Standard_Inquiry_Data2
                0x20000096       0x24 Util/USB/scsi_data.o
                0x20000096                Standard_Inquiry_Data2
 .data.Standard_Inquiry_Data
                0x200000ba       0x24 Util/USB/scsi_data.o
                0x200000ba                Standard_Inquiry_Data
 .data.MASS_StringSerial
                0x200000de       0x1a Util/USB/usb_desc.o
                0x200000de                MASS_StringSerial
 .data.pEpInt_IN
                0x200000f8       0x1c Util/USB/usb_istr.o
                0x200000f8                pEpInt_IN
 .data.pEpInt_OUT
                0x20000114       0x1c Util/USB/usb_istr.o
                0x20000114                pEpInt_OUT
 .data.Config_Descriptor
                0x20000130        0x8 Util/USB/usb_prop.o
                0x20000130                Config_Descriptor
 .data.Device_Property
                0x20000138       0x30 Util/USB/usb_prop.o
                0x20000138                Device_Property
 .data.User_Standard_Requests
                0x20000168       0x24 Util/USB/usb_prop.o
                0x20000168                User_Standard_Requests
 .data.Device_Descriptor
                0x2000018c        0x8 Util/USB/usb_prop.o
                0x2000018c                Device_Descriptor
 .data.String_Descriptor
                0x20000194       0x28 Util/USB/usb_prop.o
                0x20000194                String_Descriptor
 .data.Device_Table
                0x200001bc        0x2 Util/USB/usb_prop.o
                0x200001bc                Device_Table
 .data.fSuspendEnabled
                0x200001be        0x1 Util/USB/usb_pwr.o
                0x200001be                fSuspendEnabled
 *fill*         0x200001bf        0x1 00
 .data.rw_workbyte.7759
                0x200001c0        0x2 Util/fat_fs/src/sd_spi_stm32.o
 .data.Stat     0x200001c2        0x1 Util/fat_fs/src/sd_spi_stm32.o
 .data          0x200001c3       0x14 lib/STM32F10x_StdPeriph_Driver/libstm32fw.a(stm32f10x_rcc.o)
 *fill*         0x200001d7        0x1 00
 .data          0x200001d8      0x410 /home/laurence/CodeSourcery/Sourcery_G++_Lite/bin/../lib/gcc/arm-none-eabi/4.5.2/../../../../arm-none-eabi/lib/thumb2/libc.a(lib_a-mallocr.o)
                0x200001d8                __malloc_av_
                0x200005e0                __malloc_sbrk_base
                0x200005e4                __malloc_trim_threshold
 .data          0x200005e8       0xf4 /home/laurence/CodeSourcery/Sourcery_G++_Lite/bin/../lib/gcc/arm-none-eabi/4.5.2/../../../../arm-none-eabi/lib/thumb2/libc.a(lib_a-impure.o)
                0x200005e8                _impure_ptr
 .data          0x200006dc        0x4 /home/laurence/CodeSourcery/Sourcery_G++_Lite/bin/../lib/gcc/arm-none-eabi/4.5.2/../../../../arm-none-eabi/lib/thumb2/libcs3unhosted.a(unhosted-sbrk.o)
 .data          0x200006e0        0x4 /home/laurence/CodeSourcery/Sourcery_G++_Lite/bin/../lib/gcc/arm-none-eabi/4.5.2/../../../../arm-none-eabi/lib/thumb2/libcs3.a(heap.o)
                0x200006e0                __cs3_heap_limit
 *(.ram)
                0x200006e8                . = ALIGN (0x8)
 *fill*         0x200006e4        0x4 00
                0x200006e8                _edata = .

.bss            0x200006e8     0x1680 load address 0x08012a78
                0x200006e8                _sbss = .
 *(.shbss)
 *(.bss .bss.* .gnu.linkonce.b.*)
 .bss           0x200006e8        0x1 /home/laurence/CodeSourcery/Sourcery_G++_Lite/bin/../lib/gcc/arm-none-eabi/4.5.2/thumb2/crtbegin.o
 .bss.Rawdata   0x200006e9       0x40 Sensors/amb_sensors.o
                0x200006e9                Rawdata
 .bss.LSM330_Gyro_Reads
                0x20000729        0x1 Sensors/amb_sensors.o
                0x20000729                LSM330_Gyro_Reads
 *fill*         0x2000072a        0x2 00
 .bss.LSM330_Accel_Filter
                0x2000072c      0x480 Sensors/amb_sensors.o
                0x2000072c                LSM330_Accel_Filter
 .bss.LSM330_Gyro_Filter
                0x20000bac      0x480 Sensors/amb_sensors.o
                0x20000bac                LSM330_Gyro_Filter
 .bss.LSM330_Accel_Reads
                0x2000102c        0x1 Sensors/amb_sensors.o
                0x2000102c                LSM330_Accel_Reads
 *fill*         0x2000102d        0x3 00
 .bss.Data_Buffer
                0x20001030        0x4 Util/USB/mass_mal.o
                0x20001030                Data_Buffer
 .bss.Mass_Block_Size
                0x20001034        0x8 Util/USB/mass_mal.o
                0x20001034                Mass_Block_Size
 .bss.Status    0x2000103c        0x4 Util/USB/mass_mal.o
                0x2000103c                Status
 .bss.Mass_Memory_Size
                0x20001040        0x8 Util/USB/mass_mal.o
                0x20001040                Mass_Memory_Size
 .bss.Mass_Block_Count
                0x20001048        0x8 Util/USB/mass_mal.o
                0x20001048                Mass_Block_Count
 .bss.Block_offset
                0x20001050        0x4 Util/USB/memory.o
                0x20001050                Block_offset
 .bss.Counter   0x20001054        0x4 Util/USB/memory.o
                0x20001054                Counter
 .bss.Used_CMD18.7822
                0x20001058        0x1 Util/USB/memory.o
 *fill*         0x20001059        0x3 00
 .bss.W_Length.7834
                0x2000105c        0x4 Util/USB/memory.o
 .bss.W_Offset.7833
                0x20001060        0x4 Util/USB/memory.o
 .bss.Idx       0x20001064        0x4 Util/USB/memory.o
                0x20001064                Idx
 .bss.Length.7821
                0x20001068        0x4 Util/USB/memory.o
 .bss.TransferState
                0x2000106c        0x1 Util/USB/memory.o
                0x2000106c                TransferState
 .bss.ReadCapacity10_Data
                0x2000106d        0x8 Util/USB/scsi_data.o
                0x2000106d                ReadCapacity10_Data
 .bss.Page00_Inquiry_Data
                0x20001075        0x5 Util/USB/scsi_data.o
                0x20001075                Page00_Inquiry_Data
 .bss.Data_Len  0x2000107a        0x2 Util/USB/usb_bot.o
                0x2000107a                Data_Len
 .bss.CBW       0x2000107c       0x20 Util/USB/usb_bot.o
                0x2000107c                CBW
 .bss.Bot_State
                0x2000109c        0x1 Util/USB/usb_bot.o
                0x2000109c                Bot_State
 *fill*         0x2000109d        0x3 00
 .bss.SCSI_BlkLen
                0x200010a0        0x4 Util/USB/usb_bot.o
                0x200010a0                SCSI_BlkLen
 .bss.Bulk_Data_Buff
                0x200010a4       0x40 Util/USB/usb_bot.o
                0x200010a4                Bulk_Data_Buff
 .bss.SCSI_LBA  0x200010e4        0x4 Util/USB/usb_bot.o
                0x200010e4                SCSI_LBA
 .bss.CSW       0x200010e8       0x10 Util/USB/usb_bot.o
                0x200010e8                CSW
 .bss.bIntPackSOF
                0x200010f8        0x1 Util/USB/usb_istr.o
                0x200010f8                bIntPackSOF
 *fill*         0x200010f9        0x1 00
 .bss.wIstr     0x200010fa        0x2 Util/USB/usb_istr.o
                0x200010fa                wIstr
 .bss.Max_Lun   0x200010fc        0x4 Util/USB/usb_prop.o
                0x200010fc                Max_Lun
 .bss.ResumeS   0x20001100        0x2 Util/USB/usb_pwr.o
                0x20001100                ResumeS
 *fill*         0x20001102        0x2 00
 .bss.bDeviceState
                0x20001104        0x4 Util/USB/usb_pwr.o
                0x20001104                bDeviceState
 .bss.CurrVol   0x20001108        0x1 Util/fat_fs/src/ff.o
 *fill*         0x20001109        0x1 00
 .bss.Fsid      0x2000110a        0x2 Util/fat_fs/src/ff.o
 .bss.FatFs     0x2000110c        0x4 Util/fat_fs/src/ff.o
 .bss.Timer1    0x20001110        0x4 Util/fat_fs/src/sd_spi_stm32.o
 .bss.Timer2    0x20001114        0x4 Util/fat_fs/src/sd_spi_stm32.o
 .bss.CardType  0x20001118        0x1 Util/fat_fs/src/sd_spi_stm32.o
 *fill*         0x20001119        0x3 00
 .bss.pv.7882   0x2000111c        0x4 Util/fat_fs/src/sd_spi_stm32.o
 .bss.Sd_Spi_Called_From_USB_MSC
                0x20001120        0x1 Util/fat_fs/src/sd_spi_stm32.o
                0x20001120                Sd_Spi_Called_From_USB_MSC
 *fill*         0x20001121        0x3 00
 .bss.rputchar  0x20001124        0x4 Util/rprintf.o
 .bss.buf       0x20001128       0x80 Util/rprintf.o
 .bss.bootsource
                0x200011a8        0x1 gpio.o
                0x200011a8                bootsource
 *fill*         0x200011a9        0x3 00
 .bss.Completed_Jobs
                0x200011ac        0x4 i2c_int.o
                0x200011ac                Completed_Jobs
 .bss.index.7028
                0x200011b0        0x1 i2c_int.o
 .bss.job       0x200011b1        0x1 i2c_int.o
                0x200011b1                job
 .bss.subaddress_sent.7026
                0x200011b2        0x1 i2c_int.o
 .bss.final_stop.7027
                0x200011b3        0x1 i2c_int.o
 .bss.Jobs      0x200011b4        0x4 i2c_int.o
                0x200011b4                Jobs
 .bss.I2C1error
                0x200011b8        0x2 i2c_int.o
                0x200011b8                I2C1error
 *fill*         0x200011ba        0x2 00
 .bss.Last_Button_Press.8097
                0x200011bc        0x4 interrupts.o
 .bss.System_state_counter.8098
                0x200011c0        0x1 interrupts.o
 *fill*         0x200011c1        0x3 00
 .bss.Battery_Voltage
                0x200011c4        0x4 interrupts.o
                0x200011c4                Battery_Voltage
 .bss.old_gyro_samples.8103
                0x200011c8        0x1 interrupts.o
 .bss.acc_samples.8100
                0x200011c9        0x1 interrupts.o
 .bss.old_acc_samples.8101
                0x200011ca        0x1 interrupts.o
 .bss.gyro_samples.8102
                0x200011cb        0x1 interrupts.o
 .bss.Button_hold_tim
                0x200011cc        0x1 interrupts.o
                0x200011cc                Button_hold_tim
 *fill*         0x200011cd        0x3 00
 .bss.FATFS_Obj
                0x200011d0      0x234 main.o
 .bss.Millis    0x20001404        0x4 main.o
                0x20001404                Millis
 .bss.f_err_code
                0x20001408        0x1 main.o
                0x20001408                f_err_code
 *fill*         0x20001409        0x3 00
 .bss.forehead_buffer
                0x2000140c       0x54 main.o
                0x2000140c                forehead_buffer
 .bss.print_string
                0x20001460      0x100 main.o
                0x20001460                print_string
 .bss.sfe_sensor_buffers
                0x20001560       0xf0 main.o
                0x20001560                sfe_sensor_buffers
 .bss.Sensors   0x20001650        0x1 main.o
                0x20001650                Sensors
 .bss.file_opened
                0x20001651        0x1 main.o
                0x20001651                file_opened
 *fill*         0x20001652        0x2 00
 .bss.FATFS_info
                0x20001654       0x20 main.o
                0x20001654                FATFS_info
 .bss.FATFS_wavfile_gyro
                0x20001674      0x224 main.o
                0x20001674                FATFS_wavfile_gyro
 .bss.FATFS_wavfile_accel
                0x20001898      0x224 main.o
                0x20001898                FATFS_wavfile_accel
 .bss.a         0x20001abc        0x4 main.o
                0x20001abc                a
 .bss.FATFS_logfile
                0x20001ac0      0x224 main.o
                0x20001ac0                FATFS_logfile
 .bss.Sensor_Cable
                0x20001ce4        0x1 main.o
                0x20001ce4                Sensor_Cable
 *fill*         0x20001ce5        0x3 00
 .bss.battery_voltage
                0x20001ce8        0x4 main.o
                0x20001ce8                battery_voltage
 .bss.System_state_Global
                0x20001cec        0x1 main.o
                0x20001cec                System_state_Global
 .bss           0x20001ced        0x1 lib/STM32_USB-FS-Device_Driver/libstm32usb.a(usb_core.o)
                0x20001ced                Data_Mul_MaxPacketSize
 *fill*         0x20001cee        0x2 00
 .bss           0x20001cf0       0x34 /home/laurence/CodeSourcery/Sourcery_G++_Lite/bin/../lib/gcc/arm-none-eabi/4.5.2/../../../../arm-none-eabi/lib/thumb2/libc.a(lib_a-mallocr.o)
                0x20001cf0                __malloc_top_pad
                0x20001cf4                __malloc_current_mallinfo
                0x20001d1c                __malloc_max_sbrked_mem
                0x20001d20                __malloc_max_total_mem
 *(COMMON)
 COMMON         0x20001d24        0x2 lib/STM32_USB-FS-Device_Driver/libstm32usb.a(usb_core.o)
                0x20001d24                StatusInfo
 *fill*         0x20001d26        0x2 00
 COMMON         0x20001d28       0x32 lib/STM32_USB-FS-Device_Driver/libstm32usb.a(usb_init.o)
                0x20001d28                SaveState
                0x20001d2c                pProperty
                0x20001d30                EPindex
                0x20001d34                Device_Info
                0x20001d50                pUser_Standard_Requests
                0x20001d54                pInformation
                0x20001d58                wInterrupt_Mask
 COMMON         0x20001d5a        0x4 lib/STM32_USB-FS-Device_Driver/libstm32usb.a(usb_int.o)
                0x20001d5a                SaveRState
                0x20001d5c                SaveTState
 *fill*         0x20001d5e        0x2 00
 COMMON         0x20001d60        0x4 /home/laurence/CodeSourcery/Sourcery_G++_Lite/bin/../lib/gcc/arm-none-eabi/4.5.2/../../../../arm-none-eabi/lib/thumb2/libc.a(lib_a-reent.o)
                0x20001d60                errno
 *(.ram.b)
                0x20001d68                . = ALIGN (0x8)
 *fill*         0x20001d64        0x4 00
                0x20001d68                _ebss = .

.noinit         0x20001d68        0x0 load address 0x08012a78
 *(.noinit)
                0x20001d68                . = ALIGN (0x8)
                0x20001d68                _end = .
                0x20005000                __cs3_region_end_ram = (__cs3_region_start_ram + 0x5000)
                0x00005000                __cs3_region_size_ram = 0x5000
                0x08012390                __cs3_region_init_ram = LOADADDR (.data)
                0x000006e8                __cs3_region_init_size_ram = (_edata - ADDR (.data))
                0x00001680                __cs3_region_zero_size_ram = (_end - _edata)
                0x00000001                __cs3_region_num = 0x1

.stab
 *(.stab)

.stabstr
 *(.stabstr)

.debug
 *(.debug)

.line
 *(.line)

.debug_srcinfo
 *(.debug_srcinfo)

.debug_sfnames
 *(.debug_sfnames)

.debug_aranges
 *(.debug_aranges)

.debug_pubnames
 *(.debug_pubnames)

.debug_info
 *(.debug_info .gnu.linkonce.wi.*)

.debug_abbrev
 *(.debug_abbrev)

.debug_line
 *(.debug_line)

.comment        0x00000000       0x2a
 .comment       0x00000000       0x2a Sensors/amb_sensors.o
                                 0x2b (size before relaxing)
 .comment       0x00000000       0x2b Sensors/temperature.o
 .comment       0x00000000       0x2b Util/USB/hw_config.o
 .comment       0x00000000       0x2b Util/USB/mass_mal.o
 .comment       0x00000000       0x2b Util/USB/memory.o
 .comment       0x00000000       0x2b Util/USB/scsi_data.o
 .comment       0x00000000       0x2b Util/USB/usb_bot.o
 .comment       0x00000000       0x2b Util/USB/usb_desc.o
 .comment       0x00000000       0x2b Util/USB/usb_endp.o
 .comment       0x00000000       0x2b Util/USB/usb_istr.o
 .comment       0x00000000       0x2b Util/USB/usb_prop.o
 .comment       0x00000000       0x2b Util/USB/usb_pwr.o
 .comment       0x00000000       0x2b Util/USB/usb_scsi.o
 .comment       0x00000000       0x2b Util/buffer.o
 .comment       0x00000000       0x2b Util/delay.o
 .comment       0x00000000       0x2b Util/fat_fs/option/cc932.o
 .comment       0x00000000       0x2b Util/fat_fs/option/syscall.o
 .comment       0x00000000       0x2b Util/fat_fs/src/fattime.o
 .comment       0x00000000       0x2b Util/fat_fs/src/ff.o
 .comment       0x00000000       0x2b Util/fat_fs/src/rtc.o
 .comment       0x00000000       0x2b Util/fat_fs/src/sd_spi_stm32.o
 .comment       0x00000000       0x2b Util/filter_1350.o
 .comment       0x00000000       0x2b Util/filter_380.o
 .comment       0x00000000       0x2b Util/rprintf.o
 .comment       0x00000000       0x2b Util/stm32_eval_spi_sd.o
 .comment       0x00000000       0x2b Util/wave.o
 .comment       0x00000000       0x2b adc.o
 .comment       0x00000000       0x2b gpio.o
 .comment       0x00000000       0x2b i2c_int.o
 .comment       0x00000000       0x2b interrupts.o
 .comment       0x00000000       0x2b lib/CMSIS_CM3/core_cm3.o
 .comment       0x00000000       0x2b lib/CMSIS_CM3/system_stm32f10x.o
 .comment       0x00000000       0x2b main.o
 .comment       0x00000000       0x2b pwr.o
 .comment       0x00000000       0x2b usart.o
 .comment       0x00000000       0x2b watchdog.o
 .comment       0x00000000       0x2b lib/STM32F10x_StdPeriph_Driver/libstm32fw.a(misc.o)
 .comment       0x00000000       0x2b lib/STM32F10x_StdPeriph_Driver/libstm32fw.a(stm32f10x_adc.o)
 .comment       0x00000000       0x2b lib/STM32F10x_StdPeriph_Driver/libstm32fw.a(stm32f10x_bkp.o)
 .comment       0x00000000       0x2b lib/STM32F10x_StdPeriph_Driver/libstm32fw.a(stm32f10x_dbgmcu.o)
 .comment       0x00000000       0x2b lib/STM32F10x_StdPeriph_Driver/libstm32fw.a(stm32f10x_dma.o)
 .comment       0x00000000       0x2b lib/STM32F10x_StdPeriph_Driver/libstm32fw.a(stm32f10x_exti.o)
 .comment       0x00000000       0x2b lib/STM32F10x_StdPeriph_Driver/libstm32fw.a(stm32f10x_gpio.o)
 .comment       0x00000000       0x2b lib/STM32F10x_StdPeriph_Driver/libstm32fw.a(stm32f10x_i2c.o)
 .comment       0x00000000       0x2b lib/STM32F10x_StdPeriph_Driver/libstm32fw.a(stm32f10x_iwdg.o)
 .comment       0x00000000       0x2b lib/STM32F10x_StdPeriph_Driver/libstm32fw.a(stm32f10x_pwr.o)
 .comment       0x00000000       0x2b lib/STM32F10x_StdPeriph_Driver/libstm32fw.a(stm32f10x_rcc.o)
 .comment       0x00000000       0x2b lib/STM32F10x_StdPeriph_Driver/libstm32fw.a(stm32f10x_rtc.o)
 .comment       0x00000000       0x2b lib/STM32F10x_StdPeriph_Driver/libstm32fw.a(stm32f10x_spi.o)
 .comment       0x00000000       0x2b lib/STM32F10x_StdPeriph_Driver/libstm32fw.a(stm32f10x_usart.o)
 .comment       0x00000000       0x2b lib/STM32_USB-FS-Device_Driver/libstm32usb.a(usb_core.o)
 .comment       0x00000000       0x2b lib/STM32_USB-FS-Device_Driver/libstm32usb.a(usb_init.o)
 .comment       0x00000000       0x2b lib/STM32_USB-FS-Device_Driver/libstm32usb.a(usb_int.o)
 .comment       0x00000000       0x2b lib/STM32_USB-FS-Device_Driver/libstm32usb.a(usb_mem.o)
 .comment       0x00000000       0x2b lib/STM32_USB-FS-Device_Driver/libstm32usb.a(usb_regs.o)
 .comment       0x00000000       0x2b lib/STM32_USB-FS-Device_Driver/libstm32usb.a(usb_sil.o)

.debug_frame    0x00000000      0x2f8
 *(.debug_frame)
 .debug_frame   0x00000000       0x30 /home/laurence/CodeSourcery/Sourcery_G++_Lite/bin/../lib/gcc/arm-none-eabi/4.5.2/../../../../arm-none-eabi/lib/thumb2/libc.a(lib_a-malloc.o)
 .debug_frame   0x00000030       0x3c /home/laurence/CodeSourcery/Sourcery_G++_Lite/bin/../lib/gcc/arm-none-eabi/4.5.2/../../../../arm-none-eabi/lib/thumb2/libc.a(lib_a-mallocr.o)
 .debug_frame   0x0000006c       0x2c /home/laurence/CodeSourcery/Sourcery_G++_Lite/bin/../lib/gcc/arm-none-eabi/4.5.2/../../../../arm-none-eabi/lib/thumb2/libc.a(lib_a-memcmp.o)
 .debug_frame   0x00000098       0x2c /home/laurence/CodeSourcery/Sourcery_G++_Lite/bin/../lib/gcc/arm-none-eabi/4.5.2/../../../../arm-none-eabi/lib/thumb2/libc.a(lib_a-memset.o)
 .debug_frame   0x000000c4       0x30 /home/laurence/CodeSourcery/Sourcery_G++_Lite/bin/../lib/gcc/arm-none-eabi/4.5.2/../../../../arm-none-eabi/lib/thumb2/libc.a(lib_a-mlock.o)
 .debug_frame   0x000000f4       0x2c /home/laurence/CodeSourcery/Sourcery_G++_Lite/bin/../lib/gcc/arm-none-eabi/4.5.2/../../../../arm-none-eabi/lib/thumb2/libc.a(lib_a-sbrkr.o)
 .debug_frame   0x00000120       0x2c /home/laurence/CodeSourcery/Sourcery_G++_Lite/bin/../lib/gcc/arm-none-eabi/4.5.2/../../../../arm-none-eabi/lib/thumb2/libc.a(lib_a-strcat.o)
 .debug_frame   0x0000014c       0x20 /home/laurence/CodeSourcery/Sourcery_G++_Lite/bin/../lib/gcc/arm-none-eabi/4.5.2/../../../../arm-none-eabi/lib/thumb2/libc.a(lib_a-strcpy.o)
 .debug_frame   0x0000016c       0x20 /home/laurence/CodeSourcery/Sourcery_G++_Lite/bin/../lib/gcc/arm-none-eabi/4.5.2/../../../../arm-none-eabi/lib/thumb2/libc.a(lib_a-strlen.o)
 .debug_frame   0x0000018c       0x50 /home/laurence/CodeSourcery/Sourcery_G++_Lite/bin/../lib/gcc/arm-none-eabi/4.5.2/../../../../arm-none-eabi/lib/thumb2/libc.a(lib_a-freer.o)
 .debug_frame   0x000001dc       0x68 /home/laurence/CodeSourcery/Sourcery_G++_Lite/bin/../lib/gcc/arm-none-eabi/4.5.2/../../../../arm-none-eabi/lib/thumb2/libc.a(lib_a-reent.o)
 .debug_frame   0x00000244       0x40 /home/laurence/CodeSourcery/Sourcery_G++_Lite/bin/../lib/gcc/arm-none-eabi/4.5.2/../../../../arm-none-eabi/lib/thumb2/libcs3.a(start_c.o)
 .debug_frame   0x00000284       0x28 /home/laurence/CodeSourcery/Sourcery_G++_Lite/bin/../lib/gcc/arm-none-eabi/4.5.2/../../../../arm-none-eabi/lib/thumb2/libcs3unhosted.a(unhosted-sbrk.o)
 .debug_frame   0x000002ac       0x20 /home/laurence/CodeSourcery/Sourcery_G++_Lite/bin/../lib/gcc/arm-none-eabi/4.5.2/../../../../arm-none-eabi/lib/thumb2/libc.a(lib_a-errno.o)
 .debug_frame   0x000002cc       0x2c /home/laurence/CodeSourcery/Sourcery_G++_Lite/bin/../lib/gcc/arm-none-eabi/4.5.2/../../../../arm-none-eabi/lib/thumb2/libc.a(lib_a-init.o)

.debug_str
 *(.debug_str)

.debug_loc
 *(.debug_loc)

.debug_macinfo
 *(.debug_macinfo)

.debug_weaknames
 *(.debug_weaknames)

.debug_funcnames
 *(.debug_funcnames)

.debug_typenames
 *(.debug_typenames)

.debug_varnames
 *(.debug_varnames)

.note.gnu.arm.ident
 *(.note.gnu.arm.ident)

.ARM.attributes
                0x00000000       0x25
 *(.ARM.attributes)
 .ARM.attributes
                0x00000000       0x19 /home/laurence/CodeSourcery/Sourcery_G++_Lite/bin/../lib/gcc/arm-none-eabi/4.5.2/thumb2/crti.o
 .ARM.attributes
                0x00000019       0x29 /home/laurence/CodeSourcery/Sourcery_G++_Lite/bin/../lib/gcc/arm-none-eabi/4.5.2/thumb2/crtbegin.o
 .ARM.attributes
                0x00000042       0x31 Sensors/amb_sensors.o
 .ARM.attributes
                0x00000073       0x31 Sensors/temperature.o
 .ARM.attributes
                0x000000a4       0x31 Util/USB/hw_config.o
 .ARM.attributes
                0x000000d5       0x31 Util/USB/mass_mal.o
 .ARM.attributes
                0x00000106       0x31 Util/USB/memory.o
 .ARM.attributes
                0x00000137       0x31 Util/USB/scsi_data.o
 .ARM.attributes
                0x00000168       0x31 Util/USB/usb_bot.o
 .ARM.attributes
                0x00000199       0x31 Util/USB/usb_desc.o
 .ARM.attributes
                0x000001ca       0x31 Util/USB/usb_endp.o
 .ARM.attributes
                0x000001fb       0x31 Util/USB/usb_istr.o
 .ARM.attributes
                0x0000022c       0x31 Util/USB/usb_prop.o
 .ARM.attributes
                0x0000025d       0x31 Util/USB/usb_pwr.o
 .ARM.attributes
                0x0000028e       0x31 Util/USB/usb_scsi.o
 .ARM.attributes
                0x000002bf       0x31 Util/buffer.o
 .ARM.attributes
                0x000002f0       0x31 Util/delay.o
 .ARM.attributes
                0x00000321       0x31 Util/fat_fs/option/cc932.o
 .ARM.attributes
                0x00000352       0x31 Util/fat_fs/option/syscall.o
 .ARM.attributes
                0x00000383       0x31 Util/fat_fs/src/fattime.o
 .ARM.attributes
                0x000003b4       0x31 Util/fat_fs/src/ff.o
 .ARM.attributes
                0x000003e5       0x31 Util/fat_fs/src/rtc.o
 .ARM.attributes
                0x00000416       0x31 Util/fat_fs/src/sd_spi_stm32.o
 .ARM.attributes
                0x00000447       0x31 Util/filter_1350.o
 .ARM.attributes
                0x00000478       0x31 Util/filter_380.o
 .ARM.attributes
                0x000004a9       0x31 Util/rprintf.o
 .ARM.attributes
                0x000004da       0x31 Util/stm32_eval_spi_sd.o
 .ARM.attributes
                0x0000050b       0x31 Util/wave.o
 .ARM.attributes
                0x0000053c       0x31 adc.o
 .ARM.attributes
                0x0000056d       0x31 gpio.o
 .ARM.attributes
                0x0000059e       0x31 i2c_int.o
 .ARM.attributes
                0x000005cf       0x31 interrupts.o
 .ARM.attributes
                0x00000600       0x31 lib/CMSIS_CM3/core_cm3.o
 .ARM.attributes
                0x00000631       0x21 lib/CMSIS_CM3/startup/gcc/startup_stm32f10x_md.o
 .ARM.attributes
                0x00000652       0x31 lib/CMSIS_CM3/system_stm32f10x.o
 .ARM.attributes
                0x00000683       0x31 main.o
 .ARM.attributes
                0x000006b4       0x31 pwr.o
 .ARM.attributes
                0x000006e5       0x31 usart.o
 .ARM.attributes
                0x00000716       0x31 watchdog.o
 .ARM.attributes
                0x00000747       0x31 lib/STM32F10x_StdPeriph_Driver/libstm32fw.a(misc.o)
 .ARM.attributes
                0x00000778       0x31 lib/STM32F10x_StdPeriph_Driver/libstm32fw.a(stm32f10x_adc.o)
 .ARM.attributes
                0x000007a9       0x31 lib/STM32F10x_StdPeriph_Driver/libstm32fw.a(stm32f10x_bkp.o)
 .ARM.attributes
                0x000007da       0x31 lib/STM32F10x_StdPeriph_Driver/libstm32fw.a(stm32f10x_dbgmcu.o)
 .ARM.attributes
                0x0000080b       0x31 lib/STM32F10x_StdPeriph_Driver/libstm32fw.a(stm32f10x_dma.o)
 .ARM.attributes
                0x0000083c       0x31 lib/STM32F10x_StdPeriph_Driver/libstm32fw.a(stm32f10x_exti.o)
 .ARM.attributes
                0x0000086d       0x31 lib/STM32F10x_StdPeriph_Driver/libstm32fw.a(stm32f10x_gpio.o)
 .ARM.attributes
                0x0000089e       0x31 lib/STM32F10x_StdPeriph_Driver/libstm32fw.a(stm32f10x_i2c.o)
 .ARM.attributes
                0x000008cf       0x31 lib/STM32F10x_StdPeriph_Driver/libstm32fw.a(stm32f10x_iwdg.o)
 .ARM.attributes
                0x00000900       0x31 lib/STM32F10x_StdPeriph_Driver/libstm32fw.a(stm32f10x_pwr.o)
 .ARM.attributes
                0x00000931       0x31 lib/STM32F10x_StdPeriph_Driver/libstm32fw.a(stm32f10x_rcc.o)
 .ARM.attributes
                0x00000962       0x31 lib/STM32F10x_StdPeriph_Driver/libstm32fw.a(stm32f10x_rtc.o)
 .ARM.attributes