Archive member included because of file (symbol)

lib/STM32F10x_StdPeriph_Driver/libstm32fw.a(misc.o)
                              interrupts.o (NVIC_PriorityGroupConfig)
lib/STM32F10x_StdPeriph_Driver/libstm32fw.a(stm32f10x_adc.o)
                              adc.o (ADC_DeInit)
lib/STM32F10x_StdPeriph_Driver/libstm32fw.a(stm32f10x_bkp.o)
                              Util/fat_fs/src/rtc.o (BKP_DeInit)
lib/STM32F10x_StdPeriph_Driver/libstm32fw.a(stm32f10x_dbgmcu.o)
                              main.o (DBGMCU_Config)
lib/STM32F10x_StdPeriph_Driver/libstm32fw.a(stm32f10x_dma.o)
                              Util/fat_fs/src/sd_spi_stm32.o (DMA_DeInit)
lib/STM32F10x_StdPeriph_Driver/libstm32fw.a(stm32f10x_exti.o)
                              interrupts.o (EXTI_DeInit)
lib/STM32F10x_StdPeriph_Driver/libstm32fw.a(stm32f10x_gpio.o)
                              Util/fat_fs/src/sd_spi_stm32.o (GPIO_Init)
lib/STM32F10x_StdPeriph_Driver/libstm32fw.a(stm32f10x_i2c.o)
                              i2c_int.o (I2C_DeInit)
lib/STM32F10x_StdPeriph_Driver/libstm32fw.a(stm32f10x_iwdg.o)
                              watchdog.o (IWDG_WriteAccessCmd)
lib/STM32F10x_StdPeriph_Driver/libstm32fw.a(stm32f10x_pwr.o)
                              pwr.o (PWR_DeInit)
lib/STM32F10x_StdPeriph_Driver/libstm32fw.a(stm32f10x_rcc.o)
                              interrupts.o (RCC_HCLKConfig)
lib/STM32F10x_StdPeriph_Driver/libstm32fw.a(stm32f10x_rtc.o)
                              Util/fat_fs/src/rtc.o (RTC_GetCounter)
lib/STM32F10x_StdPeriph_Driver/libstm32fw.a(stm32f10x_spi.o)
                              Util/fat_fs/src/sd_spi_stm32.o (SPI_I2S_DeInit)
lib/STM32F10x_StdPeriph_Driver/libstm32fw.a(stm32f10x_usart.o)
                              usart.o (USART_Init)
lib/STM32_USB-FS-Device_Driver/libstm32usb.a(usb_core.o)
                              Util/USB/usb_prop.o (Standard_GetDescriptorData)
lib/STM32_USB-FS-Device_Driver/libstm32usb.a(usb_init.o)
                              main.o (USB_Init)
lib/STM32_USB-FS-Device_Driver/libstm32usb.a(usb_int.o)
                              Util/USB/usb_istr.o (CTR_LP)
lib/STM32_USB-FS-Device_Driver/libstm32usb.a(usb_mem.o)
                              lib/STM32_USB-FS-Device_Driver/libstm32usb.a(usb_core.o) (UserToPMABufferCopy)
lib/STM32_USB-FS-Device_Driver/libstm32usb.a(usb_regs.o)
                              Util/USB/usb_prop.o (SetBTABLE)
lib/STM32_USB-FS-Device_Driver/libstm32usb.a(usb_sil.o)
                              Util/USB/usb_prop.o (USB_SIL_Init)
/home/laurence/CodeSourcery/Sourcery_G++_Lite/bin/../lib/gcc/arm-none-eabi/4.5.2/thumb2/libgcc.a(_arm_addsubdf3.o)
                              interrupts.o (__aeabi_f2d)
/home/laurence/CodeSourcery/Sourcery_G++_Lite/bin/../lib/gcc/arm-none-eabi/4.5.2/thumb2/libgcc.a(_arm_muldivdf3.o)
                              interrupts.o (__aeabi_ddiv)
/home/laurence/CodeSourcery/Sourcery_G++_Lite/bin/../lib/gcc/arm-none-eabi/4.5.2/thumb2/libgcc.a(_arm_cmpdf2.o)
                              main.o (__aeabi_dcmpgt)
/home/laurence/CodeSourcery/Sourcery_G++_Lite/bin/../lib/gcc/arm-none-eabi/4.5.2/thumb2/libgcc.a(_arm_truncdfsf2.o)
                              Util/rprintf.o (__aeabi_d2f)
/home/laurence/CodeSourcery/Sourcery_G++_Lite/bin/../lib/gcc/arm-none-eabi/4.5.2/thumb2/libgcc.a(_arm_addsubsf3.o)
                              Sensors/temperature.o (__aeabi_fsub)
/home/laurence/CodeSourcery/Sourcery_G++_Lite/bin/../lib/gcc/arm-none-eabi/4.5.2/thumb2/libgcc.a(_arm_muldivsf3.o)
                              Sensors/temperature.o (__aeabi_fmul)
/home/laurence/CodeSourcery/Sourcery_G++_Lite/bin/../lib/gcc/arm-none-eabi/4.5.2/thumb2/libgcc.a(_arm_cmpsf2.o)
                              Util/rprintf.o (__aeabi_fcmpeq)
/home/laurence/CodeSourcery/Sourcery_G++_Lite/bin/../lib/gcc/arm-none-eabi/4.5.2/thumb2/libgcc.a(_arm_fixunssfsi.o)
                              Util/rprintf.o (__aeabi_f2uiz)
/home/laurence/CodeSourcery/Sourcery_G++_Lite/bin/../lib/gcc/arm-none-eabi/4.5.2/../../../../arm-none-eabi/lib/thumb2/libc.a(lib_a-malloc.o)
                              Util/USB/mass_mal.o (malloc)
/home/laurence/CodeSourcery/Sourcery_G++_Lite/bin/../lib/gcc/arm-none-eabi/4.5.2/../../../../arm-none-eabi/lib/thumb2/libc.a(lib_a-mallocr.o)
                              /home/laurence/CodeSourcery/Sourcery_G++_Lite/bin/../lib/gcc/arm-none-eabi/4.5.2/../../../../arm-none-eabi/lib/thumb2/libc.a(lib_a-malloc.o) (_malloc_r)
/home/laurence/CodeSourcery/Sourcery_G++_Lite/bin/../lib/gcc/arm-none-eabi/4.5.2/../../../../arm-none-eabi/lib/thumb2/libc.a(lib_a-memcmp.o)
                              main.o (memcmp)
/home/laurence/CodeSourcery/Sourcery_G++_Lite/bin/../lib/gcc/arm-none-eabi/4.5.2/../../../../arm-none-eabi/lib/thumb2/libc.a(lib_a-memset.o)
                              Util/wave.o (memset)
/home/laurence/CodeSourcery/Sourcery_G++_Lite/bin/../lib/gcc/arm-none-eabi/4.5.2/../../../../arm-none-eabi/lib/thumb2/libc.a(lib_a-mlock.o)
[...]
Memory Configuration

Name             Origin             Length             Attributes
ram              0x20000000         0x00005000         xrw
rom              0x08000000         0x00020000         xr
*default*        0x00000000         0xffffffff

Linker script and memory map

LOAD /home/laurence/CodeSourcery/Sourcery_G++_Lite/bin/../lib/gcc/arm-none-eabi/4.5.2/thumb2/crti.o
LOAD /home/laurence/CodeSourcery/Sourcery_G++_Lite/bin/../lib/gcc/arm-none-eabi/4.5.2/thumb2/crtbegin.o
LOAD Sensors/amb_sensors.o
LOAD Sensors/temperature.o
LOAD Util/USB/hw_config.o
LOAD Util/USB/mass_mal.o
LOAD Util/USB/memory.o
LOAD Util/USB/scsi_data.o
LOAD Util/USB/usb_bot.o
LOAD Util/USB/usb_desc.o
LOAD Util/USB/usb_endp.o
LOAD Util/USB/usb_istr.o
LOAD Util/USB/usb_prop.o
LOAD Util/USB/usb_pwr.o
LOAD Util/USB/usb_scsi.o
LOAD Util/buffer.o
LOAD Util/delay.o
LOAD Util/fat_fs/option/cc932.o
LOAD Util/fat_fs/option/syscall.o
LOAD Util/fat_fs/src/fattime.o
LOAD Util/fat_fs/src/ff.o
LOAD Util/fat_fs/src/rtc.o
LOAD Util/fat_fs/src/sd_spi_stm32.o
LOAD Util/filter_1350.o
LOAD Util/filter_380.o
LOAD Util/rprintf.o
LOAD Util/stm32_eval_spi_sd.o
LOAD Util/wave.o
LOAD adc.o
LOAD gpio.o
LOAD i2c_int.o
LOAD interrupts.o
LOAD lib/CMSIS_CM3/core_cm3.o
LOAD lib/CMSIS_CM3/startup/gcc/startup_stm32f10x_md.o
LOAD lib/CMSIS_CM3/system_stm32f10x.o
LOAD main.o
LOAD pwr.o
LOAD usart.o
LOAD watchdog.o
LOAD lib/STM32F10x_StdPeriph_Driver/libstm32fw.a
LOAD lib/STM32_USB-FS-Device_Driver/libstm32usb.a
LOAD /home/laurence/CodeSourcery/Sourcery_G++_Lite/bin/../lib/gcc/arm-none-eabi/4.5.2/../../../../arm-none-eabi/lib/thumb2/libm.a
START GROUP
LOAD /home/laurence/CodeSourcery/Sourcery_G++_Lite/bin/../lib/gcc/arm-none-eabi/4.5.2/thumb2/libgcc.a
LOAD /home/laurence/CodeSourcery/Sourcery_G++_Lite/bin/../lib/gcc/arm-none-eabi/4.5.2/../../../../arm-none-eabi/lib/thumb2/libc.a
END GROUP
LOAD /home/laurence/CodeSourcery/Sourcery_G++_Lite/bin/../lib/gcc/arm-none-eabi/4.5.2/thumb2/crtend.o
LOAD /home/laurence/CodeSourcery/Sourcery_G++_Lite/bin/../lib/gcc/arm-none-eabi/4.5.2/thumb2/crtn.o
START GROUP
LOAD /home/laurence/CodeSourcery/Sourcery_G++_Lite/bin/../lib/gcc/arm-none-eabi/4.5.2/thumb2/libgcc.a
LOAD /home/laurence/CodeSourcery/Sourcery_G++_Lite/bin/../lib/gcc/arm-none-eabi/4.5.2/../../../../arm-none-eabi/lib/thumb2/libc.a
LOAD /home/laurence/CodeSourcery/Sourcery_G++_Lite/bin/../lib/gcc/arm-none-eabi/4.5.2/../../../../arm-none-eabi/lib/thumb2/libcs3.a
LOAD /home/laurence/CodeSourcery/Sourcery_G++_Lite/bin/../lib/gcc/arm-none-eabi/4.5.2/../../../../arm-none-eabi/lib/thumb2/libcs3unhosted.a
LOAD lib/libcs3-lanchon-stm32.a
END GROUP
                0x20005000                PROVIDE (__cs3_stack, (__cs3_region_start_ram + __cs3_region_size_ram))
                0x20001d68                PROVIDE (__cs3_heap_start, _end)
                0x20005000                PROVIDE (__cs3_heap_end, (__cs3_region_start_ram + __cs3_region_size_ram))

.text           0x08000000    0x123bc
 CREATE_OBJECT_SYMBOLS
                0x08000000                __cs3_region_start_rom = .
 *(.cs3.region-head.rom)
                0x08000000                __cs3_interrupt_vector = __cs3_interrupt_vector_lanchon_stm32
 *(.cs3.interrupt_vector)
 .cs3.interrupt_vector
                0x08000000       0xec lib/libcs3-lanchon-stm32.a(lanchon-stm32-vector.o)
                0x08000000                __cs3_interrupt_vector_lanchon_stm32
                0x08000001                ASSERT ((. != __cs3_interrupt_vector_lanchon_stm32), No interrupt vector)
 *(.rom)
 *(.rom.b)
                0x0800a708                PROVIDE (__cs3_reset_lanchon_stm32, _start)
                0x0800a708                __cs3_reset = __cs3_reset_lanchon_stm32
 *(.cs3.reset)
 *(.text .text.* .gnu.linkonce.t.*)
 .text          0x080000ec       0x30 /home/laurence/CodeSourcery/Sourcery_G++_Lite/bin/../lib/gcc/arm-none-eabi/4.5.2/thumb2/crtbegin.o
 .text.Allocate_Sensor_Buffers
                0x0800011c       0xd0 Sensors/amb_sensors.o
                0x0800011c                Allocate_Sensor_Buffers
 .text.Configure_I2C_Driver
                0x080001ec       0x20 Sensors/amb_sensors.o
                0x080001ec                Configure_I2C_Driver
 .text.Fill_Sample_Buffers
                0x0800020c       0xbc Sensors/amb_sensors.o
                0x0800020c                Fill_Sample_Buffers
 .text.IntToUnicode
                0x080002c8       0x24 Util/USB/hw_config.o
 .text.Set_USBClock
                0x080002ec       0x16 Util/USB/hw_config.o
                0x080002ec                Set_USBClock
 *fill*         0x08000302        0x2 00
 .text.Enter_LowPowerMode
                0x08000304        0xc Util/USB/hw_config.o
                0x08000304                Enter_LowPowerMode
 .text.Leave_LowPowerMode
                0x08000310       0x1c Util/USB/hw_config.o
                0x08000310                Leave_LowPowerMode
 .text.USB_Interrupts_Config
                0x0800032c       0x38 Util/USB/hw_config.o
                0x0800032c                USB_Interrupts_Config
 .text.Led_RW_ON
                0x08000364       0x10 Util/USB/hw_config.o
                0x08000364                Led_RW_ON
 .text.Led_RW_OFF
                0x08000374       0x10 Util/USB/hw_config.o
                0x08000374                Led_RW_OFF
 .text.USB_Configured_LED
                0x08000384       0x10 Util/USB/hw_config.o
                0x08000384                USB_Configured_LED
 .text.USB_NotConfigured_LED
                0x08000394       0x10 Util/USB/hw_config.o
                0x08000394                USB_NotConfigured_LED
 .text.USB_Cable_Config
                0x080003a4        0x2 Util/USB/hw_config.o
                0x080003a4                USB_Cable_Config
 *fill*         0x080003a6        0x2 00
 .text.Get_SerialNum
                0x080003a8       0x38 Util/USB/hw_config.o
                0x080003a8                Get_SerialNum
 .text.MAL_Config
                0x080003e0        0x6 Util/USB/hw_config.o
                0x080003e0                MAL_Config
 .text.Set_System
                0x080003e6        0x4 Util/USB/hw_config.o
                0x080003e6                Set_System
 *fill*         0x080003ea        0x2 00
 .text.MAL_Init
                0x080003ec       0x44 Util/USB/mass_mal.o
                0x080003ec                MAL_Init
 .text.MAL_Write
                0x08000430       0x30 Util/USB/mass_mal.o
                0x08000430                MAL_Write
 .text.MAL_Read
                0x08000460       0x28 Util/USB/mass_mal.o
                0x08000460                MAL_Read
 .text.MAL_GetStatus
                0x08000488       0x64 Util/USB/mass_mal.o
                0x08000488                MAL_GetStatus
 .text.Read_Memory
                0x080004ec      0x124 Util/USB/memory.o
                0x080004ec                Read_Memory
 .text.Write_Memory
                0x08000610      0x10c Util/USB/memory.o
                0x08000610                Write_Memory
 .text.Transfer_Data_Request
                0x0800071c       0x34 Util/USB/usb_bot.o
                0x0800071c                Transfer_Data_Request
 .text.Set_CSW  0x08000750       0x3c Util/USB/usb_bot.o
                0x08000750                Set_CSW
 .text.Mass_Storage_In
                0x0800078c       0x5c Util/USB/usb_bot.o
                0x0800078c                Mass_Storage_In
 .text.Bot_Abort
                0x080007e8       0x38 Util/USB/usb_bot.o
                0x080007e8                Bot_Abort
 .text.CBW_Decode
                0x08000820      0x1e4 Util/USB/usb_bot.o
                0x08000820                CBW_Decode
 .text.Mass_Storage_Out
                0x08000a04       0x70 Util/USB/usb_bot.o
                0x08000a04                Mass_Storage_Out
 .text.EP1_IN_Callback
                0x08000a74        0x4 Util/USB/usb_endp.o
                0x08000a74                EP1_IN_Callback
 .text.EP2_OUT_Callback
                0x08000a78        0x4 Util/USB/usb_endp.o
                0x08000a78                EP2_OUT_Callback
 .text.USB_Istr
                0x08000a7c       0xd8 Util/USB/usb_istr.o
                0x08000a7c                USB_Istr
 .text.Mass_Storage_SetDeviceAddress
                0x08000b54        0xc Util/USB/usb_prop.o
                0x08000b54                Mass_Storage_SetDeviceAddress
 .text.MASS_Status_In
                0x08000b60        0x2 Util/USB/usb_prop.o
                0x08000b60                MASS_Status_In
 .text.MASS_Status_Out
                0x08000b62        0x2 Util/USB/usb_prop.o
                0x08000b62                MASS_Status_Out
 .text.MASS_Get_Interface_Setting
                0x08000b64       0x10 Util/USB/usb_prop.o
                0x08000b64                MASS_Get_Interface_Setting
 .text.Get_Max_Lun
                0x08000b74       0x18 Util/USB/usb_prop.o
                0x08000b74                Get_Max_Lun
 .text.MASS_Data_Setup
                0x08000b8c       0x40 Util/USB/usb_prop.o
                0x08000b8c                MASS_Data_Setup
 .text.MASS_GetStringDescriptor
                0x08000bcc       0x20 Util/USB/usb_prop.o
                0x08000bcc                MASS_GetStringDescriptor
 .text.MASS_GetConfigDescriptor
                0x08000bec        0xc Util/USB/usb_prop.o
                0x08000bec                MASS_GetConfigDescriptor
 .text.MASS_GetDeviceDescriptor
                0x08000bf8        0xc Util/USB/usb_prop.o
                0x08000bf8                MASS_GetDeviceDescriptor
 .text.MASS_NoData_Setup
                0x08000c04       0x50 Util/USB/usb_prop.o
                0x08000c04                MASS_NoData_Setup
 .text.Mass_Storage_SetConfiguration
                0x08000c54       0x30 Util/USB/usb_prop.o
                0x08000c54                Mass_Storage_SetConfiguration
 .text.Mass_Storage_ClearFeature
                0x08000c84       0x1c Util/USB/usb_prop.o
                0x08000c84                Mass_Storage_ClearFeature
 .text.MASS_Reset
                0x08000ca0       0xec Util/USB/usb_prop.o
                0x08000ca0                MASS_Reset
 .text.MASS_init
                0x08000d8c       0x24 Util/USB/usb_prop.o
                0x08000d8c                MASS_init
 .text.PowerOn  0x08000db0       0x30 Util/USB/usb_pwr.o
                0x08000db0                PowerOn
 .text.Suspend  0x08000de0       0x40 Util/USB/usb_pwr.o
                0x08000de0                Suspend
 .text.Resume_Init
                0x08000e20       0x3c Util/USB/usb_pwr.o
                0x08000e20                Resume_Init
 .text.Resume   0x08000e5c       0x8c Util/USB/usb_pwr.o
                0x08000e5c                Resume
 .text.SCSI_Inquiry_Cmd
                0x08000ee8       0x38 Util/USB/usb_scsi.o
                0x08000ee8                SCSI_Inquiry_Cmd
 .text.SCSI_ModeSense6_Cmd
                0x08000f20        0xc Util/USB/usb_scsi.o
                0x08000f20                SCSI_ModeSense6_Cmd
 .text.SCSI_ModeSense10_Cmd
                0x08000f2c        0xc Util/USB/usb_scsi.o
                0x08000f2c                SCSI_ModeSense10_Cmd
 .text.SCSI_RequestSense_Cmd
                0x08000f38       0x18 Util/USB/usb_scsi.o
                0x08000f38                SCSI_RequestSense_Cmd
 .text.Set_Scsi_Sense_Data
                0x08000f50        0xc Util/USB/usb_scsi.o
                0x08000f50                Set_Scsi_Sense_Data
 .text.SCSI_ReadCapacity10_Cmd
                0x08000f5c       0x70 Util/USB/usb_scsi.o
                0x08000f5c                SCSI_ReadCapacity10_Cmd
 .text.SCSI_ReadFormatCapacity_Cmd
                0x08000fcc       0x68 Util/USB/usb_scsi.o
                0x08000fcc                SCSI_ReadFormatCapacity_Cmd
 .text.SCSI_Start_Stop_Unit_Cmd
                0x08001034        0x8 Util/USB/usb_scsi.o
                0x08001034                SCSI_Start_Stop_Unit_Cmd
 .text.SCSI_Verify10_Cmd
                0x0800103c       0x38 Util/USB/usb_scsi.o
                0x0800103c                SCSI_Verify10_Cmd
 .text.SCSI_TestUnitReady_Cmd
                0x08001074       0x34 Util/USB/usb_scsi.o
                0x08001074                SCSI_TestUnitReady_Cmd
 .text.SCSI_Format_Cmd
                0x080010a8       0x16 Util/USB/usb_scsi.o
                0x080010a8                SCSI_Format_Cmd
 *fill*         0x080010be        0x2 00
 .text.SCSI_Invalid_Cmd
                0x080010c0       0x34 Util/USB/usb_scsi.o
                0x080010c0                SCSI_Invalid_Cmd
 .text.SCSI_Address_Management
                0x080010f4       0x70 Util/USB/usb_scsi.o
                0x080010f4                SCSI_Address_Management
 .text.SCSI_Write10_Cmd
                0x08001164       0x70 Util/USB/usb_scsi.o
                0x08001164                SCSI_Write10_Cmd
 .text.SCSI_Read10_Cmd
                0x080011d4       0x6c Util/USB/usb_scsi.o
                0x080011d4                SCSI_Read10_Cmd
 .text.Add_To_Buffer
                0x08001240       0x32 Util/buffer.o
                0x08001240                Add_To_Buffer
 .text.Get_From_Buffer
                0x08001272       0x32 Util/buffer.o
                0x08001272                Get_From_Buffer
 .text.init_buffer
                0x080012a4       0x12 Util/buffer.o
                0x080012a4                init_buffer
 *fill*         0x080012b6        0x2 00
 .text.Delay    0x080012b8       0x2c Util/delay.o
                0x080012b8                Delay
 .text.ff_convert
                0x080012e4       0x60 Util/fat_fs/option/cc932.o
                0x080012e4                ff_convert
 .text.ff_wtoupper
                0x08001344       0x24 Util/fat_fs/option/cc932.o
                0x08001344                ff_wtoupper
 .text.get_fattime
                0x08001368       0x44 Util/fat_fs/src/fattime.o
                0x08001368                get_fattime
 .text.mem_cpy  0x080013ac       0x10 Util/fat_fs/src/ff.o
 .text.mem_set  0x080013bc        0xc Util/fat_fs/src/ff.o
 .text.chk_chr  0x080013c8        0xe Util/fat_fs/src/ff.o
 .text.sum_sfn  0x080013d6       0x1e Util/fat_fs/src/ff.o
 .text.validate
                0x080013f4       0x26 Util/fat_fs/src/ff.o
 *fill*         0x0800141a        0x2 00
 .text.check_fs
                0x0800141c       0x8c Util/fat_fs/src/ff.o
 .text.chk_mounted
                0x080014a8      0x350 Util/fat_fs/src/ff.o
 .text.get_fileinfo
                0x080017f8      0x10c Util/fat_fs/src/ff.o
 .text.move_window
                0x08001904       0x7c Util/fat_fs/src/ff.o
 .text.sync     0x08001980       0xb2 Util/fat_fs/src/ff.o
 .text.clust2sect
                0x08001a32       0x1a Util/fat_fs/src/ff.o
                0x08001a32                clust2sect
 .text.get_fat  0x08001a4c       0xd4 Util/fat_fs/src/ff.o
                0x08001a4c                get_fat
 .text.dir_sdi  0x08001b20       0x8a Util/fat_fs/src/ff.o
 .text.put_fat  0x08001baa       0xf4 Util/fat_fs/src/ff.o
                0x08001baa                put_fat
 .text.create_chain
                0x08001c9e       0x9e Util/fat_fs/src/ff.o
 .text.dir_next
                0x08001d3c      0x10c Util/fat_fs/src/ff.o
 .text.dir_find
                0x08001e48      0x144 Util/fat_fs/src/ff.o
 .text.follow_path
                0x08001f8c      0x330 Util/fat_fs/src/ff.o
 .text.remove_chain
                0x080022bc       0x5a Util/fat_fs/src/ff.o
 .text.gen_numname
                0x08002316       0x9a Util/fat_fs/src/ff.o
                0x08002316                gen_numname
 .text.dir_register
                0x080023b0      0x1cc Util/fat_fs/src/ff.o
 .text.f_mount  0x0800257c       0x20 Util/fat_fs/src/ff.o
                0x0800257c                f_mount
 .text.f_open   0x0800259c      0x152 Util/fat_fs/src/ff.o
                0x0800259c                f_open
 .text.f_write  0x080026ee      0x1b6 Util/fat_fs/src/ff.o
                0x080026ee                f_write
 .text.f_sync   0x080028a4       0xb2 Util/fat_fs/src/ff.o
                0x080028a4                f_sync
 .text.f_close  0x08002956        0xe Util/fat_fs/src/ff.o
                0x08002956                f_close
 .text.f_chdir  0x08002964       0x64 Util/fat_fs/src/ff.o
                0x08002964                f_chdir
 .text.f_lseek  0x080029c8      0x164 Util/fat_fs/src/ff.o
                0x080029c8                f_lseek
 .text.f_stat   0x08002b2c       0x44 Util/fat_fs/src/ff.o
                0x08002b2c                f_stat
 .text.f_truncate
                0x08002b70       0x98 Util/fat_fs/src/ff.o
                0x08002b70                f_truncate
 .text.f_mkdir  0x08002c08      0x1da Util/fat_fs/src/ff.o
                0x08002c08                f_mkdir
 .text.f_putc   0x08002de2       0x22 Util/fat_fs/src/ff.o
                0x08002de2                f_putc
 .text.f_puts   0x08002e04       0x26 Util/fat_fs/src/ff.o
                0x08002e04                f_puts
 .text.isDST    0x08002e2a       0x32 Util/fat_fs/src/rtc.o
 .text.counter_to_struct
                0x08002e5c       0xb0 Util/fat_fs/src/rtc.o
 .text.rtc_gettime
                0x08002f0c       0x78 Util/fat_fs/src/rtc.o
                0x08002f0c                rtc_gettime
 .text.my_RTC_SetCounter
                0x08002f84       0x22 Util/fat_fs/src/rtc.o
                0x08002f84                my_RTC_SetCounter
 *fill*         0x08002fa6        0x2 00
 .text.rtc_settime
                0x08002fa8       0xc8 Util/fat_fs/src/rtc.o
                0x08002fa8                rtc_settime
 .text.rtc_init
                0x08003070       0x98 Util/fat_fs/src/rtc.o
                0x08003070                rtc_init
 .text.interface_speed
                0x08003108       0x20 Util/fat_fs/src/sd_spi_stm32.o
 .text.power_on
                0x08003128       0xf0 Util/fat_fs/src/sd_spi_stm32.o
 .text.stm32_spi_rw
                0x08003218       0x24 Util/fat_fs/src/sd_spi_stm32.o
 .text.rcvr_spi
                0x0800323c        0x6 Util/fat_fs/src/sd_spi_stm32.o
 *fill*         0x08003242        0x2 00
 .text.wait_ready
                0x08003244       0x20 Util/fat_fs/src/sd_spi_stm32.o
 .text.send_cmd
                0x08003264       0x94 Util/fat_fs/src/sd_spi_stm32.o
 .text.stm32_dma_transfer
                0x080032f8       0xc8 Util/fat_fs/src/sd_spi_stm32.o
 .text.xmit_datablock
                0x080033c0       0x4e Util/fat_fs/src/sd_spi_stm32.o
 *fill*         0x0800340e        0x2 00
 .text.release_spi
                0x08003410       0x18 Util/fat_fs/src/sd_spi_stm32.o
                0x08003410                release_spi
 .text.wrapup_transaction
                0x08003428       0x2c Util/fat_fs/src/sd_spi_stm32.o
                0x08003428                wrapup_transaction
 .text.stop_cmd
                0x08003454        0x8 Util/fat_fs/src/sd_spi_stm32.o
                0x08003454                stop_cmd
 .text.rcvr_datablock
                0x0800345c       0x54 Util/fat_fs/src/sd_spi_stm32.o
                0x0800345c                rcvr_datablock
 .text.disk_initialize
                0x080034b0      0x128 Util/fat_fs/src/sd_spi_stm32.o
                0x080034b0                disk_initialize
 .text.disk_status
                0x080035d8       0x10 Util/fat_fs/src/sd_spi_stm32.o
                0x080035d8                disk_status
 .text.disk_read
                0x080035e8       0x9c Util/fat_fs/src/sd_spi_stm32.o
                0x080035e8                disk_read
 .text.disk_write
                0x08003684       0xac Util/fat_fs/src/sd_spi_stm32.o
                0x08003684                disk_write
 .text.disk_ioctl
                0x08003730      0x284 Util/fat_fs/src/sd_spi_stm32.o
                0x08003730                disk_ioctl
 .text.disk_timerproc
                0x080039b4       0x44 Util/fat_fs/src/sd_spi_stm32.o
                0x080039b4                disk_timerproc
 .text.SampleFilter_init_1350
                0x080039f8       0x16 Util/filter_1350.o
                0x080039f8                SampleFilter_init_1350
 .text.SampleFilter_put_1350
                0x08003a0e       0x1a Util/filter_1350.o
                0x08003a0e                SampleFilter_put_1350
 .text.SampleFilter_get_1350
                0x08003a28       0x38 Util/filter_1350.o
                0x08003a28                SampleFilter_get_1350
 .text.SampleFilter_init_380
                0x08003a60       0x12 Util/filter_380.o
                0x08003a60                SampleFilter_init_380
 .text.SampleFilter_put_380
                0x08003a72       0x14 Util/filter_380.o
                0x08003a72                SampleFilter_put_380
 *fill*         0x08003a86        0x2 00
 .text.SampleFilter_get_380
                0x08003a88       0x34 Util/filter_380.o
                0x08003a88                SampleFilter_get_380
 .text.rprintfInit
                0x08003abc        0xc Util/rprintf.o
                0x08003abc                rprintfInit
 .text.rprintfChar
                0x08003ac8       0x1c Util/rprintf.o
                0x08003ac8                rprintfChar
 .text.rprintfFloat
                0x08003ae4       0xc0 Util/rprintf.o
                0x08003ae4                rprintfFloat
 .text.Isdigit  0x08003ba4        0xe Util/rprintf.o
                0x08003ba4                Isdigit
 .text.atoiRamRom
                0x08003bb2       0x26 Util/rprintf.o
                0x08003bb2                atoiRamRom
 .text.rStrLen  0x08003bd8       0x10 Util/rprintf.o
                0x08003bd8                rStrLen
 .text.rprintf2RamRom
                0x08003be8      0x310 Util/rprintf.o
                0x08003be8                rprintf2RamRom
 .text.write_wave_samples
                0x08003ef8       0x78 Util/wave.o
                0x08003ef8                write_wave_samples
 .text.ADC_Configuration
                0x08003f70       0xbc adc.o
                0x08003f70                ADC_Configuration
 .text.setup_gpio
                0x0800402c      0x120 gpio.o
                0x0800402c                setup_gpio
 .text.switch_leds_on
                0x0800414c       0x20 gpio.o
                0x0800414c                switch_leds_on
 .text.switch_leds_off
                0x0800416c       0x20 gpio.o
                0x0800416c                switch_leds_off
 .text.red_flash
                0x0800418c       0x2c gpio.o
                0x0800418c                red_flash
 .text.I2C1_EV_IRQHandler
                0x080041b8      0x5f0 i2c_int.o
                0x080041b8                I2C1_EV_IRQHandler
 .text.I2C1_Request_Job
                0x080047a8       0x74 i2c_int.o
                0x080047a8                I2C1_Request_Job
 .text.I2C1_Setup_Job
                0x0800481c       0x14 i2c_int.o
                0x0800481c                I2C1_Setup_Job
 .text.I2C_Config
                0x08004830      0x12c i2c_int.o
                0x08004830                I2C_Config
 .text.I2C1_ER_IRQHandler
                0x0800495c       0xf4 i2c_int.o
                0x0800495c                I2C1_ER_IRQHandler
 .text.ISR_Config
                0x08004a50       0x5c interrupts.o
                0x08004a50                ISR_Config
 .text.EXTI_ONOFF_EN
                0x08004aac       0x54 interrupts.o
                0x08004aac                EXTI_ONOFF_EN
 .text.SysTick_Configuration
                0x08004b00       0x38 interrupts.o
                0x08004b00                SysTick_Configuration
 .text.EXTI0_IRQHandler
                0x08004b38       0x94 interrupts.o
                0x08004b38                EXTI0_IRQHandler
 .text.ADC1_2_IRQHandler
                0x08004bcc       0x68 interrupts.o
                0x08004bcc                ADC1_2_IRQHandler
 *fill*         0x08004c34        0x4 00
 .text.SysTickHandler
                0x08004c38      0x190 interrupts.o
                0x08004c38                SysTickHandler
 .text.USB_HP_CAN_TX_IRQHandler
                0x08004dc8        0x4 interrupts.o
                0x08004dc8                USB_HP_CAN_TX_IRQHandler
 .text.USB_LP_CAN_RX0_IRQHandler
                0x08004dcc        0x4 interrupts.o
                0x08004dcc                USB_LP_CAN_RX0_IRQHandler
 .text.Default_Handler
                0x08004dd0        0x2 lib/CMSIS_CM3/startup/gcc/startup_stm32f10x_md.o
                0x08004dd0                EXTI2_IRQHandler
                0x08004dd0                DebugMon_Handler
                0x08004dd0                TIM1_CC_IRQHandler
                0x08004dd0                HardFault_Handler
                0x08004dd0                SysTick_Handler
                0x08004dd0                PVD_IRQHandler
                0x08004dd0                PendSV_Handler
                0x08004dd0                NMI_Handler
                0x08004dd0                EXTI3_IRQHandler
                0x08004dd0                I2C2_EV_IRQHandler
                0x08004dd0                UsageFault_Handler
                0x08004dd0                SPI1_IRQHandler
                0x08004dd0                TAMPER_IRQHandler
                0x08004dd0                DMA1_Channel4_IRQHandler
                0x08004dd0                USART3_IRQHandler
                0x08004dd0                RTC_IRQHandler
                0x08004dd0                DMA1_Channel7_IRQHandler
                0x08004dd0                CAN1_RX1_IRQHandler
                0x08004dd0                TIM4_IRQHandler
                0x08004dd0                DMA1_Channel6_IRQHandler
                0x08004dd0                TIM3_IRQHandler
                0x08004dd0                RCC_IRQHandler
                0x08004dd0                TIM1_TRG_COM_IRQHandler
                0x08004dd0                DMA1_Channel1_IRQHandler
                0x08004dd0                Default_Handler
                0x08004dd0                EXTI15_10_IRQHandler
                0x08004dd0                EXTI9_5_IRQHandler
                0x08004dd0                SPI2_IRQHandler
                0x08004dd0                MemManage_Handler
                0x08004dd0                SVC_Handler
                0x08004dd0                DMA1_Channel5_IRQHandler
                0x08004dd0                EXTI4_IRQHandler
                0x08004dd0                USB_LP_CAN1_RX0_IRQHandler
                0x08004dd0                USB_HP_CAN1_TX_IRQHandler
                0x08004dd0                DMA1_Channel3_IRQHandler
                0x08004dd0                TIM1_UP_IRQHandler
                0x08004dd0                WWDG_IRQHandler
                0x08004dd0                TIM2_IRQHandler
                0x08004dd0                TIM1_BRK_IRQHandler
                0x08004dd0                EXTI1_IRQHandler
                0x08004dd0                RTCAlarm_IRQHandler
                0x08004dd0                USART2_IRQHandler
                0x08004dd0                I2C2_ER_IRQHandler
                0x08004dd0                DMA1_Channel2_IRQHandler
                0x08004dd0                CAN1_SCE_IRQHandler
                0x08004dd0                FLASH_IRQHandler
                0x08004dd0                BusFault_Handler
                0x08004dd0                USART1_IRQHandler
                0x08004dd0                USBWakeUp_IRQHandler
 *fill*         0x08004dd2        0x2 00
 .text.SystemInit
                0x08004dd4       0xf4 lib/CMSIS_CM3/system_stm32f10x.o
                0x08004dd4                SystemInit
 .text.__WFI    0x08004ec8        0x4 main.o
 .text.__str_print_char
                0x08004ecc       0x28 main.o
                0x08004ecc                __str_print_char
 .text.__fat_print_char
                0x08004ef4       0x1c main.o
                0x08004ef4                __fat_print_char
 .text.file_preallocation_control
                0x08004f10       0x30 main.o
                0x08004f10                file_preallocation_control
 .text.detect_sensors
                0x08004f40       0xe4 main.o
                0x08004f40                detect_sensors
 *fill*         0x08005024        0x4 00
 .text.main     0x08005028      0xa18 main.o
                0x08005028                main
 .text.setuppwr
                0x08005a40       0x14 pwr.o
                0x08005a40                setuppwr
 .text.shutdown
                0x08005a54       0x10 pwr.o
                0x08005a54                shutdown
 .text.disable_pin
                0x08005a64        0x6 pwr.o
                0x08005a64                disable_pin
 *fill*         0x08005a6a        0x2 00
 .text.shutdown_filesystem
                0x08005a6c       0xb0 pwr.o
                0x08005a6c                shutdown_filesystem
 .text.Default_Usart_Config
                0x08005b1c       0x1a usart.o
                0x08005b1c                Default_Usart_Config
 *fill*         0x08005b36        0x2 00
 .text.Usarts_Init
                0x08005b38       0x90 usart.o
                0x08005b38                Usarts_Init
 .text.__usart_send_char
                0x08005bc8       0x1c usart.o
                0x08005bc8                __usart_send_char
 .text.Usart_Send_Str
                0x08005be4       0x18 usart.o
                0x08005be4                Usart_Send_Str
 .text.Watchdog_Config
                0x08005bfc       0x2a watchdog.o
                0x08005bfc                Watchdog_Config
 *fill*         0x08005c26        0x2 00
 .text          0x08005c28       0xb8 lib/STM32F10x_StdPeriph_Driver/libstm32fw.a(misc.o)
                0x08005c28                NVIC_PriorityGroupConfig
                0x08005c3c                NVIC_Init
                0x08005c9c                NVIC_SetVectorTable
                0x08005cb0                NVIC_SystemLPConfig
                0x08005cc8                SysTick_CLKSourceConfig
 .text          0x08005ce0      0x380 lib/STM32F10x_StdPeriph_Driver/libstm32fw.a(stm32f10x_adc.o)
                0x08005ce0                ADC_DeInit
                0x08005d3c                ADC_Init
                0x08005d88                ADC_StructInit
                0x08005d9a                ADC_Cmd
                0x08005dae                ADC_DMACmd
                0x08005dc2                ADC_ITConfig
                0x08005dd6                ADC_ResetCalibration
                0x08005de0                ADC_GetResetCalibrationStatus
                0x08005de8                ADC_StartCalibration
                0x08005df2                ADC_GetCalibrationStatus
                0x08005dfa                ADC_SoftwareStartConvCmd
                0x08005e0e                ADC_GetSoftwareStartConvStatus
                0x08005e16                ADC_DiscModeChannelCountConfig
                0x08005e26                ADC_DiscModeCmd
                0x08005e3a                ADC_RegularChannelConfig
                0x08005ec8                ADC_ExternalTrigConvCmd
                0x08005edc                ADC_GetConversionValue
                0x08005ee2                ADC_GetDualModeConversionValue
                0x08005eec                ADC_AutoInjectedConvCmd
                0x08005f00                ADC_InjectedDiscModeCmd
                0x08005f14                ADC_ExternalTrigInjectedConvConfig
                0x08005f22                ADC_ExternalTrigInjectedConvCmd
                0x08005f36                ADC_SoftwareStartInjectedConvCmd
                0x08005f4a                ADC_GetSoftwareStartInjectedConvCmdStatus
                0x08005f52                ADC_InjectedChannelConfig
                0x08005fae                ADC_InjectedSequencerLengthConfig
                0x08005fbe                ADC_SetInjectedOffset
                0x08005fd4                ADC_GetInjectedConversionValue
                0x08005fee                ADC_AnalogWatchdogCmd
                0x08006000                ADC_AnalogWatchdogThresholdsConfig
                0x08006006                ADC_AnalogWatchdogSingleChannelConfig
                0x08006014                ADC_TempSensorVrefintCmd
                0x08006030                ADC_GetFlagStatus
                0x0800603c                ADC_ClearFlag
                0x08006042                ADC_GetITStatus
                0x08006058                ADC_ClearITPendingBit
 .text          0x08006060       0xe0 lib/STM32F10x_StdPeriph_Driver/libstm32fw.a(stm32f10x_bkp.o)
                0x08006060                BKP_DeInit
                0x08006072                BKP_TamperPinLevelConfig
                0x0800607c                BKP_TamperPinCmd
                0x08006088                BKP_ITConfig
                0x08006094                BKP_RTCOutputConfig
                0x080060ac                BKP_SetRTCCalibrationValue
                0x080060c4                BKP_WriteBackupRegister
                0x080060e0                BKP_ReadBackupRegister
                0x08006100                BKP_GetFlagStatus
                0x0800610c                BKP_ClearFlag
                0x08006120                BKP_GetITStatus
                0x0800612c                BKP_ClearITPendingBit
 .text          0x08006140       0x34 lib/STM32F10x_StdPeriph_Driver/libstm32fw.a(stm32f10x_dbgmcu.o)
                0x08006140                DBGMCU_GetREVID
                0x0800614c                DBGMCU_GetDEVID
                0x0800615c                DBGMCU_Config
 .text          0x08006174      0x1f0 lib/STM32F10x_StdPeriph_Driver/libstm32fw.a(stm32f10x_dma.o)
                0x08006174                DMA_DeInit
                0x08006270                DMA_Init
                0x080062b0                DMA_StructInit
                0x080062ca                DMA_Cmd
                0x080062de                DMA_ITConfig
                0x080062f0                DMA_GetCurrDataCounter
                0x080062f6                DMA_GetFlagStatus
                0x08006314                DMA_ClearFlag
                0x0800632c                DMA_GetITStatus
                0x0800634c                DMA_ClearITPendingBit
 .text          0x08006364      0x108 lib/STM32F10x_StdPeriph_Driver/libstm32fw.a(stm32f10x_exti.o)
                0x08006364                EXTI_DeInit
                0x08006380                EXTI_Init
                0x08006404                EXTI_StructInit
                0x08006412                EXTI_GenerateSWInterrupt
                0x08006424                EXTI_GetFlagStatus
                0x08006438                EXTI_ClearFlag
                0x08006444                EXTI_GetITStatus
                0x08006460                EXTI_ClearITPendingBit
 .text          0x0800646c      0x278 lib/STM32F10x_StdPeriph_Driver/libstm32fw.a(stm32f10x_gpio.o)
                0x0800646c                GPIO_DeInit
                0x08006518                GPIO_AFIODeInit
                0x0800652e                GPIO_Init
                0x080065c6                GPIO_StructInit
                0x080065d6                GPIO_ReadInputDataBit
                0x080065e2                GPIO_ReadInputData
                0x080065e8                GPIO_ReadOutputDataBit
                0x080065f4                GPIO_ReadOutputData
                0x080065fa                GPIO_SetBits
                0x080065fe                GPIO_ResetBits
                0x08006602                GPIO_WriteBit
                0x0800660c                GPIO_Write
                0x08006610                GPIO_PinLockConfig
                0x08006620                GPIO_EventOutputConfig
                0x08006640                GPIO_EventOutputCmd
                0x0800664c                GPIO_PinRemapConfig
                0x080066a4                GPIO_EXTILineConfig
                0x080066d8                GPIO_ETH_MediaInterfaceConfig
 .text          0x080066e4      0x3b4 lib/STM32F10x_StdPeriph_Driver/libstm32fw.a(stm32f10x_i2c.o)
                0x080066e4                I2C_DeInit
                0x08006718                I2C_Init
                0x080067e8                I2C_StructInit
                0x08006804                I2C_Cmd
                0x0800681e                I2C_DMACmd
                0x08006838                I2C_DMALastTransferCmd
                0x08006852                I2C_GenerateSTART
                0x0800686c                I2C_GenerateSTOP
                0x08006886                I2C_AcknowledgeConfig
                0x080068a0                I2C_OwnAddress2Config
                0x080068b6                I2C_DualAddressCmd
                0x080068d0                I2C_GeneralCallCmd
                0x080068ea                I2C_ITConfig
                0x08006900                I2C_SendData
                0x08006904                I2C_ReceiveData
                0x0800690a                I2C_Send7bitAddress
                0x0800691a                I2C_ReadRegister
                0x08006932                I2C_SoftwareResetCmd
                0x0800694a                I2C_SMBusAlertConfig
                0x08006968                I2C_TransmitPEC
                0x08006982                I2C_PECPositionConfig
                0x080069a0                I2C_CalculatePEC
                0x080069ba                I2C_GetPEC
                0x080069c2                I2C_ARPCmd
                0x080069dc                I2C_StretchClockCmd
                0x080069f6                I2C_FastModeDutyCycleConfig
                0x08006a14                I2C_GetLastEvent
                0x08006a24                I2C_CheckEvent
                0x08006a3c                I2C_GetFlagStatus
                0x08006a70                I2C_ClearFlag
                0x08006a76                I2C_GetITStatus
                0x08006a92                I2C_ClearITPendingBit
 .text          0x08006a98       0x58 lib/STM32F10x_StdPeriph_Driver/libstm32fw.a(stm32f10x_iwdg.o)
                0x08006a98                IWDG_WriteAccessCmd
                0x08006aa4                IWDG_SetPrescaler
                0x08006ab0                IWDG_SetReload
                0x08006abc                IWDG_ReloadCounter
                0x08006acc                IWDG_Enable
                0x08006adc                IWDG_GetFlagStatus
 .text          0x08006af0       0xcc lib/STM32F10x_StdPeriph_Driver/libstm32fw.a(stm32f10x_pwr.o)
                0x08006af4                PWR_DeInit
                0x08006b0e                PWR_BackupAccessCmd
                0x08006b18                PWR_PVDCmd
                0x08006b24                PWR_PVDLevelConfig
                0x08006b38                PWR_WakeUpPinCmd
                0x08006b44                PWR_EnterSTOPMode
                0x08006b70                PWR_EnterSTANDBYMode
                0x08006b98                PWR_GetFlagStatus
                0x08006bac                PWR_ClearFlag
 .text          0x08006bbc      0x360 lib/STM32F10x_StdPeriph_Driver/libstm32fw.a(stm32f10x_rcc.o)
                0x08006bbc                RCC_DeInit
                0x08006bfc                RCC_HSEConfig
                0x08006c34                RCC_AdjustHSICalibrationValue
                0x08006c48                RCC_HSICmd
                0x08006c54                RCC_PLLConfig
                0x08006c6c                RCC_PLLCmd
                0x08006c78                RCC_SYSCLKConfig
                0x08006c8c                RCC_GetSYSCLKSource
                0x08006c9c                RCC_HCLKConfig
                0x08006cb0                RCC_PCLK1Config
                0x08006cc4                RCC_PCLK2Config
                0x08006cd8                RCC_ITConfig
                0x08006cf0                RCC_USBCLKConfig
                0x08006cfc                RCC_ADCCLKConfig
                0x08006d10                RCC_LSEConfig
                0x08006d30                RCC_LSICmd
                0x08006d3c                RCC_RTCCLKConfig
                0x08006d4c                RCC_RTCCLKCmd
                0x08006d58                RCC_GetClocksFreq
                0x08006dfc                RCC_AHBPeriphClockCmd
                0x08006e14                RCC_APB2PeriphClockCmd
                0x08006e2c                RCC_APB1PeriphClockCmd
                0x08006e44                RCC_APB2PeriphResetCmd
                0x08006e5c                RCC_APB1PeriphResetCmd
                0x08006e74                RCC_BackupResetCmd
                0x08006e80                RCC_ClockSecuritySystemCmd
                0x08006e8c                RCC_MCOConfig
                0x08006e98                RCC_GetFlagStatus
                0x08006ec0                RCC_WaitForHSEStartUp
                0x08006eec                RCC_ClearFlag
                0x08006efc                RCC_GetITStatus
                0x08006f10                RCC_ClearITPendingBit
 .text          0x08006f1c      0x158 lib/STM32F10x_StdPeriph_Driver/libstm32fw.a(stm32f10x_rtc.o)
                0x08006f1c                RTC_ITConfig
                0x08006f38                RTC_EnterConfigMode
                0x08006f4c                RTC_ExitConfigMode
                0x08006f60                RTC_GetCounter
                0x08006f74                RTC_SetCounter
                0x08006f90                RTC_SetPrescaler
                0x08006fb0                RTC_SetAlarm
                0x08006fcc                RTC_GetDivider
                0x08006fe4                RTC_WaitForLastTask
                0x08006ff4                RTC_WaitForSynchro
                0x08007014                RTC_GetFlagStatus
                0x08007028                RTC_ClearFlag
                0x0800703c                RTC_GetITStatus
                0x08007060                RTC_ClearITPendingBit
 .text          0x08007074      0x2d4 lib/STM32F10x_StdPeriph_Driver/libstm32fw.a(stm32f10x_spi.o)
                0x08007074                SPI_I2S_DeInit
                0x080070d8                SPI_Init
                0x08007118                I2S_Init
                0x080071b8                SPI_StructInit
                0x080071d0                I2S_StructInit
                0x080071e2                SPI_Cmd
                0x080071fc                I2S_Cmd
                0x08007216                SPI_I2S_ITConfig
                0x08007234                SPI_I2S_DMACmd
                0x0800724a                SPI_I2S_SendData
                0x0800724e                SPI_I2S_ReceiveData
                0x08007254                SPI_NSSInternalSoftwareConfig
                0x08007274                SPI_SSOutputCmd
                0x0800728e                SPI_DataSizeConfig
                0x080072a6                SPI_TransmitCRC
                0x080072b2                SPI_CalculateCRC
                0x080072cc                SPI_GetCRC
                0x080072dc                SPI_GetCRCPolynomial
                0x080072e2                SPI_BiDirectionalLineConfig
                0x08007300                SPI_I2S_GetFlagStatus
                0x0800730c                SPI_I2S_ClearFlag
                0x08007312                SPI_I2S_GetITStatus
                0x08007338                SPI_I2S_ClearITPendingBit
 .text          0x08007348      0x374 lib/STM32F10x_StdPeriph_Driver/libstm32fw.a(stm32f10x_usart.o)
                0x08007348                USART_DeInit
                0x080073e0                USART_Init
                0x08007470                USART_StructInit
                0x08007486                USART_ClockInit
                0x080074ac                USART_ClockStructInit
                0x080074b8                USART_Cmd
                0x080074d2                USART_ITConfig
                0x08007508                USART_DMACmd
                0x0800751e                USART_SetAddress
                0x08007536                USART_WakeUpConfig
                0x0800754e                USART_ReceiverWakeUpCmd
                0x08007568                USART_LINBreakDetectLengthConfig
                0x08007580                USART_LINCmd
                0x0800759a                USART_SendData
                0x080075a2                USART_ReceiveData
                0x080075aa                USART_SendBreak
                0x080075b6                USART_SetGuardTime
                0x080075c8                USART_SetPrescaler
                0x080075dc                USART_SmartCardCmd
                0x080075f6                USART_SmartCardNACKCmd
                0x08007610                USART_HalfDuplexCmd
                0x0800762a                USART_IrDAConfig
                0x08007642                USART_IrDACmd
                0x0800765c                USART_GetFlagStatus
                0x08007668                USART_ClearFlag
                0x0800766e                USART_GetITStatus
                0x080076ae                USART_ClearITPendingBit
 .text          0x080076bc      0xa54 lib/STM32_USB-FS-Device_Driver/libstm32usb.a(usb_core.o)
                0x080076bc                Standard_GetConfiguration
                0x080076e4                Standard_GetInterface
                0x0800770c                Standard_GetStatus
                0x08007880                Standard_SetConfiguration
                0x080078bc                Standard_SetInterface
                0x0800790c                Standard_ClearFeature
                0x08007a08                Standard_SetEndPointFeature
                0x08007abc                Standard_SetDeviceFeature
                0x08007ae0                Standard_GetDescriptorData
                0x08007afc                Post0_Process
                0x08007b44                Out0_Process
                0x08007c20                Setup0_Process
                0x08007ff0                SetDeviceAddress
                0x080080ac                In0_Process
                0x0800810c                NOP_Process
 .text          0x08008110       0x38 lib/STM32_USB-FS-Device_Driver/libstm32usb.a(usb_init.o)
                0x08008110                USB_Init
 .text          0x08008148      0x25c lib/STM32_USB-FS-Device_Driver/libstm32usb.a(usb_int.o)
                0x08008148                CTR_LP
                0x08008310                CTR_HP
 .text          0x080083a4       0xb8 lib/STM32_USB-FS-Device_Driver/libstm32usb.a(usb_mem.o)
                0x080083a4                UserToPMABufferCopy
                0x0800840c                PMAToUserBufferCopy
 .text          0x0800845c      0x880 lib/STM32_USB-FS-Device_Driver/libstm32usb.a(usb_regs.o)
                0x0800845c                SetCNTR
                0x08008468                GetCNTR
                0x08008474                SetISTR
                0x08008480                GetISTR
                0x0800848c                GetFNR
                0x08008498                SetDADDR
                0x080084a4                GetDADDR
                0x080084b0                SetBTABLE
                0x080084c4                GetBTABLE
                0x080084d0                SetENDPOINT
                0x080084e0                GetENDPOINT
                0x080084f0                SetEPType
                0x0800850c                GetEPType
                0x08008520                SetEPTxStatus
                0x08008560                SetEPRxStatus
                0x080085a0                SetDouBleBuffEPStall
                0x080085c8                GetEPTxStatus
                0x080085dc                GetEPRxStatus
                0x080085f0                SetEPTxValid
                0x08008614                SetEPRxValid
                0x08008638                SetEP_KIND
                0x08008658                ClearEP_KIND
                0x08008678                Clear_Status_Out
                0x08008698                Set_Status_Out
                0x080086b8                SetEPDoubleBuff
                0x080086d8                ClearEPDoubleBuff
                0x080086f8                GetTxStallStatus
                0x08008718                GetRxStallStatus
                0x08008738                ClearEP_CTR_RX
                0x08008750                ClearEP_CTR_TX
                0x08008768                ToggleDTOG_RX
                0x08008788                ToggleDTOG_TX
                0x080087a8                ClearDTOG_RX
                0x080087d0                ClearDTOG_TX
                0x080087f8                SetEPAddress
                0x0800881c                GetEPAddress
                0x08008830                SetEPTxAddr
                0x08008854                SetEPRxAddr
                0x0800887c                GetEPTxAddr
                0x0800889c                GetEPRxAddr
                0x080088bc                SetEPTxCount
                0x080088dc                SetEPCountRxReg
                0x08008908                SetEPRxCount
                0x08008950                GetEPTxCount
                0x08008974                GetEPRxCount
                0x08008998                SetEPDblBuffAddr
                0x080089e0                SetEPDblBuf0Addr
                0x08008a04                SetEPDblBuf1Addr
                0x08008a2c                GetEPDblBuf0Addr
                0x08008a4c                GetEPDblBuf1Addr
                0x08008a6c                SetEPDblBuffCount
                0x08008b18                SetEPDblBuf0Count
                0x08008b80                SetEPDblBuf1Count
                0x08008be8                GetEPDblBuf0Count
                0x08008c0c                GetEPDblBuf1Count
                0x08008c30                GetEPDblBufDir
                0x08008c78                FreeUserBuffer
                0x08008cc8                ToWord
                0x08008cd0                ByteSwap
 .text          0x08008cdc       0x6c lib/STM32_USB-FS-Device_Driver/libstm32usb.a(usb_sil.o)
                0x08008cdc                USB_SIL_Init
                0x08008cfc                USB_SIL_Write
                0x08008d24                USB_SIL_Read
 .text          0x08008d48      0x370 /home/laurence/CodeSourcery/Sourcery_G++_Lite/bin/../lib/gcc/arm-none-eabi/4.5.2/thumb2/libgcc.a(_arm_addsubdf3.o)
                0x08008d48                __aeabi_drsub
                0x08008d50                __aeabi_dsub
                0x08008d50                __subdf3
                0x08008d54                __adddf3
                0x08008d54                __aeabi_dadd
                0x08008fcc                __aeabi_ui2d
                0x08008fcc                __floatunsidf
                0x08008fec                __floatsidf
                0x08008fec                __aeabi_i2d
                0x08009010                __extendsfdf2
                0x08009010                __aeabi_f2d
                0x0800904c                __aeabi_ul2d
                0x0800904c                __floatundidf
                0x0800905c                __floatdidf
                0x0800905c                __aeabi_l2d
 .text          0x080090b8      0x424 /home/laurence/CodeSourcery/Sourcery_G++_Lite/bin/../lib/gcc/arm-none-eabi/4.5.2/thumb2/libgcc.a(_arm_muldivdf3.o)
                0x080090b8                __aeabi_dmul
                0x080090b8                __muldf3
                0x0800930c                __aeabi_ddiv
                0x0800930c                __divdf3
 .text          0x080094dc      0x110 /home/laurence/CodeSourcery/Sourcery_G++_Lite/bin/../lib/gcc/arm-none-eabi/4.5.2/thumb2/libgcc.a(_arm_cmpdf2.o)
                0x080094dc                __gtdf2
                0x080094dc                __gedf2
                0x080094e4                __ltdf2
                0x080094e4                __ledf2
                0x080094ec                __cmpdf2
                0x080094ec                __eqdf2
                0x080094ec                __nedf2
                0x08009568                __aeabi_cdrcmple
                0x08009578                __aeabi_cdcmple
                0x08009578                __aeabi_cdcmpeq
                0x08009588                __aeabi_dcmpeq
                0x0800959c                __aeabi_dcmplt
                0x080095b0                __aeabi_dcmple
                0x080095c4                __aeabi_dcmpge
                0x080095d8                __aeabi_dcmpgt
 .text          0x080095ec       0xa0 /home/laurence/CodeSourcery/Sourcery_G++_Lite/bin/../lib/gcc/arm-none-eabi/4.5.2/thumb2/libgcc.a(_arm_truncdfsf2.o)
                0x080095ec                __aeabi_d2f
                0x080095ec                __truncdfsf2
 .text          0x0800968c      0x21c /home/laurence/CodeSourcery/Sourcery_G++_Lite/bin/../lib/gcc/arm-none-eabi/4.5.2/thumb2/libgcc.a(_arm_addsubsf3.o)
                0x0800968c                __aeabi_frsub
                0x08009694                __subsf3
                0x08009694                __aeabi_fsub
                0x08009698                __aeabi_fadd
                0x08009698                __addsf3
                0x080097f8                __aeabi_ui2f
                0x080097f8                __floatunsisf
                0x08009800                __aeabi_i2f
                0x08009800                __floatsisf
                0x0800981c                __floatundisf
                0x0800981c                __aeabi_ul2f
                0x0800982c                __floatdisf
                0x0800982c                __aeabi_l2f
 .text          0x080098a8      0x2a0 /home/laurence/CodeSourcery/Sourcery_G++_Lite/bin/../lib/gcc/arm-none-eabi/4.5.2/thumb2/libgcc.a(_arm_muldivsf3.o)
                0x080098a8                __mulsf3
                0x080098a8                __aeabi_fmul
                0x08009a10                __divsf3
                0x08009a10                __aeabi_fdiv
 .text          0x08009b48       0xec /home/laurence/CodeSourcery/Sourcery_G++_Lite/bin/../lib/gcc/arm-none-eabi/4.5.2/thumb2/libgcc.a(_arm_cmpsf2.o)
                0x08009b48                __gtsf2
                0x08009b48                __gesf2
                0x08009b50                __lesf2
                0x08009b50                __ltsf2
                0x08009b58                __nesf2
                0x08009b58                __eqsf2
                0x08009b58                __cmpsf2
                0x08009bb8                __aeabi_cfrcmple
                0x08009bc0                __aeabi_cfcmple
                0x08009bc0                __aeabi_cfcmpeq
                0x08009bd0                __aeabi_fcmpeq
                0x08009be4                __aeabi_fcmplt
                0x08009bf8                __aeabi_fcmple
                0x08009c0c                __aeabi_fcmpge
                0x08009c20                __aeabi_fcmpgt
 .text          0x08009c34       0x40 /home/laurence/CodeSourcery/Sourcery_G++_Lite/bin/../lib/gcc/arm-none-eabi/4.5.2/thumb2/libgcc.a(_arm_fixunssfsi.o)
                0x08009c34                __aeabi_f2uiz
                0x08009c34                __fixunssfsi
 .text          0x08009c74       0x20 /home/laurence/CodeSourcery/Sourcery_G++_Lite/bin/../lib/gcc/arm-none-eabi/4.5.2/../../../../arm-none-eabi/lib/thumb2/libc.a(lib_a-malloc.o)
                0x08009c74                malloc
                0x08009c84                free
 .text          0x08009c94      0x57c /home/laurence/CodeSourcery/Sourcery_G++_Lite/bin/../lib/gcc/arm-none-eabi/4.5.2/../../../../arm-none-eabi/lib/thumb2/libc.a(lib_a-mallocr.o)
                0x08009c94                _malloc_r
 .text          0x0800a210       0x64 /home/laurence/CodeSourcery/Sourcery_G++_Lite/bin/../lib/gcc/arm-none-eabi/4.5.2/../../../../arm-none-eabi/lib/thumb2/libc.a(lib_a-memcmp.o)
                0x0800a210                memcmp
 .text          0x0800a274        0x8 /home/laurence/CodeSourcery/Sourcery_G++_Lite/bin/../lib/gcc/arm-none-eabi/4.5.2/../../../../arm-none-eabi/lib/thumb2/libc.a(lib_a-mlock.o)
                0x0800a274                __malloc_lock
                0x0800a278                __malloc_unlock
 .text          0x0800a27c       0x28 /home/laurence/CodeSourcery/Sourcery_G++_Lite/bin/../lib/gcc/arm-none-eabi/4.5.2/../../../../arm-none-eabi/lib/thumb2/libc.a(lib_a-sbrkr.o)
                0x0800a27c                _sbrk_r
 .text          0x0800a2a4       0x48 /home/laurence/CodeSourcery/Sourcery_G++_Lite/bin/../lib/gcc/arm-none-eabi/4.5.2/../../../../arm-none-eabi/lib/thumb2/libc.a(lib_a-strcat.o)
                0x0800a2a4                strcat
 .text          0x0800a2ec       0xbc /home/laurence/CodeSourcery/Sourcery_G++_Lite/bin/../lib/gcc/arm-none-eabi/4.5.2/../../../../arm-none-eabi/lib/thumb2/libc.a(lib_a-strcpy.o)
                0x0800a2ec                strcpy
 .text          0x0800a3a8       0x60 /home/laurence/CodeSourcery/Sourcery_G++_Lite/bin/../lib/gcc/arm-none-eabi/4.5.2/../../../../arm-none-eabi/lib/thumb2/libc.a(lib_a-strlen.o)
                0x0800a3a8                strlen
 .text          0x0800a408      0x240 /home/laurence/CodeSourcery/Sourcery_G++_Lite/bin/../lib/gcc/arm-none-eabi/4.5.2/../../../../arm-none-eabi/lib/thumb2/libc.a(lib_a-freer.o)
                0x0800a408                _malloc_trim_r
                0x0800a4b0                _free_r
 .text          0x0800a648       0x30 /home/laurence/CodeSourcery/Sourcery_G++_Lite/bin/../lib/gcc/arm-none-eabi/4.5.2/../../../../arm-none-eabi/lib/thumb2/libcs3.a(start_c.o)
                0x0800a648                __cs3_premain
 .text.cs3.init
                0x0800a678       0x50 /home/laurence/CodeSourcery/Sourcery_G++_Lite/bin/../lib/gcc/arm-none-eabi/4.5.2/../../../../arm-none-eabi/lib/thumb2/libcs3.a(start_c.o)
                0x0800a678                __cs3_start_c
 .text          0x0800a6c8       0x40 /home/laurence/CodeSourcery/Sourcery_G++_Lite/bin/../lib/gcc/arm-none-eabi/4.5.2/../../../../arm-none-eabi/lib/thumb2/libcs3unhosted.a(unhosted-sbrk.o)
                0x0800a6c8                _sbrk
 .text.cs3.init
                0x0800a708       0x10 /home/laurence/CodeSourcery/Sourcery_G++_Lite/bin/../lib/gcc/arm-none-eabi/4.5.2/../../../../arm-none-eabi/lib/thumb2/libcs3unhosted.a(unhosted-start.o)
                0x0800a708                _start
 .text          0x0800a718        0x2 lib/libcs3-lanchon-stm32.a(lanchon_stm32_isr_interrupt.o)
                0x0800a718                MemManageException
                0x0800a718                BusFaultException
                0x0800a718                DMAChannel7_IRQHandler
                0x0800a718                DebugMonitor
                0x0800a718                SVCHandler
                0x0800a718                HardFaultException
                0x0800a718                __STM32ReservedException8
                0x0800a718                __STM32DefaultExceptionHandler
                0x0800a718                DMAChannel1_IRQHandler
                0x0800a718                CAN_SCE_IRQHandler
                0x0800a718                __STM32ReservedException10
                0x0800a718                __STM32ReservedException13
                0x0800a718                NMIException
                0x0800a718                DMAChannel4_IRQHandler
                0x0800a718                PendSVC
                0x0800a718                CAN_RX1_IRQHandler
                0x0800a718                ADC_IRQHandler
                0x0800a718                DMAChannel5_IRQHandler
                0x0800a718                DMAChannel2_IRQHandler
                0x0800a718                __STM32ReservedException7
                0x0800a718                UsageFaultException
                0x0800a718                DMAChannel6_IRQHandler
                0x0800a718                DMAChannel3_IRQHandler
                0x0800a718                __STM32ReservedException9
 *fill*         0x0800a71a        0x2 00
 .text          0x0800a71c        0xc /home/laurence/CodeSourcery/Sourcery_G++_Lite/bin/../lib/gcc/arm-none-eabi/4.5.2/../../../../arm-none-eabi/lib/thumb2/libc.a(lib_a-errno.o)
                0x0800a71c                __errno
 .text          0x0800a728       0x50 /home/laurence/CodeSourcery/Sourcery_G++_Lite/bin/../lib/gcc/arm-none-eabi/4.5.2/../../../../arm-none-eabi/lib/thumb2/libc.a(lib_a-init.o)
                0x0800a728                __libc_init_array
 *(.plt)
 *(.gnu.warning)
 *(.glue_7t)
 .glue_7t       0x00000000        0x0 linker stubs
 *(.glue_7)
 .glue_7        0x00000000        0x0 linker stubs
 *(.vfp11_veneer)
 .vfp11_veneer  0x00000000        0x0 linker stubs
 *(.rodata .rodata.* .gnu.linkonce.r.*)
 .rodata.LSM_330_ACCEL_FIFO_config
                0x0800a778        0x1 Sensors/amb_sensors.o
                0x0800a778                LSM_330_ACCEL_FIFO_config
 .rodata.LSM_330_GYRO_config
                0x0800a779        0x5 Sensors/amb_sensors.o
                0x0800a779                LSM_330_GYRO_config
 .rodata.HMC_config
                0x0800a77e        0x3 Sensors/amb_sensors.o
                0x0800a77e                HMC_config
 .rodata.ADXL_config
                0x0800a781        0x6 Sensors/amb_sensors.o
                0x0800a781                ADXL_config
 .rodata.LSM_330_GYRO_FIFO_config
                0x0800a787        0x1 Sensors/amb_sensors.o
                0x0800a787                LSM_330_GYRO_FIFO_config
 .rodata.LSM_330_ACCEL_config
                0x0800a788        0x6 Sensors/amb_sensors.o
                0x0800a788                LSM_330_ACCEL_config
 .rodata.ITG3200_config
                0x0800a78e        0x3 Sensors/amb_sensors.o
                0x0800a78e                ITG3200_config
 .rodata.MASS_StringLangID
                0x0800a791        0x4 Util/USB/usb_desc.o
                0x0800a791                MASS_StringLangID
 .rodata.MASS_ConfigDescriptor
                0x0800a795       0x20 Util/USB/usb_desc.o
                0x0800a795                MASS_ConfigDescriptor
 .rodata.MASS_StringProduct
                0x0800a7b5       0x2e Util/USB/usb_desc.o
                0x0800a7b5                MASS_StringProduct
 .rodata.MASS_DeviceDescriptor
                0x0800a7e3       0x12 Util/USB/usb_desc.o
                0x0800a7e3                MASS_DeviceDescriptor
 .rodata.MASS_StringInterface
                0x0800a7f5       0x10 Util/USB/usb_desc.o
                0x0800a7f5                MASS_StringInterface
 .rodata.MASS_StringVendor
                0x0800a805       0x32 Util/USB/usb_desc.o
                0x0800a805                MASS_StringVendor
 *fill*         0x0800a837        0x1 00
 .rodata.tbl_upper.4124
                0x0800a838      0x1e0 Util/fat_fs/option/cc932.o
 .rodata.uni2sjis
                0x0800aa18     0x7378 Util/fat_fs/option/cc932.o
 .rodata.tbl_lower.4123
                0x08011d90      0x1e0 Util/fat_fs/option/cc932.o
 .rodata.str1.1
                0x08011f70       0x10 Util/fat_fs/src/ff.o
 .rodata.LfnOfs
                0x08011f80        0xd Util/fat_fs/src/ff.o
 .rodata.DaysInMonth
                0x08011f8d        0xc Util/fat_fs/src/rtc.o
 *fill*         0x08011f99        0x3 00
 .rodata.filter_taps
                0x08011f9c      0x17c Util/filter_1350.o
 .rodata.filter_taps
                0x08012118       0x74 Util/filter_380.o
 .rodata.str1.1
                0x0801218c        0x6 Util/rprintf.o
 *fill*         0x08012192        0x2 00
 .rodata.SystemFrequency
                0x08012194        0x4 lib/CMSIS_CM3/system_stm32f10x.o
                0x08012194                SystemFrequency
 .rodata.str1.1
                0x08012198      0x1c5 main.o
                                0x1c7 (size before relaxing)
 .rodata.str1.1
                0x0801235d       0x26 pwr.o
 *fill*         0x08012383        0x1 00
 .rodata.str1.4
                0x08012384        0x4 /home/laurence/CodeSourcery/Sourcery_G++_Lite/bin/../lib/gcc/arm-none-eabi/4.5.2/../../../../arm-none-eabi/lib/thumb2/libc.a(lib_a-impure.o)
 *(.ARM.extab* .gnu.linkonce.armextab.*)
 *(.gcc_except_table)
 *(.eh_frame_hdr)
 *(.eh_frame)
                0x08012388                . = ALIGN (0x4)
 *(.init)
 .init          0x08012388        0x4 /home/laurence/CodeSourcery/Sourcery_G++_Lite/bin/../lib/gcc/arm-none-eabi/4.5.2/thumb2/crti.o
                0x08012388                _init
 .init          0x0801238c        0x8 /home/laurence/CodeSourcery/Sourcery_G++_Lite/bin/../lib/gcc/arm-none-eabi/4.5.2/thumb2/crtn.o
                0x08012394                . = ALIGN (0x4)
                0x08012394                _sidata = .
                0x08012394                __preinit_array_start = .
 *(.preinit_array)
                0x08012394                __preinit_array_end = .
                0x08012394                . = ALIGN (0x4)
                0x08012394                __init_array_start = .
 *(SORT(.init_array.*))
 *(.init_array)
 .init_array    0x08012394        0x4 /home/laurence/CodeSourcery/Sourcery_G++_Lite/bin/../lib/gcc/arm-none-eabi/4.5.2/thumb2/crtbegin.o
                0x08012398                __init_array_end = .
                0x08012398                . = ALIGN (0x4)
 *crtbegin.o(.ctors)
 *(EXCLUDE_FILE(*crtend.o) .ctors)
 *(SORT(.ctors.*))
 *crtend.o(.ctors)
                0x08012398                . = ALIGN (0x4)
 *(.fini)
 .fini          0x08012398        0x4 /home/laurence/CodeSourcery/Sourcery_G++_Lite/bin/../lib/gcc/arm-none-eabi/4.5.2/thumb2/crti.o
                0x08012398                _fini
 .fini          0x0801239c        0x8 /home/laurence/CodeSourcery/Sourcery_G++_Lite/bin/../lib/gcc/arm-none-eabi/4.5.2/thumb2/crtn.o
                0x080123a4                . = ALIGN (0x4)
                0x080123a4                __fini_array_start = .
 *(.fini_array)
 .fini_array    0x080123a4        0x4 /home/laurence/CodeSourcery/Sourcery_G++_Lite/bin/../lib/gcc/arm-none-eabi/4.5.2/thumb2/crtbegin.o
 *(SORT(.fini_array.*))
                0x080123a8                __fini_array_end = .
 *crtbegin.o(.dtors)
 *(EXCLUDE_FILE(*crtend.o) .dtors)
 *(SORT(.dtors.*))
 *crtend.o(.dtors)
                0x080123a8                . = ALIGN (0x4)
                0x080123a8                __cs3_regions = .
                0x080123a8        0x4 LONG 0x0
                0x080123ac        0x4 LONG 0x80123c0 __cs3_region_init_ram
                0x080123b0        0x4 LONG 0x20000000 __cs3_region_start_ram
                0x080123b4        0x4 LONG 0x6f8 __cs3_region_init_size_ram
                0x080123b8        0x4 LONG 0x1670 __cs3_region_zero_size_ram
                0x080123bc                __exidx_start = .

.v4_bx          0x080123bc        0x0
 .v4_bx         0x00000000        0x0 linker stubs

.ARM.exidx
 *(.ARM.exidx* .gnu.linkonce.armexidx.*)
                0x080123bc                __exidx_end = .

.text.align     0x080123bc        0x4
                0x080123c0                . = ALIGN (0x8)
 *fill*         0x080123bc        0x4 00
                0x080123c0                _etext = .
                0x08020000                __cs3_region_end_rom = (__cs3_region_start_rom + 0x20000)
                0x00020000                __cs3_region_size_rom = 0x20000
                0x00000001                __cs3_region_num = 0x1

.data           0x20000000      0x6f8 load address 0x080123c0
                0x20000000                __cs3_region_start_ram = .
                0x20000000                _sdata = .
 *(.cs3.region-head.ram)
 *(.jcr)
 .jcr           0x20000000        0x0 /home/laurence/CodeSourcery/Sourcery_G++_Lite/bin/../lib/gcc/arm-none-eabi/4.5.2/thumb2/crtbegin.o
 .jcr           0x20000000        0x4 /home/laurence/CodeSourcery/Sourcery_G++_Lite/bin/../lib/gcc/arm-none-eabi/4.5.2/thumb2/crtend.o
 *(.got.plt)
 *(.got)
 *(.shdata)
 *(.data .data.* .gnu.linkonce.d.*)
 .data.I2C_jobs
                0x20000004       0x78 Sensors/amb_sensors.o
                0x20000004                I2C_jobs
 .data.Mode_Sense10_data
                0x2000007c        0x8 Util/USB/scsi_data.o
                0x2000007c                Mode_Sense10_data
 .data.Mode_Sense6_data
                0x20000084        0x4 Util/USB/scsi_data.o
                0x20000084                Mode_Sense6_data
 .data.Scsi_Sense_Data
                0x20000088       0x12 Util/USB/scsi_data.o
                0x20000088                Scsi_Sense_Data
 .data.ReadFormatCapacity_Data
                0x2000009a        0xc Util/USB/scsi_data.o
                0x2000009a                ReadFormatCapacity_Data
 .data.Standard_Inquiry_Data2
                0x200000a6       0x24 Util/USB/scsi_data.o
                0x200000a6                Standard_Inquiry_Data2
 .data.Standard_Inquiry_Data
                0x200000ca       0x24 Util/USB/scsi_data.o
                0x200000ca                Standard_Inquiry_Data
 .data.MASS_StringSerial
                0x200000ee       0x1a Util/USB/usb_desc.o
                0x200000ee                MASS_StringSerial
 .data.pEpInt_IN
                0x20000108       0x1c Util/USB/usb_istr.o
                0x20000108                pEpInt_IN
 .data.pEpInt_OUT
                0x20000124       0x1c Util/USB/usb_istr.o
                0x20000124                pEpInt_OUT
 .data.Config_Descriptor
                0x20000140        0x8 Util/USB/usb_prop.o
                0x20000140                Config_Descriptor
 .data.Device_Property
                0x20000148       0x30 Util/USB/usb_prop.o
                0x20000148                Device_Property
 .data.User_Standard_Requests
                0x20000178       0x24 Util/USB/usb_prop.o
                0x20000178                User_Standard_Requests
 .data.Device_Descriptor
                0x2000019c        0x8 Util/USB/usb_prop.o
                0x2000019c                Device_Descriptor
 .data.String_Descriptor
                0x200001a4       0x28 Util/USB/usb_prop.o
                0x200001a4                String_Descriptor
 .data.Device_Table
                0x200001cc        0x2 Util/USB/usb_prop.o
                0x200001cc                Device_Table
 .data.fSuspendEnabled
                0x200001ce        0x1 Util/USB/usb_pwr.o
                0x200001ce                fSuspendEnabled
 *fill*         0x200001cf        0x1 00
 .data.rw_workbyte.7768
                0x200001d0        0x2 Util/fat_fs/src/sd_spi_stm32.o
 .data.Stat     0x200001d2        0x1 Util/fat_fs/src/sd_spi_stm32.o
 .data          0x200001d3       0x14 lib/STM32F10x_StdPeriph_Driver/libstm32fw.a(stm32f10x_rcc.o)
 *fill*         0x200001e7        0x1 00
 .data          0x200001e8      0x410 /home/laurence/CodeSourcery/Sourcery_G++_Lite/bin/../lib/gcc/arm-none-eabi/4.5.2/../../../../arm-none-eabi/lib/thumb2/libc.a(lib_a-mallocr.o)
                0x200001e8                __malloc_av_
                0x200005f0                __malloc_sbrk_base
                0x200005f4                __malloc_trim_threshold
 .data          0x200005f8       0xf4 /home/laurence/CodeSourcery/Sourcery_G++_Lite/bin/../lib/gcc/arm-none-eabi/4.5.2/../../../../arm-none-eabi/lib/thumb2/libc.a(lib_a-impure.o)
                0x200005f8                _impure_ptr
 .data          0x200006ec        0x4 /home/laurence/CodeSourcery/Sourcery_G++_Lite/bin/../lib/gcc/arm-none-eabi/4.5.2/../../../../arm-none-eabi/lib/thumb2/libcs3unhosted.a(unhosted-sbrk.o)
 .data          0x200006f0        0x4 /home/laurence/CodeSourcery/Sourcery_G++_Lite/bin/../lib/gcc/arm-none-eabi/4.5.2/../../../../arm-none-eabi/lib/thumb2/libcs3.a(heap.o)
                0x200006f0                __cs3_heap_limit
 *(.ram)
                0x200006f8                . = ALIGN (0x8)
 *fill*         0x200006f4        0x4 00
                0x200006f8                _edata = .

.bss            0x200006f8     0x1670 load address 0x08012ab8
                0x200006f8                _sbss = .
 *(.shbss)
 *(.bss .bss.* .gnu.linkonce.b.*)
 .bss           0x200006f8        0x1 /home/laurence/CodeSourcery/Sourcery_G++_Lite/bin/../lib/gcc/arm-none-eabi/4.5.2/thumb2/crtbegin.o
 .bss.Rawdata   0x200006f9       0x40 Sensors/amb_sensors.o
                0x200006f9                Rawdata
 .bss.LSM330_Gyro_Reads
                0x20000739        0x1 Sensors/amb_sensors.o
                0x20000739                LSM330_Gyro_Reads
 *fill*         0x2000073a        0x2 00
 .bss.LSM330_Accel_Filter
                0x2000073c      0x480 Sensors/amb_sensors.o
                0x2000073c                LSM330_Accel_Filter
 .bss.LSM330_Gyro_Filter
                0x20000bbc      0x480 Sensors/amb_sensors.o
                0x20000bbc                LSM330_Gyro_Filter
 .bss.LSM330_Accel_Reads
                0x2000103c        0x1 Sensors/amb_sensors.o
                0x2000103c                LSM330_Accel_Reads
 *fill*         0x2000103d        0x3 00
 .bss.Data_Buffer
                0x20001040        0x4 Util/USB/mass_mal.o
                0x20001040                Data_Buffer
 .bss.Mass_Block_Size
                0x20001044        0x8 Util/USB/mass_mal.o
                0x20001044                Mass_Block_Size
 .bss.Status    0x2000104c        0x4 Util/USB/mass_mal.o
                0x2000104c                Status
 .bss.Mass_Memory_Size
                0x20001050        0x8 Util/USB/mass_mal.o
                0x20001050                Mass_Memory_Size
 .bss.Mass_Block_Count
                0x20001058        0x8 Util/USB/mass_mal.o
                0x20001058                Mass_Block_Count
 .bss.Block_offset
                0x20001060        0x4 Util/USB/memory.o
                0x20001060                Block_offset
 .bss.Counter   0x20001064        0x4 Util/USB/memory.o
                0x20001064                Counter
 .bss.Used_CMD18.7831
                0x20001068        0x1 Util/USB/memory.o
 *fill*         0x20001069        0x3 00
 .bss.W_Length.7843
                0x2000106c        0x4 Util/USB/memory.o
 .bss.W_Offset.7842
                0x20001070        0x4 Util/USB/memory.o
 .bss.Idx       0x20001074        0x4 Util/USB/memory.o
                0x20001074                Idx
 .bss.Length.7830
                0x20001078        0x4 Util/USB/memory.o
 .bss.TransferState
                0x2000107c        0x1 Util/USB/memory.o
                0x2000107c                TransferState
 .bss.ReadCapacity10_Data
                0x2000107d        0x8 Util/USB/scsi_data.o
                0x2000107d                ReadCapacity10_Data
 .bss.Page00_Inquiry_Data
                0x20001085        0x5 Util/USB/scsi_data.o
                0x20001085                Page00_Inquiry_Data
 .bss.Data_Len  0x2000108a        0x2 Util/USB/usb_bot.o
                0x2000108a                Data_Len
 .bss.CBW       0x2000108c       0x20 Util/USB/usb_bot.o
                0x2000108c                CBW
 .bss.Bot_State
                0x200010ac        0x1 Util/USB/usb_bot.o
                0x200010ac                Bot_State
 *fill*         0x200010ad        0x3 00
 .bss.SCSI_BlkLen
                0x200010b0        0x4 Util/USB/usb_bot.o
                0x200010b0                SCSI_BlkLen
 .bss.Bulk_Data_Buff
                0x200010b4       0x40 Util/USB/usb_bot.o
                0x200010b4                Bulk_Data_Buff
 .bss.SCSI_LBA  0x200010f4        0x4 Util/USB/usb_bot.o
                0x200010f4                SCSI_LBA
 .bss.CSW       0x200010f8       0x10 Util/USB/usb_bot.o
                0x200010f8                CSW
 .bss.bIntPackSOF
                0x20001108        0x1 Util/USB/usb_istr.o
                0x20001108                bIntPackSOF
 *fill*         0x20001109        0x1 00
 .bss.wIstr     0x2000110a        0x2 Util/USB/usb_istr.o
                0x2000110a                wIstr
 .bss.Max_Lun   0x2000110c        0x4 Util/USB/usb_prop.o
                0x2000110c                Max_Lun
 .bss.ResumeS   0x20001110        0x2 Util/USB/usb_pwr.o
                0x20001110                ResumeS
 *fill*         0x20001112        0x2 00
 .bss.bDeviceState
                0x20001114        0x4 Util/USB/usb_pwr.o
                0x20001114                bDeviceState
 .bss.CurrVol   0x20001118        0x1 Util/fat_fs/src/ff.o
 *fill*         0x20001119        0x1 00
 .bss.Fsid      0x2000111a        0x2 Util/fat_fs/src/ff.o
 .bss.FatFs     0x2000111c        0x4 Util/fat_fs/src/ff.o
 .bss.Timer1    0x20001120        0x4 Util/fat_fs/src/sd_spi_stm32.o
 .bss.Timer2    0x20001124        0x4 Util/fat_fs/src/sd_spi_stm32.o
 .bss.CardType  0x20001128        0x1 Util/fat_fs/src/sd_spi_stm32.o
 .bss.Sd_Spi_Called_From_USB_MSC
                0x20001129        0x1 Util/fat_fs/src/sd_spi_stm32.o
                0x20001129                Sd_Spi_Called_From_USB_MSC
 *fill*         0x2000112a        0x2 00
 .bss.pv.7891   0x2000112c        0x4 Util/fat_fs/src/sd_spi_stm32.o
 .bss.rputchar  0x20001130        0x4 Util/rprintf.o
 .bss.buf       0x20001134       0x80 Util/rprintf.o
 .bss.bootsource
                0x200011b4        0x1 gpio.o
                0x200011b4                bootsource
 *fill*         0x200011b5        0x3 00
 .bss.Completed_Jobs
                0x200011b8        0x4 i2c_int.o
                0x200011b8                Completed_Jobs
 .bss.job       0x200011bc        0x1 i2c_int.o
                0x200011bc                job
 .bss.index.7037
                0x200011bd        0x1 i2c_int.o
 .bss.subaddress_sent.7035
                0x200011be        0x1 i2c_int.o
 .bss.final_stop.7036
                0x200011bf        0x1 i2c_int.o
 .bss.Jobs      0x200011c0        0x4 i2c_int.o
                0x200011c0                Jobs
 .bss.I2C1error
                0x200011c4        0x2 i2c_int.o
                0x200011c4                I2C1error
 .bss.old_acc_samples.8110
                0x200011c6        0x1 interrupts.o
 .bss.gyro_samples.8111
                0x200011c7        0x1 interrupts.o
 .bss.Last_Button_Press.8106
                0x200011c8        0x4 interrupts.o
 .bss.Battery_Voltage
                0x200011cc        0x4 interrupts.o
                0x200011cc                Battery_Voltage
 .bss.System_state_counter.8107
                0x200011d0        0x1 interrupts.o
 .bss.old_gyro_samples.8112
                0x200011d1        0x1 interrupts.o
 .bss.Button_hold_tim
                0x200011d2        0x1 interrupts.o
                0x200011d2                Button_hold_tim
 .bss.acc_samples.8109
                0x200011d3        0x1 interrupts.o
 .bss.FATFS_Obj
                0x200011d4      0x234 main.o
 .bss.Millis    0x20001408        0x4 main.o
                0x20001408                Millis
 .bss.f_err_code
                0x2000140c        0x1 main.o
                0x2000140c                f_err_code
 *fill*         0x2000140d        0x3 00
 .bss.forehead_buffer
                0x20001410       0x54 main.o
                0x20001410                forehead_buffer
 .bss.print_string
                0x20001464      0x100 main.o
                0x20001464                print_string
 .bss.sfe_sensor_buffers
                0x20001564       0xf0 main.o
                0x20001564                sfe_sensor_buffers
 .bss.Sensors   0x20001654        0x1 main.o
                0x20001654                Sensors
 .bss.file_opened
                0x20001655        0x1 main.o
                0x20001655                file_opened
 *fill*         0x20001656        0x2 00
 .bss.FATFS_info
                0x20001658       0x20 main.o
                0x20001658                FATFS_info
 .bss.FATFS_wavfile_gyro
                0x20001678      0x224 main.o
                0x20001678                FATFS_wavfile_gyro
 .bss.FATFS_wavfile_accel
                0x2000189c      0x224 main.o
                0x2000189c                FATFS_wavfile_accel
 .bss.a         0x20001ac0        0x4 main.o
                0x20001ac0                a
 .bss.FATFS_logfile
                0x20001ac4      0x224 main.o
                0x20001ac4                FATFS_logfile
 .bss.Sensor_Cable
                0x20001ce8        0x1 main.o
                0x20001ce8                Sensor_Cable
 *fill*         0x20001ce9        0x3 00
 .bss.battery_voltage
                0x20001cec        0x4 main.o
                0x20001cec                battery_voltage
 .bss.System_state_Global
                0x20001cf0        0x1 main.o
                0x20001cf0                System_state_Global
 .bss           0x20001cf1        0x1 lib/STM32_USB-FS-Device_Driver/libstm32usb.a(usb_core.o)
                0x20001cf1                Data_Mul_MaxPacketSize
 *fill*         0x20001cf2        0x2 00
 .bss           0x20001cf4       0x34 /home/laurence/CodeSourcery/Sourcery_G++_Lite/bin/../lib/gcc/arm-none-eabi/4.5.2/../../../../arm-none-eabi/lib/thumb2/libc.a(lib_a-mallocr.o)
                0x20001cf4                __malloc_top_pad
                0x20001cf8                __malloc_current_mallinfo
                0x20001d20                __malloc_max_sbrked_mem
                0x20001d24                __malloc_max_total_mem
 *(COMMON)
 COMMON         0x20001d28        0x2 lib/STM32_USB-FS-Device_Driver/libstm32usb.a(usb_core.o)
                0x20001d28                StatusInfo
 *fill*         0x20001d2a        0x2 00
 COMMON         0x20001d2c       0x32 lib/STM32_USB-FS-Device_Driver/libstm32usb.a(usb_init.o)
                0x20001d2c                SaveState
                0x20001d30                pProperty
                0x20001d34                EPindex
                0x20001d38                Device_Info
                0x20001d54                pUser_Standard_Requests
                0x20001d58                pInformation
                0x20001d5c                wInterrupt_Mask
 COMMON         0x20001d5e        0x4 lib/STM32_USB-FS-Device_Driver/libstm32usb.a(usb_int.o)
                0x20001d5e                SaveRState
                0x20001d60                SaveTState
 *fill*         0x20001d62        0x2 00
 COMMON         0x20001d64        0x4 /home/laurence/CodeSourcery/Sourcery_G++_Lite/bin/../lib/gcc/arm-none-eabi/4.5.2/../../../../arm-none-eabi/lib/thumb2/libc.a(lib_a-reent.o)
                0x20001d64                errno
 *(.ram.b)
                0x20001d68                . = ALIGN (0x8)
                0x20001d68                _ebss = .

.noinit         0x20001d68        0x0 load address 0x08012ab8
 *(.noinit)
                0x20001d68                . = ALIGN (0x8)
                0x20001d68                _end = .
                0x20005000                __cs3_region_end_ram = (__cs3_region_start_ram + 0x5000)
                0x00005000                __cs3_region_size_ram = 0x5000
                0x080123c0                __cs3_region_init_ram = LOADADDR (.data)
                0x000006f8                __cs3_region_init_size_ram = (_edata - ADDR (.data))
                0x00001670                __cs3_region_zero_size_ram = (_end - _edata)
                0x00000001                __cs3_region_num = 0x1

.stab
 *(.stab)

.stabstr
 *(.stabstr)

.debug
 *(.debug)

.line
 *(.line)

.debug_srcinfo
 *(.debug_srcinfo)

.debug_sfnames
 *(.debug_sfnames)

.debug_aranges
 *(.debug_aranges)

.debug_pubnames
 *(.debug_pubnames)

.debug_info
 *(.debug_info .gnu.linkonce.wi.*)

.debug_abbrev
 *(.debug_abbrev)

.debug_line
 *(.debug_line)

.comment        0x00000000       0x2a
 .comment       0x00000000       0x2a Sensors/amb_sensors.o
                                 0x2b (size before relaxing)
 .comment       0x00000000       0x2b Sensors/temperature.o
 .comment       0x00000000       0x2b Util/USB/hw_config.o
 .comment       0x00000000       0x2b Util/USB/mass_mal.o
 .comment       0x00000000       0x2b Util/USB/memory.o
 .comment       0x00000000       0x2b Util/USB/scsi_data.o
 .comment       0x00000000       0x2b Util/USB/usb_bot.o
 .comment       0x00000000       0x2b Util/USB/usb_desc.o
 .comment       0x00000000       0x2b Util/USB/usb_endp.o
 .comment       0x00000000       0x2b Util/USB/usb_istr.o
 .comment       0x00000000       0x2b Util/USB/usb_prop.o
 .comment       0x00000000       0x2b Util/USB/usb_pwr.o
 .comment       0x00000000       0x2b Util/USB/usb_scsi.o
 .comment       0x00000000       0x2b Util/buffer.o
 .comment       0x00000000       0x2b Util/delay.o
 .comment       0x00000000       0x2b Util/fat_fs/option/cc932.o
 .comment       0x00000000       0x2b Util/fat_fs/option/syscall.o
 .comment       0x00000000       0x2b Util/fat_fs/src/fattime.o
 .comment       0x00000000       0x2b Util/fat_fs/src/ff.o
 .comment       0x00000000       0x2b Util/fat_fs/src/rtc.o
 .comment       0x00000000       0x2b Util/fat_fs/src/sd_spi_stm32.o
 .comment       0x00000000       0x2b Util/filter_1350.o
 .comment       0x00000000       0x2b Util/filter_380.o
 .comment       0x00000000       0x2b Util/rprintf.o
 .comment       0x00000000       0x2b Util/stm32_eval_spi_sd.o
 .comment       0x00000000       0x2b Util/wave.o
 .comment       0x00000000       0x2b adc.o
 .comment       0x00000000       0x2b gpio.o
 .comment       0x00000000       0x2b i2c_int.o
 .comment       0x00000000       0x2b interrupts.o
 .comment       0x00000000       0x2b lib/CMSIS_CM3/core_cm3.o
 .comment       0x00000000       0x2b lib/CMSIS_CM3/system_stm32f10x.o
 .comment       0x00000000       0x2b main.o
 .comment       0x00000000       0x2b pwr.o
 .comment       0x00000000       0x2b usart.o
 .comment       0x00000000       0x2b watchdog.o
 .comment       0x00000000       0x2b lib/STM32F10x_StdPeriph_Driver/libstm32fw.a(misc.o)
 .comment       0x00000000       0x2b lib/STM32F10x_StdPeriph_Driver/libstm32fw.a(stm32f10x_adc.o)
 .comment       0x00000000       0x2b lib/STM32F10x_StdPeriph_Driver/libstm32fw.a(stm32f10x_bkp.o)
 .comment       0x00000000       0x2b lib/STM32F10x_StdPeriph_Driver/libstm32fw.a(stm32f10x_dbgmcu.o)
 .comment       0x00000000       0x2b lib/STM32F10x_StdPeriph_Driver/libstm32fw.a(stm32f10x_dma.o)
 .comment       0x00000000       0x2b lib/STM32F10x_StdPeriph_Driver/libstm32fw.a(stm32f10x_exti.o)
 .comment       0x00000000       0x2b lib/STM32F10x_StdPeriph_Driver/libstm32fw.a(stm32f10x_gpio.o)
 .comment       0x00000000       0x2b lib/STM32F10x_StdPeriph_Driver/libstm32fw.a(stm32f10x_i2c.o)
 .comment       0x00000000       0x2b lib/STM32F10x_StdPeriph_Driver/libstm32fw.a(stm32f10x_iwdg.o)
 .comment       0x00000000       0x2b lib/STM32F10x_StdPeriph_Driver/libstm32fw.a(stm32f10x_pwr.o)
 .comment       0x00000000       0x2b lib/STM32F10x_StdPeriph_Driver/libstm32fw.a(stm32f10x_rcc.o)
 .comment       0x00000000       0x2b lib/STM32F10x_StdPeriph_Driver/libstm32fw.a(stm32f10x_rtc.o)
 .comment       0x00000000       0x2b lib/STM32F10x_StdPeriph_Driver/libstm32fw.a(stm32f10x_spi.o)
 .comment       0x00000000       0x2b lib/STM32F10x_StdPeriph_Driver/libstm32fw.a(stm32f10x_usart.o)
 .comment       0x00000000       0x2b lib/STM32_USB-FS-Device_Driver/libstm32usb.a(usb_core.o)
 .comment       0x00000000       0x2b lib/STM32_USB-FS-Device_Driver/libstm32usb.a(usb_init.o)
 .comment       0x00000000       0x2b lib/STM32_USB-FS-Device_Driver/libstm32usb.a(usb_int.o)
 .comment       0x00000000       0x2b lib/STM32_USB-FS-Device_Driver/libstm32usb.a(usb_mem.o)
 .comment       0x00000000       0x2b lib/STM32_USB-FS-Device_Driver/libstm32usb.a(usb_regs.o)
 .comment       0x00000000       0x2b lib/STM32_USB-FS-Device_Driver/libstm32usb.a(usb_sil.o)

.debug_frame    0x00000000      0x2f8
 *(.debug_frame)
 .debug_frame   0x00000000       0x30 /home/laurence/CodeSourcery/Sourcery_G++_Lite/bin/../lib/gcc/arm-none-eabi/4.5.2/../../../../arm-none-eabi/lib/thumb2/libc.a(lib_a-malloc.o)
 .debug_frame   0x00000030       0x3c /home/laurence/CodeSourcery/Sourcery_G++_Lite/bin/../lib/gcc/arm-none-eabi/4.5.2/../../../../arm-none-eabi/lib/thumb2/libc.a(lib_a-mallocr.o)
 .debug_frame   0x0000006c       0x2c /home/laurence/CodeSourcery/Sourcery_G++_Lite/bin/../lib/gcc/arm-none-eabi/4.5.2/../../../../arm-none-eabi/lib/thumb2/libc.a(lib_a-memcmp.o)
 .debug_frame   0x00000098       0x2c /home/laurence/CodeSourcery/Sourcery_G++_Lite/bin/../lib/gcc/arm-none-eabi/4.5.2/../../../../arm-none-eabi/lib/thumb2/libc.a(lib_a-memset.o)
 .debug_frame   0x000000c4       0x30 /home/laurence/CodeSourcery/Sourcery_G++_Lite/bin/../lib/gcc/arm-none-eabi/4.5.2/../../../../arm-none-eabi/lib/thumb2/libc.a(lib_a-mlock.o)
 .debug_frame   0x000000f4       0x2c /home/laurence/CodeSourcery/Sourcery_G++_Lite/bin/../lib/gcc/arm-none-eabi/4.5.2/../../../../arm-none-eabi/lib/thumb2/libc.a(lib_a-sbrkr.o)
 .debug_frame   0x00000120       0x2c /home/laurence/CodeSourcery/Sourcery_G++_Lite/bin/../lib/gcc/arm-none-eabi/4.5.2/../../../../arm-none-eabi/lib/thumb2/libc.a(lib_a-strcat.o)
 .debug_frame   0x0000014c       0x20 /home/laurence/CodeSourcery/Sourcery_G++_Lite/bin/../lib/gcc/arm-none-eabi/4.5.2/../../../../arm-none-eabi/lib/thumb2/libc.a(lib_a-strcpy.o)
 .debug_frame   0x0000016c       0x20 /home/laurence/CodeSourcery/Sourcery_G++_Lite/bin/../lib/gcc/arm-none-eabi/4.5.2/../../../../arm-none-eabi/lib/thumb2/libc.a(lib_a-strlen.o)
 .debug_frame   0x0000018c       0x50 /home/laurence/CodeSourcery/Sourcery_G++_Lite/bin/../lib/gcc/arm-none-eabi/4.5.2/../../../../arm-none-eabi/lib/thumb2/libc.a(lib_a-freer.o)
 .debug_frame   0x000001dc       0x68 /home/laurence/CodeSourcery/Sourcery_G++_Lite/bin/../lib/gcc/arm-none-eabi/4.5.2/../../../../arm-none-eabi/lib/thumb2/libc.a(lib_a-reent.o)
 .debug_frame   0x00000244       0x40 /home/laurence/CodeSourcery/Sourcery_G++_Lite/bin/../lib/gcc/arm-none-eabi/4.5.2/../../../../arm-none-eabi/lib/thumb2/libcs3.a(start_c.o)
 .debug_frame   0x00000284       0x28 /home/laurence/CodeSourcery/Sourcery_G++_Lite/bin/../lib/gcc/arm-none-eabi/4.5.2/../../../../arm-none-eabi/lib/thumb2/libcs3unhosted.a(unhosted-sbrk.o)
 .debug_frame   0x000002ac       0x20 /home/laurence/CodeSourcery/Sourcery_G++_Lite/bin/../lib/gcc/arm-none-eabi/4.5.2/../../../../arm-none-eabi/lib/thumb2/libc.a(lib_a-errno.o)
 .debug_frame   0x000002cc       0x2c /home/laurence/CodeSourcery/Sourcery_G++_Lite/bin/../lib/gcc/arm-none-eabi/4.5.2/../../../../arm-none-eabi/lib/thumb2/libc.a(lib_a-init.o)

.debug_str
 *(.debug_str)

.debug_loc
 *(.debug_loc)

.debug_macinfo
 *(.debug_macinfo)

.debug_weaknames
 *(.debug_weaknames)

.debug_funcnames
 *(.debug_funcnames)

.debug_typenames
 *(.debug_typenames)

.debug_varnames
 *(.debug_varnames)

.note.gnu.arm.ident
 *(.note.gnu.arm.ident)

.ARM.attributes
                0x00000000       0x25
 *(.ARM.attributes)
 .ARM.attributes
                0x00000000       0x19 /home/laurence/CodeSourcery/Sourcery_G++_Lite/bin/../lib/gcc/arm-none-eabi/4.5.2/thumb2/crti.o
 .ARM.attributes
                0x00000019       0x29 /home/laurence/CodeSourcery/Sourcery_G++_Lite/bin/../lib/gcc/arm-none-eabi/4.5.2/thumb2/crtbegin.o
 .ARM.attributes
                0x00000042       0x31 Sensors/amb_sensors.o
 .ARM.attributes
                0x00000073       0x31 Sensors/temperature.o
 .ARM.attributes
                0x000000a4       0x31 Util/USB/hw_config.o
 .ARM.attributes
                0x000000d5       0x31 Util/USB/mass_mal.o
 .ARM.attributes
                0x00000106       0x31 Util/USB/memory.o
 .ARM.attributes
                0x00000137       0x31 Util/USB/scsi_data.o
 .ARM.attributes
                0x00000168       0x31 Util/USB/usb_bot.o
 .ARM.attributes
                0x00000199       0x31 Util/USB/usb_desc.o
 .ARM.attributes
                0x000001ca       0x31 Util/USB/usb_endp.o
 .ARM.attributes
                0x000001fb       0x31 Util/USB/usb_istr.o
 .ARM.attributes
                0x0000022c       0x31 Util/USB/usb_prop.o
 .ARM.attributes
                0x0000025d       0x31 Util/USB/usb_pwr.o
 .ARM.attributes
                0x0000028e       0x31 Util/USB/usb_scsi.o
 .ARM.attributes
                0x000002bf       0x31 Util/buffer.o
 .ARM.attributes
                0x000002f0       0x31 Util/delay.o
 .ARM.attributes
                0x00000321       0x31 Util/fat_fs/option/cc932.o
 .ARM.attributes
                0x00000352       0x31 Util/fat_fs/option/syscall.o
 .ARM.attributes
                0x00000383       0x31 Util/fat_fs/src/fattime.o
 .ARM.attributes
                0x000003b4       0x31 Util/fat_fs/src/ff.o
 .ARM.attributes
                0x000003e5       0x31 Util/fat_fs/src/rtc.o
 .ARM.attributes
                0x00000416       0x31 Util/fat_fs/src/sd_spi_stm32.o
 .ARM.attributes
                0x00000447       0x31 Util/filter_1350.o
 .ARM.attributes
                0x00000478       0x31 Util/filter_380.o
 .ARM.attributes
                0x000004a9       0x31 Util/rprintf.o
 .ARM.attributes
                0x000004da       0x31 Util/stm32_eval_spi_sd.o
 .ARM.attributes
                0x0000050b       0x31 Util/wave.o
 .ARM.attributes
                0x0000053c       0x31 adc.o
 .ARM.attributes
                0x0000056d       0x31 gpio.o
 .ARM.attributes
                0x0000059e       0x31 i2c_int.o
 .ARM.attributes
                0x000005cf       0x31 interrupts.o
 .ARM.attributes
                0x00000600       0x31 lib/CMSIS_CM3/core_cm3.o
 .ARM.attributes
                0x00000631       0x21 lib/CMSIS_CM3/startup/gcc/startup_stm32f10x_md.o
 .ARM.attributes
                0x00000652       0x31 lib/CMSIS_CM3/system_stm32f10x.o
 .ARM.attributes
                0x00000683       0x31 main.o
 .ARM.attributes
                0x000006b4       0x31 pwr.o
 .ARM.attributes
                0x000006e5       0x31 usart.o
 .ARM.attributes
                0x00000716       0x31 watchdog.o
 .ARM.attributes
                0x00000747       0x31 lib/STM32F10x_StdPeriph_Driver/libstm32fw.a(misc.o)
 .ARM.attributes
                0x00000778       0x31 lib/STM32F10x_StdPeriph_Driver/libstm32fw.a(stm32f10x_adc.o)
 .ARM.attributes
                0x000007a9       0x31 lib/STM32F10x_StdPeriph_Driver/libstm32fw.a(stm32f10x_bkp.o)
 .ARM.attributes
                0x000007da       0x31 lib/STM32F10x_StdPeriph_Driver/libstm32fw.a(stm32f10x_dbgmcu.o)
 .ARM.attributes
                0x0000080b       0x31 lib/STM32F10x_StdPeriph_Driver/libstm32fw.a(stm32f10x_dma.o)
 .ARM.attributes
                0x0000083c       0x31 lib/STM32F10x_StdPeriph_Driver/libstm32fw.a(stm32f10x_exti.o)
 .ARM.attributes
                0x0000086d       0x31 lib/STM32F10x_StdPeriph_Driver/libstm32fw.a(stm32f10x_gpio.o)
 .ARM.attributes
                0x0000089e       0x31 lib/STM32F10x_StdPeriph_Driver/libstm32fw.a(stm32f10x_i2c.o)
 .ARM.attributes
                0x000008cf       0x31 lib/STM32F10x_StdPeriph_Driver/libstm32fw.a(stm32f10x_iwdg.o)
 .ARM.attributes
                0x00000900       0x31 lib/STM32F10x_StdPeriph_Driver/libstm32fw.a(stm32f10x_pwr.o)
 .ARM.attributes
                0x00000931       0x31 lib/STM32F10x_StdPeriph_Driver/libstm32fw.a(stm32f10x_rcc.o)
 .ARM.attributes