Archive member included because of file (symbol)

lib/STM32F10x_StdPeriph_Driver/libstm32fw.a(misc.o)
                              interrupts.o (NVIC_PriorityGroupConfig)
lib/STM32F10x_StdPeriph_Driver/libstm32fw.a(stm32f10x_adc.o)
                              adc.o (ADC_DeInit)
lib/STM32F10x_StdPeriph_Driver/libstm32fw.a(stm32f10x_bkp.o)
                              Util/fat_fs/src/rtc.o (BKP_DeInit)
lib/STM32F10x_StdPeriph_Driver/libstm32fw.a(stm32f10x_dbgmcu.o)
                              main.o (DBGMCU_Config)
lib/STM32F10x_StdPeriph_Driver/libstm32fw.a(stm32f10x_dma.o)
                              Util/fat_fs/src/sd_spi_stm32.o (DMA_DeInit)
lib/STM32F10x_StdPeriph_Driver/libstm32fw.a(stm32f10x_exti.o)
                              interrupts.o (EXTI_DeInit)
lib/STM32F10x_StdPeriph_Driver/libstm32fw.a(stm32f10x_gpio.o)
                              Util/fat_fs/src/sd_spi_stm32.o (GPIO_Init)
lib/STM32F10x_StdPeriph_Driver/libstm32fw.a(stm32f10x_i2c.o)
                              i2c_int.o (I2C_DeInit)
lib/STM32F10x_StdPeriph_Driver/libstm32fw.a(stm32f10x_iwdg.o)
                              watchdog.o (IWDG_WriteAccessCmd)
lib/STM32F10x_StdPeriph_Driver/libstm32fw.a(stm32f10x_pwr.o)
                              pwr.o (PWR_DeInit)
lib/STM32F10x_StdPeriph_Driver/libstm32fw.a(stm32f10x_rcc.o)
                              interrupts.o (RCC_HCLKConfig)
lib/STM32F10x_StdPeriph_Driver/libstm32fw.a(stm32f10x_rtc.o)
                              Util/fat_fs/src/rtc.o (RTC_GetCounter)
lib/STM32F10x_StdPeriph_Driver/libstm32fw.a(stm32f10x_spi.o)
                              Util/fat_fs/src/sd_spi_stm32.o (SPI_I2S_DeInit)
lib/STM32F10x_StdPeriph_Driver/libstm32fw.a(stm32f10x_usart.o)
                              usart.o (USART_Init)
lib/STM32_USB-FS-Device_Driver/libstm32usb.a(usb_core.o)
                              Util/USB/usb_prop.o (Standard_GetDescriptorData)
lib/STM32_USB-FS-Device_Driver/libstm32usb.a(usb_init.o)
                              main.o (USB_Init)
lib/STM32_USB-FS-Device_Driver/libstm32usb.a(usb_int.o)
                              Util/USB/usb_istr.o (CTR_LP)
lib/STM32_USB-FS-Device_Driver/libstm32usb.a(usb_mem.o)
                              lib/STM32_USB-FS-Device_Driver/libstm32usb.a(usb_core.o) (UserToPMABufferCopy)
lib/STM32_USB-FS-Device_Driver/libstm32usb.a(usb_regs.o)
                              Util/USB/usb_prop.o (SetBTABLE)
lib/STM32_USB-FS-Device_Driver/libstm32usb.a(usb_sil.o)
                              Util/USB/usb_prop.o (USB_SIL_Init)
/home/laurence/CodeSourcery/Sourcery_G++_Lite/bin/../lib/gcc/arm-none-eabi/4.5.2/thumb2/libgcc.a(_arm_addsubdf3.o)
                              main.o (__aeabi_dsub)
/home/laurence/CodeSourcery/Sourcery_G++_Lite/bin/../lib/gcc/arm-none-eabi/4.5.2/thumb2/libgcc.a(_arm_muldivdf3.o)
                              main.o (__aeabi_ddiv)
/home/laurence/CodeSourcery/Sourcery_G++_Lite/bin/../lib/gcc/arm-none-eabi/4.5.2/thumb2/libgcc.a(_arm_cmpdf2.o)
                              main.o (__aeabi_dcmpgt)
/home/laurence/CodeSourcery/Sourcery_G++_Lite/bin/../lib/gcc/arm-none-eabi/4.5.2/thumb2/libgcc.a(_arm_truncdfsf2.o)
                              Util/rprintf.o (__aeabi_d2f)
/home/laurence/CodeSourcery/Sourcery_G++_Lite/bin/../lib/gcc/arm-none-eabi/4.5.2/thumb2/libgcc.a(_arm_addsubsf3.o)
                              Sensors/temperature.o (__aeabi_fsub)
/home/laurence/CodeSourcery/Sourcery_G++_Lite/bin/../lib/gcc/arm-none-eabi/4.5.2/thumb2/libgcc.a(_arm_muldivsf3.o)
                              Sensors/temperature.o (__aeabi_fmul)
/home/laurence/CodeSourcery/Sourcery_G++_Lite/bin/../lib/gcc/arm-none-eabi/4.5.2/thumb2/libgcc.a(_arm_cmpsf2.o)
                              Util/rprintf.o (__aeabi_fcmpeq)
/home/laurence/CodeSourcery/Sourcery_G++_Lite/bin/../lib/gcc/arm-none-eabi/4.5.2/thumb2/libgcc.a(_arm_fixunssfsi.o)
                              Util/rprintf.o (__aeabi_f2uiz)
/home/laurence/CodeSourcery/Sourcery_G++_Lite/bin/../lib/gcc/arm-none-eabi/4.5.2/../../../../arm-none-eabi/lib/thumb2/libc.a(lib_a-abs.o)
                              main.o (abs)
/home/laurence/CodeSourcery/Sourcery_G++_Lite/bin/../lib/gcc/arm-none-eabi/4.5.2/../../../../arm-none-eabi/lib/thumb2/libc.a(lib_a-malloc.o)
                              Util/USB/mass_mal.o (malloc)
/home/laurence/CodeSourcery/Sourcery_G++_Lite/bin/../lib/gcc/arm-none-eabi/4.5.2/../../../../arm-none-eabi/lib/thumb2/libc.a(lib_a-mallocr.o)
                              /home/laurence/CodeSourcery/Sourcery_G++_Lite/bin/../lib/gcc/arm-none-eabi/4.5.2/../../../../arm-none-eabi/lib/thumb2/libc.a(lib_a-malloc.o) (_malloc_r)
/home/laurence/CodeSourcery/Sourcery_G++_Lite/bin/../lib/gcc/arm-none-eabi/4.5.2/../../../../arm-none-eabi/lib/thumb2/libc.a(lib_a-mlock.o)
                              /home/laurence/CodeSourcery/Sourcery_G++_Lite/bin/../lib/gcc/arm-none-eabi/4.5.2/../../../../arm-none-eabi/lib/thumb2/libc.a(lib_a-mallocr.o) (__malloc_lock)
[...]
Memory Configuration

Name             Origin             Length             Attributes
ram              0x20000000         0x00005000         xrw
rom              0x08000000         0x00020000         xr
*default*        0x00000000         0xffffffff

Linker script and memory map

LOAD /home/laurence/CodeSourcery/Sourcery_G++_Lite/bin/../lib/gcc/arm-none-eabi/4.5.2/thumb2/crti.o
LOAD /home/laurence/CodeSourcery/Sourcery_G++_Lite/bin/../lib/gcc/arm-none-eabi/4.5.2/thumb2/crtbegin.o
LOAD Sensors/amb_sensors.o
LOAD Sensors/temperature.o
LOAD Util/USB/hw_config.o
LOAD Util/USB/mass_mal.o
LOAD Util/USB/memory.o
LOAD Util/USB/scsi_data.o
LOAD Util/USB/usb_bot.o
LOAD Util/USB/usb_desc.o
LOAD Util/USB/usb_endp.o
LOAD Util/USB/usb_istr.o
LOAD Util/USB/usb_prop.o
LOAD Util/USB/usb_pwr.o
LOAD Util/USB/usb_scsi.o
LOAD Util/buffer.o
LOAD Util/delay.o
LOAD Util/fat_fs/option/cc932.o
LOAD Util/fat_fs/option/syscall.o
LOAD Util/fat_fs/src/fattime.o
LOAD Util/fat_fs/src/ff.o
LOAD Util/fat_fs/src/rtc.o
LOAD Util/fat_fs/src/sd_spi_stm32.o
LOAD Util/rprintf.o
LOAD Util/stm32_eval_spi_sd.o
LOAD adc.o
LOAD gpio.o
LOAD i2c_int.o
LOAD interrupts.o
LOAD lib/CMSIS_CM3/core_cm3.o
LOAD lib/CMSIS_CM3/startup/gcc/startup_stm32f10x_md.o
LOAD lib/CMSIS_CM3/system_stm32f10x.o
LOAD main.o
LOAD pwr.o
LOAD usart.o
LOAD watchdog.o
LOAD lib/STM32F10x_StdPeriph_Driver/libstm32fw.a
LOAD lib/STM32_USB-FS-Device_Driver/libstm32usb.a
LOAD /home/laurence/CodeSourcery/Sourcery_G++_Lite/bin/../lib/gcc/arm-none-eabi/4.5.2/../../../../arm-none-eabi/lib/thumb2/libm.a
START GROUP
LOAD /home/laurence/CodeSourcery/Sourcery_G++_Lite/bin/../lib/gcc/arm-none-eabi/4.5.2/thumb2/libgcc.a
LOAD /home/laurence/CodeSourcery/Sourcery_G++_Lite/bin/../lib/gcc/arm-none-eabi/4.5.2/../../../../arm-none-eabi/lib/thumb2/libc.a
END GROUP
LOAD /home/laurence/CodeSourcery/Sourcery_G++_Lite/bin/../lib/gcc/arm-none-eabi/4.5.2/thumb2/crtend.o
LOAD /home/laurence/CodeSourcery/Sourcery_G++_Lite/bin/../lib/gcc/arm-none-eabi/4.5.2/thumb2/crtn.o
START GROUP
LOAD /home/laurence/CodeSourcery/Sourcery_G++_Lite/bin/../lib/gcc/arm-none-eabi/4.5.2/thumb2/libgcc.a
LOAD /home/laurence/CodeSourcery/Sourcery_G++_Lite/bin/../lib/gcc/arm-none-eabi/4.5.2/../../../../arm-none-eabi/lib/thumb2/libc.a
LOAD /home/laurence/CodeSourcery/Sourcery_G++_Lite/bin/../lib/gcc/arm-none-eabi/4.5.2/../../../../arm-none-eabi/lib/thumb2/libcs3.a
LOAD /home/laurence/CodeSourcery/Sourcery_G++_Lite/bin/../lib/gcc/arm-none-eabi/4.5.2/../../../../arm-none-eabi/lib/thumb2/libcs3unhosted.a
LOAD lib/libcs3-lanchon-stm32.a
END GROUP
                0x20005000                PROVIDE (__cs3_stack, (__cs3_region_start_ram + __cs3_region_size_ram))
                0x20001008                PROVIDE (__cs3_heap_start, _end)
                0x20005000                PROVIDE (__cs3_heap_end, (__cs3_region_start_ram + __cs3_region_size_ram))

.text           0x08000000    0x11618
 CREATE_OBJECT_SYMBOLS
                0x08000000                __cs3_region_start_rom = .
 *(.cs3.region-head.rom)
                0x08000000                __cs3_interrupt_vector = __cs3_interrupt_vector_lanchon_stm32
 *(.cs3.interrupt_vector)
 .cs3.interrupt_vector
                0x08000000       0xec lib/libcs3-lanchon-stm32.a(lanchon-stm32-vector.o)
                0x08000000                __cs3_interrupt_vector_lanchon_stm32
                0x08000001                ASSERT ((. != __cs3_interrupt_vector_lanchon_stm32), No interrupt vector)
 *(.rom)
 *(.rom.b)
                0x08009c34                PROVIDE (__cs3_reset_lanchon_stm32, _start)
                0x08009c34                __cs3_reset = __cs3_reset_lanchon_stm32
 *(.cs3.reset)
 *(.text .text.* .gnu.linkonce.t.*)
 .text          0x080000ec       0x30 /home/laurence/CodeSourcery/Sourcery_G++_Lite/bin/../lib/gcc/arm-none-eabi/4.5.2/thumb2/crtbegin.o
 .text.Allocate_Sensor_Buffers
                0x0800011c       0x94 Sensors/amb_sensors.o
                0x0800011c                Allocate_Sensor_Buffers
 .text.Configure_I2C_Driver
                0x080001b0       0x20 Sensors/amb_sensors.o
                0x080001b0                Configure_I2C_Driver
 .text.Fill_Sample_Buffers
                0x080001d0       0xe8 Sensors/amb_sensors.o
                0x080001d0                Fill_Sample_Buffers
 .text.IntToUnicode
                0x080002b8       0x24 Util/USB/hw_config.o
 .text.Set_USBClock
                0x080002dc       0x16 Util/USB/hw_config.o
                0x080002dc                Set_USBClock
 *fill*         0x080002f2        0x2 00
 .text.Enter_LowPowerMode
                0x080002f4        0xc Util/USB/hw_config.o
                0x080002f4                Enter_LowPowerMode
 .text.Leave_LowPowerMode
                0x08000300       0x1c Util/USB/hw_config.o
                0x08000300                Leave_LowPowerMode
 .text.USB_Interrupts_Config
                0x0800031c       0x38 Util/USB/hw_config.o
                0x0800031c                USB_Interrupts_Config
 .text.Led_RW_ON
                0x08000354       0x10 Util/USB/hw_config.o
                0x08000354                Led_RW_ON
 .text.Led_RW_OFF
                0x08000364       0x10 Util/USB/hw_config.o
                0x08000364                Led_RW_OFF
 .text.USB_Configured_LED
                0x08000374       0x10 Util/USB/hw_config.o
                0x08000374                USB_Configured_LED
 .text.USB_NotConfigured_LED
                0x08000384       0x10 Util/USB/hw_config.o
                0x08000384                USB_NotConfigured_LED
 .text.USB_Cable_Config
                0x08000394        0x2 Util/USB/hw_config.o
                0x08000394                USB_Cable_Config
 *fill*         0x08000396        0x2 00
 .text.Get_SerialNum
                0x08000398       0x38 Util/USB/hw_config.o
                0x08000398                Get_SerialNum
 .text.MAL_Config
                0x080003d0        0x6 Util/USB/hw_config.o
                0x080003d0                MAL_Config
 .text.Set_System
                0x080003d6        0x4 Util/USB/hw_config.o
                0x080003d6                Set_System
 *fill*         0x080003da        0x2 00
 .text.MAL_Init
                0x080003dc       0x44 Util/USB/mass_mal.o
                0x080003dc                MAL_Init
 .text.MAL_Write
                0x08000420       0x30 Util/USB/mass_mal.o
                0x08000420                MAL_Write
 .text.MAL_Read
                0x08000450       0x28 Util/USB/mass_mal.o
                0x08000450                MAL_Read
 .text.MAL_GetStatus
                0x08000478       0x64 Util/USB/mass_mal.o
                0x08000478                MAL_GetStatus
 .text.Read_Memory
                0x080004dc      0x124 Util/USB/memory.o
                0x080004dc                Read_Memory
 .text.Write_Memory
                0x08000600      0x10c Util/USB/memory.o
                0x08000600                Write_Memory
 .text.Transfer_Data_Request
                0x0800070c       0x34 Util/USB/usb_bot.o
                0x0800070c                Transfer_Data_Request
 .text.Set_CSW  0x08000740       0x3c Util/USB/usb_bot.o
                0x08000740                Set_CSW
 .text.Mass_Storage_In
                0x0800077c       0x5c Util/USB/usb_bot.o
                0x0800077c                Mass_Storage_In
 .text.Bot_Abort
                0x080007d8       0x38 Util/USB/usb_bot.o
                0x080007d8                Bot_Abort
 .text.CBW_Decode
                0x08000810      0x1e4 Util/USB/usb_bot.o
                0x08000810                CBW_Decode
 .text.Mass_Storage_Out
                0x080009f4       0x70 Util/USB/usb_bot.o
                0x080009f4                Mass_Storage_Out
 .text.EP1_IN_Callback
                0x08000a64        0x4 Util/USB/usb_endp.o
                0x08000a64                EP1_IN_Callback
 .text.EP2_OUT_Callback
                0x08000a68        0x4 Util/USB/usb_endp.o
                0x08000a68                EP2_OUT_Callback
 .text.USB_Istr
                0x08000a6c       0xd8 Util/USB/usb_istr.o
                0x08000a6c                USB_Istr
 .text.Mass_Storage_SetDeviceAddress
                0x08000b44        0xc Util/USB/usb_prop.o
                0x08000b44                Mass_Storage_SetDeviceAddress
 .text.MASS_Status_In
                0x08000b50        0x2 Util/USB/usb_prop.o
                0x08000b50                MASS_Status_In
 .text.MASS_Status_Out
                0x08000b52        0x2 Util/USB/usb_prop.o
                0x08000b52                MASS_Status_Out
 .text.MASS_Get_Interface_Setting
                0x08000b54       0x10 Util/USB/usb_prop.o
                0x08000b54                MASS_Get_Interface_Setting
 .text.Get_Max_Lun
                0x08000b64       0x18 Util/USB/usb_prop.o
                0x08000b64                Get_Max_Lun
 .text.MASS_Data_Setup
                0x08000b7c       0x40 Util/USB/usb_prop.o
                0x08000b7c                MASS_Data_Setup
 .text.MASS_GetStringDescriptor
                0x08000bbc       0x20 Util/USB/usb_prop.o
                0x08000bbc                MASS_GetStringDescriptor
 .text.MASS_GetConfigDescriptor
                0x08000bdc        0xc Util/USB/usb_prop.o
                0x08000bdc                MASS_GetConfigDescriptor
 .text.MASS_GetDeviceDescriptor
                0x08000be8        0xc Util/USB/usb_prop.o
                0x08000be8                MASS_GetDeviceDescriptor
 .text.MASS_NoData_Setup
                0x08000bf4       0x50 Util/USB/usb_prop.o
                0x08000bf4                MASS_NoData_Setup
 .text.Mass_Storage_SetConfiguration
                0x08000c44       0x30 Util/USB/usb_prop.o
                0x08000c44                Mass_Storage_SetConfiguration
 .text.Mass_Storage_ClearFeature
                0x08000c74       0x1c Util/USB/usb_prop.o
                0x08000c74                Mass_Storage_ClearFeature
 .text.MASS_Reset
                0x08000c90       0xec Util/USB/usb_prop.o
                0x08000c90                MASS_Reset
 .text.MASS_init
                0x08000d7c       0x24 Util/USB/usb_prop.o
                0x08000d7c                MASS_init
 .text.PowerOn  0x08000da0       0x30 Util/USB/usb_pwr.o
                0x08000da0                PowerOn
 .text.Suspend  0x08000dd0       0x40 Util/USB/usb_pwr.o
                0x08000dd0                Suspend
 .text.Resume_Init
                0x08000e10       0x3c Util/USB/usb_pwr.o
                0x08000e10                Resume_Init
 .text.Resume   0x08000e4c       0x8c Util/USB/usb_pwr.o
                0x08000e4c                Resume
 .text.SCSI_Inquiry_Cmd
                0x08000ed8       0x38 Util/USB/usb_scsi.o
                0x08000ed8                SCSI_Inquiry_Cmd
 .text.SCSI_ModeSense6_Cmd
                0x08000f10        0xc Util/USB/usb_scsi.o
                0x08000f10                SCSI_ModeSense6_Cmd
 .text.SCSI_ModeSense10_Cmd
                0x08000f1c        0xc Util/USB/usb_scsi.o
                0x08000f1c                SCSI_ModeSense10_Cmd
 .text.SCSI_RequestSense_Cmd
                0x08000f28       0x18 Util/USB/usb_scsi.o
                0x08000f28                SCSI_RequestSense_Cmd
 .text.Set_Scsi_Sense_Data
                0x08000f40        0xc Util/USB/usb_scsi.o
                0x08000f40                Set_Scsi_Sense_Data
 .text.SCSI_ReadCapacity10_Cmd
                0x08000f4c       0x70 Util/USB/usb_scsi.o
                0x08000f4c                SCSI_ReadCapacity10_Cmd
 .text.SCSI_ReadFormatCapacity_Cmd
                0x08000fbc       0x68 Util/USB/usb_scsi.o
                0x08000fbc                SCSI_ReadFormatCapacity_Cmd
 .text.SCSI_Start_Stop_Unit_Cmd
                0x08001024        0x8 Util/USB/usb_scsi.o
                0x08001024                SCSI_Start_Stop_Unit_Cmd
 .text.SCSI_Verify10_Cmd
                0x0800102c       0x38 Util/USB/usb_scsi.o
                0x0800102c                SCSI_Verify10_Cmd
 .text.SCSI_TestUnitReady_Cmd
                0x08001064       0x34 Util/USB/usb_scsi.o
                0x08001064                SCSI_TestUnitReady_Cmd
 .text.SCSI_Format_Cmd
                0x08001098       0x16 Util/USB/usb_scsi.o
                0x08001098                SCSI_Format_Cmd
 *fill*         0x080010ae        0x2 00
 .text.SCSI_Invalid_Cmd
                0x080010b0       0x34 Util/USB/usb_scsi.o
                0x080010b0                SCSI_Invalid_Cmd
 .text.SCSI_Address_Management
                0x080010e4       0x70 Util/USB/usb_scsi.o
                0x080010e4                SCSI_Address_Management
 .text.SCSI_Write10_Cmd
                0x08001154       0x70 Util/USB/usb_scsi.o
                0x08001154                SCSI_Write10_Cmd
 .text.SCSI_Read10_Cmd
                0x080011c4       0x6c Util/USB/usb_scsi.o
                0x080011c4                SCSI_Read10_Cmd
 .text.Add_To_Buffer
                0x08001230       0x32 Util/buffer.o
                0x08001230                Add_To_Buffer
 .text.Get_From_Buffer
                0x08001262       0x32 Util/buffer.o
                0x08001262                Get_From_Buffer
 .text.init_buffer
                0x08001294       0x12 Util/buffer.o
                0x08001294                init_buffer
 *fill*         0x080012a6        0x2 00
 .text.Delay    0x080012a8       0x2c Util/delay.o
                0x080012a8                Delay
 .text.ff_convert
                0x080012d4       0x60 Util/fat_fs/option/cc932.o
                0x080012d4                ff_convert
 .text.ff_wtoupper
                0x08001334       0x24 Util/fat_fs/option/cc932.o
                0x08001334                ff_wtoupper
 .text.get_fattime
                0x08001358       0x44 Util/fat_fs/src/fattime.o
                0x08001358                get_fattime
 .text.mem_cpy  0x0800139c       0x10 Util/fat_fs/src/ff.o
 .text.mem_set  0x080013ac        0xc Util/fat_fs/src/ff.o
 .text.chk_chr  0x080013b8        0xe Util/fat_fs/src/ff.o
 .text.sum_sfn  0x080013c6       0x1e Util/fat_fs/src/ff.o
 .text.validate
                0x080013e4       0x26 Util/fat_fs/src/ff.o
 *fill*         0x0800140a        0x2 00
 .text.check_fs
                0x0800140c       0x8c Util/fat_fs/src/ff.o
 .text.chk_mounted
                0x08001498      0x338 Util/fat_fs/src/ff.o
 .text.get_fileinfo
                0x080017d0      0x10c Util/fat_fs/src/ff.o
 .text.move_window
                0x080018dc       0x7c Util/fat_fs/src/ff.o
 .text.sync     0x08001958       0xb2 Util/fat_fs/src/ff.o
 .text.clust2sect
                0x08001a0a       0x1a Util/fat_fs/src/ff.o
                0x08001a0a                clust2sect
 .text.get_fat  0x08001a24       0xd4 Util/fat_fs/src/ff.o
                0x08001a24                get_fat
 .text.dir_sdi  0x08001af8       0x8a Util/fat_fs/src/ff.o
 .text.put_fat  0x08001b82       0xf4 Util/fat_fs/src/ff.o
                0x08001b82                put_fat
 .text.create_chain
                0x08001c76       0x9e Util/fat_fs/src/ff.o
 .text.dir_next
                0x08001d14      0x10c Util/fat_fs/src/ff.o
 .text.dir_find
                0x08001e20      0x144 Util/fat_fs/src/ff.o
 .text.follow_path
                0x08001f64      0x2c8 Util/fat_fs/src/ff.o
 .text.remove_chain
                0x0800222c       0x5a Util/fat_fs/src/ff.o
 .text.gen_numname
                0x08002286       0x9a Util/fat_fs/src/ff.o
                0x08002286                gen_numname
 .text.dir_register
                0x08002320      0x1c0 Util/fat_fs/src/ff.o
 .text.f_mount  0x080024e0       0x20 Util/fat_fs/src/ff.o
                0x080024e0                f_mount
 .text.f_open   0x08002500      0x152 Util/fat_fs/src/ff.o
                0x08002500                f_open
 .text.f_write  0x08002652      0x1b6 Util/fat_fs/src/ff.o
                0x08002652                f_write
 .text.f_sync   0x08002808       0xb2 Util/fat_fs/src/ff.o
                0x08002808                f_sync
 .text.f_close  0x080028ba        0xe Util/fat_fs/src/ff.o
                0x080028ba                f_close
 .text.f_lseek  0x080028c8      0x164 Util/fat_fs/src/ff.o
                0x080028c8                f_lseek
 .text.f_stat   0x08002a2c       0x44 Util/fat_fs/src/ff.o
                0x08002a2c                f_stat
 .text.f_truncate
                0x08002a70       0x98 Util/fat_fs/src/ff.o
                0x08002a70                f_truncate
 .text.f_putc   0x08002b08       0x22 Util/fat_fs/src/ff.o
                0x08002b08                f_putc
 .text.f_puts   0x08002b2a       0x26 Util/fat_fs/src/ff.o
                0x08002b2a                f_puts
 .text.isDST    0x08002b50       0x32 Util/fat_fs/src/rtc.o
 *fill*         0x08002b82        0x2 00
 .text.counter_to_struct
                0x08002b84       0xb0 Util/fat_fs/src/rtc.o
 .text.rtc_gettime
                0x08002c34       0x78 Util/fat_fs/src/rtc.o
                0x08002c34                rtc_gettime
 .text.my_RTC_SetCounter
                0x08002cac       0x22 Util/fat_fs/src/rtc.o
                0x08002cac                my_RTC_SetCounter
 *fill*         0x08002cce        0x2 00
 .text.rtc_settime
                0x08002cd0       0xc8 Util/fat_fs/src/rtc.o
                0x08002cd0                rtc_settime
 .text.rtc_init
                0x08002d98       0x98 Util/fat_fs/src/rtc.o
                0x08002d98                rtc_init
 .text.interface_speed
                0x08002e30       0x20 Util/fat_fs/src/sd_spi_stm32.o
 .text.power_on
                0x08002e50       0xf0 Util/fat_fs/src/sd_spi_stm32.o
 .text.stm32_spi_rw
                0x08002f40       0x24 Util/fat_fs/src/sd_spi_stm32.o
 .text.rcvr_spi
                0x08002f64        0x6 Util/fat_fs/src/sd_spi_stm32.o
 *fill*         0x08002f6a        0x2 00
 .text.wait_ready
                0x08002f6c       0x20 Util/fat_fs/src/sd_spi_stm32.o
 .text.send_cmd
                0x08002f8c       0x94 Util/fat_fs/src/sd_spi_stm32.o
 .text.stm32_dma_transfer
                0x08003020       0xc8 Util/fat_fs/src/sd_spi_stm32.o
 .text.xmit_datablock
                0x080030e8       0x4e Util/fat_fs/src/sd_spi_stm32.o
 *fill*         0x08003136        0x2 00
 .text.release_spi
                0x08003138       0x18 Util/fat_fs/src/sd_spi_stm32.o
                0x08003138                release_spi
 .text.wrapup_transaction
                0x08003150       0x2c Util/fat_fs/src/sd_spi_stm32.o
                0x08003150                wrapup_transaction
 .text.stop_cmd
                0x0800317c        0x8 Util/fat_fs/src/sd_spi_stm32.o
                0x0800317c                stop_cmd
 .text.rcvr_datablock
                0x08003184       0x54 Util/fat_fs/src/sd_spi_stm32.o
                0x08003184                rcvr_datablock
 .text.disk_initialize
                0x080031d8      0x128 Util/fat_fs/src/sd_spi_stm32.o
                0x080031d8                disk_initialize
 .text.disk_status
                0x08003300       0x10 Util/fat_fs/src/sd_spi_stm32.o
                0x08003300                disk_status
 .text.disk_read
                0x08003310       0x9c Util/fat_fs/src/sd_spi_stm32.o
                0x08003310                disk_read
 .text.disk_write
                0x080033ac       0xac Util/fat_fs/src/sd_spi_stm32.o
                0x080033ac                disk_write
 .text.disk_ioctl
                0x08003458      0x284 Util/fat_fs/src/sd_spi_stm32.o
                0x08003458                disk_ioctl
 .text.disk_timerproc
                0x080036dc       0x44 Util/fat_fs/src/sd_spi_stm32.o
                0x080036dc                disk_timerproc
 .text.rprintfInit
                0x08003720        0xc Util/rprintf.o
                0x08003720                rprintfInit
 .text.rprintfChar
                0x0800372c       0x1c Util/rprintf.o
                0x0800372c                rprintfChar
 .text.rprintfFloat
                0x08003748       0xc0 Util/rprintf.o
                0x08003748                rprintfFloat
 .text.Isdigit  0x08003808        0xe Util/rprintf.o
                0x08003808                Isdigit
 .text.atoiRamRom
                0x08003816       0x26 Util/rprintf.o
                0x08003816                atoiRamRom
 .text.rStrLen  0x0800383c       0x10 Util/rprintf.o
                0x0800383c                rStrLen
 .text.rprintf2RamRom
                0x0800384c      0x310 Util/rprintf.o
                0x0800384c                rprintf2RamRom
 .text.ADC_Configuration
                0x08003b5c       0xbc adc.o
                0x08003b5c                ADC_Configuration
 .text.readADC2
                0x08003c18       0x38 adc.o
                0x08003c18                readADC2
 .text.setup_gpio
                0x08003c50      0x118 gpio.o
                0x08003c50                setup_gpio
 .text.switch_leds_on
                0x08003d68       0x20 gpio.o
                0x08003d68                switch_leds_on
 .text.switch_leds_off
                0x08003d88       0x20 gpio.o
                0x08003d88                switch_leds_off
 .text.red_flash
                0x08003da8       0x2c gpio.o
                0x08003da8                red_flash
 .text.I2C1_EV_IRQHandler
                0x08003dd4      0x50c i2c_int.o
                0x08003dd4                I2C1_EV_IRQHandler
 .text.I2C1_Request_Job
                0x080042e0       0x54 i2c_int.o
                0x080042e0                I2C1_Request_Job
 .text.I2C1_Setup_Job
                0x08004334       0x14 i2c_int.o
                0x08004334                I2C1_Setup_Job
 .text.I2C_Config
                0x08004348      0x12c i2c_int.o
                0x08004348                I2C_Config
 .text.I2C1_ER_IRQHandler
                0x08004474       0xf4 i2c_int.o
                0x08004474                I2C1_ER_IRQHandler
 .text.ISR_Config
                0x08004568       0x5c interrupts.o
                0x08004568                ISR_Config
 .text.EXTI_ONOFF_EN
                0x080045c4       0x54 interrupts.o
                0x080045c4                EXTI_ONOFF_EN
 .text.SysTick_Configuration
                0x08004618       0x38 interrupts.o
                0x08004618                SysTick_Configuration
 .text.EXTI0_IRQHandler
                0x08004650       0x90 interrupts.o
                0x08004650                EXTI0_IRQHandler
 .text.ADC1_2_IRQHandler
                0x080046e0       0x9c interrupts.o
                0x080046e0                ADC1_2_IRQHandler
 .text.SysTickHandler
                0x0800477c       0xfc interrupts.o
                0x0800477c                SysTickHandler
 .text.USB_HP_CAN_TX_IRQHandler
                0x08004878        0x4 interrupts.o
                0x08004878                USB_HP_CAN_TX_IRQHandler
 .text.USB_LP_CAN_RX0_IRQHandler
                0x0800487c        0x4 interrupts.o
                0x0800487c                USB_LP_CAN_RX0_IRQHandler
 .text.Default_Handler
                0x08004880        0x2 lib/CMSIS_CM3/startup/gcc/startup_stm32f10x_md.o
                0x08004880                EXTI2_IRQHandler
                0x08004880                DebugMon_Handler
                0x08004880                TIM1_CC_IRQHandler
                0x08004880                HardFault_Handler
                0x08004880                SysTick_Handler
                0x08004880                PVD_IRQHandler
                0x08004880                PendSV_Handler
                0x08004880                NMI_Handler
                0x08004880                EXTI3_IRQHandler
                0x08004880                I2C2_EV_IRQHandler
                0x08004880                UsageFault_Handler
                0x08004880                SPI1_IRQHandler
                0x08004880                TAMPER_IRQHandler
                0x08004880                DMA1_Channel4_IRQHandler
                0x08004880                USART3_IRQHandler
                0x08004880                RTC_IRQHandler
                0x08004880                DMA1_Channel7_IRQHandler
                0x08004880                CAN1_RX1_IRQHandler
                0x08004880                TIM4_IRQHandler
                0x08004880                DMA1_Channel6_IRQHandler
                0x08004880                TIM3_IRQHandler
                0x08004880                RCC_IRQHandler
                0x08004880                TIM1_TRG_COM_IRQHandler
                0x08004880                DMA1_Channel1_IRQHandler
                0x08004880                Default_Handler
                0x08004880                EXTI15_10_IRQHandler
                0x08004880                EXTI9_5_IRQHandler
                0x08004880                SPI2_IRQHandler
                0x08004880                MemManage_Handler
                0x08004880                SVC_Handler
                0x08004880                DMA1_Channel5_IRQHandler
                0x08004880                EXTI4_IRQHandler
                0x08004880                USB_LP_CAN1_RX0_IRQHandler
                0x08004880                USB_HP_CAN1_TX_IRQHandler
                0x08004880                DMA1_Channel3_IRQHandler
                0x08004880                TIM1_UP_IRQHandler
                0x08004880                WWDG_IRQHandler
                0x08004880                TIM2_IRQHandler
                0x08004880                TIM1_BRK_IRQHandler
                0x08004880                EXTI1_IRQHandler
                0x08004880                RTCAlarm_IRQHandler
                0x08004880                USART2_IRQHandler
                0x08004880                I2C2_ER_IRQHandler
                0x08004880                DMA1_Channel2_IRQHandler
                0x08004880                CAN1_SCE_IRQHandler
                0x08004880                FLASH_IRQHandler
                0x08004880                BusFault_Handler
                0x08004880                USART1_IRQHandler
                0x08004880                USBWakeUp_IRQHandler
 *fill*         0x08004882        0x2 00
 .text.SystemInit
                0x08004884       0xf4 lib/CMSIS_CM3/system_stm32f10x.o
                0x08004884                SystemInit
 .text.__str_print_char
                0x08004978       0x28 main.o
                0x08004978                __str_print_char
 .text.__fat_print_char
                0x080049a0       0x1c main.o
                0x080049a0                __fat_print_char
 .text.detect_sensors
                0x080049bc       0xa4 main.o
                0x080049bc                detect_sensors
 .text.main     0x08004a60      0x6d0 main.o
                0x08004a60                main
 .text.setuppwr
                0x08005130       0x14 pwr.o
                0x08005130                setuppwr
 .text.shutdown
                0x08005144       0x10 pwr.o
                0x08005144                shutdown
 .text.disable_pin
                0x08005154        0x6 pwr.o
                0x08005154                disable_pin
 *fill*         0x0800515a        0x2 00
 .text.shutdown_filesystem
                0x0800515c       0x4c pwr.o
                0x0800515c                shutdown_filesystem
 .text.Default_Usart_Config
                0x080051a8       0x1a usart.o
                0x080051a8                Default_Usart_Config
 *fill*         0x080051c2        0x2 00
 .text.Usarts_Init
                0x080051c4       0x90 usart.o
                0x080051c4                Usarts_Init
 .text.__usart_send_char
                0x08005254       0x1c usart.o
                0x08005254                __usart_send_char
 .text.Usart_Send_Str
                0x08005270       0x18 usart.o
                0x08005270                Usart_Send_Str
 .text.Watchdog_Config
                0x08005288       0x2a watchdog.o
                0x08005288                Watchdog_Config
 *fill*         0x080052b2        0x2 00
 .text          0x080052b4       0xb8 lib/STM32F10x_StdPeriph_Driver/libstm32fw.a(misc.o)
                0x080052b4                NVIC_PriorityGroupConfig
                0x080052c8                NVIC_Init
                0x08005328                NVIC_SetVectorTable
                0x0800533c                NVIC_SystemLPConfig
                0x08005354                SysTick_CLKSourceConfig
 .text          0x0800536c      0x380 lib/STM32F10x_StdPeriph_Driver/libstm32fw.a(stm32f10x_adc.o)
                0x0800536c                ADC_DeInit
                0x080053c8                ADC_Init
                0x08005414                ADC_StructInit
                0x08005426                ADC_Cmd
                0x0800543a                ADC_DMACmd
                0x0800544e                ADC_ITConfig
                0x08005462                ADC_ResetCalibration
                0x0800546c                ADC_GetResetCalibrationStatus
                0x08005474                ADC_StartCalibration
                0x0800547e                ADC_GetCalibrationStatus
                0x08005486                ADC_SoftwareStartConvCmd
                0x0800549a                ADC_GetSoftwareStartConvStatus
                0x080054a2                ADC_DiscModeChannelCountConfig
                0x080054b2                ADC_DiscModeCmd
                0x080054c6                ADC_RegularChannelConfig
                0x08005554                ADC_ExternalTrigConvCmd
                0x08005568                ADC_GetConversionValue
                0x0800556e                ADC_GetDualModeConversionValue
                0x08005578                ADC_AutoInjectedConvCmd
                0x0800558c                ADC_InjectedDiscModeCmd
                0x080055a0                ADC_ExternalTrigInjectedConvConfig
                0x080055ae                ADC_ExternalTrigInjectedConvCmd
                0x080055c2                ADC_SoftwareStartInjectedConvCmd
                0x080055d6                ADC_GetSoftwareStartInjectedConvCmdStatus
                0x080055de                ADC_InjectedChannelConfig
                0x0800563a                ADC_InjectedSequencerLengthConfig
                0x0800564a                ADC_SetInjectedOffset
                0x08005660                ADC_GetInjectedConversionValue
                0x0800567a                ADC_AnalogWatchdogCmd
                0x0800568c                ADC_AnalogWatchdogThresholdsConfig
                0x08005692                ADC_AnalogWatchdogSingleChannelConfig
                0x080056a0                ADC_TempSensorVrefintCmd
                0x080056bc                ADC_GetFlagStatus
                0x080056c8                ADC_ClearFlag
                0x080056ce                ADC_GetITStatus
                0x080056e4                ADC_ClearITPendingBit
 .text          0x080056ec       0xe0 lib/STM32F10x_StdPeriph_Driver/libstm32fw.a(stm32f10x_bkp.o)
                0x080056ec                BKP_DeInit
                0x080056fe                BKP_TamperPinLevelConfig
                0x08005708                BKP_TamperPinCmd
                0x08005714                BKP_ITConfig
                0x08005720                BKP_RTCOutputConfig
                0x08005738                BKP_SetRTCCalibrationValue
                0x08005750                BKP_WriteBackupRegister
                0x0800576c                BKP_ReadBackupRegister
                0x0800578c                BKP_GetFlagStatus
                0x08005798                BKP_ClearFlag
                0x080057ac                BKP_GetITStatus
                0x080057b8                BKP_ClearITPendingBit
 .text          0x080057cc       0x34 lib/STM32F10x_StdPeriph_Driver/libstm32fw.a(stm32f10x_dbgmcu.o)
                0x080057cc                DBGMCU_GetREVID
                0x080057d8                DBGMCU_GetDEVID
                0x080057e8                DBGMCU_Config
 .text          0x08005800      0x1f0 lib/STM32F10x_StdPeriph_Driver/libstm32fw.a(stm32f10x_dma.o)
                0x08005800                DMA_DeInit
                0x080058fc                DMA_Init
                0x0800593c                DMA_StructInit
                0x08005956                DMA_Cmd
                0x0800596a                DMA_ITConfig
                0x0800597c                DMA_GetCurrDataCounter
                0x08005982                DMA_GetFlagStatus
                0x080059a0                DMA_ClearFlag
                0x080059b8                DMA_GetITStatus
                0x080059d8                DMA_ClearITPendingBit
 .text          0x080059f0      0x108 lib/STM32F10x_StdPeriph_Driver/libstm32fw.a(stm32f10x_exti.o)
                0x080059f0                EXTI_DeInit
                0x08005a0c                EXTI_Init
                0x08005a90                EXTI_StructInit
                0x08005a9e                EXTI_GenerateSWInterrupt
                0x08005ab0                EXTI_GetFlagStatus
                0x08005ac4                EXTI_ClearFlag
                0x08005ad0                EXTI_GetITStatus
                0x08005aec                EXTI_ClearITPendingBit
 .text          0x08005af8      0x278 lib/STM32F10x_StdPeriph_Driver/libstm32fw.a(stm32f10x_gpio.o)
                0x08005af8                GPIO_DeInit
                0x08005ba4                GPIO_AFIODeInit
                0x08005bba                GPIO_Init
                0x08005c52                GPIO_StructInit
                0x08005c62                GPIO_ReadInputDataBit
                0x08005c6e                GPIO_ReadInputData
                0x08005c74                GPIO_ReadOutputDataBit
                0x08005c80                GPIO_ReadOutputData
                0x08005c86                GPIO_SetBits
                0x08005c8a                GPIO_ResetBits
                0x08005c8e                GPIO_WriteBit
                0x08005c98                GPIO_Write
                0x08005c9c                GPIO_PinLockConfig
                0x08005cac                GPIO_EventOutputConfig
                0x08005ccc                GPIO_EventOutputCmd
                0x08005cd8                GPIO_PinRemapConfig
                0x08005d30                GPIO_EXTILineConfig
                0x08005d64                GPIO_ETH_MediaInterfaceConfig
 .text          0x08005d70      0x3b4 lib/STM32F10x_StdPeriph_Driver/libstm32fw.a(stm32f10x_i2c.o)
                0x08005d70                I2C_DeInit
                0x08005da4                I2C_Init
                0x08005e74                I2C_StructInit
                0x08005e90                I2C_Cmd
                0x08005eaa                I2C_DMACmd
                0x08005ec4                I2C_DMALastTransferCmd
                0x08005ede                I2C_GenerateSTART
                0x08005ef8                I2C_GenerateSTOP
                0x08005f12                I2C_AcknowledgeConfig
                0x08005f2c                I2C_OwnAddress2Config
                0x08005f42                I2C_DualAddressCmd
                0x08005f5c                I2C_GeneralCallCmd
                0x08005f76                I2C_ITConfig
                0x08005f8c                I2C_SendData
                0x08005f90                I2C_ReceiveData
                0x08005f96                I2C_Send7bitAddress
                0x08005fa6                I2C_ReadRegister
                0x08005fbe                I2C_SoftwareResetCmd
                0x08005fd6                I2C_SMBusAlertConfig
                0x08005ff4                I2C_TransmitPEC
                0x0800600e                I2C_PECPositionConfig
                0x0800602c                I2C_CalculatePEC
                0x08006046                I2C_GetPEC
                0x0800604e                I2C_ARPCmd
                0x08006068                I2C_StretchClockCmd
                0x08006082                I2C_FastModeDutyCycleConfig
                0x080060a0                I2C_GetLastEvent
                0x080060b0                I2C_CheckEvent
                0x080060c8                I2C_GetFlagStatus
                0x080060fc                I2C_ClearFlag
                0x08006102                I2C_GetITStatus
                0x0800611e                I2C_ClearITPendingBit
 .text          0x08006124       0x58 lib/STM32F10x_StdPeriph_Driver/libstm32fw.a(stm32f10x_iwdg.o)
                0x08006124                IWDG_WriteAccessCmd
                0x08006130                IWDG_SetPrescaler
                0x0800613c                IWDG_SetReload
                0x08006148                IWDG_ReloadCounter
                0x08006158                IWDG_Enable
                0x08006168                IWDG_GetFlagStatus
 .text          0x0800617c       0xcc lib/STM32F10x_StdPeriph_Driver/libstm32fw.a(stm32f10x_pwr.o)
                0x08006180                PWR_DeInit
                0x0800619a                PWR_BackupAccessCmd
                0x080061a4                PWR_PVDCmd
                0x080061b0                PWR_PVDLevelConfig
                0x080061c4                PWR_WakeUpPinCmd
                0x080061d0                PWR_EnterSTOPMode
                0x080061fc                PWR_EnterSTANDBYMode
                0x08006224                PWR_GetFlagStatus
                0x08006238                PWR_ClearFlag
 .text          0x08006248      0x360 lib/STM32F10x_StdPeriph_Driver/libstm32fw.a(stm32f10x_rcc.o)
                0x08006248                RCC_DeInit
                0x08006288                RCC_HSEConfig
                0x080062c0                RCC_AdjustHSICalibrationValue
                0x080062d4                RCC_HSICmd
                0x080062e0                RCC_PLLConfig
                0x080062f8                RCC_PLLCmd
                0x08006304                RCC_SYSCLKConfig
                0x08006318                RCC_GetSYSCLKSource
                0x08006328                RCC_HCLKConfig
                0x0800633c                RCC_PCLK1Config
                0x08006350                RCC_PCLK2Config
                0x08006364                RCC_ITConfig
                0x0800637c                RCC_USBCLKConfig
                0x08006388                RCC_ADCCLKConfig
                0x0800639c                RCC_LSEConfig
                0x080063bc                RCC_LSICmd
                0x080063c8                RCC_RTCCLKConfig
                0x080063d8                RCC_RTCCLKCmd
                0x080063e4                RCC_GetClocksFreq
                0x08006488                RCC_AHBPeriphClockCmd
                0x080064a0                RCC_APB2PeriphClockCmd
                0x080064b8                RCC_APB1PeriphClockCmd
                0x080064d0                RCC_APB2PeriphResetCmd
                0x080064e8                RCC_APB1PeriphResetCmd
                0x08006500                RCC_BackupResetCmd
                0x0800650c                RCC_ClockSecuritySystemCmd
                0x08006518                RCC_MCOConfig
                0x08006524                RCC_GetFlagStatus
                0x0800654c                RCC_WaitForHSEStartUp
                0x08006578                RCC_ClearFlag
                0x08006588                RCC_GetITStatus
                0x0800659c                RCC_ClearITPendingBit
 .text          0x080065a8      0x158 lib/STM32F10x_StdPeriph_Driver/libstm32fw.a(stm32f10x_rtc.o)
                0x080065a8                RTC_ITConfig
                0x080065c4                RTC_EnterConfigMode
                0x080065d8                RTC_ExitConfigMode
                0x080065ec                RTC_GetCounter
                0x08006600                RTC_SetCounter
                0x0800661c                RTC_SetPrescaler
                0x0800663c                RTC_SetAlarm
                0x08006658                RTC_GetDivider
                0x08006670                RTC_WaitForLastTask
                0x08006680                RTC_WaitForSynchro
                0x080066a0                RTC_GetFlagStatus
                0x080066b4                RTC_ClearFlag
                0x080066c8                RTC_GetITStatus
                0x080066ec                RTC_ClearITPendingBit
 .text          0x08006700      0x2d4 lib/STM32F10x_StdPeriph_Driver/libstm32fw.a(stm32f10x_spi.o)
                0x08006700                SPI_I2S_DeInit
                0x08006764                SPI_Init
                0x080067a4                I2S_Init
                0x08006844                SPI_StructInit
                0x0800685c                I2S_StructInit
                0x0800686e                SPI_Cmd
                0x08006888                I2S_Cmd
                0x080068a2                SPI_I2S_ITConfig
                0x080068c0                SPI_I2S_DMACmd
                0x080068d6                SPI_I2S_SendData
                0x080068da                SPI_I2S_ReceiveData
                0x080068e0                SPI_NSSInternalSoftwareConfig
                0x08006900                SPI_SSOutputCmd
                0x0800691a                SPI_DataSizeConfig
                0x08006932                SPI_TransmitCRC
                0x0800693e                SPI_CalculateCRC
                0x08006958                SPI_GetCRC
                0x08006968                SPI_GetCRCPolynomial
                0x0800696e                SPI_BiDirectionalLineConfig
                0x0800698c                SPI_I2S_GetFlagStatus
                0x08006998                SPI_I2S_ClearFlag
                0x0800699e                SPI_I2S_GetITStatus
                0x080069c4                SPI_I2S_ClearITPendingBit
 .text          0x080069d4      0x374 lib/STM32F10x_StdPeriph_Driver/libstm32fw.a(stm32f10x_usart.o)
                0x080069d4                USART_DeInit
                0x08006a6c                USART_Init
                0x08006afc                USART_StructInit
                0x08006b12                USART_ClockInit
                0x08006b38                USART_ClockStructInit
                0x08006b44                USART_Cmd
                0x08006b5e                USART_ITConfig
                0x08006b94                USART_DMACmd
                0x08006baa                USART_SetAddress
                0x08006bc2                USART_WakeUpConfig
                0x08006bda                USART_ReceiverWakeUpCmd
                0x08006bf4                USART_LINBreakDetectLengthConfig
                0x08006c0c                USART_LINCmd
                0x08006c26                USART_SendData
                0x08006c2e                USART_ReceiveData
                0x08006c36                USART_SendBreak
                0x08006c42                USART_SetGuardTime
                0x08006c54                USART_SetPrescaler
                0x08006c68                USART_SmartCardCmd
                0x08006c82                USART_SmartCardNACKCmd
                0x08006c9c                USART_HalfDuplexCmd
                0x08006cb6                USART_IrDAConfig
                0x08006cce                USART_IrDACmd
                0x08006ce8                USART_GetFlagStatus
                0x08006cf4                USART_ClearFlag
                0x08006cfa                USART_GetITStatus
                0x08006d3a                USART_ClearITPendingBit
 .text          0x08006d48      0xa54 lib/STM32_USB-FS-Device_Driver/libstm32usb.a(usb_core.o)
                0x08006d48                Standard_GetConfiguration
                0x08006d70                Standard_GetInterface
                0x08006d98                Standard_GetStatus
                0x08006f0c                Standard_SetConfiguration
                0x08006f48                Standard_SetInterface
                0x08006f98                Standard_ClearFeature
                0x08007094                Standard_SetEndPointFeature
                0x08007148                Standard_SetDeviceFeature
                0x0800716c                Standard_GetDescriptorData
                0x08007188                Post0_Process
                0x080071d0                Out0_Process
                0x080072ac                Setup0_Process
                0x0800767c                SetDeviceAddress
                0x08007738                In0_Process
                0x08007798                NOP_Process
 .text          0x0800779c       0x38 lib/STM32_USB-FS-Device_Driver/libstm32usb.a(usb_init.o)
                0x0800779c                USB_Init
 .text          0x080077d4      0x25c lib/STM32_USB-FS-Device_Driver/libstm32usb.a(usb_int.o)
                0x080077d4                CTR_LP
                0x0800799c                CTR_HP
 .text          0x08007a30       0xb8 lib/STM32_USB-FS-Device_Driver/libstm32usb.a(usb_mem.o)
                0x08007a30                UserToPMABufferCopy
                0x08007a98                PMAToUserBufferCopy
 .text          0x08007ae8      0x880 lib/STM32_USB-FS-Device_Driver/libstm32usb.a(usb_regs.o)
                0x08007ae8                SetCNTR
                0x08007af4                GetCNTR
                0x08007b00                SetISTR
                0x08007b0c                GetISTR
                0x08007b18                GetFNR
                0x08007b24                SetDADDR
                0x08007b30                GetDADDR
                0x08007b3c                SetBTABLE
                0x08007b50                GetBTABLE
                0x08007b5c                SetENDPOINT
                0x08007b6c                GetENDPOINT
                0x08007b7c                SetEPType
                0x08007b98                GetEPType
                0x08007bac                SetEPTxStatus
                0x08007bec                SetEPRxStatus
                0x08007c2c                SetDouBleBuffEPStall
                0x08007c54                GetEPTxStatus
                0x08007c68                GetEPRxStatus
                0x08007c7c                SetEPTxValid
                0x08007ca0                SetEPRxValid
                0x08007cc4                SetEP_KIND
                0x08007ce4                ClearEP_KIND
                0x08007d04                Clear_Status_Out
                0x08007d24                Set_Status_Out
                0x08007d44                SetEPDoubleBuff
                0x08007d64                ClearEPDoubleBuff
                0x08007d84                GetTxStallStatus
                0x08007da4                GetRxStallStatus
                0x08007dc4                ClearEP_CTR_RX
                0x08007ddc                ClearEP_CTR_TX
                0x08007df4                ToggleDTOG_RX
                0x08007e14                ToggleDTOG_TX
                0x08007e34                ClearDTOG_RX
                0x08007e5c                ClearDTOG_TX
                0x08007e84                SetEPAddress
                0x08007ea8                GetEPAddress
                0x08007ebc                SetEPTxAddr
                0x08007ee0                SetEPRxAddr
                0x08007f08                GetEPTxAddr
                0x08007f28                GetEPRxAddr
                0x08007f48                SetEPTxCount
                0x08007f68                SetEPCountRxReg
                0x08007f94                SetEPRxCount
                0x08007fdc                GetEPTxCount
                0x08008000                GetEPRxCount
                0x08008024                SetEPDblBuffAddr
                0x0800806c                SetEPDblBuf0Addr
                0x08008090                SetEPDblBuf1Addr
                0x080080b8                GetEPDblBuf0Addr
                0x080080d8                GetEPDblBuf1Addr
                0x080080f8                SetEPDblBuffCount
                0x080081a4                SetEPDblBuf0Count
                0x0800820c                SetEPDblBuf1Count
                0x08008274                GetEPDblBuf0Count
                0x08008298                GetEPDblBuf1Count
                0x080082bc                GetEPDblBufDir
                0x08008304                FreeUserBuffer
                0x08008354                ToWord
                0x0800835c                ByteSwap
 .text          0x08008368       0x6c lib/STM32_USB-FS-Device_Driver/libstm32usb.a(usb_sil.o)
                0x08008368                USB_SIL_Init
                0x08008388                USB_SIL_Write
                0x080083b0                USB_SIL_Read
 .text          0x080083d4      0x370 /home/laurence/CodeSourcery/Sourcery_G++_Lite/bin/../lib/gcc/arm-none-eabi/4.5.2/thumb2/libgcc.a(_arm_addsubdf3.o)
                0x080083d4                __aeabi_drsub
                0x080083dc                __aeabi_dsub
                0x080083dc                __subdf3
                0x080083e0                __adddf3
                0x080083e0                __aeabi_dadd
                0x08008658                __aeabi_ui2d
                0x08008658                __floatunsidf
                0x08008678                __floatsidf
                0x08008678                __aeabi_i2d
                0x0800869c                __extendsfdf2
                0x0800869c                __aeabi_f2d
                0x080086d8                __aeabi_ul2d
                0x080086d8                __floatundidf
                0x080086e8                __floatdidf
                0x080086e8                __aeabi_l2d
 .text          0x08008744      0x424 /home/laurence/CodeSourcery/Sourcery_G++_Lite/bin/../lib/gcc/arm-none-eabi/4.5.2/thumb2/libgcc.a(_arm_muldivdf3.o)
                0x08008744                __aeabi_dmul
                0x08008744                __muldf3
                0x08008998                __aeabi_ddiv
                0x08008998                __divdf3
 .text          0x08008b68      0x110 /home/laurence/CodeSourcery/Sourcery_G++_Lite/bin/../lib/gcc/arm-none-eabi/4.5.2/thumb2/libgcc.a(_arm_cmpdf2.o)
                0x08008b68                __gtdf2
                0x08008b68                __gedf2
                0x08008b70                __ltdf2
                0x08008b70                __ledf2
                0x08008b78                __cmpdf2
                0x08008b78                __eqdf2
                0x08008b78                __nedf2
                0x08008bf4                __aeabi_cdrcmple
                0x08008c04                __aeabi_cdcmple
                0x08008c04                __aeabi_cdcmpeq
                0x08008c14                __aeabi_dcmpeq
                0x08008c28                __aeabi_dcmplt
                0x08008c3c                __aeabi_dcmple
                0x08008c50                __aeabi_dcmpge
                0x08008c64                __aeabi_dcmpgt
 .text          0x08008c78       0xa0 /home/laurence/CodeSourcery/Sourcery_G++_Lite/bin/../lib/gcc/arm-none-eabi/4.5.2/thumb2/libgcc.a(_arm_truncdfsf2.o)
                0x08008c78                __aeabi_d2f
                0x08008c78                __truncdfsf2
 .text          0x08008d18      0x21c /home/laurence/CodeSourcery/Sourcery_G++_Lite/bin/../lib/gcc/arm-none-eabi/4.5.2/thumb2/libgcc.a(_arm_addsubsf3.o)
                0x08008d18                __aeabi_frsub
                0x08008d20                __subsf3
                0x08008d20                __aeabi_fsub
                0x08008d24                __aeabi_fadd
                0x08008d24                __addsf3
                0x08008e84                __aeabi_ui2f
                0x08008e84                __floatunsisf
                0x08008e8c                __aeabi_i2f
                0x08008e8c                __floatsisf
                0x08008ea8                __floatundisf
                0x08008ea8                __aeabi_ul2f
                0x08008eb8                __floatdisf
                0x08008eb8                __aeabi_l2f
 .text          0x08008f34      0x2a0 /home/laurence/CodeSourcery/Sourcery_G++_Lite/bin/../lib/gcc/arm-none-eabi/4.5.2/thumb2/libgcc.a(_arm_muldivsf3.o)
                0x08008f34                __mulsf3
                0x08008f34                __aeabi_fmul
                0x0800909c                __divsf3
                0x0800909c                __aeabi_fdiv
 .text          0x080091d4       0xec /home/laurence/CodeSourcery/Sourcery_G++_Lite/bin/../lib/gcc/arm-none-eabi/4.5.2/thumb2/libgcc.a(_arm_cmpsf2.o)
                0x080091d4                __gtsf2
                0x080091d4                __gesf2
                0x080091dc                __lesf2
                0x080091dc                __ltsf2
                0x080091e4                __nesf2
                0x080091e4                __eqsf2
                0x080091e4                __cmpsf2
                0x08009244                __aeabi_cfrcmple
                0x0800924c                __aeabi_cfcmple
                0x0800924c                __aeabi_cfcmpeq
                0x0800925c                __aeabi_fcmpeq
                0x08009270                __aeabi_fcmplt
                0x08009284                __aeabi_fcmple
                0x08009298                __aeabi_fcmpge
                0x080092ac                __aeabi_fcmpgt
 .text          0x080092c0       0x40 /home/laurence/CodeSourcery/Sourcery_G++_Lite/bin/../lib/gcc/arm-none-eabi/4.5.2/thumb2/libgcc.a(_arm_fixunssfsi.o)
                0x080092c0                __aeabi_f2uiz
                0x080092c0                __fixunssfsi
 .text          0x08009300        0x8 /home/laurence/CodeSourcery/Sourcery_G++_Lite/bin/../lib/gcc/arm-none-eabi/4.5.2/../../../../arm-none-eabi/lib/thumb2/libc.a(lib_a-abs.o)
                0x08009300                abs
 .text          0x08009308       0x20 /home/laurence/CodeSourcery/Sourcery_G++_Lite/bin/../lib/gcc/arm-none-eabi/4.5.2/../../../../arm-none-eabi/lib/thumb2/libc.a(lib_a-malloc.o)
                0x08009308                malloc
                0x08009318                free
 .text          0x08009328      0x57c /home/laurence/CodeSourcery/Sourcery_G++_Lite/bin/../lib/gcc/arm-none-eabi/4.5.2/../../../../arm-none-eabi/lib/thumb2/libc.a(lib_a-mallocr.o)
                0x08009328                _malloc_r
 .text          0x080098a4        0x8 /home/laurence/CodeSourcery/Sourcery_G++_Lite/bin/../lib/gcc/arm-none-eabi/4.5.2/../../../../arm-none-eabi/lib/thumb2/libc.a(lib_a-mlock.o)
                0x080098a4                __malloc_lock
                0x080098a8                __malloc_unlock
 .text          0x080098ac       0x28 /home/laurence/CodeSourcery/Sourcery_G++_Lite/bin/../lib/gcc/arm-none-eabi/4.5.2/../../../../arm-none-eabi/lib/thumb2/libc.a(lib_a-sbrkr.o)
                0x080098ac                _sbrk_r
 .text          0x080098d4       0x60 /home/laurence/CodeSourcery/Sourcery_G++_Lite/bin/../lib/gcc/arm-none-eabi/4.5.2/../../../../arm-none-eabi/lib/thumb2/libc.a(lib_a-strlen.o)
                0x080098d4                strlen
 .text          0x08009934      0x240 /home/laurence/CodeSourcery/Sourcery_G++_Lite/bin/../lib/gcc/arm-none-eabi/4.5.2/../../../../arm-none-eabi/lib/thumb2/libc.a(lib_a-freer.o)
                0x08009934                _malloc_trim_r
                0x080099dc                _free_r
 .text          0x08009b74       0x30 /home/laurence/CodeSourcery/Sourcery_G++_Lite/bin/../lib/gcc/arm-none-eabi/4.5.2/../../../../arm-none-eabi/lib/thumb2/libcs3.a(start_c.o)
                0x08009b74                __cs3_premain
 .text.cs3.init
                0x08009ba4       0x50 /home/laurence/CodeSourcery/Sourcery_G++_Lite/bin/../lib/gcc/arm-none-eabi/4.5.2/../../../../arm-none-eabi/lib/thumb2/libcs3.a(start_c.o)
                0x08009ba4                __cs3_start_c
 .text          0x08009bf4       0x40 /home/laurence/CodeSourcery/Sourcery_G++_Lite/bin/../lib/gcc/arm-none-eabi/4.5.2/../../../../arm-none-eabi/lib/thumb2/libcs3unhosted.a(unhosted-sbrk.o)
                0x08009bf4                _sbrk
 .text.cs3.init
                0x08009c34       0x10 /home/laurence/CodeSourcery/Sourcery_G++_Lite/bin/../lib/gcc/arm-none-eabi/4.5.2/../../../../arm-none-eabi/lib/thumb2/libcs3unhosted.a(unhosted-start.o)
                0x08009c34                _start
 .text          0x08009c44        0x2 lib/libcs3-lanchon-stm32.a(lanchon_stm32_isr_interrupt.o)
                0x08009c44                MemManageException
                0x08009c44                BusFaultException
                0x08009c44                DMAChannel7_IRQHandler
                0x08009c44                DebugMonitor
                0x08009c44                SVCHandler
                0x08009c44                HardFaultException
                0x08009c44                __STM32ReservedException8
                0x08009c44                __STM32DefaultExceptionHandler
                0x08009c44                DMAChannel1_IRQHandler
                0x08009c44                CAN_SCE_IRQHandler
                0x08009c44                __STM32ReservedException10
                0x08009c44                __STM32ReservedException13
                0x08009c44                NMIException
                0x08009c44                DMAChannel4_IRQHandler
                0x08009c44                PendSVC
                0x08009c44                CAN_RX1_IRQHandler
                0x08009c44                ADC_IRQHandler
                0x08009c44                DMAChannel5_IRQHandler
                0x08009c44                DMAChannel2_IRQHandler
                0x08009c44                __STM32ReservedException7
                0x08009c44                UsageFaultException
                0x08009c44                DMAChannel6_IRQHandler
                0x08009c44                DMAChannel3_IRQHandler
                0x08009c44                __STM32ReservedException9
 *fill*         0x08009c46        0x2 00
 .text          0x08009c48        0xc /home/laurence/CodeSourcery/Sourcery_G++_Lite/bin/../lib/gcc/arm-none-eabi/4.5.2/../../../../arm-none-eabi/lib/thumb2/libc.a(lib_a-errno.o)
                0x08009c48                __errno
 .text          0x08009c54       0x50 /home/laurence/CodeSourcery/Sourcery_G++_Lite/bin/../lib/gcc/arm-none-eabi/4.5.2/../../../../arm-none-eabi/lib/thumb2/libc.a(lib_a-init.o)
                0x08009c54                __libc_init_array
 *(.plt)
 *(.gnu.warning)
 *(.glue_7t)
 .glue_7t       0x00000000        0x0 linker stubs
 *(.glue_7)
 .glue_7        0x00000000        0x0 linker stubs
 *(.vfp11_veneer)
 .vfp11_veneer  0x00000000        0x0 linker stubs
 *(.rodata .rodata.* .gnu.linkonce.r.*)
 .rodata.LSM_330_GYRO_config
                0x08009ca4        0x5 Sensors/amb_sensors.o
                0x08009ca4                LSM_330_GYRO_config
 .rodata.HMC_config
                0x08009ca9        0x3 Sensors/amb_sensors.o
                0x08009ca9                HMC_config
 .rodata.ADXL_config
                0x08009cac        0x6 Sensors/amb_sensors.o
                0x08009cac                ADXL_config
 .rodata.LSM_330_ACCEL_config
                0x08009cb2        0x6 Sensors/amb_sensors.o
                0x08009cb2                LSM_330_ACCEL_config
 .rodata.ITG3200_config
                0x08009cb8        0x3 Sensors/amb_sensors.o
                0x08009cb8                ITG3200_config
 .rodata.MASS_StringLangID
                0x08009cbb        0x4 Util/USB/usb_desc.o
                0x08009cbb                MASS_StringLangID
 .rodata.MASS_ConfigDescriptor
                0x08009cbf       0x20 Util/USB/usb_desc.o
                0x08009cbf                MASS_ConfigDescriptor
 .rodata.MASS_StringProduct
                0x08009cdf       0x2e Util/USB/usb_desc.o
                0x08009cdf                MASS_StringProduct
 .rodata.MASS_DeviceDescriptor
                0x08009d0d       0x12 Util/USB/usb_desc.o
                0x08009d0d                MASS_DeviceDescriptor
 .rodata.MASS_StringInterface
                0x08009d1f       0x10 Util/USB/usb_desc.o
                0x08009d1f                MASS_StringInterface
 .rodata.MASS_StringVendor
                0x08009d2f       0x32 Util/USB/usb_desc.o
                0x08009d2f                MASS_StringVendor
 *fill*         0x08009d61        0x1 00
 .rodata.tbl_upper.4123
                0x08009d62      0x1e0 Util/fat_fs/option/cc932.o
 .rodata.uni2sjis
                0x08009f42     0x7378 Util/fat_fs/option/cc932.o
 .rodata.tbl_lower.4122
                0x080112ba      0x1e0 Util/fat_fs/option/cc932.o
 .rodata.str1.1
                0x0801149a       0x10 Util/fat_fs/src/ff.o
 .rodata.LfnOfs
                0x080114aa        0xd Util/fat_fs/src/ff.o
 .rodata.DaysInMonth
                0x080114b7        0xc Util/fat_fs/src/rtc.o
 .rodata.str1.1
                0x080114c3        0x6 Util/rprintf.o
 .rodata.str1.1
                0x080114c9       0x10 interrupts.o
 *fill*         0x080114d9        0x3 00
 .rodata.SystemFrequency
                0x080114dc        0x4 lib/CMSIS_CM3/system_stm32f10x.o
                0x080114dc                SystemFrequency
 .rodata.str1.1
                0x080114e0       0xe9 main.o
                                 0xeb (size before relaxing)
 .rodata.str1.1
                0x080115c9       0x16 pwr.o
 *fill*         0x080115df        0x1 00
 .rodata.str1.4
                0x080115e0        0x4 /home/laurence/CodeSourcery/Sourcery_G++_Lite/bin/../lib/gcc/arm-none-eabi/4.5.2/../../../../arm-none-eabi/lib/thumb2/libc.a(lib_a-impure.o)
 *(.ARM.extab* .gnu.linkonce.armextab.*)
 *(.gcc_except_table)
 *(.eh_frame_hdr)
 *(.eh_frame)
                0x080115e4                . = ALIGN (0x4)
 *(.init)
 .init          0x080115e4        0x4 /home/laurence/CodeSourcery/Sourcery_G++_Lite/bin/../lib/gcc/arm-none-eabi/4.5.2/thumb2/crti.o
                0x080115e4                _init
 .init          0x080115e8        0x8 /home/laurence/CodeSourcery/Sourcery_G++_Lite/bin/../lib/gcc/arm-none-eabi/4.5.2/thumb2/crtn.o
                0x080115f0                . = ALIGN (0x4)
                0x080115f0                _sidata = .
                0x080115f0                __preinit_array_start = .
 *(.preinit_array)
                0x080115f0                __preinit_array_end = .
                0x080115f0                . = ALIGN (0x4)
                0x080115f0                __init_array_start = .
 *(SORT(.init_array.*))
 *(.init_array)
 .init_array    0x080115f0        0x4 /home/laurence/CodeSourcery/Sourcery_G++_Lite/bin/../lib/gcc/arm-none-eabi/4.5.2/thumb2/crtbegin.o
                0x080115f4                __init_array_end = .
                0x080115f4                . = ALIGN (0x4)
 *crtbegin.o(.ctors)
 *(EXCLUDE_FILE(*crtend.o) .ctors)
 *(SORT(.ctors.*))
 *crtend.o(.ctors)
                0x080115f4                . = ALIGN (0x4)
 *(.fini)
 .fini          0x080115f4        0x4 /home/laurence/CodeSourcery/Sourcery_G++_Lite/bin/../lib/gcc/arm-none-eabi/4.5.2/thumb2/crti.o
                0x080115f4                _fini
 .fini          0x080115f8        0x8 /home/laurence/CodeSourcery/Sourcery_G++_Lite/bin/../lib/gcc/arm-none-eabi/4.5.2/thumb2/crtn.o
                0x08011600                . = ALIGN (0x4)
                0x08011600                __fini_array_start = .
 *(.fini_array)
 .fini_array    0x08011600        0x4 /home/laurence/CodeSourcery/Sourcery_G++_Lite/bin/../lib/gcc/arm-none-eabi/4.5.2/thumb2/crtbegin.o
 *(SORT(.fini_array.*))
                0x08011604                __fini_array_end = .
 *crtbegin.o(.dtors)
 *(EXCLUDE_FILE(*crtend.o) .dtors)
 *(SORT(.dtors.*))
 *crtend.o(.dtors)
                0x08011604                . = ALIGN (0x4)
                0x08011604                __cs3_regions = .
                0x08011604        0x4 LONG 0x0
                0x08011608        0x4 LONG 0x8011618 __cs3_region_init_ram
                0x0801160c        0x4 LONG 0x20000000 __cs3_region_start_ram
                0x08011610        0x4 LONG 0x6e8 __cs3_region_init_size_ram
                0x08011614        0x4 LONG 0x920 __cs3_region_zero_size_ram
                0x08011618                __exidx_start = .

.v4_bx          0x08011618        0x0
 .v4_bx         0x00000000        0x0 linker stubs

.ARM.exidx
 *(.ARM.exidx* .gnu.linkonce.armexidx.*)
                0x08011618                __exidx_end = .

.text.align     0x08011618        0x0
                0x08011618                . = ALIGN (0x8)
                0x08011618                _etext = .
                0x08020000                __cs3_region_end_rom = (__cs3_region_start_rom + 0x20000)
                0x00020000                __cs3_region_size_rom = 0x20000
                0x00000001                __cs3_region_num = 0x1

.data           0x20000000      0x6e8 load address 0x08011618
                0x20000000                __cs3_region_start_ram = .
                0x20000000                _sdata = .
 *(.cs3.region-head.ram)
 *(.jcr)
 .jcr           0x20000000        0x0 /home/laurence/CodeSourcery/Sourcery_G++_Lite/bin/../lib/gcc/arm-none-eabi/4.5.2/thumb2/crtbegin.o
 .jcr           0x20000000        0x4 /home/laurence/CodeSourcery/Sourcery_G++_Lite/bin/../lib/gcc/arm-none-eabi/4.5.2/thumb2/crtend.o
 *(.got.plt)
 *(.got)
 *(.shdata)
 *(.data .data.* .gnu.linkonce.d.*)
 .data.I2C_jobs
                0x20000004       0x68 Sensors/amb_sensors.o
                0x20000004                I2C_jobs
 .data.Mode_Sense10_data
                0x2000006c        0x8 Util/USB/scsi_data.o
                0x2000006c                Mode_Sense10_data
 .data.Mode_Sense6_data
                0x20000074        0x4 Util/USB/scsi_data.o
                0x20000074                Mode_Sense6_data
 .data.Scsi_Sense_Data
                0x20000078       0x12 Util/USB/scsi_data.o
                0x20000078                Scsi_Sense_Data
 .data.ReadFormatCapacity_Data
                0x2000008a        0xc Util/USB/scsi_data.o
                0x2000008a                ReadFormatCapacity_Data
 .data.Standard_Inquiry_Data2
                0x20000096       0x24 Util/USB/scsi_data.o
                0x20000096                Standard_Inquiry_Data2
 .data.Standard_Inquiry_Data
                0x200000ba       0x24 Util/USB/scsi_data.o
                0x200000ba                Standard_Inquiry_Data
 .data.MASS_StringSerial
                0x200000de       0x1a Util/USB/usb_desc.o
                0x200000de                MASS_StringSerial
 .data.pEpInt_IN
                0x200000f8       0x1c Util/USB/usb_istr.o
                0x200000f8                pEpInt_IN
 .data.pEpInt_OUT
                0x20000114       0x1c Util/USB/usb_istr.o
                0x20000114                pEpInt_OUT
 .data.Config_Descriptor
                0x20000130        0x8 Util/USB/usb_prop.o
                0x20000130                Config_Descriptor
 .data.Device_Property
                0x20000138       0x30 Util/USB/usb_prop.o
                0x20000138                Device_Property
 .data.User_Standard_Requests
                0x20000168       0x24 Util/USB/usb_prop.o
                0x20000168                User_Standard_Requests
 .data.Device_Descriptor
                0x2000018c        0x8 Util/USB/usb_prop.o
                0x2000018c                Device_Descriptor
 .data.String_Descriptor
                0x20000194       0x28 Util/USB/usb_prop.o
                0x20000194                String_Descriptor
 .data.Device_Table
                0x200001bc        0x2 Util/USB/usb_prop.o
                0x200001bc                Device_Table
 .data.fSuspendEnabled
                0x200001be        0x1 Util/USB/usb_pwr.o
                0x200001be                fSuspendEnabled
 .data.Stat     0x200001bf        0x1 Util/fat_fs/src/sd_spi_stm32.o
 .data.rw_workbyte.7575
                0x200001c0        0x2 Util/fat_fs/src/sd_spi_stm32.o
 .data          0x200001c2       0x14 lib/STM32F10x_StdPeriph_Driver/libstm32fw.a(stm32f10x_rcc.o)
 *fill*         0x200001d6        0x2 00
 .data          0x200001d8      0x410 /home/laurence/CodeSourcery/Sourcery_G++_Lite/bin/../lib/gcc/arm-none-eabi/4.5.2/../../../../arm-none-eabi/lib/thumb2/libc.a(lib_a-mallocr.o)
                0x200001d8                __malloc_av_
                0x200005e0                __malloc_sbrk_base
                0x200005e4                __malloc_trim_threshold
 .data          0x200005e8       0xf4 /home/laurence/CodeSourcery/Sourcery_G++_Lite/bin/../lib/gcc/arm-none-eabi/4.5.2/../../../../arm-none-eabi/lib/thumb2/libc.a(lib_a-impure.o)
                0x200005e8                _impure_ptr
 .data          0x200006dc        0x4 /home/laurence/CodeSourcery/Sourcery_G++_Lite/bin/../lib/gcc/arm-none-eabi/4.5.2/../../../../arm-none-eabi/lib/thumb2/libcs3unhosted.a(unhosted-sbrk.o)
 .data          0x200006e0        0x4 /home/laurence/CodeSourcery/Sourcery_G++_Lite/bin/../lib/gcc/arm-none-eabi/4.5.2/../../../../arm-none-eabi/lib/thumb2/libcs3.a(heap.o)
                0x200006e0                __cs3_heap_limit
 *(.ram)
                0x200006e8                . = ALIGN (0x8)
 *fill*         0x200006e4        0x4 00
                0x200006e8                _edata = .

.bss            0x200006e8      0x920 load address 0x08011d00
                0x200006e8                _sbss = .
 *(.shbss)
 *(.bss .bss.* .gnu.linkonce.b.*)
 .bss           0x200006e8        0x1 /home/laurence/CodeSourcery/Sourcery_G++_Lite/bin/../lib/gcc/arm-none-eabi/4.5.2/thumb2/crtbegin.o
 .bss.Rawdata   0x200006e9       0x40 Sensors/amb_sensors.o
                0x200006e9                Rawdata
 *fill*         0x20000729        0x3 00
 .bss.Data_Buffer
                0x2000072c        0x4 Util/USB/mass_mal.o
                0x2000072c                Data_Buffer
 .bss.Mass_Block_Size
                0x20000730        0x8 Util/USB/mass_mal.o
                0x20000730                Mass_Block_Size
 .bss.Status    0x20000738        0x4 Util/USB/mass_mal.o
                0x20000738                Status
 .bss.Mass_Memory_Size
                0x2000073c        0x8 Util/USB/mass_mal.o
                0x2000073c                Mass_Memory_Size
 .bss.Mass_Block_Count
                0x20000744        0x8 Util/USB/mass_mal.o
                0x20000744                Mass_Block_Count
 .bss.Block_offset
                0x2000074c        0x4 Util/USB/memory.o
                0x2000074c                Block_offset
 .bss.Counter   0x20000750        0x4 Util/USB/memory.o
                0x20000750                Counter
 .bss.Length.7637
                0x20000754        0x4 Util/USB/memory.o
 .bss.Idx       0x20000758        0x4 Util/USB/memory.o
                0x20000758                Idx
 .bss.W_Length.7650
                0x2000075c        0x4 Util/USB/memory.o
 .bss.Used_CMD18.7638
                0x20000760        0x1 Util/USB/memory.o
 .bss.TransferState
                0x20000761        0x1 Util/USB/memory.o
                0x20000761                TransferState
 *fill*         0x20000762        0x2 00
 .bss.W_Offset.7649
                0x20000764        0x4 Util/USB/memory.o
 .bss.ReadCapacity10_Data
                0x20000768        0x8 Util/USB/scsi_data.o
                0x20000768                ReadCapacity10_Data
 .bss.Page00_Inquiry_Data
                0x20000770        0x5 Util/USB/scsi_data.o
                0x20000770                Page00_Inquiry_Data
 *fill*         0x20000775        0x1 00
 .bss.Data_Len  0x20000776        0x2 Util/USB/usb_bot.o
                0x20000776                Data_Len
 .bss.CBW       0x20000778       0x20 Util/USB/usb_bot.o
                0x20000778                CBW
 .bss.Bot_State
                0x20000798        0x1 Util/USB/usb_bot.o
                0x20000798                Bot_State
 *fill*         0x20000799        0x3 00
 .bss.SCSI_BlkLen
                0x2000079c        0x4 Util/USB/usb_bot.o
                0x2000079c                SCSI_BlkLen
 .bss.Bulk_Data_Buff
                0x200007a0       0x40 Util/USB/usb_bot.o
                0x200007a0                Bulk_Data_Buff
 .bss.SCSI_LBA  0x200007e0        0x4 Util/USB/usb_bot.o
                0x200007e0                SCSI_LBA
 .bss.CSW       0x200007e4       0x10 Util/USB/usb_bot.o
                0x200007e4                CSW
 .bss.bIntPackSOF
                0x200007f4        0x1 Util/USB/usb_istr.o
                0x200007f4                bIntPackSOF
 *fill*         0x200007f5        0x1 00
 .bss.wIstr     0x200007f6        0x2 Util/USB/usb_istr.o
                0x200007f6                wIstr
 .bss.Max_Lun   0x200007f8        0x4 Util/USB/usb_prop.o
                0x200007f8                Max_Lun
 .bss.ResumeS   0x200007fc        0x2 Util/USB/usb_pwr.o
                0x200007fc                ResumeS
 *fill*         0x200007fe        0x2 00
 .bss.bDeviceState
                0x20000800        0x4 Util/USB/usb_pwr.o
                0x20000800                bDeviceState
 .bss.Fsid      0x20000804        0x2 Util/fat_fs/src/ff.o
 *fill*         0x20000806        0x2 00
 .bss.FatFs     0x20000808        0x4 Util/fat_fs/src/ff.o
 .bss.Timer1    0x2000080c        0x4 Util/fat_fs/src/sd_spi_stm32.o
 .bss.Timer2    0x20000810        0x4 Util/fat_fs/src/sd_spi_stm32.o
 .bss.pv.7698   0x20000814        0x4 Util/fat_fs/src/sd_spi_stm32.o
 .bss.CardType  0x20000818        0x1 Util/fat_fs/src/sd_spi_stm32.o
 .bss.Sd_Spi_Called_From_USB_MSC
                0x20000819        0x1 Util/fat_fs/src/sd_spi_stm32.o
                0x20000819                Sd_Spi_Called_From_USB_MSC
 *fill*         0x2000081a        0x2 00
 .bss.rputchar  0x2000081c        0x4 Util/rprintf.o
 .bss.buf       0x20000820       0x80 Util/rprintf.o
 .bss.bootsource
                0x200008a0        0x1 gpio.o
                0x200008a0                bootsource
 .bss.index.6810
                0x200008a1        0x1 i2c_int.o
 .bss.job       0x200008a2        0x1 i2c_int.o
                0x200008a2                job
 *fill*         0x200008a3        0x1 00
 .bss.Completed_Jobs
                0x200008a4        0x4 i2c_int.o
                0x200008a4                Completed_Jobs
 .bss.subaddress_sent.6808
                0x200008a8        0x1 i2c_int.o
 *fill*         0x200008a9        0x3 00
 .bss.Jobs      0x200008ac        0x4 i2c_int.o
                0x200008ac                Jobs
 .bss.final_stop.6809
                0x200008b0        0x1 i2c_int.o
 .bss.I2C1error
                0x200008b1        0x2 i2c_int.o
                0x200008b1                I2C1error
 .bss.System_state_counter.7915
                0x200008b3        0x1 interrupts.o
 .bss.Last_Button_Press.7914
                0x200008b4        0x4 interrupts.o
 .bss.Button_hold_tim
                0x200008b8        0x1 interrupts.o
                0x200008b8                Button_hold_tim
 *fill*         0x200008b9        0x3 00
 .bss.FATFS_Obj
                0x200008bc      0x230 main.o
 .bss.Millis    0x20000aec        0x4 main.o
                0x20000aec                Millis
 .bss.f_err_code
                0x20000af0        0x1 main.o
                0x20000af0                f_err_code
 *fill*         0x20000af1        0x3 00
 .bss.forehead_buffer
                0x20000af4       0x54 main.o
                0x20000af4                forehead_buffer
 .bss.print_string
                0x20000b48      0x100 main.o
                0x20000b48                print_string
 .bss.sfe_sensor_buffers
                0x20000c48       0xf0 main.o
                0x20000c48                sfe_sensor_buffers
 .bss.Sensors   0x20000d38        0x1 main.o
                0x20000d38                Sensors
 .bss.file_opened
                0x20000d39        0x1 main.o
                0x20000d39                file_opened
 *fill*         0x20000d3a        0x2 00
 .bss.FATFS_info
                0x20000d3c       0x20 main.o
                0x20000d3c                FATFS_info
 .bss.a         0x20000d5c        0x4 main.o
                0x20000d5c                a
 .bss.FATFS_logfile
                0x20000d60      0x224 main.o
                0x20000d60                FATFS_logfile
 .bss.Sensor_Cable
                0x20000f84        0x1 main.o
                0x20000f84                Sensor_Cable
 *fill*         0x20000f85        0x3 00
 .bss.battery_voltage
                0x20000f88        0x4 main.o
                0x20000f88                battery_voltage
 .bss.System_state_Global
                0x20000f8c        0x1 main.o
                0x20000f8c                System_state_Global
 .bss           0x20000f8d        0x1 lib/STM32_USB-FS-Device_Driver/libstm32usb.a(usb_core.o)
                0x20000f8d                Data_Mul_MaxPacketSize
 *fill*         0x20000f8e        0x2 00
 .bss           0x20000f90       0x34 /home/laurence/CodeSourcery/Sourcery_G++_Lite/bin/../lib/gcc/arm-none-eabi/4.5.2/../../../../arm-none-eabi/lib/thumb2/libc.a(lib_a-mallocr.o)
                0x20000f90                __malloc_top_pad
                0x20000f94                __malloc_current_mallinfo
                0x20000fbc                __malloc_max_sbrked_mem
                0x20000fc0                __malloc_max_total_mem
 *(COMMON)
 COMMON         0x20000fc4        0x2 lib/STM32_USB-FS-Device_Driver/libstm32usb.a(usb_core.o)
                0x20000fc4                StatusInfo
 *fill*         0x20000fc6        0x2 00
 COMMON         0x20000fc8       0x32 lib/STM32_USB-FS-Device_Driver/libstm32usb.a(usb_init.o)
                0x20000fc8                SaveState
                0x20000fcc                pProperty
                0x20000fd0                EPindex
                0x20000fd4                Device_Info
                0x20000ff0                pUser_Standard_Requests
                0x20000ff4                pInformation
                0x20000ff8                wInterrupt_Mask
 COMMON         0x20000ffa        0x4 lib/STM32_USB-FS-Device_Driver/libstm32usb.a(usb_int.o)
                0x20000ffa                SaveRState
                0x20000ffc                SaveTState
 *fill*         0x20000ffe        0x2 00
 COMMON         0x20001000        0x4 /home/laurence/CodeSourcery/Sourcery_G++_Lite/bin/../lib/gcc/arm-none-eabi/4.5.2/../../../../arm-none-eabi/lib/thumb2/libc.a(lib_a-reent.o)
                0x20001000                errno
 *(.ram.b)
                0x20001008                . = ALIGN (0x8)
 *fill*         0x20001004        0x4 00
                0x20001008                _ebss = .

.noinit         0x20001008        0x0 load address 0x08011d00
 *(.noinit)
                0x20001008                . = ALIGN (0x8)
                0x20001008                _end = .
                0x20005000                __cs3_region_end_ram = (__cs3_region_start_ram + 0x5000)
                0x00005000                __cs3_region_size_ram = 0x5000
                0x08011618                __cs3_region_init_ram = LOADADDR (.data)
                0x000006e8                __cs3_region_init_size_ram = (_edata - ADDR (.data))
                0x00000920                __cs3_region_zero_size_ram = (_end - _edata)
                0x00000001                __cs3_region_num = 0x1

.stab
 *(.stab)

.stabstr
 *(.stabstr)

.debug
 *(.debug)

.line
 *(.line)

.debug_srcinfo
 *(.debug_srcinfo)

.debug_sfnames
 *(.debug_sfnames)

.debug_aranges
 *(.debug_aranges)

.debug_pubnames
 *(.debug_pubnames)

.debug_info
 *(.debug_info .gnu.linkonce.wi.*)

.debug_abbrev
 *(.debug_abbrev)

.debug_line
 *(.debug_line)

.comment        0x00000000       0x2a
 .comment       0x00000000       0x2a Sensors/amb_sensors.o
                                 0x2b (size before relaxing)
 .comment       0x00000000       0x2b Sensors/temperature.o
 .comment       0x00000000       0x2b Util/USB/hw_config.o
 .comment       0x00000000       0x2b Util/USB/mass_mal.o
 .comment       0x00000000       0x2b Util/USB/memory.o
 .comment       0x00000000       0x2b Util/USB/scsi_data.o
 .comment       0x00000000       0x2b Util/USB/usb_bot.o
 .comment       0x00000000       0x2b Util/USB/usb_desc.o
 .comment       0x00000000       0x2b Util/USB/usb_endp.o
 .comment       0x00000000       0x2b Util/USB/usb_istr.o
 .comment       0x00000000       0x2b Util/USB/usb_prop.o
 .comment       0x00000000       0x2b Util/USB/usb_pwr.o
 .comment       0x00000000       0x2b Util/USB/usb_scsi.o
 .comment       0x00000000       0x2b Util/buffer.o
 .comment       0x00000000       0x2b Util/delay.o
 .comment       0x00000000       0x2b Util/fat_fs/option/cc932.o
 .comment       0x00000000       0x2b Util/fat_fs/option/syscall.o
 .comment       0x00000000       0x2b Util/fat_fs/src/fattime.o
 .comment       0x00000000       0x2b Util/fat_fs/src/ff.o
 .comment       0x00000000       0x2b Util/fat_fs/src/rtc.o
 .comment       0x00000000       0x2b Util/fat_fs/src/sd_spi_stm32.o
 .comment       0x00000000       0x2b Util/rprintf.o
 .comment       0x00000000       0x2b Util/stm32_eval_spi_sd.o
 .comment       0x00000000       0x2b adc.o
 .comment       0x00000000       0x2b gpio.o
 .comment       0x00000000       0x2b i2c_int.o
 .comment       0x00000000       0x2b interrupts.o
 .comment       0x00000000       0x2b lib/CMSIS_CM3/core_cm3.o
 .comment       0x00000000       0x2b lib/CMSIS_CM3/system_stm32f10x.o
 .comment       0x00000000       0x2b main.o
 .comment       0x00000000       0x2b pwr.o
 .comment       0x00000000       0x2b usart.o
 .comment       0x00000000       0x2b watchdog.o
 .comment       0x00000000       0x2b lib/STM32F10x_StdPeriph_Driver/libstm32fw.a(misc.o)
 .comment       0x00000000       0x2b lib/STM32F10x_StdPeriph_Driver/libstm32fw.a(stm32f10x_adc.o)
 .comment       0x00000000       0x2b lib/STM32F10x_StdPeriph_Driver/libstm32fw.a(stm32f10x_bkp.o)
 .comment       0x00000000       0x2b lib/STM32F10x_StdPeriph_Driver/libstm32fw.a(stm32f10x_dbgmcu.o)
 .comment       0x00000000       0x2b lib/STM32F10x_StdPeriph_Driver/libstm32fw.a(stm32f10x_dma.o)
 .comment       0x00000000       0x2b lib/STM32F10x_StdPeriph_Driver/libstm32fw.a(stm32f10x_exti.o)
 .comment       0x00000000       0x2b lib/STM32F10x_StdPeriph_Driver/libstm32fw.a(stm32f10x_gpio.o)
 .comment       0x00000000       0x2b lib/STM32F10x_StdPeriph_Driver/libstm32fw.a(stm32f10x_i2c.o)
 .comment       0x00000000       0x2b lib/STM32F10x_StdPeriph_Driver/libstm32fw.a(stm32f10x_iwdg.o)
 .comment       0x00000000       0x2b lib/STM32F10x_StdPeriph_Driver/libstm32fw.a(stm32f10x_pwr.o)
 .comment       0x00000000       0x2b lib/STM32F10x_StdPeriph_Driver/libstm32fw.a(stm32f10x_rcc.o)
 .comment       0x00000000       0x2b lib/STM32F10x_StdPeriph_Driver/libstm32fw.a(stm32f10x_rtc.o)
 .comment       0x00000000       0x2b lib/STM32F10x_StdPeriph_Driver/libstm32fw.a(stm32f10x_spi.o)
 .comment       0x00000000       0x2b lib/STM32F10x_StdPeriph_Driver/libstm32fw.a(stm32f10x_usart.o)
 .comment       0x00000000       0x2b lib/STM32_USB-FS-Device_Driver/libstm32usb.a(usb_core.o)
 .comment       0x00000000       0x2b lib/STM32_USB-FS-Device_Driver/libstm32usb.a(usb_init.o)
 .comment       0x00000000       0x2b lib/STM32_USB-FS-Device_Driver/libstm32usb.a(usb_int.o)
 .comment       0x00000000       0x2b lib/STM32_USB-FS-Device_Driver/libstm32usb.a(usb_mem.o)
 .comment       0x00000000       0x2b lib/STM32_USB-FS-Device_Driver/libstm32usb.a(usb_regs.o)
 .comment       0x00000000       0x2b lib/STM32_USB-FS-Device_Driver/libstm32usb.a(usb_sil.o)

.debug_frame    0x00000000      0x274
 *(.debug_frame)
 .debug_frame   0x00000000       0x20 /home/laurence/CodeSourcery/Sourcery_G++_Lite/bin/../lib/gcc/arm-none-eabi/4.5.2/../../../../arm-none-eabi/lib/thumb2/libc.a(lib_a-abs.o)
 .debug_frame   0x00000020       0x30 /home/laurence/CodeSourcery/Sourcery_G++_Lite/bin/../lib/gcc/arm-none-eabi/4.5.2/../../../../arm-none-eabi/lib/thumb2/libc.a(lib_a-malloc.o)
 .debug_frame   0x00000050       0x3c /home/laurence/CodeSourcery/Sourcery_G++_Lite/bin/../lib/gcc/arm-none-eabi/4.5.2/../../../../arm-none-eabi/lib/thumb2/libc.a(lib_a-mallocr.o)
 .debug_frame   0x0000008c       0x30 /home/laurence/CodeSourcery/Sourcery_G++_Lite/bin/../lib/gcc/arm-none-eabi/4.5.2/../../../../arm-none-eabi/lib/thumb2/libc.a(lib_a-mlock.o)
 .debug_frame   0x000000bc       0x2c /home/laurence/CodeSourcery/Sourcery_G++_Lite/bin/../lib/gcc/arm-none-eabi/4.5.2/../../../../arm-none-eabi/lib/thumb2/libc.a(lib_a-sbrkr.o)
 .debug_frame   0x000000e8       0x20 /home/laurence/CodeSourcery/Sourcery_G++_Lite/bin/../lib/gcc/arm-none-eabi/4.5.2/../../../../arm-none-eabi/lib/thumb2/libc.a(lib_a-strlen.o)
 .debug_frame   0x00000108       0x50 /home/laurence/CodeSourcery/Sourcery_G++_Lite/bin/../lib/gcc/arm-none-eabi/4.5.2/../../../../arm-none-eabi/lib/thumb2/libc.a(lib_a-freer.o)
 .debug_frame   0x00000158       0x68 /home/laurence/CodeSourcery/Sourcery_G++_Lite/bin/../lib/gcc/arm-none-eabi/4.5.2/../../../../arm-none-eabi/lib/thumb2/libc.a(lib_a-reent.o)
 .debug_frame   0x000001c0       0x40 /home/laurence/CodeSourcery/Sourcery_G++_Lite/bin/../lib/gcc/arm-none-eabi/4.5.2/../../../../arm-none-eabi/lib/thumb2/libcs3.a(start_c.o)
 .debug_frame   0x00000200       0x28 /home/laurence/CodeSourcery/Sourcery_G++_Lite/bin/../lib/gcc/arm-none-eabi/4.5.2/../../../../arm-none-eabi/lib/thumb2/libcs3unhosted.a(unhosted-sbrk.o)
 .debug_frame   0x00000228       0x20 /home/laurence/CodeSourcery/Sourcery_G++_Lite/bin/../lib/gcc/arm-none-eabi/4.5.2/../../../../arm-none-eabi/lib/thumb2/libc.a(lib_a-errno.o)
 .debug_frame   0x00000248       0x2c /home/laurence/CodeSourcery/Sourcery_G++_Lite/bin/../lib/gcc/arm-none-eabi/4.5.2/../../../../arm-none-eabi/lib/thumb2/libc.a(lib_a-init.o)

.debug_str
 *(.debug_str)

.debug_loc
 *(.debug_loc)

.debug_macinfo
 *(.debug_macinfo)

.debug_weaknames
 *(.debug_weaknames)

.debug_funcnames
 *(.debug_funcnames)

.debug_typenames
 *(.debug_typenames)

.debug_varnames
 *(.debug_varnames)

.note.gnu.arm.ident
 *(.note.gnu.arm.ident)

.ARM.attributes
                0x00000000       0x25
 *(.ARM.attributes)
 .ARM.attributes
                0x00000000       0x19 /home/laurence/CodeSourcery/Sourcery_G++_Lite/bin/../lib/gcc/arm-none-eabi/4.5.2/thumb2/crti.o
 .ARM.attributes
                0x00000019       0x29 /home/laurence/CodeSourcery/Sourcery_G++_Lite/bin/../lib/gcc/arm-none-eabi/4.5.2/thumb2/crtbegin.o
 .ARM.attributes
                0x00000042       0x31 Sensors/amb_sensors.o
 .ARM.attributes
                0x00000073       0x31 Sensors/temperature.o
 .ARM.attributes
                0x000000a4       0x31 Util/USB/hw_config.o
 .ARM.attributes
                0x000000d5       0x31 Util/USB/mass_mal.o
 .ARM.attributes
                0x00000106       0x31 Util/USB/memory.o
 .ARM.attributes
                0x00000137       0x31 Util/USB/scsi_data.o
 .ARM.attributes
                0x00000168       0x31 Util/USB/usb_bot.o
 .ARM.attributes
                0x00000199       0x31 Util/USB/usb_desc.o
 .ARM.attributes
                0x000001ca       0x31 Util/USB/usb_endp.o
 .ARM.attributes
                0x000001fb       0x31 Util/USB/usb_istr.o
 .ARM.attributes
                0x0000022c       0x31 Util/USB/usb_prop.o
 .ARM.attributes
                0x0000025d       0x31 Util/USB/usb_pwr.o
 .ARM.attributes
                0x0000028e       0x31 Util/USB/usb_scsi.o
 .ARM.attributes
                0x000002bf       0x31 Util/buffer.o
 .ARM.attributes
                0x000002f0       0x31 Util/delay.o
 .ARM.attributes
                0x00000321       0x31 Util/fat_fs/option/cc932.o
 .ARM.attributes
                0x00000352       0x31 Util/fat_fs/option/syscall.o
 .ARM.attributes
                0x00000383       0x31 Util/fat_fs/src/fattime.o
 .ARM.attributes
                0x000003b4       0x31 Util/fat_fs/src/ff.o
 .ARM.attributes
                0x000003e5       0x31 Util/fat_fs/src/rtc.o
 .ARM.attributes
                0x00000416       0x31 Util/fat_fs/src/sd_spi_stm32.o
 .ARM.attributes
                0x00000447       0x31 Util/rprintf.o
 .ARM.attributes
                0x00000478       0x31 Util/stm32_eval_spi_sd.o
 .ARM.attributes
                0x000004a9       0x31 adc.o
 .ARM.attributes
                0x000004da       0x31 gpio.o
 .ARM.attributes
                0x0000050b       0x31 i2c_int.o
 .ARM.attributes
                0x0000053c       0x31 interrupts.o
 .ARM.attributes
                0x0000056d       0x31 lib/CMSIS_CM3/core_cm3.o
 .ARM.attributes
                0x0000059e       0x21 lib/CMSIS_CM3/startup/gcc/startup_stm32f10x_md.o
 .ARM.attributes
                0x000005bf       0x31 lib/CMSIS_CM3/system_stm32f10x.o
 .ARM.attributes
                0x000005f0       0x31 main.o
 .ARM.attributes
                0x00000621       0x31 pwr.o
 .ARM.attributes
                0x00000652       0x31 usart.o
 .ARM.attributes
                0x00000683       0x31 watchdog.o
 .ARM.attributes
                0x000006b4       0x31 lib/STM32F10x_StdPeriph_Driver/libstm32fw.a(misc.o)
 .ARM.attributes
                0x000006e5       0x31 lib/STM32F10x_StdPeriph_Driver/libstm32fw.a(stm32f10x_adc.o)
 .ARM.attributes
                0x00000716       0x31 lib/STM32F10x_StdPeriph_Driver/libstm32fw.a(stm32f10x_bkp.o)
 .ARM.attributes
                0x00000747       0x31 lib/STM32F10x_StdPeriph_Driver/libstm32fw.a(stm32f10x_dbgmcu.o)
 .ARM.attributes
                0x00000778       0x31 lib/STM32F10x_StdPeriph_Driver/libstm32fw.a(stm32f10x_dma.o)
 .ARM.attributes
                0x000007a9       0x31 lib/STM32F10x_StdPeriph_Driver/libstm32fw.a(stm32f10x_exti.o)
 .ARM.attributes
                0x000007da       0x31 lib/STM32F10x_StdPeriph_Driver/libstm32fw.a(stm32f10x_gpio.o)
 .ARM.attributes
                0x0000080b       0x31 lib/STM32F10x_StdPeriph_Driver/libstm32fw.a(stm32f10x_i2c.o)
 .ARM.attributes
                0x0000083c       0x31 lib/STM32F10x_StdPeriph_Driver/libstm32fw.a(stm32f10x_iwdg.o)
 .ARM.attributes
                0x0000086d       0x31 lib/STM32F10x_StdPeriph_Driver/libstm32fw.a(stm32f10x_pwr.o)
 .ARM.attributes
                0x0000089e       0x31 lib/STM32F10x_StdPeriph_Driver/libstm32fw.a(stm32f10x_rcc.o)
 .ARM.attributes
                0x000008cf       0x31 lib/STM32F10x_StdPeriph_Driver/libstm32fw.a(stm32f10x_rtc.o)
 .ARM.attributes
                0x00000900       0x31 lib/STM32F10x_StdPeriph_Driver/libstm32fw.a(stm32f10x_spi.o)
 .ARM.attributes
                0x00000931       0x31 lib/STM32F10x_StdPeriph_Driver/libstm32fw.a(stm32f10x_usart.o)
 .ARM.attributes
                0x00000962       0x31 lib/STM32_USB-FS-Device_Driver/libstm32usb.a(usb_core.o)
 .ARM.attributes
                0x00000993       0x31 lib/STM32_USB-FS-Device_Driver/libstm32usb.a(usb_init.o)
 .ARM.attributes
                0x000009c4       0x31 lib/STM32_USB-FS-Device_Driver/libstm32usb.a(usb_int.o)
 .ARM.attributes
                0x000009f5       0x31 lib/STM32_USB-FS-Device_Driver/libstm32usb.a(usb_mem.o)
 .ARM.attributes
                0x00000a26       0x31 lib/STM32_USB-FS-Device_Driver/libstm32usb.a(usb_regs.o)
 .ARM.attributes
                0x00000a57       0x31 lib/STM32_USB-FS-Device_Driver/libstm32usb.a(usb_sil.o)
 .ARM.attributes
                0x00000a88       0x1b /home/laurence/CodeSourcery/Sourcery_G++_Lite/bin/../lib/gcc/arm-none-eabi/4.5.2/thumb2/libgcc.a(_arm_addsubdf3.o)
 .ARM.attributes
                0x00000aa3       0x1b /home/laurence/CodeSourcery/Sourcery_G++_Lite/bin/../lib/gcc/arm-none-eabi/4.5.2/thumb2/libgcc.a(_arm_muldivdf3.o)
 .ARM.attributes
                0x00000abe       0x1b /home/laurence/CodeSourcery/Sourcery_G++_Lite/bin/../lib/gcc/arm-none-eabi/4.5.2/thumb2/libgcc.a(_arm_cmpdf2.o)
 .ARM.attributes
                0x00000ad9       0x1b /home/laurence/CodeSourcery/Sourcery_G++_Lite/bin/../lib/gcc/arm-none-eabi/4.5.2/thumb2/libgcc.a(_arm_truncdfsf2.o)
 .ARM.attributes
                0x00000af4       0x1b /home/laurence/CodeSourcery/Sourcery_G++_Lite/bin/../lib/gcc/arm-none-eabi/4.5.2/thumb2/libgcc.a(_arm_addsubsf3.o)
 .ARM.attributes
                0x00000b0f       0x1b /home/laurence/CodeSourcery/Sourcery_G++_Lite/bin/../lib/gcc/arm-none-eabi/4.5.2/thumb2/libgcc.a(_arm_muldivsf3.o)
 .ARM.attributes
                0x00000b2a       0x1b /home/laurence/CodeSourcery/Sourcery_G++_Lite/bin/../lib/gcc/arm-none-eabi/4.5.2/thumb2/libgcc.a(_arm_cmpsf2.o)
 .ARM.attributes
                0x00000b45       0x1b /home/laurence/CodeSourcery/Sourcery_G++_Lite/bin/../lib/gcc/arm-none-eabi/4.5.2/thumb2/libgcc.a(_arm_fixunssfsi.o)
 .ARM.attributes
                0x00000b60       0x29 /home/laurence/CodeSourcery/Sourcery_G++_Lite/bin/../lib/gcc/arm-none-eabi/4.5.2/../../../../arm-none-eabi/lib/thumb2/libc.a(lib_a-abs.o)
 .ARM.attributes
                0x00000b89       0x29 /home/laurence/CodeSourcery/Sourcery_G++_Lite/bin/../lib/gcc/arm-none-eabi/4.5.2/../../../../arm-none-eabi/lib/thumb2/libc.a(lib_a-malloc.o)
 .ARM.attributes
                0x00000bb2       0x29 /home/laurence/CodeSourcery/Sourcery_G++_Lite/bin/../lib/gcc/arm-none-eabi/4.5.2/../../../../arm-none-eabi/lib/thumb2/libc.a(lib_a-mallocr.o)
 .ARM.attributes
                0x00000bdb       0x29 /home/laurence/CodeSourcery/Sourcery_G++_Lite/bin/../lib/gcc/arm-none-eabi/4.5.2/../../../../arm-none-eabi/lib/thumb2/libc.a(lib_a-mlock.o)
 .ARM.attributes
                0x00000c04       0x29 /home/laurence/CodeSourcery/Sourcery_G++_Lite/bin/../lib/gcc/arm-none-eabi/4.5.2/../../../../arm-none-eabi/lib/thumb2/libc.a(lib_a-sbrkr.o)
 .ARM.attributes
                0x00000c2d       0x29 /home/laurence/CodeSourcery/Sourcery_G++_Lite/bin/../lib/gcc/arm-none-eabi/4.5.2/../../../../arm-none-eabi/lib/thumb2/libc.a(lib_a-strlen.o)
 .ARM.attributes
                0x00000c56       0x29 /home/laurence/CodeSourcery/Sourcery_G++_Lite/bin/../lib/gcc/arm-none-eabi/4.5.2/../../../../arm-none-eabi/lib/thumb2/libc.a(lib_a-freer.o)
 .ARM.attributes
                0x00000c7f       0x29 /home/laurence/CodeSourcery/Sourcery_G++_Lite/bin/../lib/gcc/arm-none-eabi/4.5.2/../../../../arm-none-eabi/lib/thumb2/libc.a(lib_a-impure.o)
 .ARM.attributes
                0x00000ca8       0x29 /home/laurence/CodeSourcery/Sourcery_G++_Lite/bin/../lib/gcc/arm-none-eabi/4.5.2/../../../../arm-none-eabi/lib/thumb2/libc.a(lib_a-reent.o)
 .ARM.attributes
                0x00000cd1       0x29 /home/laurence/CodeSourcery/Sourcery_G++_Lite/bin/../lib/gcc/arm-none-eabi/4.5.2/thumb2/crtend.o
 .ARM.attributes
                0x00000cfa       0x19 /home/laurence/CodeSourcery/Sourcery_G++_Lite/bin/../lib/gcc/arm-none-eabi/4.5.2/thumb2/crtn.o
 .ARM.attributes
                0x00000d13       0x29 /home/laurence/CodeSourcery/Sourcery_G++_Lite/bin/../lib/gcc/arm-none-eabi/4.5.2/../../../../arm-none-eabi/lib/thumb2/libcs3.a(start_c.o)
 .ARM.attributes